/content/vsim/lib/python3.10/site-packages/sapien/core/renderer_config.py:4: UserWarning: pkg_resources is deprecated as an API. See https://setuptools.pypa.io/en/latest/pkg_resources.html. The pkg_resources package is slated for removal as early as 2025-11-30. Refrain from using this package or pin to Setuptools<81.
  import pkg_resources
Some kwargs in processor config are unused and will not have any effect: obs_delta, action_config, intrinsic_config, num_obs_steps, action_chunk_size, bin_policy, statistics. 
*** policy_setup: google_robot, unnorm_key: fractal20220817_data/0.1.0 ***
Add 0 TRANSLATION TOKENS, tokenizer vocab size 257152 / 265347
Add 0 ROTATION TOKENS to tokenizer, tokenizer vocab size 257152 / 265347
Add 0 GRIPPER TOKENS to tokenizer, tokenizer vocab size 257152 / 265347

Loading checkpoint shards:   0%|          | 0/2 [00:00<?, ?it/s]
Loading checkpoint shards:  50%|█████     | 1/2 [00:00<00:00,  2.69it/s]
Loading checkpoint shards: 100%|██████████| 2/2 [00:00<00:00,  2.62it/s]
Loading checkpoint shards: 100%|██████████| 2/2 [00:00<00:00,  2.63it/s]
[OK] official SpatialVLAInference loaded (no wrapper, no DINO)

── ep 00 (env_id=0) ──
[2026-08-06 12:22:36.817] [svulkan2] [error] GLFW error: X11: The DISPLAY environment variable is missing
[2026-08-06 12:22:36.817] [svulkan2] [warning] Continue without GLFW.
/content/vsim/lib/python3.10/site-packages/gymnasium/core.py:311: UserWarning: [33mWARN: env.get_language_instruction to get variables from other wrappers is deprecated and will be removed in v1.0, to get this variable you can do `env.unwrapped.get_language_instruction` for environment variables or `env.get_wrapper_attr('get_language_instruction')` that will search the reminding wrappers.[0m
  logger.warn(
   instruction: pick coke can
The 'batch_size' attribute of HybridCache is deprecated and will be removed in v4.49. Use the more precisely named 'self.max_batch_size' attribute instead.
[ChunkProbe] raw_action['world_vector']: shape=(3,) type=ndarray
[ChunkProbe] raw_action['rotation_delta']: shape=(3,) type=ndarray
[ChunkProbe] raw_action['open_gripper']: shape=(1,) type=ndarray
[ChunkProbe] action['world_vector']: shape=(3,) type=ndarray
[ChunkProbe] action['rot_axangle']: shape=(3,) type=ndarray
[ChunkProbe] action['gripper']: shape=(1,) type=ndarray
[ChunkProbe] action['terminate_episode']: shape=(1,) type=ndarray
   → G+ SUCCESS  (19 steps, 1001 ms/infer)

── ep 01 (env_id=1) ──
[2026-08-06 12:23:00.817] [svulkan2] [warning] A second renderer will share the same internal context with the first one. Arguments passed to constructor will be ignored.
   instruction: pick coke can
   → G+ SUCCESS  (16 steps, 923 ms/infer)

── ep 02 (env_id=2) ──
[2026-08-06 12:23:18.432] [svulkan2] [warning] A second renderer will share the same internal context with the first one. Arguments passed to constructor will be ignored.
   instruction: pick coke can
   → G+ SUCCESS  (18 steps, 920 ms/infer)

── ep 03 (env_id=3) ──
[2026-08-06 12:23:38.147] [svulkan2] [warning] A second renderer will share the same internal context with the first one. Arguments passed to constructor will be ignored.
   instruction: pick coke can
   → G+ SUCCESS  (19 steps, 918 ms/infer)

── ep 04 (env_id=4) ──
[2026-08-06 12:23:58.983] [svulkan2] [warning] A second renderer will share the same internal context with the first one. Arguments passed to constructor will be ignored.
   instruction: pick coke can
   → G+ SUCCESS  (17 steps, 924 ms/infer)

── ep 05 (env_id=5) ──
[2026-08-06 12:24:17.706] [svulkan2] [warning] A second renderer will share the same internal context with the first one. Arguments passed to constructor will be ignored.
   instruction: pick coke can
   → G+ SUCCESS  (19 steps, 914 ms/infer)

── ep 06 (env_id=6) ──
[2026-08-06 12:24:38.388] [svulkan2] [warning] A second renderer will share the same internal context with the first one. Arguments passed to constructor will be ignored.
   instruction: pick coke can
   → G+ SUCCESS  (19 steps, 918 ms/infer)

── ep 07 (env_id=7) ──
[2026-08-06 12:24:59.048] [svulkan2] [warning] A second renderer will share the same internal context with the first one. Arguments passed to constructor will be ignored.
   instruction: pick coke can
   → G+ SUCCESS  (15 steps, 916 ms/infer)

── ep 08 (env_id=8) ──
[2026-08-06 12:25:15.579] [svulkan2] [warning] A second renderer will share the same internal context with the first one. Arguments passed to constructor will be ignored.
   instruction: pick coke can
   → G+ SUCCESS  (16 steps, 922 ms/infer)

── ep 09 (env_id=9) ──
[2026-08-06 12:25:33.261] [svulkan2] [warning] A second renderer will share the same internal context with the first one. Arguments passed to constructor will be ignored.
   instruction: pick coke can
   → G+ SUCCESS  (17 steps, 926 ms/infer)

── ep 10 (env_id=10) ──
[2026-08-06 12:25:52.062] [svulkan2] [warning] A second renderer will share the same internal context with the first one. Arguments passed to constructor will be ignored.
   instruction: pick coke can
   → G- FAIL  (80 steps, 914 ms/infer)

── ep 11 (env_id=11) ──
[2026-08-06 12:27:15.171] [svulkan2] [warning] A second renderer will share the same internal context with the first one. Arguments passed to constructor will be ignored.
   instruction: pick coke can
   → G+ SUCCESS  (19 steps, 920 ms/infer)

── ep 12 (env_id=12) ──
[2026-08-06 12:27:35.591] [svulkan2] [warning] A second renderer will share the same internal context with the first one. Arguments passed to constructor will be ignored.
   instruction: pick coke can
   → G+ SUCCESS  (15 steps, 920 ms/infer)

── ep 13 (env_id=13) ──
[2026-08-06 12:27:52.206] [svulkan2] [warning] A second renderer will share the same internal context with the first one. Arguments passed to constructor will be ignored.
   instruction: pick coke can
   → G+ SUCCESS  (14 steps, 917 ms/infer)

── ep 14 (env_id=14) ──
[2026-08-06 12:28:07.768] [svulkan2] [warning] A second renderer will share the same internal context with the first one. Arguments passed to constructor will be ignored.
   instruction: pick coke can
   → G+ SUCCESS  (14 steps, 920 ms/infer)

── ep 15 (env_id=15) ──
[2026-08-06 12:28:23.387] [svulkan2] [warning] A second renderer will share the same internal context with the first one. Arguments passed to constructor will be ignored.
   instruction: pick coke can
   → G+ SUCCESS  (19 steps, 933 ms/infer)

── ep 16 (env_id=16) ──
[2026-08-06 12:28:44.409] [svulkan2] [warning] A second renderer will share the same internal context with the first one. Arguments passed to constructor will be ignored.
   instruction: pick coke can
   → G+ SUCCESS  (18 steps, 932 ms/infer)

── ep 17 (env_id=17) ──
[2026-08-06 12:29:04.245] [svulkan2] [warning] A second renderer will share the same internal context with the first one. Arguments passed to constructor will be ignored.
   instruction: pick coke can
   → G+ FAIL  (80 steps, 921 ms/infer)

── ep 18 (env_id=18) ──
[2026-08-06 12:30:29.392] [svulkan2] [warning] A second renderer will share the same internal context with the first one. Arguments passed to constructor will be ignored.
   instruction: pick coke can
   → G+ SUCCESS  (14 steps, 922 ms/infer)

── ep 19 (env_id=19) ──
[2026-08-06 12:30:45.017] [svulkan2] [warning] A second renderer will share the same internal context with the first one. Arguments passed to constructor will be ignored.
   instruction: pick coke can
   → G+ SUCCESS  (12 steps, 927 ms/infer)

── ep 20 (env_id=20) ──
[2026-08-06 12:30:58.520] [svulkan2] [warning] A second renderer will share the same internal context with the first one. Arguments passed to constructor will be ignored.
   instruction: pick coke can
   → G- FAIL  (80 steps, 924 ms/infer)

── ep 21 (env_id=21) ──
[2026-08-06 12:32:24.100] [svulkan2] [warning] A second renderer will share the same internal context with the first one. Arguments passed to constructor will be ignored.
   instruction: pick coke can
   → G+ SUCCESS  (19 steps, 922 ms/infer)

── ep 22 (env_id=22) ──
[2026-08-06 12:32:44.758] [svulkan2] [warning] A second renderer will share the same internal context with the first one. Arguments passed to constructor will be ignored.
   instruction: pick coke can
   → G+ SUCCESS  (63 steps, 923 ms/infer)

── ep 23 (env_id=23) ──
[2026-08-06 12:33:51.981] [svulkan2] [warning] A second renderer will share the same internal context with the first one. Arguments passed to constructor will be ignored.
   instruction: pick coke can
   → G- FAIL  (80 steps, 922 ms/infer)

── ep 24 (env_id=24) ──
[2026-08-06 12:35:16.399] [svulkan2] [warning] A second renderer will share the same internal context with the first one. Arguments passed to constructor will be ignored.
   instruction: pick coke can
   → G+ SUCCESS  (9 steps, 920 ms/infer)

==================================================
  SpatialVLA (official) | baseline (no ToMe)
  task:    google_robot_pick_standing_coke_can
  파지율:  22/25 = 88.0%
  성공률:  21/25 = 84.0%
  평균스텝: 28
  ms/infer: 925  (latency; lower=faster)
==================================================
  OKG+ ep00 (id=0): 19 steps
  OKG+ ep01 (id=1): 16 steps
  OKG+ ep02 (id=2): 18 steps
  OKG+ ep03 (id=3): 19 steps
  OKG+ ep04 (id=4): 17 steps
  OKG+ ep05 (id=5): 19 steps
  OKG+ ep06 (id=6): 19 steps
  OKG+ ep07 (id=7): 15 steps
  OKG+ ep08 (id=8): 16 steps
  OKG+ ep09 (id=9): 17 steps
  --G- ep10 (id=10): 80 steps
  OKG+ ep11 (id=11): 19 steps
  OKG+ ep12 (id=12): 15 steps
  OKG+ ep13 (id=13): 14 steps
  OKG+ ep14 (id=14): 14 steps
  OKG+ ep15 (id=15): 19 steps
  OKG+ ep16 (id=16): 18 steps
  --G+ ep17 (id=17): 80 steps
  OKG+ ep18 (id=18): 14 steps
  OKG+ ep19 (id=19): 12 steps
  --G- ep20 (id=20): 80 steps
  OKG+ ep21 (id=21): 19 steps
  OKG+ ep22 (id=22): 63 steps
  --G- ep23 (id=23): 80 steps
  OKG+ ep24 (id=24): 9 steps

saved: /content/BiVLA/results/spatialvla_fractal_0806/baseline/google_robot_pick_standing_coke_can/results_google_robot_pick_standing_coke_can.json
