/content/vsim/lib/python3.10/site-packages/sapien/core/renderer_config.py:4: UserWarning: pkg_resources is deprecated as an API. See https://setuptools.pypa.io/en/latest/pkg_resources.html. The pkg_resources package is slated for removal as early as 2025-11-30. Refrain from using this package or pin to Setuptools<81.
  import pkg_resources
Some kwargs in processor config are unused and will not have any effect: num_obs_steps, action_config, bin_policy, intrinsic_config, obs_delta, statistics, action_chunk_size. 
*** policy_setup: google_robot, unnorm_key: fractal20220817_data/0.1.0 ***
Add 0 TRANSLATION TOKENS, tokenizer vocab size 257152 / 265347
Add 0 ROTATION TOKENS to tokenizer, tokenizer vocab size 257152 / 265347
Add 0 GRIPPER TOKENS to tokenizer, tokenizer vocab size 257152 / 265347

Loading checkpoint shards:   0%|          | 0/2 [00:00<?, ?it/s]
Loading checkpoint shards:  50%|█████     | 1/2 [00:00<00:00,  2.74it/s]
Loading checkpoint shards: 100%|██████████| 2/2 [00:00<00:00,  2.67it/s]
Loading checkpoint shards: 100%|██████████| 2/2 [00:00<00:00,  2.68it/s]
[OK] official SpatialVLAInference loaded (no wrapper, no DINO)
[DepthPrune] Gemma2 has 26 decoder layers; will bypass 2 most-redundant (calibrate on step 0).

── ep 00 (env_id=0) ──
[2026-08-07 06:01:29.177] [svulkan2] [error] GLFW error: X11: The DISPLAY environment variable is missing
[2026-08-07 06:01:29.177] [svulkan2] [warning] Continue without GLFW.
/content/vsim/lib/python3.10/site-packages/gymnasium/core.py:311: UserWarning: [33mWARN: env.get_language_instruction to get variables from other wrappers is deprecated and will be removed in v1.0, to get this variable you can do `env.unwrapped.get_language_instruction` for environment variables or `env.get_wrapper_attr('get_language_instruction')` that will search the reminding wrappers.[0m
  logger.warn(
   instruction: pick coke can
The 'batch_size' attribute of HybridCache is deprecated and will be removed in v4.49. Use the more precisely named 'self.max_batch_size' attribute instead.
[ChunkProbe] raw_action['world_vector']: shape=(3,) type=ndarray
[ChunkProbe] raw_action['rotation_delta']: shape=(3,) type=ndarray
[ChunkProbe] raw_action['open_gripper']: shape=(1,) type=ndarray
[ChunkProbe] action['world_vector']: shape=(3,) type=ndarray
[ChunkProbe] action['rot_axangle']: shape=(3,) type=ndarray
[ChunkProbe] action['gripper']: shape=(1,) type=ndarray
[ChunkProbe] action['terminate_episode']: shape=(1,) type=ndarray
[DepthPrune] mode=redundant calibrated; bypassing layers [9, 10] (ranking top: [10, 9, 8, 19, 20, 12])
[DepthPrune] per-layer redundancy (cos in/out): L0=0.1155, L1=0.6101, L2=0.5548, L3=0.7797, L4=0.7587, L5=0.9167, L6=0.8510, L7=0.8973, L8=0.9420, L9=0.9454, L10=0.9479, L11=0.9140, L12=0.9314, L13=0.9208, L14=0.9124, L15=0.9083, L16=0.9158, L17=0.9282, L18=0.9263, L19=0.9380, L20=0.9321, L21=0.9208, L22=0.9045, L23=0.9102, L24=0.8631, L25=0.6304
   → G+ SUCCESS  (23 steps, 1001 ms/infer)

── ep 01 (env_id=1) ──
[2026-08-07 06:01:46.621] [svulkan2] [warning] A second renderer will share the same internal context with the first one. Arguments passed to constructor will be ignored.
   instruction: pick coke can
   → G+ SUCCESS  (25 steps, 866 ms/infer)

── ep 02 (env_id=2) ──
[2026-08-07 06:02:01.714] [svulkan2] [warning] A second renderer will share the same internal context with the first one. Arguments passed to constructor will be ignored.
   instruction: pick coke can
   → G- FAIL  (80 steps, 857 ms/infer)

── ep 03 (env_id=3) ──
[2026-08-07 06:02:45.568] [svulkan2] [warning] A second renderer will share the same internal context with the first one. Arguments passed to constructor will be ignored.
   instruction: pick coke can
   → G+ SUCCESS  (21 steps, 856 ms/infer)

── ep 04 (env_id=4) ──
[2026-08-07 06:02:58.514] [svulkan2] [warning] A second renderer will share the same internal context with the first one. Arguments passed to constructor will be ignored.
   instruction: pick coke can
   → G+ SUCCESS  (19 steps, 850 ms/infer)

── ep 05 (env_id=5) ──
[2026-08-07 06:03:10.205] [svulkan2] [warning] A second renderer will share the same internal context with the first one. Arguments passed to constructor will be ignored.
   instruction: pick coke can
   → G+ SUCCESS  (20 steps, 839 ms/infer)

── ep 06 (env_id=6) ──
[2026-08-07 06:03:21.984] [svulkan2] [warning] A second renderer will share the same internal context with the first one. Arguments passed to constructor will be ignored.
   instruction: pick coke can
   → G+ SUCCESS  (21 steps, 844 ms/infer)

── ep 07 (env_id=7) ──
[2026-08-07 06:03:34.654] [svulkan2] [warning] A second renderer will share the same internal context with the first one. Arguments passed to constructor will be ignored.
   instruction: pick coke can
   → G+ SUCCESS  (17 steps, 850 ms/infer)

── ep 08 (env_id=8) ──
[2026-08-07 06:03:45.309] [svulkan2] [warning] A second renderer will share the same internal context with the first one. Arguments passed to constructor will be ignored.
   instruction: pick coke can
   → G+ SUCCESS  (20 steps, 842 ms/infer)

── ep 09 (env_id=9) ──
[2026-08-07 06:03:57.011] [svulkan2] [warning] A second renderer will share the same internal context with the first one. Arguments passed to constructor will be ignored.
   instruction: pick coke can
   → G+ SUCCESS  (24 steps, 846 ms/infer)

── ep 10 (env_id=10) ──
[2026-08-07 06:04:10.842] [svulkan2] [warning] A second renderer will share the same internal context with the first one. Arguments passed to constructor will be ignored.
   instruction: pick coke can
   → G+ SUCCESS  (63 steps, 850 ms/infer)

── ep 11 (env_id=11) ──
[2026-08-07 06:04:46.542] [svulkan2] [warning] A second renderer will share the same internal context with the first one. Arguments passed to constructor will be ignored.
   instruction: pick coke can
   → G+ SUCCESS  (19 steps, 846 ms/infer)

── ep 12 (env_id=12) ──
[2026-08-07 06:04:58.098] [svulkan2] [warning] A second renderer will share the same internal context with the first one. Arguments passed to constructor will be ignored.
   instruction: pick coke can
   → G+ SUCCESS  (19 steps, 850 ms/infer)

── ep 13 (env_id=13) ──
[2026-08-07 06:05:09.807] [svulkan2] [warning] A second renderer will share the same internal context with the first one. Arguments passed to constructor will be ignored.
   instruction: pick coke can
   → G+ SUCCESS  (24 steps, 848 ms/infer)

── ep 14 (env_id=14) ──
[2026-08-07 06:05:23.753] [svulkan2] [warning] A second renderer will share the same internal context with the first one. Arguments passed to constructor will be ignored.
   instruction: pick coke can
   → G+ SUCCESS  (12 steps, 846 ms/infer)

── ep 15 (env_id=15) ──
[2026-08-07 06:05:31.228] [svulkan2] [warning] A second renderer will share the same internal context with the first one. Arguments passed to constructor will be ignored.
   instruction: pick coke can
   → G+ SUCCESS  (22 steps, 850 ms/infer)

── ep 16 (env_id=16) ──
[2026-08-07 06:05:44.159] [svulkan2] [warning] A second renderer will share the same internal context with the first one. Arguments passed to constructor will be ignored.
   instruction: pick coke can
   → G+ SUCCESS  (16 steps, 849 ms/infer)

── ep 17 (env_id=17) ──
[2026-08-07 06:05:53.699] [svulkan2] [warning] A second renderer will share the same internal context with the first one. Arguments passed to constructor will be ignored.
   instruction: pick coke can
   → G+ SUCCESS  (15 steps, 853 ms/infer)

── ep 18 (env_id=18) ──
[2026-08-07 06:06:03.306] [svulkan2] [warning] A second renderer will share the same internal context with the first one. Arguments passed to constructor will be ignored.
   instruction: pick coke can
   → G+ SUCCESS  (15 steps, 852 ms/infer)

── ep 19 (env_id=19) ──
[2026-08-07 06:06:12.923] [svulkan2] [warning] A second renderer will share the same internal context with the first one. Arguments passed to constructor will be ignored.
   instruction: pick coke can
   → G+ SUCCESS  (19 steps, 848 ms/infer)

── ep 20 (env_id=20) ──
[2026-08-07 06:06:24.613] [svulkan2] [warning] A second renderer will share the same internal context with the first one. Arguments passed to constructor will be ignored.
   instruction: pick coke can
   → G+ SUCCESS  (26 steps, 846 ms/infer)

── ep 21 (env_id=21) ──
[2026-08-07 06:06:39.625] [svulkan2] [warning] A second renderer will share the same internal context with the first one. Arguments passed to constructor will be ignored.
   instruction: pick coke can
   → G+ SUCCESS  (19 steps, 843 ms/infer)

── ep 22 (env_id=22) ──
[2026-08-07 06:06:51.194] [svulkan2] [warning] A second renderer will share the same internal context with the first one. Arguments passed to constructor will be ignored.
   instruction: pick coke can
   → G+ SUCCESS  (16 steps, 849 ms/infer)

── ep 23 (env_id=23) ──
[2026-08-07 06:07:00.812] [svulkan2] [warning] A second renderer will share the same internal context with the first one. Arguments passed to constructor will be ignored.
   instruction: pick coke can
   → G+ SUCCESS  (57 steps, 847 ms/infer)

── ep 24 (env_id=24) ──
[2026-08-07 06:07:33.810] [svulkan2] [warning] A second renderer will share the same internal context with the first one. Arguments passed to constructor will be ignored.
   instruction: pick coke can
   → G+ SUCCESS  (15 steps, 852 ms/infer)

==================================================
  SpatialVLA (official) | action-repeat=2 + depth-prune=2 mode=redundant (layers [9, 10])
  task:    google_robot_pick_horizontal_coke_can
  파지율:  24/25 = 96.0%
  성공률:  24/25 = 96.0%
  평균스텝: 25
  ms/infer: 855  (latency; lower=faster)
==================================================
  OKG+ ep00 (id=0): 23 steps
  OKG+ ep01 (id=1): 25 steps
  --G- ep02 (id=2): 80 steps
  OKG+ ep03 (id=3): 21 steps
  OKG+ ep04 (id=4): 19 steps
  OKG+ ep05 (id=5): 20 steps
  OKG+ ep06 (id=6): 21 steps
  OKG+ ep07 (id=7): 17 steps
  OKG+ ep08 (id=8): 20 steps
  OKG+ ep09 (id=9): 24 steps
  OKG+ ep10 (id=10): 63 steps
  OKG+ ep11 (id=11): 19 steps
  OKG+ ep12 (id=12): 19 steps
  OKG+ ep13 (id=13): 24 steps
  OKG+ ep14 (id=14): 12 steps
  OKG+ ep15 (id=15): 22 steps
  OKG+ ep16 (id=16): 16 steps
  OKG+ ep17 (id=17): 15 steps
  OKG+ ep18 (id=18): 15 steps
  OKG+ ep19 (id=19): 19 steps
  OKG+ ep20 (id=20): 26 steps
  OKG+ ep21 (id=21): 19 steps
  OKG+ ep22 (id=22): 16 steps
  OKG+ ep23 (id=23): 57 steps
  OKG+ ep24 (id=24): 15 steps

saved: /content/BiVLA/results/spatialvla_fractal_0806/prune2_repeat2/google_robot_pick_horizontal_coke_can/results_google_robot_pick_horizontal_coke_can.json
