/content/vsim/lib/python3.10/site-packages/sapien/core/renderer_config.py:4: UserWarning: pkg_resources is deprecated as an API. See https://setuptools.pypa.io/en/latest/pkg_resources.html. The pkg_resources package is slated for removal as early as 2025-11-30. Refrain from using this package or pin to Setuptools<81.
  import pkg_resources
Some kwargs in processor config are unused and will not have any effect: statistics, bin_policy, obs_delta, num_obs_steps, action_config, intrinsic_config, action_chunk_size. 
*** policy_setup: google_robot, unnorm_key: fractal20220817_data/0.1.0 ***
Add 0 TRANSLATION TOKENS, tokenizer vocab size 257152 / 265347
Add 0 ROTATION TOKENS to tokenizer, tokenizer vocab size 257152 / 265347
Add 0 GRIPPER TOKENS to tokenizer, tokenizer vocab size 257152 / 265347

Loading checkpoint shards:   0%|          | 0/2 [00:00<?, ?it/s]
Loading checkpoint shards:  50%|█████     | 1/2 [00:00<00:00,  2.78it/s]
Loading checkpoint shards: 100%|██████████| 2/2 [00:00<00:00,  2.72it/s]
Loading checkpoint shards: 100%|██████████| 2/2 [00:00<00:00,  2.73it/s]
[OK] official SpatialVLAInference loaded (no wrapper, no DINO)
[DepthPrune] Gemma2 has 26 decoder layers; will bypass 2 most-redundant (calibrate on step 0).

── ep 00 (env_id=0) ──
[2026-08-07 06:07:58.936] [svulkan2] [error] GLFW error: X11: The DISPLAY environment variable is missing
[2026-08-07 06:07:58.936] [svulkan2] [warning] Continue without GLFW.
/content/vsim/lib/python3.10/site-packages/gymnasium/core.py:311: UserWarning: [33mWARN: env.get_language_instruction to get variables from other wrappers is deprecated and will be removed in v1.0, to get this variable you can do `env.unwrapped.get_language_instruction` for environment variables or `env.get_wrapper_attr('get_language_instruction')` that will search the reminding wrappers.[0m
  logger.warn(
   instruction: pick coke can
The 'batch_size' attribute of HybridCache is deprecated and will be removed in v4.49. Use the more precisely named 'self.max_batch_size' attribute instead.
[ChunkProbe] raw_action['world_vector']: shape=(3,) type=ndarray
[ChunkProbe] raw_action['rotation_delta']: shape=(3,) type=ndarray
[ChunkProbe] raw_action['open_gripper']: shape=(1,) type=ndarray
[ChunkProbe] action['world_vector']: shape=(3,) type=ndarray
[ChunkProbe] action['rot_axangle']: shape=(3,) type=ndarray
[ChunkProbe] action['gripper']: shape=(1,) type=ndarray
[ChunkProbe] action['terminate_episode']: shape=(1,) type=ndarray
[DepthPrune] mode=redundant calibrated; bypassing layers [9, 10] (ranking top: [9, 10, 8, 19, 20, 12])
[DepthPrune] per-layer redundancy (cos in/out): L0=0.1066, L1=0.6021, L2=0.5786, L3=0.7860, L4=0.7758, L5=0.9209, L6=0.8554, L7=0.9008, L8=0.9421, L9=0.9498, L10=0.9451, L11=0.9140, L12=0.9297, L13=0.9097, L14=0.9100, L15=0.8949, L16=0.9157, L17=0.9173, L18=0.9130, L19=0.9337, L20=0.9308, L21=0.9196, L22=0.9008, L23=0.9085, L24=0.8686, L25=0.6397
   → G+ SUCCESS  (31 steps, 957 ms/infer)

── ep 01 (env_id=1) ──
[2026-08-07 06:08:20.497] [svulkan2] [warning] A second renderer will share the same internal context with the first one. Arguments passed to constructor will be ignored.
   instruction: pick coke can
   → G+ SUCCESS  (69 steps, 860 ms/infer)

── ep 02 (env_id=2) ──
[2026-08-07 06:09:00.193] [svulkan2] [warning] A second renderer will share the same internal context with the first one. Arguments passed to constructor will be ignored.
   instruction: pick coke can
   → G+ SUCCESS  (24 steps, 860 ms/infer)

── ep 03 (env_id=3) ──
[2026-08-07 06:09:14.318] [svulkan2] [warning] A second renderer will share the same internal context with the first one. Arguments passed to constructor will be ignored.
   instruction: pick coke can
   → G+ SUCCESS  (22 steps, 864 ms/infer)

── ep 04 (env_id=4) ──
[2026-08-07 06:09:27.559] [svulkan2] [warning] A second renderer will share the same internal context with the first one. Arguments passed to constructor will be ignored.
   instruction: pick coke can
   → G+ SUCCESS  (21 steps, 872 ms/infer)

── ep 05 (env_id=5) ──
[2026-08-07 06:09:40.657] [svulkan2] [warning] A second renderer will share the same internal context with the first one. Arguments passed to constructor will be ignored.
   instruction: pick coke can
   → G+ SUCCESS  (26 steps, 874 ms/infer)

── ep 06 (env_id=6) ──
[2026-08-07 06:09:56.213] [svulkan2] [warning] A second renderer will share the same internal context with the first one. Arguments passed to constructor will be ignored.
   instruction: pick coke can
   → G+ SUCCESS  (70 steps, 863 ms/infer)

── ep 07 (env_id=7) ──
[2026-08-07 06:10:35.947] [svulkan2] [warning] A second renderer will share the same internal context with the first one. Arguments passed to constructor will be ignored.
   instruction: pick coke can
   → G+ SUCCESS  (19 steps, 865 ms/infer)

── ep 08 (env_id=8) ──
[2026-08-07 06:10:47.862] [svulkan2] [warning] A second renderer will share the same internal context with the first one. Arguments passed to constructor will be ignored.
   instruction: pick coke can
   → G+ SUCCESS  (17 steps, 861 ms/infer)

── ep 09 (env_id=9) ──
[2026-08-07 06:10:58.611] [svulkan2] [warning] A second renderer will share the same internal context with the first one. Arguments passed to constructor will be ignored.
   instruction: pick coke can
   → G+ SUCCESS  (17 steps, 872 ms/infer)

── ep 10 (env_id=10) ──
[2026-08-07 06:11:09.498] [svulkan2] [warning] A second renderer will share the same internal context with the first one. Arguments passed to constructor will be ignored.
   instruction: pick coke can
   → G+ SUCCESS  (28 steps, 863 ms/infer)

── ep 11 (env_id=11) ──
[2026-08-07 06:11:25.733] [svulkan2] [warning] A second renderer will share the same internal context with the first one. Arguments passed to constructor will be ignored.
   instruction: pick coke can
   → G+ SUCCESS  (23 steps, 868 ms/infer)

── ep 12 (env_id=12) ──
[2026-08-07 06:11:39.775] [svulkan2] [warning] A second renderer will share the same internal context with the first one. Arguments passed to constructor will be ignored.
   instruction: pick coke can
   → G+ SUCCESS  (18 steps, 858 ms/infer)

── ep 13 (env_id=13) ──
[2026-08-07 06:11:50.641] [svulkan2] [warning] A second renderer will share the same internal context with the first one. Arguments passed to constructor will be ignored.
   instruction: pick coke can
   → G+ SUCCESS  (18 steps, 862 ms/infer)

── ep 14 (env_id=14) ──
[2026-08-07 06:12:01.570] [svulkan2] [warning] A second renderer will share the same internal context with the first one. Arguments passed to constructor will be ignored.
   instruction: pick coke can
   → G+ SUCCESS  (16 steps, 866 ms/infer)

── ep 15 (env_id=15) ──
[2026-08-07 06:12:11.460] [svulkan2] [warning] A second renderer will share the same internal context with the first one. Arguments passed to constructor will be ignored.
   instruction: pick coke can
   → G+ SUCCESS  (29 steps, 867 ms/infer)

── ep 16 (env_id=16) ──
[2026-08-07 06:12:28.912] [svulkan2] [warning] A second renderer will share the same internal context with the first one. Arguments passed to constructor will be ignored.
   instruction: pick coke can
   → G+ SUCCESS  (28 steps, 861 ms/infer)

── ep 17 (env_id=17) ──
[2026-08-07 06:12:45.098] [svulkan2] [warning] A second renderer will share the same internal context with the first one. Arguments passed to constructor will be ignored.
   instruction: pick coke can
   → G+ SUCCESS  (23 steps, 852 ms/infer)

── ep 18 (env_id=18) ──
[2026-08-07 06:12:58.991] [svulkan2] [warning] A second renderer will share the same internal context with the first one. Arguments passed to constructor will be ignored.
   instruction: pick coke can
   → G- SUCCESS  (18 steps, 866 ms/infer)

── ep 19 (env_id=19) ──
[2026-08-07 06:13:09.939] [svulkan2] [warning] A second renderer will share the same internal context with the first one. Arguments passed to constructor will be ignored.
   instruction: pick coke can
   → G+ SUCCESS  (28 steps, 859 ms/infer)

── ep 20 (env_id=20) ──
[2026-08-07 06:13:26.391] [svulkan2] [warning] A second renderer will share the same internal context with the first one. Arguments passed to constructor will be ignored.
   instruction: pick coke can
   → G+ SUCCESS  (43 steps, 862 ms/infer)

── ep 21 (env_id=21) ──
[2026-08-07 06:13:51.654] [svulkan2] [warning] A second renderer will share the same internal context with the first one. Arguments passed to constructor will be ignored.
   instruction: pick coke can
   → G+ SUCCESS  (22 steps, 855 ms/infer)

── ep 22 (env_id=22) ──
[2026-08-07 06:14:04.585] [svulkan2] [warning] A second renderer will share the same internal context with the first one. Arguments passed to constructor will be ignored.
   instruction: pick coke can
   → G+ SUCCESS  (18 steps, 856 ms/infer)

── ep 23 (env_id=23) ──
[2026-08-07 06:14:15.296] [svulkan2] [warning] A second renderer will share the same internal context with the first one. Arguments passed to constructor will be ignored.
   instruction: pick coke can
   → G+ SUCCESS  (25 steps, 857 ms/infer)

── ep 24 (env_id=24) ──
[2026-08-07 06:14:30.420] [svulkan2] [warning] A second renderer will share the same internal context with the first one. Arguments passed to constructor will be ignored.
   instruction: pick coke can
   → G+ SUCCESS  (23 steps, 862 ms/infer)

==================================================
  SpatialVLA (official) | action-repeat=2 + depth-prune=2 mode=redundant (layers [9, 10])
  task:    google_robot_pick_vertical_coke_can
  파지율:  24/25 = 96.0%
  성공률:  25/25 = 100.0%
  평균스텝: 27
  ms/infer: 866  (latency; lower=faster)
==================================================
  OKG+ ep00 (id=0): 31 steps
  OKG+ ep01 (id=1): 69 steps
  OKG+ ep02 (id=2): 24 steps
  OKG+ ep03 (id=3): 22 steps
  OKG+ ep04 (id=4): 21 steps
  OKG+ ep05 (id=5): 26 steps
  OKG+ ep06 (id=6): 70 steps
  OKG+ ep07 (id=7): 19 steps
  OKG+ ep08 (id=8): 17 steps
  OKG+ ep09 (id=9): 17 steps
  OKG+ ep10 (id=10): 28 steps
  OKG+ ep11 (id=11): 23 steps
  OKG+ ep12 (id=12): 18 steps
  OKG+ ep13 (id=13): 18 steps
  OKG+ ep14 (id=14): 16 steps
  OKG+ ep15 (id=15): 29 steps
  OKG+ ep16 (id=16): 28 steps
  OKG+ ep17 (id=17): 23 steps
  OKG- ep18 (id=18): 18 steps
  OKG+ ep19 (id=19): 28 steps
  OKG+ ep20 (id=20): 43 steps
  OKG+ ep21 (id=21): 22 steps
  OKG+ ep22 (id=22): 18 steps
  OKG+ ep23 (id=23): 25 steps
  OKG+ ep24 (id=24): 23 steps

saved: /content/BiVLA/results/spatialvla_fractal_0806/prune2_repeat2/google_robot_pick_vertical_coke_can/results_google_robot_pick_vertical_coke_can.json
