/content/venv310/lib/python3.10/site-packages/sapien/core/renderer_config.py:4: UserWarning: pkg_resources is deprecated as an API. See https://setuptools.pypa.io/en/latest/pkg_resources.html. The pkg_resources package is slated for removal as early as 2025-11-30. Refrain from using this package or pin to Setuptools<81.
  import pkg_resources
[load] model=openvla_depth policy_setup=widowx_bridge unnorm_key=(derived)
Using a slow image processor as `use_fast` is unset and a slow processor was saved with this model. `use_fast=True` will be the default behavior in v4.52, even if the model was saved with a slow processor. This will result in minor differences in outputs. You'll still be able to use a slow processor with `use_fast=False`.
Expected `transformers==4.40.1` and `tokenizers==0.19.1` but got `transformers==4.53.3` and `tokenizers==0.21.4`; there might be inference-time regressions due to dependency changes. If in doubt, pleaseuse the above versions.

Loading checkpoint shards:   0%|          | 0/3 [00:00<?, ?it/s]
Loading checkpoint shards:  33%|███▎      | 1/3 [00:00<00:00,  7.75it/s]
Loading checkpoint shards: 100%|██████████| 3/3 [00:00<00:00, 18.80it/s]
[depth/openvla] static pruning ON: bypass 4 most-redundant layers; eligible 28..31 of 32
[ok] model loaded  unnorm_key=bridge_orig sticky_gripper=1

-- episode 00 (env_id=0) --
/content/venv310/lib/python3.10/site-packages/gymnasium/core.py:311: UserWarning: [33mWARN: env.get_language_instruction to get variables from other wrappers is deprecated and will be removed in v1.0, to get this variable you can do `env.unwrapped.get_language_instruction` for environment variables or `env.get_wrapper_attr('get_language_instruction')` that will search the reminding wrappers.[0m
  logger.warn(
Control mode:  arm_pd_ee_target_delta_pose_align2_gripper_pd_joint_pos
instruction: put carrot on plate
[depth] calibrated: bypass=[28, 29, 30, 31]
/content/venv310/lib/python3.10/site-packages/gymnasium/core.py:311: UserWarning: [33mWARN: env.get_language_instruction to get variables from other wrappers is deprecated and will be removed in v1.0, to get this variable you can do `env.unwrapped.get_language_instruction` for environment variables or `env.get_wrapper_attr('get_language_instruction')` that will search the reminding wrappers.[0m
  logger.warn(
result: FAIL grasped=False steps=60 time=34.4s

-- episode 01 (env_id=1) --
[2026-08-12 02:38:04.626] [svulkan2] [warning] A second renderer will share the same internal context with the first one. Arguments passed to constructor will be ignored.
Control mode:  arm_pd_ee_target_delta_pose_align2_gripper_pd_joint_pos
instruction: put carrot on plate
result: FAIL grasped=False steps=60 time=32.4s

-- episode 02 (env_id=2) --
[2026-08-12 02:38:37.698] [svulkan2] [warning] A second renderer will share the same internal context with the first one. Arguments passed to constructor will be ignored.
Control mode:  arm_pd_ee_target_delta_pose_align2_gripper_pd_joint_pos
instruction: put carrot on plate
result: FAIL grasped=True steps=60 time=32.4s

-- episode 03 (env_id=3) --
[2026-08-12 02:39:10.733] [svulkan2] [warning] A second renderer will share the same internal context with the first one. Arguments passed to constructor will be ignored.
Control mode:  arm_pd_ee_target_delta_pose_align2_gripper_pd_joint_pos
instruction: put carrot on plate
result: FAIL grasped=False steps=60 time=32.2s

-- episode 04 (env_id=4) --
[2026-08-12 02:39:43.519] [svulkan2] [warning] A second renderer will share the same internal context with the first one. Arguments passed to constructor will be ignored.
Control mode:  arm_pd_ee_target_delta_pose_align2_gripper_pd_joint_pos
instruction: put carrot on plate
result: FAIL grasped=False steps=60 time=32.7s

-- episode 05 (env_id=5) --
[2026-08-12 02:40:16.804] [svulkan2] [warning] A second renderer will share the same internal context with the first one. Arguments passed to constructor will be ignored.
Control mode:  arm_pd_ee_target_delta_pose_align2_gripper_pd_joint_pos
instruction: put carrot on plate
result: FAIL grasped=True steps=60 time=32.5s

-- episode 06 (env_id=6) --
[2026-08-12 02:40:49.930] [svulkan2] [warning] A second renderer will share the same internal context with the first one. Arguments passed to constructor will be ignored.
Control mode:  arm_pd_ee_target_delta_pose_align2_gripper_pd_joint_pos
instruction: put carrot on plate
result: FAIL grasped=True steps=60 time=32.6s

-- episode 07 (env_id=7) --
[2026-08-12 02:41:23.101] [svulkan2] [warning] A second renderer will share the same internal context with the first one. Arguments passed to constructor will be ignored.
Control mode:  arm_pd_ee_target_delta_pose_align2_gripper_pd_joint_pos
instruction: put carrot on plate
result: FAIL grasped=False steps=60 time=32.3s

-- episode 08 (env_id=8) --
[2026-08-12 02:41:56.013] [svulkan2] [warning] A second renderer will share the same internal context with the first one. Arguments passed to constructor will be ignored.
Control mode:  arm_pd_ee_target_delta_pose_align2_gripper_pd_joint_pos
instruction: put carrot on plate
result: FAIL grasped=False steps=60 time=32.3s

-- episode 09 (env_id=9) --
[2026-08-12 02:42:28.891] [svulkan2] [warning] A second renderer will share the same internal context with the first one. Arguments passed to constructor will be ignored.
Control mode:  arm_pd_ee_target_delta_pose_align2_gripper_pd_joint_pos
instruction: put carrot on plate
result: FAIL grasped=False steps=60 time=32.1s

-- episode 10 (env_id=10) --
[2026-08-12 02:43:01.625] [svulkan2] [warning] A second renderer will share the same internal context with the first one. Arguments passed to constructor will be ignored.
Control mode:  arm_pd_ee_target_delta_pose_align2_gripper_pd_joint_pos
instruction: put carrot on plate
result: SUCCESS grasped=True steps=26 time=14.0s

-- episode 11 (env_id=11) --
[2026-08-12 02:43:16.266] [svulkan2] [warning] A second renderer will share the same internal context with the first one. Arguments passed to constructor will be ignored.
Control mode:  arm_pd_ee_target_delta_pose_align2_gripper_pd_joint_pos
instruction: put carrot on plate
result: FAIL grasped=False steps=60 time=32.3s

-- episode 12 (env_id=12) --
[2026-08-12 02:43:49.211] [svulkan2] [warning] A second renderer will share the same internal context with the first one. Arguments passed to constructor will be ignored.
Control mode:  arm_pd_ee_target_delta_pose_align2_gripper_pd_joint_pos
instruction: put carrot on plate
result: FAIL grasped=False steps=60 time=32.4s

-- episode 13 (env_id=13) --
[2026-08-12 02:44:22.241] [svulkan2] [warning] A second renderer will share the same internal context with the first one. Arguments passed to constructor will be ignored.
Control mode:  arm_pd_ee_target_delta_pose_align2_gripper_pd_joint_pos
instruction: put carrot on plate
result: FAIL grasped=False steps=60 time=32.2s

-- episode 14 (env_id=14) --
[2026-08-12 02:44:55.011] [svulkan2] [warning] A second renderer will share the same internal context with the first one. Arguments passed to constructor will be ignored.
Control mode:  arm_pd_ee_target_delta_pose_align2_gripper_pd_joint_pos
instruction: put carrot on plate
result: FAIL grasped=False steps=60 time=32.4s

-- episode 15 (env_id=15) --
[2026-08-12 02:45:27.965] [svulkan2] [warning] A second renderer will share the same internal context with the first one. Arguments passed to constructor will be ignored.
Control mode:  arm_pd_ee_target_delta_pose_align2_gripper_pd_joint_pos
instruction: put carrot on plate
result: FAIL grasped=False steps=60 time=32.3s

-- episode 16 (env_id=16) --
[2026-08-12 02:46:00.903] [svulkan2] [warning] A second renderer will share the same internal context with the first one. Arguments passed to constructor will be ignored.
Control mode:  arm_pd_ee_target_delta_pose_align2_gripper_pd_joint_pos
instruction: put carrot on plate
result: FAIL grasped=False steps=60 time=32.3s

-- episode 17 (env_id=17) --
[2026-08-12 02:46:33.830] [svulkan2] [warning] A second renderer will share the same internal context with the first one. Arguments passed to constructor will be ignored.
Control mode:  arm_pd_ee_target_delta_pose_align2_gripper_pd_joint_pos
instruction: put carrot on plate
result: FAIL grasped=False steps=60 time=32.1s

-- episode 18 (env_id=18) --
[2026-08-12 02:47:06.583] [svulkan2] [warning] A second renderer will share the same internal context with the first one. Arguments passed to constructor will be ignored.
Control mode:  arm_pd_ee_target_delta_pose_align2_gripper_pd_joint_pos
instruction: put carrot on plate
result: FAIL grasped=True steps=60 time=32.3s

-- episode 19 (env_id=19) --
[2026-08-12 02:47:39.467] [svulkan2] [warning] A second renderer will share the same internal context with the first one. Arguments passed to constructor will be ignored.
Control mode:  arm_pd_ee_target_delta_pose_align2_gripper_pd_joint_pos
instruction: put carrot on plate
result: FAIL grasped=False steps=60 time=32.4s

-- episode 20 (env_id=20) --
[2026-08-12 02:48:12.449] [svulkan2] [warning] A second renderer will share the same internal context with the first one. Arguments passed to constructor will be ignored.
Control mode:  arm_pd_ee_target_delta_pose_align2_gripper_pd_joint_pos
instruction: put carrot on plate
result: FAIL grasped=True steps=60 time=32.4s

-- episode 21 (env_id=21) --
[2026-08-12 02:48:45.448] [svulkan2] [warning] A second renderer will share the same internal context with the first one. Arguments passed to constructor will be ignored.
Control mode:  arm_pd_ee_target_delta_pose_align2_gripper_pd_joint_pos
instruction: put carrot on plate
result: FAIL grasped=False steps=60 time=32.1s

-- episode 22 (env_id=22) --
[2026-08-12 02:49:18.125] [svulkan2] [warning] A second renderer will share the same internal context with the first one. Arguments passed to constructor will be ignored.
Control mode:  arm_pd_ee_target_delta_pose_align2_gripper_pd_joint_pos
instruction: put carrot on plate
result: FAIL grasped=True steps=60 time=32.4s

-- episode 23 (env_id=23) --
[2026-08-12 02:49:51.078] [svulkan2] [warning] A second renderer will share the same internal context with the first one. Arguments passed to constructor will be ignored.
Control mode:  arm_pd_ee_target_delta_pose_align2_gripper_pd_joint_pos
instruction: put carrot on plate
result: FAIL grasped=False steps=60 time=32.1s

==================================================
task:         widowx_carrot_on_plate
model:        openvla_depth
setup:        widowx_bridge (unnorm=bridge_orig, sticky=1)
success_rate: 1/24 = 4.2%
grasp_rate:   7/24 = 29.2%
avg_steps:    59
avg_elapsed:  31.7s
model_ms_per_infer: 457.9ms  (pure model forward pass, CUDA-synced)
model_ms_per_env_step: 457.9ms  (amortized over executed actions)
depth: bypassed 4 of 32 layers [28, 29, 30, 31]
==================================================
saved: /content/BiVLA_full/results/openvla_bridge_depth_control/prune4_last/widowx_carrot_on_plate/results_widowx_carrot_on_plate.json
