/content/vsim/lib/python3.10/site-packages/sapien/core/renderer_config.py:4: UserWarning: pkg_resources is deprecated as an API. See https://setuptools.pypa.io/en/latest/pkg_resources.html. The pkg_resources package is slated for removal as early as 2025-11-30. Refrain from using this package or pin to Setuptools<81.
  import pkg_resources
Some kwargs in processor config are unused and will not have any effect: num_obs_steps, action_chunk_size, statistics, obs_delta, bin_policy, action_config, intrinsic_config. 
*** policy_setup: google_robot, unnorm_key: fractal20220817_data/0.1.0 ***
Add 0 TRANSLATION TOKENS, tokenizer vocab size 257152 / 265347
Add 0 ROTATION TOKENS to tokenizer, tokenizer vocab size 257152 / 265347
Add 0 GRIPPER TOKENS to tokenizer, tokenizer vocab size 257152 / 265347

Loading checkpoint shards:   0%|          | 0/2 [00:00<?, ?it/s]
Loading checkpoint shards:  50%|█████     | 1/2 [00:00<00:00,  2.72it/s]
Loading checkpoint shards: 100%|██████████| 2/2 [00:00<00:00,  2.67it/s]
Loading checkpoint shards: 100%|██████████| 2/2 [00:00<00:00,  2.67it/s]
[OK] official SpatialVLAInference loaded (no wrapper, no DINO)
[DepthPrune] Gemma2 has 26 decoder layers; will bypass 4 most-redundant (calibrate on step 0).

── ep 00 (env_id=0) ──
[2026-08-07 13:29:55.420] [svulkan2] [error] GLFW error: X11: The DISPLAY environment variable is missing
[2026-08-07 13:29:55.420] [svulkan2] [warning] Continue without GLFW.
/content/vsim/lib/python3.10/site-packages/gymnasium/core.py:311: UserWarning: [33mWARN: env.get_language_instruction to get variables from other wrappers is deprecated and will be removed in v1.0, to get this variable you can do `env.unwrapped.get_language_instruction` for environment variables or `env.get_wrapper_attr('get_language_instruction')` that will search the reminding wrappers.[0m
  logger.warn(
   instruction: move blue plastic bottle near pepsi can
The 'batch_size' attribute of HybridCache is deprecated and will be removed in v4.49. Use the more precisely named 'self.max_batch_size' attribute instead.
[ChunkProbe] raw_action['world_vector']: shape=(3,) type=ndarray
[ChunkProbe] raw_action['rotation_delta']: shape=(3,) type=ndarray
[ChunkProbe] raw_action['open_gripper']: shape=(1,) type=ndarray
[ChunkProbe] action['world_vector']: shape=(3,) type=ndarray
[ChunkProbe] action['rot_axangle']: shape=(3,) type=ndarray
[ChunkProbe] action['gripper']: shape=(1,) type=ndarray
[ChunkProbe] action['terminate_episode']: shape=(1,) type=ndarray
[DepthPrune] mode=redundant calibrated; bypassing layers [8, 9, 10, 20] (ranking top: [10, 8, 20, 9, 19, 12])
[DepthPrune] per-layer redundancy (cos in/out): L0=0.1028, L1=0.6306, L2=0.5719, L3=0.7867, L4=0.7678, L5=0.9155, L6=0.8592, L7=0.9023, L8=0.9415, L9=0.9397, L10=0.9495, L11=0.9178, L12=0.9338, L13=0.9227, L14=0.9166, L15=0.9080, L16=0.9137, L17=0.9282, L18=0.9277, L19=0.9393, L20=0.9401, L21=0.9287, L22=0.9091, L23=0.9173, L24=0.8641, L25=0.6524
   → G- FAIL  (80 steps, 829 ms/infer)

── ep 01 (env_id=1) ──
[2026-08-07 13:31:15.075] [svulkan2] [warning] A second renderer will share the same internal context with the first one. Arguments passed to constructor will be ignored.
   instruction: move blue plastic bottle near orange
   → G- SUCCESS  (26 steps, 811 ms/infer)

── ep 02 (env_id=2) ──
[2026-08-07 13:31:40.284] [svulkan2] [warning] A second renderer will share the same internal context with the first one. Arguments passed to constructor will be ignored.
   instruction: move pepsi can near blue plastic bottle
   → G- SUCCESS  (25 steps, 818 ms/infer)

── ep 03 (env_id=3) ──
[2026-08-07 13:32:04.837] [svulkan2] [warning] A second renderer will share the same internal context with the first one. Arguments passed to constructor will be ignored.
   instruction: move pepsi can near orange
   → G- SUCCESS  (21 steps, 821 ms/infer)

── ep 04 (env_id=4) ──
[2026-08-07 13:32:25.872] [svulkan2] [warning] A second renderer will share the same internal context with the first one. Arguments passed to constructor will be ignored.
   instruction: move orange near blue plastic bottle
   → G- SUCCESS  (25 steps, 815 ms/infer)

── ep 05 (env_id=5) ──
[2026-08-07 13:32:50.368] [svulkan2] [warning] A second renderer will share the same internal context with the first one. Arguments passed to constructor will be ignored.
   instruction: move orange near pepsi can
   → G- SUCCESS  (25 steps, 815 ms/infer)

── ep 06 (env_id=6) ──
[2026-08-07 13:33:15.103] [svulkan2] [warning] A second renderer will share the same internal context with the first one. Arguments passed to constructor will be ignored.
   instruction: move blue plastic bottle near pepsi can
   → G- FAIL  (80 steps, 814 ms/infer)

── ep 07 (env_id=7) ──
[2026-08-07 13:34:30.633] [svulkan2] [warning] A second renderer will share the same internal context with the first one. Arguments passed to constructor will be ignored.
   instruction: move blue plastic bottle near orange
   → G- SUCCESS  (37 steps, 821 ms/infer)

── ep 08 (env_id=8) ──
[2026-08-07 13:35:06.449] [svulkan2] [warning] A second renderer will share the same internal context with the first one. Arguments passed to constructor will be ignored.
   instruction: move pepsi can near blue plastic bottle
   → G- SUCCESS  (22 steps, 812 ms/infer)

── ep 09 (env_id=9) ──
[2026-08-07 13:35:28.075] [svulkan2] [warning] A second renderer will share the same internal context with the first one. Arguments passed to constructor will be ignored.
   instruction: move pepsi can near orange
   → G- SUCCESS  (35 steps, 812 ms/infer)

── ep 10 (env_id=10) ──
[2026-08-07 13:36:01.665] [svulkan2] [warning] A second renderer will share the same internal context with the first one. Arguments passed to constructor will be ignored.
   instruction: move orange near blue plastic bottle
   → G- SUCCESS  (64 steps, 813 ms/infer)

── ep 11 (env_id=11) ──
[2026-08-07 13:37:02.302] [svulkan2] [warning] A second renderer will share the same internal context with the first one. Arguments passed to constructor will be ignored.
   instruction: move orange near pepsi can
   → G- FAIL  (80 steps, 815 ms/infer)

── ep 12 (env_id=12) ──
[2026-08-07 13:38:17.461] [svulkan2] [warning] A second renderer will share the same internal context with the first one. Arguments passed to constructor will be ignored.
   instruction: move 7up can near apple
   → G- FAIL  (80 steps, 820 ms/infer)

── ep 13 (env_id=13) ──
[2026-08-07 13:39:33.260] [svulkan2] [warning] A second renderer will share the same internal context with the first one. Arguments passed to constructor will be ignored.
   instruction: move 7up can near sponge
   → G- SUCCESS  (24 steps, 829 ms/infer)

── ep 14 (env_id=14) ──
[2026-08-07 13:39:57.050] [svulkan2] [warning] A second renderer will share the same internal context with the first one. Arguments passed to constructor will be ignored.
   instruction: move apple near 7up can
   → G- FAIL  (80 steps, 821 ms/infer)

── ep 15 (env_id=15) ──
[2026-08-07 13:41:13.841] [svulkan2] [warning] A second renderer will share the same internal context with the first one. Arguments passed to constructor will be ignored.
   instruction: move apple near sponge
   → G- SUCCESS  (19 steps, 818 ms/infer)

── ep 16 (env_id=16) ──
[2026-08-07 13:41:32.748] [svulkan2] [warning] A second renderer will share the same internal context with the first one. Arguments passed to constructor will be ignored.
   instruction: move sponge near 7up can
   → G- SUCCESS  (21 steps, 829 ms/infer)

── ep 17 (env_id=17) ──
[2026-08-07 13:41:53.831] [svulkan2] [warning] A second renderer will share the same internal context with the first one. Arguments passed to constructor will be ignored.
   instruction: move sponge near apple
   → G- SUCCESS  (32 steps, 829 ms/infer)

── ep 18 (env_id=18) ──
[2026-08-07 13:42:25.642] [svulkan2] [warning] A second renderer will share the same internal context with the first one. Arguments passed to constructor will be ignored.
   instruction: move 7up can near apple
   → G- SUCCESS  (26 steps, 819 ms/infer)

── ep 19 (env_id=19) ──
[2026-08-07 13:42:51.058] [svulkan2] [warning] A second renderer will share the same internal context with the first one. Arguments passed to constructor will be ignored.
   instruction: move 7up can near sponge
   → G- FAIL  (80 steps, 821 ms/infer)

── ep 20 (env_id=20) ──
[2026-08-07 13:44:08.549] [svulkan2] [warning] A second renderer will share the same internal context with the first one. Arguments passed to constructor will be ignored.
   instruction: move apple near 7up can
   → G- FAIL  (80 steps, 824 ms/infer)

── ep 21 (env_id=21) ──
[2026-08-07 13:45:26.606] [svulkan2] [warning] A second renderer will share the same internal context with the first one. Arguments passed to constructor will be ignored.
   instruction: move apple near sponge
   → G- FAIL  (80 steps, 815 ms/infer)

── ep 22 (env_id=22) ──
[2026-08-07 13:46:41.638] [svulkan2] [warning] A second renderer will share the same internal context with the first one. Arguments passed to constructor will be ignored.
   instruction: move sponge near 7up can
   → G- FAIL  (80 steps, 822 ms/infer)

── ep 23 (env_id=23) ──
[2026-08-07 13:47:57.381] [svulkan2] [warning] A second renderer will share the same internal context with the first one. Arguments passed to constructor will be ignored.
   instruction: move sponge near apple
   → G- SUCCESS  (46 steps, 811 ms/infer)

── ep 24 (env_id=24) ──
[2026-08-07 13:48:41.708] [svulkan2] [warning] A second renderer will share the same internal context with the first one. Arguments passed to constructor will be ignored.
   instruction: move coke can near redbull can
   → G- FAIL  (80 steps, 813 ms/infer)

── ep 25 (env_id=25) ──
[2026-08-07 13:49:56.744] [svulkan2] [warning] A second renderer will share the same internal context with the first one. Arguments passed to constructor will be ignored.
   instruction: move coke can near apple
   → G- FAIL  (80 steps, 810 ms/infer)

── ep 26 (env_id=26) ──
[2026-08-07 13:51:12.096] [svulkan2] [warning] A second renderer will share the same internal context with the first one. Arguments passed to constructor will be ignored.
   instruction: move redbull can near coke can
   → G- SUCCESS  (31 steps, 819 ms/infer)

── ep 27 (env_id=27) ──
[2026-08-07 13:51:42.014] [svulkan2] [warning] A second renderer will share the same internal context with the first one. Arguments passed to constructor will be ignored.
   instruction: move redbull can near apple
   → G- SUCCESS  (20 steps, 824 ms/infer)

── ep 28 (env_id=28) ──
[2026-08-07 13:52:01.938] [svulkan2] [warning] A second renderer will share the same internal context with the first one. Arguments passed to constructor will be ignored.
   instruction: move apple near coke can
   → G- SUCCESS  (34 steps, 811 ms/infer)

── ep 29 (env_id=29) ──
[2026-08-07 13:52:34.883] [svulkan2] [warning] A second renderer will share the same internal context with the first one. Arguments passed to constructor will be ignored.
   instruction: move apple near redbull can
   → G- FAIL  (80 steps, 813 ms/infer)

── ep 30 (env_id=30) ──
[2026-08-07 13:53:51.159] [svulkan2] [warning] A second renderer will share the same internal context with the first one. Arguments passed to constructor will be ignored.
   instruction: move coke can near redbull can
   → G- SUCCESS  (26 steps, 819 ms/infer)

── ep 31 (env_id=31) ──
[2026-08-07 13:54:16.358] [svulkan2] [warning] A second renderer will share the same internal context with the first one. Arguments passed to constructor will be ignored.
   instruction: move coke can near apple
   → G- FAIL  (80 steps, 820 ms/infer)

── ep 32 (env_id=32) ──
[2026-08-07 13:55:34.426] [svulkan2] [warning] A second renderer will share the same internal context with the first one. Arguments passed to constructor will be ignored.
   instruction: move redbull can near coke can
   → G- SUCCESS  (22 steps, 822 ms/infer)

── ep 33 (env_id=33) ──
[2026-08-07 13:55:56.136] [svulkan2] [warning] A second renderer will share the same internal context with the first one. Arguments passed to constructor will be ignored.
   instruction: move redbull can near apple
   → G- SUCCESS  (24 steps, 817 ms/infer)

── ep 34 (env_id=34) ──
[2026-08-07 13:56:19.624] [svulkan2] [warning] A second renderer will share the same internal context with the first one. Arguments passed to constructor will be ignored.
   instruction: move apple near coke can
   → G- FAIL  (80 steps, 821 ms/infer)

── ep 35 (env_id=35) ──
[2026-08-07 13:57:36.107] [svulkan2] [warning] A second renderer will share the same internal context with the first one. Arguments passed to constructor will be ignored.
   instruction: move apple near redbull can
   → G- FAIL  (80 steps, 816 ms/infer)

── ep 36 (env_id=36) ──
[2026-08-07 13:58:51.232] [svulkan2] [warning] A second renderer will share the same internal context with the first one. Arguments passed to constructor will be ignored.
   instruction: move sponge near blue plastic bottle
   → G- FAIL  (80 steps, 823 ms/infer)

── ep 37 (env_id=37) ──
[2026-08-07 14:00:07.606] [svulkan2] [warning] A second renderer will share the same internal context with the first one. Arguments passed to constructor will be ignored.
   instruction: move sponge near 7up can
   → G- SUCCESS  (53 steps, 819 ms/infer)

── ep 38 (env_id=38) ──
[2026-08-07 14:00:58.255] [svulkan2] [warning] A second renderer will share the same internal context with the first one. Arguments passed to constructor will be ignored.
   instruction: move blue plastic bottle near sponge
   → G- SUCCESS  (28 steps, 818 ms/infer)

── ep 39 (env_id=39) ──
[2026-08-07 14:01:25.593] [svulkan2] [warning] A second renderer will share the same internal context with the first one. Arguments passed to constructor will be ignored.
   instruction: move blue plastic bottle near 7up can
   → G- SUCCESS  (30 steps, 830 ms/infer)

── ep 40 (env_id=40) ──
[2026-08-07 14:01:55.210] [svulkan2] [warning] A second renderer will share the same internal context with the first one. Arguments passed to constructor will be ignored.
   instruction: move 7up can near sponge
   → G- SUCCESS  (23 steps, 818 ms/infer)

── ep 41 (env_id=41) ──
[2026-08-07 14:02:17.771] [svulkan2] [warning] A second renderer will share the same internal context with the first one. Arguments passed to constructor will be ignored.
   instruction: move 7up can near blue plastic bottle
   → G- FAIL  (80 steps, 819 ms/infer)

── ep 42 (env_id=42) ──
[2026-08-07 14:03:33.602] [svulkan2] [warning] A second renderer will share the same internal context with the first one. Arguments passed to constructor will be ignored.
   instruction: move sponge near blue plastic bottle
   → G- SUCCESS  (61 steps, 822 ms/infer)

── ep 43 (env_id=43) ──
[2026-08-07 14:04:32.024] [svulkan2] [warning] A second renderer will share the same internal context with the first one. Arguments passed to constructor will be ignored.
   instruction: move sponge near 7up can
   → G- FAIL  (80 steps, 817 ms/infer)

── ep 44 (env_id=44) ──
[2026-08-07 14:05:47.436] [svulkan2] [warning] A second renderer will share the same internal context with the first one. Arguments passed to constructor will be ignored.
   instruction: move blue plastic bottle near sponge
   → G- SUCCESS  (40 steps, 822 ms/infer)

── ep 45 (env_id=45) ──
[2026-08-07 14:06:26.085] [svulkan2] [warning] A second renderer will share the same internal context with the first one. Arguments passed to constructor will be ignored.
   instruction: move blue plastic bottle near 7up can
   → G- FAIL  (80 steps, 825 ms/infer)

── ep 46 (env_id=46) ──
[2026-08-07 14:07:42.008] [svulkan2] [warning] A second renderer will share the same internal context with the first one. Arguments passed to constructor will be ignored.
   instruction: move 7up can near sponge
   → G- SUCCESS  (18 steps, 822 ms/infer)

── ep 47 (env_id=47) ──
[2026-08-07 14:08:00.129] [svulkan2] [warning] A second renderer will share the same internal context with the first one. Arguments passed to constructor will be ignored.
   instruction: move 7up can near blue plastic bottle
   → G- SUCCESS  (22 steps, 822 ms/infer)

── ep 48 (env_id=48) ──
[2026-08-07 14:08:21.881] [svulkan2] [warning] A second renderer will share the same internal context with the first one. Arguments passed to constructor will be ignored.
   instruction: move orange near pepsi can
   → G- FAIL  (80 steps, 821 ms/infer)

── ep 49 (env_id=49) ──
[2026-08-07 14:09:37.852] [svulkan2] [warning] A second renderer will share the same internal context with the first one. Arguments passed to constructor will be ignored.
   instruction: move orange near redbull can
   → G- FAIL  (80 steps, 818 ms/infer)

── ep 50 (env_id=50) ──
[2026-08-07 14:10:54.228] [svulkan2] [warning] A second renderer will share the same internal context with the first one. Arguments passed to constructor will be ignored.
   instruction: move pepsi can near orange
   → G- SUCCESS  (58 steps, 824 ms/infer)

── ep 51 (env_id=51) ──
[2026-08-07 14:11:50.358] [svulkan2] [warning] A second renderer will share the same internal context with the first one. Arguments passed to constructor will be ignored.
   instruction: move pepsi can near redbull can
   → G- SUCCESS  (22 steps, 823 ms/infer)

── ep 52 (env_id=52) ──
[2026-08-07 14:12:12.139] [svulkan2] [warning] A second renderer will share the same internal context with the first one. Arguments passed to constructor will be ignored.
   instruction: move redbull can near orange
   → G- SUCCESS  (24 steps, 823 ms/infer)

── ep 53 (env_id=53) ──
[2026-08-07 14:12:35.871] [svulkan2] [warning] A second renderer will share the same internal context with the first one. Arguments passed to constructor will be ignored.
   instruction: move redbull can near pepsi can
   → G- SUCCESS  (44 steps, 820 ms/infer)

── ep 54 (env_id=54) ──
[2026-08-07 14:13:18.206] [svulkan2] [warning] A second renderer will share the same internal context with the first one. Arguments passed to constructor will be ignored.
   instruction: move orange near pepsi can
   → G- SUCCESS  (47 steps, 826 ms/infer)

── ep 55 (env_id=55) ──
[2026-08-07 14:14:03.963] [svulkan2] [warning] A second renderer will share the same internal context with the first one. Arguments passed to constructor will be ignored.
   instruction: move orange near redbull can
   → G- FAIL  (80 steps, 824 ms/infer)

── ep 56 (env_id=56) ──
[2026-08-07 14:15:20.843] [svulkan2] [warning] A second renderer will share the same internal context with the first one. Arguments passed to constructor will be ignored.
   instruction: move pepsi can near orange
   → G- FAIL  (80 steps, 815 ms/infer)

── ep 57 (env_id=57) ──
[2026-08-07 14:16:36.090] [svulkan2] [warning] A second renderer will share the same internal context with the first one. Arguments passed to constructor will be ignored.
   instruction: move pepsi can near redbull can
   → G- FAIL  (80 steps, 812 ms/infer)

── ep 58 (env_id=58) ──
[2026-08-07 14:17:50.843] [svulkan2] [warning] A second renderer will share the same internal context with the first one. Arguments passed to constructor will be ignored.
   instruction: move redbull can near orange
   → G- SUCCESS  (22 steps, 822 ms/infer)

── ep 59 (env_id=59) ──
[2026-08-07 14:18:12.608] [svulkan2] [warning] A second renderer will share the same internal context with the first one. Arguments passed to constructor will be ignored.
   instruction: move redbull can near pepsi can
   → G- FAIL  (80 steps, 820 ms/infer)

==================================================
  SpatialVLA (official) | depth-prune=4 mode=redundant (layers [8, 9, 10, 20])
  task:    google_robot_move_near
  파지율:  n/a (이 환경은 grasp를 보고하지 않는다)
  성공률:  35/60 = 58.3%
  평균스텝: 52
  ms/infer: 819  (latency; lower=faster)
==================================================
  --G- ep00 (id=0): 80 steps
  OKG- ep01 (id=1): 26 steps
  OKG- ep02 (id=2): 25 steps
  OKG- ep03 (id=3): 21 steps
  OKG- ep04 (id=4): 25 steps
  OKG- ep05 (id=5): 25 steps
  --G- ep06 (id=6): 80 steps
  OKG- ep07 (id=7): 37 steps
  OKG- ep08 (id=8): 22 steps
  OKG- ep09 (id=9): 35 steps
  OKG- ep10 (id=10): 64 steps
  --G- ep11 (id=11): 80 steps
  --G- ep12 (id=12): 80 steps
  OKG- ep13 (id=13): 24 steps
  --G- ep14 (id=14): 80 steps
  OKG- ep15 (id=15): 19 steps
  OKG- ep16 (id=16): 21 steps
  OKG- ep17 (id=17): 32 steps
  OKG- ep18 (id=18): 26 steps
  --G- ep19 (id=19): 80 steps
  --G- ep20 (id=20): 80 steps
  --G- ep21 (id=21): 80 steps
  --G- ep22 (id=22): 80 steps
  OKG- ep23 (id=23): 46 steps
  --G- ep24 (id=24): 80 steps
  --G- ep25 (id=25): 80 steps
  OKG- ep26 (id=26): 31 steps
  OKG- ep27 (id=27): 20 steps
  OKG- ep28 (id=28): 34 steps
  --G- ep29 (id=29): 80 steps
  OKG- ep30 (id=30): 26 steps
  --G- ep31 (id=31): 80 steps
  OKG- ep32 (id=32): 22 steps
  OKG- ep33 (id=33): 24 steps
  --G- ep34 (id=34): 80 steps
  --G- ep35 (id=35): 80 steps
  --G- ep36 (id=36): 80 steps
  OKG- ep37 (id=37): 53 steps
  OKG- ep38 (id=38): 28 steps
  OKG- ep39 (id=39): 30 steps
  OKG- ep40 (id=40): 23 steps
  --G- ep41 (id=41): 80 steps
  OKG- ep42 (id=42): 61 steps
  --G- ep43 (id=43): 80 steps
  OKG- ep44 (id=44): 40 steps
  --G- ep45 (id=45): 80 steps
  OKG- ep46 (id=46): 18 steps
  OKG- ep47 (id=47): 22 steps
  --G- ep48 (id=48): 80 steps
  --G- ep49 (id=49): 80 steps
  OKG- ep50 (id=50): 58 steps
  OKG- ep51 (id=51): 22 steps
  OKG- ep52 (id=52): 24 steps
  OKG- ep53 (id=53): 44 steps
  OKG- ep54 (id=54): 47 steps
  --G- ep55 (id=55): 80 steps
  --G- ep56 (id=56): 80 steps
  --G- ep57 (id=57): 80 steps
  OKG- ep58 (id=58): 22 steps
  --G- ep59 (id=59): 80 steps

saved: /content/BiVLA/results/spatialvla_move_near_v1_0807/depth_prune4/google_robot_move_near/results_google_robot_move_near.json
