/content/venv310/lib/python3.10/site-packages/sapien/core/renderer_config.py:4: UserWarning: pkg_resources is deprecated as an API. See https://setuptools.pypa.io/en/latest/pkg_resources.html. The pkg_resources package is slated for removal as early as 2025-11-30. Refrain from using this package or pin to Setuptools<81.
  import pkg_resources
[load] model=openvla_depth policy_setup=widowx_bridge unnorm_key=(derived)
Using a slow image processor as `use_fast` is unset and a slow processor was saved with this model. `use_fast=True` will be the default behavior in v4.52, even if the model was saved with a slow processor. This will result in minor differences in outputs. You'll still be able to use a slow processor with `use_fast=False`.
Expected `transformers==4.40.1` and `tokenizers==0.19.1` but got `transformers==4.53.3` and `tokenizers==0.21.4`; there might be inference-time regressions due to dependency changes. If in doubt, pleaseuse the above versions.

Loading checkpoint shards:   0%|          | 0/3 [00:00<?, ?it/s]
Loading checkpoint shards:  33%|███▎      | 1/3 [00:00<00:00,  7.69it/s]
Loading checkpoint shards: 100%|██████████| 3/3 [00:00<00:00, 18.60it/s]
[depth/openvla] static pruning ON: bypass 2 most-redundant layers; eligible 16..31 of 32
[ok] model loaded  unnorm_key=bridge_orig sticky_gripper=1

-- episode 00 (env_id=0) --
/content/venv310/lib/python3.10/site-packages/gymnasium/core.py:311: UserWarning: [33mWARN: env.get_language_instruction to get variables from other wrappers is deprecated and will be removed in v1.0, to get this variable you can do `env.unwrapped.get_language_instruction` for environment variables or `env.get_wrapper_attr('get_language_instruction')` that will search the reminding wrappers.[0m
  logger.warn(
Control mode:  arm_pd_ee_target_delta_pose_align2_gripper_pd_joint_pos
instruction: put carrot on plate
[depth] calibrated: bypass=[17, 23]
/content/venv310/lib/python3.10/site-packages/gymnasium/core.py:311: UserWarning: [33mWARN: env.get_language_instruction to get variables from other wrappers is deprecated and will be removed in v1.0, to get this variable you can do `env.unwrapped.get_language_instruction` for environment variables or `env.get_wrapper_attr('get_language_instruction')` that will search the reminding wrappers.[0m
  logger.warn(
result: FAIL grasped=False steps=60 time=36.3s

-- episode 01 (env_id=1) --
[2026-08-10 09:51:55.234] [svulkan2] [warning] A second renderer will share the same internal context with the first one. Arguments passed to constructor will be ignored.
Control mode:  arm_pd_ee_target_delta_pose_align2_gripper_pd_joint_pos
instruction: put carrot on plate
result: FAIL grasped=False steps=60 time=34.2s

-- episode 02 (env_id=2) --
[2026-08-10 09:52:30.037] [svulkan2] [warning] A second renderer will share the same internal context with the first one. Arguments passed to constructor will be ignored.
Control mode:  arm_pd_ee_target_delta_pose_align2_gripper_pd_joint_pos
instruction: put carrot on plate
result: FAIL grasped=False steps=60 time=34.1s

-- episode 03 (env_id=3) --
[2026-08-10 09:53:04.704] [svulkan2] [warning] A second renderer will share the same internal context with the first one. Arguments passed to constructor will be ignored.
Control mode:  arm_pd_ee_target_delta_pose_align2_gripper_pd_joint_pos
instruction: put carrot on plate
result: FAIL grasped=False steps=60 time=34.2s

-- episode 04 (env_id=4) --
[2026-08-10 09:53:39.502] [svulkan2] [warning] A second renderer will share the same internal context with the first one. Arguments passed to constructor will be ignored.
Control mode:  arm_pd_ee_target_delta_pose_align2_gripper_pd_joint_pos
instruction: put carrot on plate
result: FAIL grasped=False steps=60 time=34.4s

-- episode 05 (env_id=5) --
[2026-08-10 09:54:14.485] [svulkan2] [warning] A second renderer will share the same internal context with the first one. Arguments passed to constructor will be ignored.
Control mode:  arm_pd_ee_target_delta_pose_align2_gripper_pd_joint_pos
instruction: put carrot on plate
result: FAIL grasped=False steps=60 time=34.0s

-- episode 06 (env_id=6) --
[2026-08-10 09:54:49.101] [svulkan2] [warning] A second renderer will share the same internal context with the first one. Arguments passed to constructor will be ignored.
Control mode:  arm_pd_ee_target_delta_pose_align2_gripper_pd_joint_pos
instruction: put carrot on plate
result: FAIL grasped=False steps=60 time=34.4s

-- episode 07 (env_id=7) --
[2026-08-10 09:55:24.067] [svulkan2] [warning] A second renderer will share the same internal context with the first one. Arguments passed to constructor will be ignored.
Control mode:  arm_pd_ee_target_delta_pose_align2_gripper_pd_joint_pos
instruction: put carrot on plate
result: FAIL grasped=True steps=60 time=34.4s

-- episode 08 (env_id=8) --
[2026-08-10 09:55:59.085] [svulkan2] [warning] A second renderer will share the same internal context with the first one. Arguments passed to constructor will be ignored.
Control mode:  arm_pd_ee_target_delta_pose_align2_gripper_pd_joint_pos
instruction: put carrot on plate
result: FAIL grasped=True steps=60 time=34.4s

-- episode 09 (env_id=9) --
[2026-08-10 09:56:34.122] [svulkan2] [warning] A second renderer will share the same internal context with the first one. Arguments passed to constructor will be ignored.
Control mode:  arm_pd_ee_target_delta_pose_align2_gripper_pd_joint_pos
instruction: put carrot on plate
result: FAIL grasped=False steps=60 time=34.2s

-- episode 10 (env_id=10) --
[2026-08-10 09:57:08.954] [svulkan2] [warning] A second renderer will share the same internal context with the first one. Arguments passed to constructor will be ignored.
Control mode:  arm_pd_ee_target_delta_pose_align2_gripper_pd_joint_pos
instruction: put carrot on plate
result: FAIL grasped=True steps=60 time=34.5s

-- episode 11 (env_id=11) --
[2026-08-10 09:57:44.102] [svulkan2] [warning] A second renderer will share the same internal context with the first one. Arguments passed to constructor will be ignored.
Control mode:  arm_pd_ee_target_delta_pose_align2_gripper_pd_joint_pos
instruction: put carrot on plate
result: FAIL grasped=True steps=60 time=34.4s

-- episode 12 (env_id=12) --
[2026-08-10 09:58:19.156] [svulkan2] [warning] A second renderer will share the same internal context with the first one. Arguments passed to constructor will be ignored.
Control mode:  arm_pd_ee_target_delta_pose_align2_gripper_pd_joint_pos
instruction: put carrot on plate
result: FAIL grasped=True steps=60 time=34.2s

-- episode 13 (env_id=13) --
[2026-08-10 09:58:53.998] [svulkan2] [warning] A second renderer will share the same internal context with the first one. Arguments passed to constructor will be ignored.
Control mode:  arm_pd_ee_target_delta_pose_align2_gripper_pd_joint_pos
instruction: put carrot on plate
result: FAIL grasped=False steps=60 time=34.2s

-- episode 14 (env_id=14) --
[2026-08-10 09:59:28.776] [svulkan2] [warning] A second renderer will share the same internal context with the first one. Arguments passed to constructor will be ignored.
Control mode:  arm_pd_ee_target_delta_pose_align2_gripper_pd_joint_pos
instruction: put carrot on plate
result: FAIL grasped=False steps=60 time=34.4s

-- episode 15 (env_id=15) --
[2026-08-10 10:00:03.752] [svulkan2] [warning] A second renderer will share the same internal context with the first one. Arguments passed to constructor will be ignored.
Control mode:  arm_pd_ee_target_delta_pose_align2_gripper_pd_joint_pos
instruction: put carrot on plate
result: FAIL grasped=True steps=60 time=34.4s

-- episode 16 (env_id=16) --
[2026-08-10 10:00:38.735] [svulkan2] [warning] A second renderer will share the same internal context with the first one. Arguments passed to constructor will be ignored.
Control mode:  arm_pd_ee_target_delta_pose_align2_gripper_pd_joint_pos
instruction: put carrot on plate
result: FAIL grasped=False steps=60 time=34.4s

-- episode 17 (env_id=17) --
[2026-08-10 10:01:13.796] [svulkan2] [warning] A second renderer will share the same internal context with the first one. Arguments passed to constructor will be ignored.
Control mode:  arm_pd_ee_target_delta_pose_align2_gripper_pd_joint_pos
instruction: put carrot on plate
result: FAIL grasped=False steps=60 time=34.2s

-- episode 18 (env_id=18) --
[2026-08-10 10:01:48.644] [svulkan2] [warning] A second renderer will share the same internal context with the first one. Arguments passed to constructor will be ignored.
Control mode:  arm_pd_ee_target_delta_pose_align2_gripper_pd_joint_pos
instruction: put carrot on plate
result: SUCCESS grasped=True steps=60 time=34.3s

-- episode 19 (env_id=19) --
[2026-08-10 10:02:23.551] [svulkan2] [warning] A second renderer will share the same internal context with the first one. Arguments passed to constructor will be ignored.
Control mode:  arm_pd_ee_target_delta_pose_align2_gripper_pd_joint_pos
instruction: put carrot on plate
result: FAIL grasped=False steps=60 time=34.3s

-- episode 20 (env_id=20) --
[2026-08-10 10:02:58.420] [svulkan2] [warning] A second renderer will share the same internal context with the first one. Arguments passed to constructor will be ignored.
Control mode:  arm_pd_ee_target_delta_pose_align2_gripper_pd_joint_pos
instruction: put carrot on plate
result: FAIL grasped=True steps=60 time=34.4s

-- episode 21 (env_id=21) --
[2026-08-10 10:03:33.453] [svulkan2] [warning] A second renderer will share the same internal context with the first one. Arguments passed to constructor will be ignored.
Control mode:  arm_pd_ee_target_delta_pose_align2_gripper_pd_joint_pos
instruction: put carrot on plate
result: FAIL grasped=False steps=60 time=34.3s

-- episode 22 (env_id=22) --
[2026-08-10 10:04:08.410] [svulkan2] [warning] A second renderer will share the same internal context with the first one. Arguments passed to constructor will be ignored.
Control mode:  arm_pd_ee_target_delta_pose_align2_gripper_pd_joint_pos
instruction: put carrot on plate
result: SUCCESS grasped=True steps=52 time=29.7s

-- episode 23 (env_id=23) --
[2026-08-10 10:04:38.762] [svulkan2] [warning] A second renderer will share the same internal context with the first one. Arguments passed to constructor will be ignored.
Control mode:  arm_pd_ee_target_delta_pose_align2_gripper_pd_joint_pos
instruction: put carrot on plate
result: FAIL grasped=False steps=60 time=34.3s

==================================================
task:         widowx_carrot_on_plate
model:        openvla_depth
setup:        widowx_bridge (unnorm=bridge_orig, sticky=1)
success_rate: 2/24 = 8.3%
grasp_rate:   9/24 = 37.5%
avg_steps:    60
avg_elapsed:  34.2s
model_ms_per_infer: 487.5ms  (pure model forward pass, CUDA-synced)
model_ms_per_env_step: 487.5ms  (amortized over executed actions)
depth: bypassed 2 of 32 layers [17, 23]
==================================================
saved: /content/BiVLA_full/results/openvla_bridge_0805/depth_prune2/widowx_carrot_on_plate/results_widowx_carrot_on_plate.json
