/content/venv310/lib/python3.10/site-packages/sapien/core/renderer_config.py:4: UserWarning: pkg_resources is deprecated as an API. See https://setuptools.pypa.io/en/latest/pkg_resources.html. The pkg_resources package is slated for removal as early as 2025-11-30. Refrain from using this package or pin to Setuptools<81.
  import pkg_resources
[load] model=openvla_depth policy_setup=widowx_bridge unnorm_key=(derived)
A new version of the following files was downloaded from https://huggingface.co/openvla/openvla-7b:
- processing_prismatic.py
. Make sure to double-check they do not contain any added malicious code. To avoid downloading new versions of the code file, you can pin a revision.
Using a slow image processor as `use_fast` is unset and a slow processor was saved with this model. `use_fast=True` will be the default behavior in v4.52, even if the model was saved with a slow processor. This will result in minor differences in outputs. You'll still be able to use a slow processor with `use_fast=False`.
A new version of the following files was downloaded from https://huggingface.co/openvla/openvla-7b:
- configuration_prismatic.py
. Make sure to double-check they do not contain any added malicious code. To avoid downloading new versions of the code file, you can pin a revision.
A new version of the following files was downloaded from https://huggingface.co/openvla/openvla-7b:
- modeling_prismatic.py
. Make sure to double-check they do not contain any added malicious code. To avoid downloading new versions of the code file, you can pin a revision.

Fetching 3 files:   0%|          | 0/3 [00:00<?, ?it/s]
Fetching 3 files:  33%|███▎      | 1/3 [00:09<00:19,  9.68s/it]
Fetching 3 files:  67%|██████▋   | 2/3 [00:39<00:19, 19.82s/it]
Fetching 3 files: 100%|██████████| 3/3 [00:40<00:00, 13.64s/it]
Fetching 3 files: 100%|██████████| 3/3 [00:40<00:00, 13.64s/it]
Expected `transformers==4.40.1` and `tokenizers==0.19.1` but got `transformers==4.53.3` and `tokenizers==0.21.4`; there might be inference-time regressions due to dependency changes. If in doubt, pleaseuse the above versions.

Loading checkpoint shards:   0%|          | 0/3 [00:00<?, ?it/s]
Loading checkpoint shards:  33%|███▎      | 1/3 [00:00<00:00,  7.54it/s]
Loading checkpoint shards: 100%|██████████| 3/3 [00:00<00:00, 18.33it/s]
[depth/openvla] static pruning ON: bypass 2 most-redundant layers; eligible 16..31 of 32
[ok] model loaded  unnorm_key=bridge_orig sticky_gripper=1

-- episode 00 (env_id=0) --
/content/venv310/lib/python3.10/site-packages/gymnasium/core.py:311: UserWarning: [33mWARN: env.get_language_instruction to get variables from other wrappers is deprecated and will be removed in v1.0, to get this variable you can do `env.unwrapped.get_language_instruction` for environment variables or `env.get_wrapper_attr('get_language_instruction')` that will search the reminding wrappers.[0m
  logger.warn(
Control mode:  arm_pd_ee_target_delta_pose_align2_gripper_pd_joint_pos
instruction: put eggplant into yellow basket
[depth] calibrated: bypass=[17, 23]
/content/venv310/lib/python3.10/site-packages/gymnasium/core.py:311: UserWarning: [33mWARN: env.get_language_instruction to get variables from other wrappers is deprecated and will be removed in v1.0, to get this variable you can do `env.unwrapped.get_language_instruction` for environment variables or `env.get_wrapper_attr('get_language_instruction')` that will search the reminding wrappers.[0m
  logger.warn(
result: SUCCESS grasped=True steps=84 time=51.6s

-- episode 01 (env_id=1) --
[2026-08-10 09:28:00.226] [svulkan2] [warning] A second renderer will share the same internal context with the first one. Arguments passed to constructor will be ignored.
Control mode:  arm_pd_ee_target_delta_pose_align2_gripper_pd_joint_pos
instruction: put eggplant into yellow basket
result: SUCCESS grasped=True steps=35 time=20.0s

-- episode 02 (env_id=2) --
[2026-08-10 09:28:21.296] [svulkan2] [warning] A second renderer will share the same internal context with the first one. Arguments passed to constructor will be ignored.
Control mode:  arm_pd_ee_target_delta_pose_align2_gripper_pd_joint_pos
instruction: put eggplant into yellow basket
result: SUCCESS grasped=True steps=43 time=24.6s

-- episode 03 (env_id=3) --
[2026-08-10 09:28:47.002] [svulkan2] [warning] A second renderer will share the same internal context with the first one. Arguments passed to constructor will be ignored.
Control mode:  arm_pd_ee_target_delta_pose_align2_gripper_pd_joint_pos
instruction: put eggplant into yellow basket
result: SUCCESS grasped=True steps=32 time=18.1s

-- episode 04 (env_id=4) --
[2026-08-10 09:29:06.215] [svulkan2] [warning] A second renderer will share the same internal context with the first one. Arguments passed to constructor will be ignored.
Control mode:  arm_pd_ee_target_delta_pose_align2_gripper_pd_joint_pos
instruction: put eggplant into yellow basket
result: FAIL grasped=False steps=120 time=71.6s

-- episode 05 (env_id=5) --
[2026-08-10 09:30:18.817] [svulkan2] [warning] A second renderer will share the same internal context with the first one. Arguments passed to constructor will be ignored.
Control mode:  arm_pd_ee_target_delta_pose_align2_gripper_pd_joint_pos
instruction: put eggplant into yellow basket
result: FAIL grasped=False steps=120 time=70.6s

-- episode 06 (env_id=6) --
[2026-08-10 09:31:30.434] [svulkan2] [warning] A second renderer will share the same internal context with the first one. Arguments passed to constructor will be ignored.
Control mode:  arm_pd_ee_target_delta_pose_align2_gripper_pd_joint_pos
instruction: put eggplant into yellow basket
result: FAIL grasped=False steps=120 time=70.3s

-- episode 07 (env_id=7) --
[2026-08-10 09:32:41.785] [svulkan2] [warning] A second renderer will share the same internal context with the first one. Arguments passed to constructor will be ignored.
Control mode:  arm_pd_ee_target_delta_pose_align2_gripper_pd_joint_pos
instruction: put eggplant into yellow basket
result: FAIL grasped=True steps=120 time=70.0s

-- episode 08 (env_id=8) --
[2026-08-10 09:33:52.794] [svulkan2] [warning] A second renderer will share the same internal context with the first one. Arguments passed to constructor will be ignored.
Control mode:  arm_pd_ee_target_delta_pose_align2_gripper_pd_joint_pos
instruction: put eggplant into yellow basket
result: FAIL grasped=False steps=120 time=70.3s

-- episode 09 (env_id=9) --
[2026-08-10 09:35:04.080] [svulkan2] [warning] A second renderer will share the same internal context with the first one. Arguments passed to constructor will be ignored.
Control mode:  arm_pd_ee_target_delta_pose_align2_gripper_pd_joint_pos
instruction: put eggplant into yellow basket
result: FAIL grasped=False steps=120 time=70.3s

-- episode 10 (env_id=10) --
[2026-08-10 09:36:15.438] [svulkan2] [warning] A second renderer will share the same internal context with the first one. Arguments passed to constructor will be ignored.
Control mode:  arm_pd_ee_target_delta_pose_align2_gripper_pd_joint_pos
instruction: put eggplant into yellow basket
result: FAIL grasped=False steps=120 time=71.1s

-- episode 11 (env_id=11) --
[2026-08-10 09:37:27.551] [svulkan2] [warning] A second renderer will share the same internal context with the first one. Arguments passed to constructor will be ignored.
Control mode:  arm_pd_ee_target_delta_pose_align2_gripper_pd_joint_pos
instruction: put eggplant into yellow basket
result: FAIL grasped=False steps=120 time=70.1s

-- episode 12 (env_id=12) --
[2026-08-10 09:38:38.647] [svulkan2] [warning] A second renderer will share the same internal context with the first one. Arguments passed to constructor will be ignored.
Control mode:  arm_pd_ee_target_delta_pose_align2_gripper_pd_joint_pos
instruction: put eggplant into yellow basket
result: SUCCESS grasped=True steps=49 time=28.5s

-- episode 13 (env_id=13) --
[2026-08-10 09:39:08.202] [svulkan2] [warning] A second renderer will share the same internal context with the first one. Arguments passed to constructor will be ignored.
Control mode:  arm_pd_ee_target_delta_pose_align2_gripper_pd_joint_pos
instruction: put eggplant into yellow basket
result: FAIL grasped=False steps=120 time=71.1s

-- episode 14 (env_id=14) --
[2026-08-10 09:40:20.378] [svulkan2] [warning] A second renderer will share the same internal context with the first one. Arguments passed to constructor will be ignored.
Control mode:  arm_pd_ee_target_delta_pose_align2_gripper_pd_joint_pos
instruction: put eggplant into yellow basket
result: FAIL grasped=False steps=120 time=70.5s

-- episode 15 (env_id=15) --
[2026-08-10 09:41:31.949] [svulkan2] [warning] A second renderer will share the same internal context with the first one. Arguments passed to constructor will be ignored.
Control mode:  arm_pd_ee_target_delta_pose_align2_gripper_pd_joint_pos
instruction: put eggplant into yellow basket
result: SUCCESS grasped=True steps=54 time=31.5s

-- episode 16 (env_id=16) --
[2026-08-10 09:42:04.566] [svulkan2] [warning] A second renderer will share the same internal context with the first one. Arguments passed to constructor will be ignored.
Control mode:  arm_pd_ee_target_delta_pose_align2_gripper_pd_joint_pos
instruction: put eggplant into yellow basket
result: SUCCESS grasped=True steps=52 time=30.2s

-- episode 17 (env_id=17) --
[2026-08-10 09:42:35.808] [svulkan2] [warning] A second renderer will share the same internal context with the first one. Arguments passed to constructor will be ignored.
Control mode:  arm_pd_ee_target_delta_pose_align2_gripper_pd_joint_pos
instruction: put eggplant into yellow basket
result: FAIL grasped=True steps=120 time=70.6s

-- episode 18 (env_id=18) --
[2026-08-10 09:43:47.445] [svulkan2] [warning] A second renderer will share the same internal context with the first one. Arguments passed to constructor will be ignored.
Control mode:  arm_pd_ee_target_delta_pose_align2_gripper_pd_joint_pos
instruction: put eggplant into yellow basket
result: FAIL grasped=False steps=120 time=70.5s

-- episode 19 (env_id=19) --
[2026-08-10 09:44:59.014] [svulkan2] [warning] A second renderer will share the same internal context with the first one. Arguments passed to constructor will be ignored.
Control mode:  arm_pd_ee_target_delta_pose_align2_gripper_pd_joint_pos
instruction: put eggplant into yellow basket
result: FAIL grasped=False steps=120 time=69.5s

-- episode 20 (env_id=20) --
[2026-08-10 09:46:09.524] [svulkan2] [warning] A second renderer will share the same internal context with the first one. Arguments passed to constructor will be ignored.
Control mode:  arm_pd_ee_target_delta_pose_align2_gripper_pd_joint_pos
instruction: put eggplant into yellow basket
result: FAIL grasped=True steps=120 time=70.0s

-- episode 21 (env_id=21) --
[2026-08-10 09:47:20.533] [svulkan2] [warning] A second renderer will share the same internal context with the first one. Arguments passed to constructor will be ignored.
Control mode:  arm_pd_ee_target_delta_pose_align2_gripper_pd_joint_pos
instruction: put eggplant into yellow basket
result: FAIL grasped=False steps=120 time=70.4s

-- episode 22 (env_id=22) --
[2026-08-10 09:48:31.972] [svulkan2] [warning] A second renderer will share the same internal context with the first one. Arguments passed to constructor will be ignored.
Control mode:  arm_pd_ee_target_delta_pose_align2_gripper_pd_joint_pos
instruction: put eggplant into yellow basket
result: FAIL grasped=False steps=120 time=70.9s

-- episode 23 (env_id=23) --
[2026-08-10 09:49:43.944] [svulkan2] [warning] A second renderer will share the same internal context with the first one. Arguments passed to constructor will be ignored.
Control mode:  arm_pd_ee_target_delta_pose_align2_gripper_pd_joint_pos
instruction: put eggplant into yellow basket
result: FAIL grasped=True steps=120 time=70.5s

==================================================
task:         widowx_put_eggplant_in_basket
model:        openvla_depth
setup:        widowx_bridge (unnorm=bridge_orig, sticky=1)
success_rate: 7/24 = 29.2%
grasp_rate:   11/24 = 45.8%
avg_steps:    100
avg_elapsed:  58.4s
model_ms_per_infer: 485.9ms  (pure model forward pass, CUDA-synced)
model_ms_per_env_step: 485.9ms  (amortized over executed actions)
depth: bypassed 2 of 32 layers [17, 23]
==================================================
saved: /content/BiVLA_full/results/openvla_bridge_0805/depth_prune2/widowx_put_eggplant_in_basket/results_widowx_put_eggplant_in_basket.json
