/content/venv310/lib/python3.10/site-packages/sapien/core/renderer_config.py:4: UserWarning: pkg_resources is deprecated as an API. See https://setuptools.pypa.io/en/latest/pkg_resources.html. The pkg_resources package is slated for removal as early as 2025-11-30. Refrain from using this package or pin to Setuptools<81.
  import pkg_resources
[load] model=openvla_depth policy_setup=widowx_bridge unnorm_key=(derived)
Using a slow image processor as `use_fast` is unset and a slow processor was saved with this model. `use_fast=True` will be the default behavior in v4.52, even if the model was saved with a slow processor. This will result in minor differences in outputs. You'll still be able to use a slow processor with `use_fast=False`.
Expected `transformers==4.40.1` and `tokenizers==0.19.1` but got `transformers==4.53.3` and `tokenizers==0.21.4`; there might be inference-time regressions due to dependency changes. If in doubt, pleaseuse the above versions.

Loading checkpoint shards:   0%|          | 0/3 [00:00<?, ?it/s]
Loading checkpoint shards:  33%|███▎      | 1/3 [00:00<00:00,  7.67it/s]
Loading checkpoint shards: 100%|██████████| 3/3 [00:00<00:00, 18.24it/s]
[depth/openvla] static pruning ON: bypass 2 most-redundant layers; eligible 16..31 of 32
[ok] model loaded  unnorm_key=bridge_orig sticky_gripper=1

-- episode 00 (env_id=0) --
/content/venv310/lib/python3.10/site-packages/gymnasium/core.py:311: UserWarning: [33mWARN: env.get_language_instruction to get variables from other wrappers is deprecated and will be removed in v1.0, to get this variable you can do `env.unwrapped.get_language_instruction` for environment variables or `env.get_wrapper_attr('get_language_instruction')` that will search the reminding wrappers.[0m
  logger.warn(
Control mode:  arm_pd_ee_target_delta_pose_align2_gripper_pd_joint_pos
instruction: stack the green block on the yellow block
[depth] calibrated: bypass=[17, 23]
/content/venv310/lib/python3.10/site-packages/gymnasium/core.py:311: UserWarning: [33mWARN: env.get_language_instruction to get variables from other wrappers is deprecated and will be removed in v1.0, to get this variable you can do `env.unwrapped.get_language_instruction` for environment variables or `env.get_wrapper_attr('get_language_instruction')` that will search the reminding wrappers.[0m
  logger.warn(
result: FAIL grasped=False steps=60 time=36.1s

-- episode 01 (env_id=1) --
[2026-08-10 10:06:11.811] [svulkan2] [warning] A second renderer will share the same internal context with the first one. Arguments passed to constructor will be ignored.
Control mode:  arm_pd_ee_target_delta_pose_align2_gripper_pd_joint_pos
instruction: stack the green block on the yellow block
result: FAIL grasped=False steps=60 time=34.3s

-- episode 02 (env_id=2) --
[2026-08-10 10:06:46.763] [svulkan2] [warning] A second renderer will share the same internal context with the first one. Arguments passed to constructor will be ignored.
Control mode:  arm_pd_ee_target_delta_pose_align2_gripper_pd_joint_pos
instruction: stack the green block on the yellow block
result: FAIL grasped=False steps=60 time=34.4s

-- episode 03 (env_id=3) --
[2026-08-10 10:07:21.751] [svulkan2] [warning] A second renderer will share the same internal context with the first one. Arguments passed to constructor will be ignored.
Control mode:  arm_pd_ee_target_delta_pose_align2_gripper_pd_joint_pos
instruction: stack the green block on the yellow block
result: FAIL grasped=False steps=60 time=34.2s

-- episode 04 (env_id=4) --
[2026-08-10 10:07:56.606] [svulkan2] [warning] A second renderer will share the same internal context with the first one. Arguments passed to constructor will be ignored.
Control mode:  arm_pd_ee_target_delta_pose_align2_gripper_pd_joint_pos
instruction: stack the green block on the yellow block
result: SUCCESS grasped=True steps=35 time=20.3s

-- episode 05 (env_id=5) --
[2026-08-10 10:08:17.531] [svulkan2] [warning] A second renderer will share the same internal context with the first one. Arguments passed to constructor will be ignored.
Control mode:  arm_pd_ee_target_delta_pose_align2_gripper_pd_joint_pos
instruction: stack the green block on the yellow block
result: FAIL grasped=False steps=60 time=34.3s

-- episode 06 (env_id=6) --
[2026-08-10 10:08:52.478] [svulkan2] [warning] A second renderer will share the same internal context with the first one. Arguments passed to constructor will be ignored.
Control mode:  arm_pd_ee_target_delta_pose_align2_gripper_pd_joint_pos
instruction: stack the green block on the yellow block
result: FAIL grasped=False steps=60 time=34.6s

-- episode 07 (env_id=7) --
[2026-08-10 10:09:27.711] [svulkan2] [warning] A second renderer will share the same internal context with the first one. Arguments passed to constructor will be ignored.
Control mode:  arm_pd_ee_target_delta_pose_align2_gripper_pd_joint_pos
instruction: stack the green block on the yellow block
result: FAIL grasped=False steps=60 time=34.3s

-- episode 08 (env_id=8) --
[2026-08-10 10:10:02.673] [svulkan2] [warning] A second renderer will share the same internal context with the first one. Arguments passed to constructor will be ignored.
Control mode:  arm_pd_ee_target_delta_pose_align2_gripper_pd_joint_pos
instruction: stack the green block on the yellow block
result: SUCCESS grasped=True steps=42 time=24.0s

-- episode 09 (env_id=9) --
[2026-08-10 10:10:27.335] [svulkan2] [warning] A second renderer will share the same internal context with the first one. Arguments passed to constructor will be ignored.
Control mode:  arm_pd_ee_target_delta_pose_align2_gripper_pd_joint_pos
instruction: stack the green block on the yellow block
result: SUCCESS grasped=True steps=29 time=16.6s

-- episode 10 (env_id=10) --
[2026-08-10 10:10:44.539] [svulkan2] [warning] A second renderer will share the same internal context with the first one. Arguments passed to constructor will be ignored.
Control mode:  arm_pd_ee_target_delta_pose_align2_gripper_pd_joint_pos
instruction: stack the green block on the yellow block
result: FAIL grasped=False steps=60 time=34.3s

-- episode 11 (env_id=11) --
[2026-08-10 10:11:19.500] [svulkan2] [warning] A second renderer will share the same internal context with the first one. Arguments passed to constructor will be ignored.
Control mode:  arm_pd_ee_target_delta_pose_align2_gripper_pd_joint_pos
instruction: stack the green block on the yellow block
result: SUCCESS grasped=True steps=28 time=16.0s

-- episode 12 (env_id=12) --
[2026-08-10 10:11:36.173] [svulkan2] [warning] A second renderer will share the same internal context with the first one. Arguments passed to constructor will be ignored.
Control mode:  arm_pd_ee_target_delta_pose_align2_gripper_pd_joint_pos
instruction: stack the green block on the yellow block
result: FAIL grasped=False steps=60 time=34.3s

-- episode 13 (env_id=13) --
[2026-08-10 10:12:11.042] [svulkan2] [warning] A second renderer will share the same internal context with the first one. Arguments passed to constructor will be ignored.
Control mode:  arm_pd_ee_target_delta_pose_align2_gripper_pd_joint_pos
instruction: stack the green block on the yellow block
result: FAIL grasped=False steps=60 time=34.2s

-- episode 14 (env_id=14) --
[2026-08-10 10:12:45.881] [svulkan2] [warning] A second renderer will share the same internal context with the first one. Arguments passed to constructor will be ignored.
Control mode:  arm_pd_ee_target_delta_pose_align2_gripper_pd_joint_pos
instruction: stack the green block on the yellow block
result: FAIL grasped=False steps=60 time=34.2s

-- episode 15 (env_id=15) --
[2026-08-10 10:13:20.667] [svulkan2] [warning] A second renderer will share the same internal context with the first one. Arguments passed to constructor will be ignored.
Control mode:  arm_pd_ee_target_delta_pose_align2_gripper_pd_joint_pos
instruction: stack the green block on the yellow block
result: FAIL grasped=False steps=60 time=34.2s

-- episode 16 (env_id=16) --
[2026-08-10 10:13:55.513] [svulkan2] [warning] A second renderer will share the same internal context with the first one. Arguments passed to constructor will be ignored.
Control mode:  arm_pd_ee_target_delta_pose_align2_gripper_pd_joint_pos
instruction: stack the green block on the yellow block
result: FAIL grasped=False steps=60 time=34.2s

-- episode 17 (env_id=17) --
[2026-08-10 10:14:30.350] [svulkan2] [warning] A second renderer will share the same internal context with the first one. Arguments passed to constructor will be ignored.
Control mode:  arm_pd_ee_target_delta_pose_align2_gripper_pd_joint_pos
instruction: stack the green block on the yellow block
result: FAIL grasped=False steps=60 time=34.3s

-- episode 18 (env_id=18) --
[2026-08-10 10:15:05.234] [svulkan2] [warning] A second renderer will share the same internal context with the first one. Arguments passed to constructor will be ignored.
Control mode:  arm_pd_ee_target_delta_pose_align2_gripper_pd_joint_pos
instruction: stack the green block on the yellow block
result: FAIL grasped=False steps=60 time=34.1s

-- episode 19 (env_id=19) --
[2026-08-10 10:15:39.955] [svulkan2] [warning] A second renderer will share the same internal context with the first one. Arguments passed to constructor will be ignored.
Control mode:  arm_pd_ee_target_delta_pose_align2_gripper_pd_joint_pos
instruction: stack the green block on the yellow block
result: FAIL grasped=True steps=60 time=34.3s

-- episode 20 (env_id=20) --
[2026-08-10 10:16:14.827] [svulkan2] [warning] A second renderer will share the same internal context with the first one. Arguments passed to constructor will be ignored.
Control mode:  arm_pd_ee_target_delta_pose_align2_gripper_pd_joint_pos
instruction: stack the green block on the yellow block
result: FAIL grasped=True steps=60 time=34.3s

-- episode 21 (env_id=21) --
[2026-08-10 10:16:49.737] [svulkan2] [warning] A second renderer will share the same internal context with the first one. Arguments passed to constructor will be ignored.
Control mode:  arm_pd_ee_target_delta_pose_align2_gripper_pd_joint_pos
instruction: stack the green block on the yellow block
result: FAIL grasped=False steps=60 time=34.2s

-- episode 22 (env_id=22) --
[2026-08-10 10:17:24.517] [svulkan2] [warning] A second renderer will share the same internal context with the first one. Arguments passed to constructor will be ignored.
Control mode:  arm_pd_ee_target_delta_pose_align2_gripper_pd_joint_pos
instruction: stack the green block on the yellow block
result: FAIL grasped=False steps=60 time=34.3s

-- episode 23 (env_id=23) --
[2026-08-10 10:17:59.473] [svulkan2] [warning] A second renderer will share the same internal context with the first one. Arguments passed to constructor will be ignored.
Control mode:  arm_pd_ee_target_delta_pose_align2_gripper_pd_joint_pos
instruction: stack the green block on the yellow block
result: SUCCESS grasped=True steps=59 time=33.9s

==================================================
task:         widowx_stack_cube
model:        openvla_depth
setup:        widowx_bridge (unnorm=bridge_orig, sticky=1)
success_rate: 5/24 = 20.8%
grasp_rate:   7/24 = 29.2%
avg_steps:    56
avg_elapsed:  31.8s
model_ms_per_infer: 489.5ms  (pure model forward pass, CUDA-synced)
model_ms_per_env_step: 489.5ms  (amortized over executed actions)
depth: bypassed 2 of 32 layers [17, 23]
==================================================
saved: /content/BiVLA_full/results/openvla_bridge_0805/depth_prune2/widowx_stack_cube/results_widowx_stack_cube.json
