/content/venv310/lib/python3.10/site-packages/sapien/core/renderer_config.py:4: UserWarning: pkg_resources is deprecated as an API. See https://setuptools.pypa.io/en/latest/pkg_resources.html. The pkg_resources package is slated for removal as early as 2025-11-30. Refrain from using this package or pin to Setuptools<81.
  import pkg_resources
[load] model=openvla_foveated policy_setup=google_robot unnorm_key=(derived)
Using a slow image processor as `use_fast` is unset and a slow processor was saved with this model. `use_fast=True` will be the default behavior in v4.52, even if the model was saved with a slow processor. This will result in minor differences in outputs. You'll still be able to use a slow processor with `use_fast=False`.
Expected `transformers==4.40.1` and `tokenizers==0.19.1` but got `transformers==4.53.3` and `tokenizers==0.21.4`; there might be inference-time regressions due to dependency changes. If in doubt, pleaseuse the above versions.

Loading checkpoint shards:   0%|          | 0/3 [00:00<?, ?it/s]
Loading checkpoint shards:  33%|███▎      | 1/3 [00:00<00:00,  7.79it/s]
Loading checkpoint shards: 100%|██████████| 3/3 [00:00<00:00, 18.91it/s]
[ok] model loaded  unnorm_key=fractal20220817_data sticky_gripper=15

-- episode 00 (env_id=0) --
/content/venv310/lib/python3.10/site-packages/gymnasium/core.py:311: UserWarning: [33mWARN: env.get_language_instruction to get variables from other wrappers is deprecated and will be removed in v1.0, to get this variable you can do `env.unwrapped.get_language_instruction` for environment variables or `env.get_wrapper_attr('get_language_instruction')` that will search the reminding wrappers.[0m
  logger.warn(
instruction: pick coke can
/content/venv310/lib/python3.10/site-packages/gymnasium/core.py:311: UserWarning: [33mWARN: env.get_language_instruction to get variables from other wrappers is deprecated and will be removed in v1.0, to get this variable you can do `env.unwrapped.get_language_instruction` for environment variables or `env.get_wrapper_attr('get_language_instruction')` that will search the reminding wrappers.[0m
  logger.warn(
result: FAIL grasped=False steps=80 time=54.1s

-- episode 01 (env_id=1) --
[2026-08-07 01:57:34.842] [svulkan2] [warning] A second renderer will share the same internal context with the first one. Arguments passed to constructor will be ignored.
instruction: pick coke can
result: FAIL grasped=False steps=80 time=50.4s

-- episode 02 (env_id=2) --
[2026-08-07 01:58:26.129] [svulkan2] [warning] A second renderer will share the same internal context with the first one. Arguments passed to constructor will be ignored.
instruction: pick coke can
result: SUCCESS grasped=True steps=45 time=28.3s

-- episode 03 (env_id=3) --
[2026-08-07 01:58:55.408] [svulkan2] [warning] A second renderer will share the same internal context with the first one. Arguments passed to constructor will be ignored.
instruction: pick coke can
result: FAIL grasped=False steps=80 time=52.8s

-- episode 04 (env_id=4) --
[2026-08-07 01:59:49.219] [svulkan2] [warning] A second renderer will share the same internal context with the first one. Arguments passed to constructor will be ignored.
instruction: pick coke can
result: FAIL grasped=False steps=80 time=50.9s

-- episode 05 (env_id=5) --
[2026-08-07 02:00:41.098] [svulkan2] [warning] A second renderer will share the same internal context with the first one. Arguments passed to constructor will be ignored.
instruction: pick coke can
result: FAIL grasped=False steps=80 time=50.4s

-- episode 06 (env_id=6) --
[2026-08-07 02:01:32.525] [svulkan2] [warning] A second renderer will share the same internal context with the first one. Arguments passed to constructor will be ignored.
instruction: pick coke can
result: SUCCESS grasped=True steps=27 time=17.1s

-- episode 07 (env_id=7) --
[2026-08-07 02:01:50.549] [svulkan2] [warning] A second renderer will share the same internal context with the first one. Arguments passed to constructor will be ignored.
instruction: pick coke can
result: FAIL grasped=False steps=80 time=50.3s

-- episode 08 (env_id=8) --
[2026-08-07 02:02:41.828] [svulkan2] [warning] A second renderer will share the same internal context with the first one. Arguments passed to constructor will be ignored.
instruction: pick coke can
result: FAIL grasped=False steps=80 time=52.5s

-- episode 09 (env_id=9) --
[2026-08-07 02:03:35.235] [svulkan2] [warning] A second renderer will share the same internal context with the first one. Arguments passed to constructor will be ignored.
instruction: pick coke can
result: FAIL grasped=False steps=80 time=51.8s

-- episode 10 (env_id=10) --
[2026-08-07 02:04:27.961] [svulkan2] [warning] A second renderer will share the same internal context with the first one. Arguments passed to constructor will be ignored.
instruction: pick coke can
result: FAIL grasped=True steps=80 time=51.0s

-- episode 11 (env_id=11) --
[2026-08-07 02:05:19.815] [svulkan2] [warning] A second renderer will share the same internal context with the first one. Arguments passed to constructor will be ignored.
instruction: pick coke can
result: FAIL grasped=False steps=80 time=51.8s

-- episode 12 (env_id=12) --
[2026-08-07 02:06:12.448] [svulkan2] [warning] A second renderer will share the same internal context with the first one. Arguments passed to constructor will be ignored.
instruction: pick coke can
result: FAIL grasped=False steps=80 time=50.3s

-- episode 13 (env_id=13) --
[2026-08-07 02:07:03.686] [svulkan2] [warning] A second renderer will share the same internal context with the first one. Arguments passed to constructor will be ignored.
instruction: pick coke can
result: FAIL grasped=False steps=80 time=51.8s

-- episode 14 (env_id=14) --
[2026-08-07 02:07:56.431] [svulkan2] [warning] A second renderer will share the same internal context with the first one. Arguments passed to constructor will be ignored.
instruction: pick coke can
result: FAIL grasped=False steps=80 time=52.4s

-- episode 15 (env_id=15) --
[2026-08-07 02:08:49.722] [svulkan2] [warning] A second renderer will share the same internal context with the first one. Arguments passed to constructor will be ignored.
instruction: pick coke can
result: FAIL grasped=False steps=80 time=50.3s

-- episode 16 (env_id=16) --
[2026-08-07 02:09:40.915] [svulkan2] [warning] A second renderer will share the same internal context with the first one. Arguments passed to constructor will be ignored.
instruction: pick coke can
result: SUCCESS grasped=True steps=37 time=23.6s

-- episode 17 (env_id=17) --
[2026-08-07 02:10:05.432] [svulkan2] [warning] A second renderer will share the same internal context with the first one. Arguments passed to constructor will be ignored.
instruction: pick coke can
result: SUCCESS grasped=True steps=29 time=18.7s

-- episode 18 (env_id=18) --
[2026-08-07 02:10:25.039] [svulkan2] [warning] A second renderer will share the same internal context with the first one. Arguments passed to constructor will be ignored.
instruction: pick coke can
result: FAIL grasped=False steps=80 time=51.7s

-- episode 19 (env_id=19) --
[2026-08-07 02:11:17.611] [svulkan2] [warning] A second renderer will share the same internal context with the first one. Arguments passed to constructor will be ignored.
instruction: pick coke can
result: FAIL grasped=False steps=80 time=50.9s

-- episode 20 (env_id=20) --
[2026-08-07 02:12:09.381] [svulkan2] [warning] A second renderer will share the same internal context with the first one. Arguments passed to constructor will be ignored.
instruction: pick coke can
result: FAIL grasped=False steps=80 time=52.3s

-- episode 21 (env_id=21) --
[2026-08-07 02:13:02.638] [svulkan2] [warning] A second renderer will share the same internal context with the first one. Arguments passed to constructor will be ignored.
instruction: pick coke can
result: FAIL grasped=False steps=80 time=51.8s

-- episode 22 (env_id=22) --
[2026-08-07 02:13:55.367] [svulkan2] [warning] A second renderer will share the same internal context with the first one. Arguments passed to constructor will be ignored.
instruction: pick coke can
result: FAIL grasped=False steps=80 time=51.7s

-- episode 23 (env_id=23) --
[2026-08-07 02:14:47.926] [svulkan2] [warning] A second renderer will share the same internal context with the first one. Arguments passed to constructor will be ignored.
instruction: pick coke can
result: FAIL grasped=False steps=80 time=52.6s

-- episode 24 (env_id=24) --
[2026-08-07 02:15:41.457] [svulkan2] [warning] A second renderer will share the same internal context with the first one. Arguments passed to constructor will be ignored.
instruction: pick coke can
result: FAIL grasped=False steps=80 time=53.3s

==================================================
task:         google_robot_pick_vertical_coke_can
model:        openvla_foveated
setup:        google_robot (unnorm=fractal20220817_data, sticky=15)
success_rate: 4/25 = 16.0%
grasp_rate:   5/25 = 20.0%
avg_steps:    73
avg_elapsed:  46.9s
model_ms_per_infer: 506.5ms  (pure model forward pass, CUDA-synced)
model_ms_per_env_step: 506.5ms  (amortized over executed actions)
==================================================
saved: /content/BiVLA_full/results/openvla_fractal_0806_foveate/openvla_foveated/google_robot_pick_vertical_coke_can/results_google_robot_pick_vertical_coke_can.json
