/content/venv310/lib/python3.10/site-packages/sapien/core/renderer_config.py:4: UserWarning: pkg_resources is deprecated as an API. See https://setuptools.pypa.io/en/latest/pkg_resources.html. The pkg_resources package is slated for removal as early as 2025-11-30. Refrain from using this package or pin to Setuptools<81.
  import pkg_resources
[load] model=openvla_foveated policy_setup=google_robot unnorm_key=(derived)
Using a slow image processor as `use_fast` is unset and a slow processor was saved with this model. `use_fast=True` will be the default behavior in v4.52, even if the model was saved with a slow processor. This will result in minor differences in outputs. You'll still be able to use a slow processor with `use_fast=False`.
Expected `transformers==4.40.1` and `tokenizers==0.19.1` but got `transformers==4.53.3` and `tokenizers==0.21.4`; there might be inference-time regressions due to dependency changes. If in doubt, pleaseuse the above versions.

Loading checkpoint shards:   0%|          | 0/3 [00:00<?, ?it/s]
Loading checkpoint shards:  33%|███▎      | 1/3 [00:00<00:00,  7.12it/s]
Loading checkpoint shards: 100%|██████████| 3/3 [00:00<00:00, 17.51it/s]
[ok] model loaded  unnorm_key=fractal20220817_data sticky_gripper=15

-- episode 00 (env_id=0) --
/content/venv310/lib/python3.10/site-packages/gymnasium/envs/registration.py:513: DeprecationWarning: [33mWARN: The environment MoveNearGoogleBakedTexInScene-v0 is out of date. You should consider upgrading to version `v1`.[0m
  logger.deprecation(
/content/venv310/lib/python3.10/site-packages/gymnasium/core.py:311: UserWarning: [33mWARN: env.get_language_instruction to get variables from other wrappers is deprecated and will be removed in v1.0, to get this variable you can do `env.unwrapped.get_language_instruction` for environment variables or `env.get_wrapper_attr('get_language_instruction')` that will search the reminding wrappers.[0m
  logger.warn(
instruction: move blue plastic bottle near pepsi can
/content/venv310/lib/python3.10/site-packages/gymnasium/core.py:311: UserWarning: [33mWARN: env.get_language_instruction to get variables from other wrappers is deprecated and will be removed in v1.0, to get this variable you can do `env.unwrapped.get_language_instruction` for environment variables or `env.get_wrapper_attr('get_language_instruction')` that will search the reminding wrappers.[0m
  logger.warn(
result: FAIL grasped=False steps=80 time=52.2s

-- episode 01 (env_id=1) --
/content/venv310/lib/python3.10/site-packages/gymnasium/envs/registration.py:513: DeprecationWarning: [33mWARN: The environment MoveNearGoogleBakedTexInScene-v0 is out of date. You should consider upgrading to version `v1`.[0m
  logger.deprecation(
[2026-08-07 02:37:44.246] [svulkan2] [warning] A second renderer will share the same internal context with the first one. Arguments passed to constructor will be ignored.
instruction: move blue plastic bottle near orange
result: FAIL grasped=False steps=80 time=50.4s

-- episode 02 (env_id=2) --
[2026-08-07 02:38:35.671] [svulkan2] [warning] A second renderer will share the same internal context with the first one. Arguments passed to constructor will be ignored.
instruction: move pepsi can near blue plastic bottle
result: FAIL grasped=False steps=80 time=51.6s

-- episode 03 (env_id=3) --
[2026-08-07 02:39:28.295] [svulkan2] [warning] A second renderer will share the same internal context with the first one. Arguments passed to constructor will be ignored.
instruction: move pepsi can near orange
result: FAIL grasped=False steps=80 time=50.3s

-- episode 04 (env_id=4) --
[2026-08-07 02:40:19.758] [svulkan2] [warning] A second renderer will share the same internal context with the first one. Arguments passed to constructor will be ignored.
instruction: move orange near blue plastic bottle
result: FAIL grasped=False steps=80 time=51.6s

-- episode 05 (env_id=5) --
[2026-08-07 02:41:12.373] [svulkan2] [warning] A second renderer will share the same internal context with the first one. Arguments passed to constructor will be ignored.
instruction: move orange near pepsi can
result: FAIL grasped=False steps=80 time=51.6s

-- episode 06 (env_id=6) --
[2026-08-07 02:42:05.149] [svulkan2] [warning] A second renderer will share the same internal context with the first one. Arguments passed to constructor will be ignored.
instruction: move blue plastic bottle near pepsi can
result: FAIL grasped=False steps=80 time=51.6s

-- episode 07 (env_id=7) --
[2026-08-07 02:42:57.790] [svulkan2] [warning] A second renderer will share the same internal context with the first one. Arguments passed to constructor will be ignored.
instruction: move blue plastic bottle near orange
result: SUCCESS grasped=False steps=41 time=26.0s

-- episode 08 (env_id=8) --
[2026-08-07 02:43:24.766] [svulkan2] [warning] A second renderer will share the same internal context with the first one. Arguments passed to constructor will be ignored.
instruction: move pepsi can near blue plastic bottle
result: FAIL grasped=False steps=80 time=50.4s

-- episode 09 (env_id=9) --
[2026-08-07 02:44:16.208] [svulkan2] [warning] A second renderer will share the same internal context with the first one. Arguments passed to constructor will be ignored.
instruction: move pepsi can near orange
result: SUCCESS grasped=False steps=74 time=47.2s

-- episode 10 (env_id=10) --
[2026-08-07 02:45:04.470] [svulkan2] [warning] A second renderer will share the same internal context with the first one. Arguments passed to constructor will be ignored.
instruction: move orange near blue plastic bottle
result: SUCCESS grasped=False steps=31 time=19.6s

-- episode 11 (env_id=11) --
[2026-08-07 02:45:25.135] [svulkan2] [warning] A second renderer will share the same internal context with the first one. Arguments passed to constructor will be ignored.
instruction: move orange near pepsi can
result: SUCCESS grasped=False steps=26 time=16.5s

-- episode 12 (env_id=12) --
[2026-08-07 02:45:42.639] [svulkan2] [warning] A second renderer will share the same internal context with the first one. Arguments passed to constructor will be ignored.
instruction: move 7up can near apple
result: SUCCESS grasped=False steps=47 time=29.8s

-- episode 13 (env_id=13) --
[2026-08-07 02:46:13.468] [svulkan2] [warning] A second renderer will share the same internal context with the first one. Arguments passed to constructor will be ignored.
instruction: move 7up can near sponge
result: FAIL grasped=False steps=80 time=51.4s

-- episode 14 (env_id=14) --
[2026-08-07 02:47:05.920] [svulkan2] [warning] A second renderer will share the same internal context with the first one. Arguments passed to constructor will be ignored.
instruction: move apple near 7up can
result: FAIL grasped=False steps=80 time=50.3s

-- episode 15 (env_id=15) --
[2026-08-07 02:47:57.292] [svulkan2] [warning] A second renderer will share the same internal context with the first one. Arguments passed to constructor will be ignored.
instruction: move apple near sponge
result: FAIL grasped=False steps=80 time=50.2s

-- episode 16 (env_id=16) --
[2026-08-07 02:48:48.548] [svulkan2] [warning] A second renderer will share the same internal context with the first one. Arguments passed to constructor will be ignored.
instruction: move sponge near 7up can
result: FAIL grasped=False steps=80 time=50.9s

-- episode 17 (env_id=17) --
[2026-08-07 02:49:40.431] [svulkan2] [warning] A second renderer will share the same internal context with the first one. Arguments passed to constructor will be ignored.
instruction: move sponge near apple
result: FAIL grasped=False steps=80 time=50.6s

-- episode 18 (env_id=18) --
[2026-08-07 02:50:32.046] [svulkan2] [warning] A second renderer will share the same internal context with the first one. Arguments passed to constructor will be ignored.
instruction: move 7up can near apple
result: FAIL grasped=False steps=80 time=50.6s

-- episode 19 (env_id=19) --
[2026-08-07 02:51:23.623] [svulkan2] [warning] A second renderer will share the same internal context with the first one. Arguments passed to constructor will be ignored.
instruction: move 7up can near sponge
result: FAIL grasped=False steps=80 time=50.5s

-- episode 20 (env_id=20) --
[2026-08-07 02:52:15.192] [svulkan2] [warning] A second renderer will share the same internal context with the first one. Arguments passed to constructor will be ignored.
instruction: move apple near 7up can
result: FAIL grasped=False steps=80 time=50.4s

-- episode 21 (env_id=21) --
[2026-08-07 02:53:06.594] [svulkan2] [warning] A second renderer will share the same internal context with the first one. Arguments passed to constructor will be ignored.
instruction: move apple near sponge
result: FAIL grasped=False steps=80 time=50.3s

-- episode 22 (env_id=22) --
[2026-08-07 02:53:57.937] [svulkan2] [warning] A second renderer will share the same internal context with the first one. Arguments passed to constructor will be ignored.
instruction: move sponge near 7up can
result: FAIL grasped=False steps=80 time=50.5s

-- episode 23 (env_id=23) --
[2026-08-07 02:54:49.424] [svulkan2] [warning] A second renderer will share the same internal context with the first one. Arguments passed to constructor will be ignored.
instruction: move sponge near apple
result: FAIL grasped=False steps=80 time=51.2s

-- episode 24 (env_id=24) --
[2026-08-07 02:55:41.636] [svulkan2] [warning] A second renderer will share the same internal context with the first one. Arguments passed to constructor will be ignored.
instruction: move coke can near redbull can
result: FAIL grasped=False steps=80 time=51.1s

-- episode 25 (env_id=25) --
[2026-08-07 02:56:33.795] [svulkan2] [warning] A second renderer will share the same internal context with the first one. Arguments passed to constructor will be ignored.
instruction: move coke can near apple
result: FAIL grasped=False steps=80 time=50.6s

-- episode 26 (env_id=26) --
[2026-08-07 02:57:25.435] [svulkan2] [warning] A second renderer will share the same internal context with the first one. Arguments passed to constructor will be ignored.
instruction: move redbull can near coke can
result: FAIL grasped=False steps=80 time=51.1s

-- episode 27 (env_id=27) --
[2026-08-07 02:58:17.453] [svulkan2] [warning] A second renderer will share the same internal context with the first one. Arguments passed to constructor will be ignored.
instruction: move redbull can near apple
result: FAIL grasped=False steps=80 time=50.4s

-- episode 28 (env_id=28) --
[2026-08-07 02:59:08.859] [svulkan2] [warning] A second renderer will share the same internal context with the first one. Arguments passed to constructor will be ignored.
instruction: move apple near coke can
result: FAIL grasped=False steps=80 time=50.3s

-- episode 29 (env_id=29) --
[2026-08-07 03:00:00.123] [svulkan2] [warning] A second renderer will share the same internal context with the first one. Arguments passed to constructor will be ignored.
instruction: move apple near redbull can
result: FAIL grasped=False steps=80 time=50.3s

-- episode 30 (env_id=30) --
[2026-08-07 03:00:51.378] [svulkan2] [warning] A second renderer will share the same internal context with the first one. Arguments passed to constructor will be ignored.
instruction: move coke can near redbull can
result: FAIL grasped=False steps=80 time=50.4s

-- episode 31 (env_id=31) --
[2026-08-07 03:01:42.500] [svulkan2] [warning] A second renderer will share the same internal context with the first one. Arguments passed to constructor will be ignored.
instruction: move coke can near apple
result: FAIL grasped=False steps=80 time=50.5s

-- episode 32 (env_id=32) --
[2026-08-07 03:02:34.009] [svulkan2] [warning] A second renderer will share the same internal context with the first one. Arguments passed to constructor will be ignored.
instruction: move redbull can near coke can
result: SUCCESS grasped=False steps=17 time=10.9s

-- episode 33 (env_id=33) --
[2026-08-07 03:02:45.926] [svulkan2] [warning] A second renderer will share the same internal context with the first one. Arguments passed to constructor will be ignored.
instruction: move redbull can near apple
result: FAIL grasped=False steps=80 time=51.2s

-- episode 34 (env_id=34) --
[2026-08-07 03:03:38.194] [svulkan2] [warning] A second renderer will share the same internal context with the first one. Arguments passed to constructor will be ignored.
instruction: move apple near coke can
result: SUCCESS grasped=False steps=26 time=16.8s

-- episode 35 (env_id=35) --
[2026-08-07 03:03:55.736] [svulkan2] [warning] A second renderer will share the same internal context with the first one. Arguments passed to constructor will be ignored.
instruction: move apple near redbull can
result: SUCCESS grasped=False steps=17 time=10.9s

-- episode 36 (env_id=36) --
[2026-08-07 03:04:07.430] [svulkan2] [warning] A second renderer will share the same internal context with the first one. Arguments passed to constructor will be ignored.
instruction: move sponge near blue plastic bottle
result: FAIL grasped=False steps=80 time=50.3s

-- episode 37 (env_id=37) --
[2026-08-07 03:04:58.787] [svulkan2] [warning] A second renderer will share the same internal context with the first one. Arguments passed to constructor will be ignored.
instruction: move sponge near 7up can
result: FAIL grasped=False steps=80 time=50.3s

-- episode 38 (env_id=38) --
[2026-08-07 03:05:50.148] [svulkan2] [warning] A second renderer will share the same internal context with the first one. Arguments passed to constructor will be ignored.
instruction: move blue plastic bottle near sponge
result: SUCCESS grasped=False steps=26 time=16.5s

-- episode 39 (env_id=39) --
[2026-08-07 03:06:07.666] [svulkan2] [warning] A second renderer will share the same internal context with the first one. Arguments passed to constructor will be ignored.
instruction: move blue plastic bottle near 7up can
result: FAIL grasped=False steps=80 time=50.4s

-- episode 40 (env_id=40) --
[2026-08-07 03:06:59.127] [svulkan2] [warning] A second renderer will share the same internal context with the first one. Arguments passed to constructor will be ignored.
instruction: move 7up can near sponge
result: FAIL grasped=False steps=80 time=50.4s

-- episode 41 (env_id=41) --
[2026-08-07 03:07:50.505] [svulkan2] [warning] A second renderer will share the same internal context with the first one. Arguments passed to constructor will be ignored.
instruction: move 7up can near blue plastic bottle
result: FAIL grasped=False steps=80 time=50.5s

-- episode 42 (env_id=42) --
[2026-08-07 03:08:41.986] [svulkan2] [warning] A second renderer will share the same internal context with the first one. Arguments passed to constructor will be ignored.
instruction: move sponge near blue plastic bottle
result: FAIL grasped=False steps=80 time=52.0s

-- episode 43 (env_id=43) --
[2026-08-07 03:09:34.964] [svulkan2] [warning] A second renderer will share the same internal context with the first one. Arguments passed to constructor will be ignored.
instruction: move sponge near 7up can
result: FAIL grasped=False steps=80 time=51.4s

-- episode 44 (env_id=44) --
[2026-08-07 03:10:27.392] [svulkan2] [warning] A second renderer will share the same internal context with the first one. Arguments passed to constructor will be ignored.
instruction: move blue plastic bottle near sponge
result: SUCCESS grasped=False steps=39 time=24.6s

-- episode 45 (env_id=45) --
[2026-08-07 03:10:52.998] [svulkan2] [warning] A second renderer will share the same internal context with the first one. Arguments passed to constructor will be ignored.
instruction: move blue plastic bottle near 7up can
result: FAIL grasped=False steps=80 time=50.4s

-- episode 46 (env_id=46) --
[2026-08-07 03:11:44.388] [svulkan2] [warning] A second renderer will share the same internal context with the first one. Arguments passed to constructor will be ignored.
instruction: move 7up can near sponge
result: FAIL grasped=False steps=80 time=51.9s

-- episode 47 (env_id=47) --
[2026-08-07 03:12:37.260] [svulkan2] [warning] A second renderer will share the same internal context with the first one. Arguments passed to constructor will be ignored.
instruction: move 7up can near blue plastic bottle
result: SUCCESS grasped=False steps=11 time=7.0s

-- episode 48 (env_id=48) --
[2026-08-07 03:12:45.269] [svulkan2] [warning] A second renderer will share the same internal context with the first one. Arguments passed to constructor will be ignored.
instruction: move orange near pepsi can
result: FAIL grasped=False steps=80 time=50.7s

-- episode 49 (env_id=49) --
[2026-08-07 03:13:36.946] [svulkan2] [warning] A second renderer will share the same internal context with the first one. Arguments passed to constructor will be ignored.
instruction: move orange near redbull can
result: FAIL grasped=False steps=80 time=50.7s

-- episode 50 (env_id=50) --
[2026-08-07 03:14:28.667] [svulkan2] [warning] A second renderer will share the same internal context with the first one. Arguments passed to constructor will be ignored.
instruction: move pepsi can near orange
result: SUCCESS grasped=False steps=25 time=15.8s

-- episode 51 (env_id=51) --
[2026-08-07 03:14:45.466] [svulkan2] [warning] A second renderer will share the same internal context with the first one. Arguments passed to constructor will be ignored.
instruction: move pepsi can near redbull can
result: FAIL grasped=False steps=80 time=51.4s

-- episode 52 (env_id=52) --
[2026-08-07 03:15:37.840] [svulkan2] [warning] A second renderer will share the same internal context with the first one. Arguments passed to constructor will be ignored.
instruction: move redbull can near orange
result: FAIL grasped=False steps=80 time=51.1s

-- episode 53 (env_id=53) --
[2026-08-07 03:16:29.977] [svulkan2] [warning] A second renderer will share the same internal context with the first one. Arguments passed to constructor will be ignored.
instruction: move redbull can near pepsi can
result: FAIL grasped=False steps=80 time=51.4s

-- episode 54 (env_id=54) --
[2026-08-07 03:17:22.381] [svulkan2] [warning] A second renderer will share the same internal context with the first one. Arguments passed to constructor will be ignored.
instruction: move orange near pepsi can
result: FAIL grasped=False steps=80 time=50.2s

-- episode 55 (env_id=55) --
[2026-08-07 03:18:13.625] [svulkan2] [warning] A second renderer will share the same internal context with the first one. Arguments passed to constructor will be ignored.
instruction: move orange near redbull can
result: FAIL grasped=False steps=80 time=50.6s

-- episode 56 (env_id=56) --
[2026-08-07 03:19:05.217] [svulkan2] [warning] A second renderer will share the same internal context with the first one. Arguments passed to constructor will be ignored.
instruction: move pepsi can near orange
result: FAIL grasped=False steps=80 time=51.3s

-- episode 57 (env_id=57) --
[2026-08-07 03:19:57.503] [svulkan2] [warning] A second renderer will share the same internal context with the first one. Arguments passed to constructor will be ignored.
instruction: move pepsi can near redbull can
result: FAIL grasped=False steps=80 time=50.7s

-- episode 58 (env_id=58) --
[2026-08-07 03:20:49.185] [svulkan2] [warning] A second renderer will share the same internal context with the first one. Arguments passed to constructor will be ignored.
instruction: move redbull can near orange
result: FAIL grasped=False steps=80 time=52.0s

-- episode 59 (env_id=59) --
[2026-08-07 03:21:42.153] [svulkan2] [warning] A second renderer will share the same internal context with the first one. Arguments passed to constructor will be ignored.
instruction: move redbull can near pepsi can
result: FAIL grasped=False steps=80 time=50.6s

==================================================
task:         google_robot_move_near_v0
model:        openvla_foveated
setup:        google_robot (unnorm=fractal20220817_data, sticky=15)
success_rate: 12/60 = 20.0%
grasp_rate:   n/a (this env does not report a grasp signal)
avg_steps:    70
avg_elapsed:  44.7s
model_ms_per_infer: 506.4ms  (pure model forward pass, CUDA-synced)
model_ms_per_env_step: 506.4ms  (amortized over executed actions)
==================================================
saved: /content/BiVLA_full/results/openvla_fractal_0806_foveate/openvla_foveated/google_robot_move_near_v0/results_google_robot_move_near_v0.json
