/content/venv310/lib/python3.10/site-packages/sapien/core/renderer_config.py:4: UserWarning: pkg_resources is deprecated as an API. See https://setuptools.pypa.io/en/latest/pkg_resources.html. The pkg_resources package is slated for removal as early as 2025-11-30. Refrain from using this package or pin to Setuptools<81.
  import pkg_resources
[load] model=openvla_depth policy_setup=google_robot unnorm_key=(derived)
Using a slow image processor as `use_fast` is unset and a slow processor was saved with this model. `use_fast=True` will be the default behavior in v4.52, even if the model was saved with a slow processor. This will result in minor differences in outputs. You'll still be able to use a slow processor with `use_fast=False`.
Expected `transformers==4.40.1` and `tokenizers==0.19.1` but got `transformers==4.53.3` and `tokenizers==0.21.4`; there might be inference-time regressions due to dependency changes. If in doubt, pleaseuse the above versions.

Loading checkpoint shards:   0%|          | 0/3 [00:00<?, ?it/s]
Loading checkpoint shards:  33%|███▎      | 1/3 [00:00<00:00,  7.91it/s]
Loading checkpoint shards: 100%|██████████| 3/3 [00:00<00:00, 19.18it/s]
[depth/openvla] static pruning ON: bypass 1 most-redundant layers; eligible 16..31 of 32
[ok] model loaded  unnorm_key=fractal20220817_data sticky_gripper=15

-- episode 00 (env_id=0) --
/content/venv310/lib/python3.10/site-packages/gymnasium/core.py:311: UserWarning: [33mWARN: env.get_language_instruction to get variables from other wrappers is deprecated and will be removed in v1.0, to get this variable you can do `env.unwrapped.get_language_instruction` for environment variables or `env.get_wrapper_attr('get_language_instruction')` that will search the reminding wrappers.[0m
  logger.warn(
instruction: pick coke can
[depth] calibrated: bypass=[23]
/content/venv310/lib/python3.10/site-packages/gymnasium/core.py:311: UserWarning: [33mWARN: env.get_language_instruction to get variables from other wrappers is deprecated and will be removed in v1.0, to get this variable you can do `env.unwrapped.get_language_instruction` for environment variables or `env.get_wrapper_attr('get_language_instruction')` that will search the reminding wrappers.[0m
  logger.warn(
result: FAIL grasped=True steps=80 time=51.4s

-- episode 01 (env_id=1) --
[2026-08-07 07:40:46.689] [svulkan2] [warning] A second renderer will share the same internal context with the first one. Arguments passed to constructor will be ignored.
instruction: pick coke can
result: FAIL grasped=True steps=80 time=51.4s

-- episode 02 (env_id=2) --
[2026-08-07 07:41:38.981] [svulkan2] [warning] A second renderer will share the same internal context with the first one. Arguments passed to constructor will be ignored.
instruction: pick coke can
result: SUCCESS grasped=True steps=43 time=26.5s

-- episode 03 (env_id=3) --
[2026-08-07 07:42:06.438] [svulkan2] [warning] A second renderer will share the same internal context with the first one. Arguments passed to constructor will be ignored.
instruction: pick coke can
result: SUCCESS grasped=True steps=23 time=14.3s

-- episode 04 (env_id=4) --
[2026-08-07 07:42:21.782] [svulkan2] [warning] A second renderer will share the same internal context with the first one. Arguments passed to constructor will be ignored.
instruction: pick coke can
result: FAIL grasped=False steps=80 time=49.4s

-- episode 05 (env_id=5) --
[2026-08-07 07:43:12.121] [svulkan2] [warning] A second renderer will share the same internal context with the first one. Arguments passed to constructor will be ignored.
instruction: pick coke can
result: FAIL grasped=True steps=80 time=50.1s

-- episode 06 (env_id=6) --
[2026-08-07 07:44:03.321] [svulkan2] [warning] A second renderer will share the same internal context with the first one. Arguments passed to constructor will be ignored.
instruction: pick coke can
result: FAIL grasped=True steps=80 time=51.6s

-- episode 07 (env_id=7) --
[2026-08-07 07:44:55.834] [svulkan2] [warning] A second renderer will share the same internal context with the first one. Arguments passed to constructor will be ignored.
instruction: pick coke can
result: SUCCESS grasped=True steps=26 time=16.1s

-- episode 08 (env_id=8) --
[2026-08-07 07:45:12.904] [svulkan2] [warning] A second renderer will share the same internal context with the first one. Arguments passed to constructor will be ignored.
instruction: pick coke can
result: SUCCESS grasped=True steps=56 time=34.9s

-- episode 09 (env_id=9) --
[2026-08-07 07:45:48.695] [svulkan2] [warning] A second renderer will share the same internal context with the first one. Arguments passed to constructor will be ignored.
instruction: pick coke can
result: FAIL grasped=True steps=80 time=50.5s

-- episode 10 (env_id=10) --
[2026-08-07 07:46:40.112] [svulkan2] [warning] A second renderer will share the same internal context with the first one. Arguments passed to constructor will be ignored.
instruction: pick coke can
result: FAIL grasped=False steps=80 time=51.4s

-- episode 11 (env_id=11) --
[2026-08-07 07:47:32.384] [svulkan2] [warning] A second renderer will share the same internal context with the first one. Arguments passed to constructor will be ignored.
instruction: pick coke can
result: FAIL grasped=True steps=80 time=50.3s

-- episode 12 (env_id=12) --
[2026-08-07 07:48:23.618] [svulkan2] [warning] A second renderer will share the same internal context with the first one. Arguments passed to constructor will be ignored.
instruction: pick coke can
result: FAIL grasped=True steps=80 time=51.6s

-- episode 13 (env_id=13) --
[2026-08-07 07:49:16.109] [svulkan2] [warning] A second renderer will share the same internal context with the first one. Arguments passed to constructor will be ignored.
instruction: pick coke can
result: SUCCESS grasped=True steps=35 time=21.8s

-- episode 14 (env_id=14) --
[2026-08-07 07:49:38.849] [svulkan2] [warning] A second renderer will share the same internal context with the first one. Arguments passed to constructor will be ignored.
instruction: pick coke can
result: FAIL grasped=False steps=80 time=51.6s

-- episode 15 (env_id=15) --
[2026-08-07 07:50:31.406] [svulkan2] [warning] A second renderer will share the same internal context with the first one. Arguments passed to constructor will be ignored.
instruction: pick coke can
result: FAIL grasped=True steps=80 time=49.4s

-- episode 16 (env_id=16) --
[2026-08-07 07:51:21.765] [svulkan2] [warning] A second renderer will share the same internal context with the first one. Arguments passed to constructor will be ignored.
instruction: pick coke can
result: FAIL grasped=True steps=80 time=50.6s

-- episode 17 (env_id=17) --
[2026-08-07 07:52:13.235] [svulkan2] [warning] A second renderer will share the same internal context with the first one. Arguments passed to constructor will be ignored.
instruction: pick coke can
result: FAIL grasped=True steps=80 time=51.0s

-- episode 18 (env_id=18) --
[2026-08-07 07:53:05.160] [svulkan2] [warning] A second renderer will share the same internal context with the first one. Arguments passed to constructor will be ignored.
instruction: pick coke can
result: FAIL grasped=True steps=80 time=50.7s

-- episode 19 (env_id=19) --
[2026-08-07 07:53:56.829] [svulkan2] [warning] A second renderer will share the same internal context with the first one. Arguments passed to constructor will be ignored.
instruction: pick coke can
result: FAIL grasped=False steps=80 time=49.0s

-- episode 20 (env_id=20) --
[2026-08-07 07:54:46.693] [svulkan2] [warning] A second renderer will share the same internal context with the first one. Arguments passed to constructor will be ignored.
instruction: pick coke can
result: FAIL grasped=False steps=80 time=49.0s

-- episode 21 (env_id=21) --
[2026-08-07 07:55:36.636] [svulkan2] [warning] A second renderer will share the same internal context with the first one. Arguments passed to constructor will be ignored.
instruction: pick coke can
result: FAIL grasped=True steps=80 time=51.9s

-- episode 22 (env_id=22) --
[2026-08-07 07:56:29.371] [svulkan2] [warning] A second renderer will share the same internal context with the first one. Arguments passed to constructor will be ignored.
instruction: pick coke can
result: FAIL grasped=True steps=80 time=50.7s

-- episode 23 (env_id=23) --
[2026-08-07 07:57:20.967] [svulkan2] [warning] A second renderer will share the same internal context with the first one. Arguments passed to constructor will be ignored.
instruction: pick coke can
result: FAIL grasped=False steps=80 time=49.2s

-- episode 24 (env_id=24) --
[2026-08-07 07:58:11.122] [svulkan2] [warning] A second renderer will share the same internal context with the first one. Arguments passed to constructor will be ignored.
instruction: pick coke can
result: FAIL grasped=False steps=80 time=49.3s

==================================================
task:         google_robot_pick_horizontal_coke_can
model:        openvla_depth
setup:        google_robot (unnorm=fractal20220817_data, sticky=15)
success_rate: 5/25 = 20.0%
grasp_rate:   18/25 = 72.0%
avg_steps:    71
avg_elapsed:  45.0s
model_ms_per_infer: 496.3ms  (pure model forward pass, CUDA-synced)
model_ms_per_env_step: 496.3ms  (amortized over executed actions)
depth: bypassed 1 of 32 layers [23]
==================================================
saved: /content/BiVLA_full/results/openvla_fractal_0806_depth_prune1/openvla_depth/google_robot_pick_horizontal_coke_can/results_google_robot_pick_horizontal_coke_can.json
