/content/venv310/lib/python3.10/site-packages/sapien/core/renderer_config.py:4: UserWarning: pkg_resources is deprecated as an API. See https://setuptools.pypa.io/en/latest/pkg_resources.html. The pkg_resources package is slated for removal as early as 2025-11-30. Refrain from using this package or pin to Setuptools<81.
  import pkg_resources
[load] model=openvla_foveated policy_setup=widowx_bridge unnorm_key=(derived)
A new version of the following files was downloaded from https://huggingface.co/openvla/openvla-7b:
- processing_prismatic.py
. Make sure to double-check they do not contain any added malicious code. To avoid downloading new versions of the code file, you can pin a revision.
Using a slow image processor as `use_fast` is unset and a slow processor was saved with this model. `use_fast=True` will be the default behavior in v4.52, even if the model was saved with a slow processor. This will result in minor differences in outputs. You'll still be able to use a slow processor with `use_fast=False`.
A new version of the following files was downloaded from https://huggingface.co/openvla/openvla-7b:
- configuration_prismatic.py
. Make sure to double-check they do not contain any added malicious code. To avoid downloading new versions of the code file, you can pin a revision.
A new version of the following files was downloaded from https://huggingface.co/openvla/openvla-7b:
- modeling_prismatic.py
. Make sure to double-check they do not contain any added malicious code. To avoid downloading new versions of the code file, you can pin a revision.

Fetching 3 files:   0%|          | 0/3 [00:00<?, ?it/s]
Fetching 3 files:  33%|███▎      | 1/3 [00:11<00:23, 11.84s/it]
Fetching 3 files:  67%|██████▋   | 2/3 [00:38<00:19, 19.45s/it]
Fetching 3 files: 100%|██████████| 3/3 [00:42<00:00, 14.13s/it]
Fetching 3 files: 100%|██████████| 3/3 [00:42<00:00, 14.13s/it]
Expected `transformers==4.40.1` and `tokenizers==0.19.1` but got `transformers==4.53.3` and `tokenizers==0.21.4`; there might be inference-time regressions due to dependency changes. If in doubt, pleaseuse the above versions.

Loading checkpoint shards:   0%|          | 0/3 [00:00<?, ?it/s]
Loading checkpoint shards:  33%|███▎      | 1/3 [00:00<00:00,  7.66it/s]
Loading checkpoint shards:  67%|██████▋   | 2/3 [00:00<00:00,  4.68it/s]
Loading checkpoint shards: 100%|██████████| 3/3 [00:00<00:00,  7.37it/s]
[ok] model loaded  unnorm_key=bridge_orig sticky_gripper=1

-- episode 00 (env_id=0) --
/content/venv310/lib/python3.10/site-packages/gymnasium/core.py:311: UserWarning: [33mWARN: env.get_language_instruction to get variables from other wrappers is deprecated and will be removed in v1.0, to get this variable you can do `env.unwrapped.get_language_instruction` for environment variables or `env.get_wrapper_attr('get_language_instruction')` that will search the reminding wrappers.[0m
  logger.warn(
Control mode:  arm_pd_ee_target_delta_pose_align2_gripper_pd_joint_pos
instruction: put the spoon on the towel
/content/venv310/lib/python3.10/site-packages/gymnasium/core.py:311: UserWarning: [33mWARN: env.get_language_instruction to get variables from other wrappers is deprecated and will be removed in v1.0, to get this variable you can do `env.unwrapped.get_language_instruction` for environment variables or `env.get_wrapper_attr('get_language_instruction')` that will search the reminding wrappers.[0m
  logger.warn(
result: FAIL grasped=True steps=60 time=39.3s

-- episode 01 (env_id=1) --
[2026-08-11 00:36:37.556] [svulkan2] [warning] A second renderer will share the same internal context with the first one. Arguments passed to constructor will be ignored.
Control mode:  arm_pd_ee_target_delta_pose_align2_gripper_pd_joint_pos
instruction: put the spoon on the towel
result: FAIL grasped=False steps=60 time=35.6s

-- episode 02 (env_id=2) --
[2026-08-11 00:37:14.006] [svulkan2] [warning] A second renderer will share the same internal context with the first one. Arguments passed to constructor will be ignored.
Control mode:  arm_pd_ee_target_delta_pose_align2_gripper_pd_joint_pos
instruction: put the spoon on the towel
result: FAIL grasped=True steps=60 time=36.3s

-- episode 03 (env_id=3) --
[2026-08-11 00:37:51.128] [svulkan2] [warning] A second renderer will share the same internal context with the first one. Arguments passed to constructor will be ignored.
Control mode:  arm_pd_ee_target_delta_pose_align2_gripper_pd_joint_pos
instruction: put the spoon on the towel
result: FAIL grasped=False steps=60 time=36.3s

-- episode 04 (env_id=4) --
[2026-08-11 00:38:28.237] [svulkan2] [warning] A second renderer will share the same internal context with the first one. Arguments passed to constructor will be ignored.
Control mode:  arm_pd_ee_target_delta_pose_align2_gripper_pd_joint_pos
instruction: put the spoon on the towel
result: SUCCESS grasped=True steps=20 time=12.0s

-- episode 05 (env_id=5) --
[2026-08-11 00:38:41.123] [svulkan2] [warning] A second renderer will share the same internal context with the first one. Arguments passed to constructor will be ignored.
Control mode:  arm_pd_ee_target_delta_pose_align2_gripper_pd_joint_pos
instruction: put the spoon on the towel
result: FAIL grasped=False steps=60 time=35.9s

-- episode 06 (env_id=6) --
[2026-08-11 00:39:17.909] [svulkan2] [warning] A second renderer will share the same internal context with the first one. Arguments passed to constructor will be ignored.
Control mode:  arm_pd_ee_target_delta_pose_align2_gripper_pd_joint_pos
instruction: put the spoon on the towel
result: FAIL grasped=True steps=60 time=36.0s

-- episode 07 (env_id=7) --
[2026-08-11 00:39:54.719] [svulkan2] [warning] A second renderer will share the same internal context with the first one. Arguments passed to constructor will be ignored.
Control mode:  arm_pd_ee_target_delta_pose_align2_gripper_pd_joint_pos
instruction: put the spoon on the towel
result: FAIL grasped=False steps=60 time=35.8s

-- episode 08 (env_id=8) --
[2026-08-11 00:40:31.399] [svulkan2] [warning] A second renderer will share the same internal context with the first one. Arguments passed to constructor will be ignored.
Control mode:  arm_pd_ee_target_delta_pose_align2_gripper_pd_joint_pos
instruction: put the spoon on the towel
result: FAIL grasped=False steps=60 time=36.1s

-- episode 09 (env_id=9) --
[2026-08-11 00:41:08.302] [svulkan2] [warning] A second renderer will share the same internal context with the first one. Arguments passed to constructor will be ignored.
Control mode:  arm_pd_ee_target_delta_pose_align2_gripper_pd_joint_pos
instruction: put the spoon on the towel
result: SUCCESS grasped=True steps=56 time=33.7s

-- episode 10 (env_id=10) --
[2026-08-11 00:41:42.856] [svulkan2] [warning] A second renderer will share the same internal context with the first one. Arguments passed to constructor will be ignored.
Control mode:  arm_pd_ee_target_delta_pose_align2_gripper_pd_joint_pos
instruction: put the spoon on the towel
result: SUCCESS grasped=True steps=29 time=17.4s

-- episode 11 (env_id=11) --
[2026-08-11 00:42:01.135] [svulkan2] [warning] A second renderer will share the same internal context with the first one. Arguments passed to constructor will be ignored.
Control mode:  arm_pd_ee_target_delta_pose_align2_gripper_pd_joint_pos
instruction: put the spoon on the towel
result: FAIL grasped=False steps=60 time=36.0s

-- episode 12 (env_id=12) --
[2026-08-11 00:42:37.957] [svulkan2] [warning] A second renderer will share the same internal context with the first one. Arguments passed to constructor will be ignored.
Control mode:  arm_pd_ee_target_delta_pose_align2_gripper_pd_joint_pos
instruction: put the spoon on the towel
result: FAIL grasped=False steps=60 time=36.4s

-- episode 13 (env_id=13) --
[2026-08-11 00:43:15.201] [svulkan2] [warning] A second renderer will share the same internal context with the first one. Arguments passed to constructor will be ignored.
Control mode:  arm_pd_ee_target_delta_pose_align2_gripper_pd_joint_pos
instruction: put the spoon on the towel
result: FAIL grasped=False steps=60 time=35.9s

-- episode 14 (env_id=14) --
[2026-08-11 00:43:51.954] [svulkan2] [warning] A second renderer will share the same internal context with the first one. Arguments passed to constructor will be ignored.
Control mode:  arm_pd_ee_target_delta_pose_align2_gripper_pd_joint_pos
instruction: put the spoon on the towel
result: SUCCESS grasped=True steps=18 time=10.8s

-- episode 15 (env_id=15) --
[2026-08-11 00:44:03.615] [svulkan2] [warning] A second renderer will share the same internal context with the first one. Arguments passed to constructor will be ignored.
Control mode:  arm_pd_ee_target_delta_pose_align2_gripper_pd_joint_pos
instruction: put the spoon on the towel
result: FAIL grasped=False steps=60 time=36.0s

-- episode 16 (env_id=16) --
[2026-08-11 00:44:40.468] [svulkan2] [warning] A second renderer will share the same internal context with the first one. Arguments passed to constructor will be ignored.
Control mode:  arm_pd_ee_target_delta_pose_align2_gripper_pd_joint_pos
instruction: put the spoon on the towel
result: SUCCESS grasped=True steps=20 time=12.0s

-- episode 17 (env_id=17) --
[2026-08-11 00:44:53.299] [svulkan2] [warning] A second renderer will share the same internal context with the first one. Arguments passed to constructor will be ignored.
Control mode:  arm_pd_ee_target_delta_pose_align2_gripper_pd_joint_pos
instruction: put the spoon on the towel
result: FAIL grasped=True steps=60 time=36.3s

-- episode 18 (env_id=18) --
[2026-08-11 00:45:30.481] [svulkan2] [warning] A second renderer will share the same internal context with the first one. Arguments passed to constructor will be ignored.
Control mode:  arm_pd_ee_target_delta_pose_align2_gripper_pd_joint_pos
instruction: put the spoon on the towel
result: FAIL grasped=False steps=60 time=36.0s

-- episode 19 (env_id=19) --
[2026-08-11 00:46:07.357] [svulkan2] [warning] A second renderer will share the same internal context with the first one. Arguments passed to constructor will be ignored.
Control mode:  arm_pd_ee_target_delta_pose_align2_gripper_pd_joint_pos
instruction: put the spoon on the towel
result: FAIL grasped=False steps=60 time=36.2s

-- episode 20 (env_id=20) --
[2026-08-11 00:46:44.384] [svulkan2] [warning] A second renderer will share the same internal context with the first one. Arguments passed to constructor will be ignored.
Control mode:  arm_pd_ee_target_delta_pose_align2_gripper_pd_joint_pos
instruction: put the spoon on the towel
result: FAIL grasped=True steps=60 time=36.3s

-- episode 21 (env_id=21) --
[2026-08-11 00:47:21.515] [svulkan2] [warning] A second renderer will share the same internal context with the first one. Arguments passed to constructor will be ignored.
Control mode:  arm_pd_ee_target_delta_pose_align2_gripper_pd_joint_pos
instruction: put the spoon on the towel
result: SUCCESS grasped=True steps=30 time=18.2s

-- episode 22 (env_id=22) --
[2026-08-11 00:47:40.560] [svulkan2] [warning] A second renderer will share the same internal context with the first one. Arguments passed to constructor will be ignored.
Control mode:  arm_pd_ee_target_delta_pose_align2_gripper_pd_joint_pos
instruction: put the spoon on the towel
result: FAIL grasped=True steps=60 time=36.2s

-- episode 23 (env_id=23) --
[2026-08-11 00:48:17.621] [svulkan2] [warning] A second renderer will share the same internal context with the first one. Arguments passed to constructor will be ignored.
Control mode:  arm_pd_ee_target_delta_pose_align2_gripper_pd_joint_pos
instruction: put the spoon on the towel
result: FAIL grasped=True steps=60 time=36.1s

==================================================
task:         widowx_spoon_on_towel
model:        openvla_foveated
setup:        widowx_bridge (unnorm=bridge_orig, sticky=1)
success_rate: 6/24 = 25.0%
grasp_rate:   13/24 = 54.2%
avg_steps:    52
avg_elapsed:  31.5s
model_ms_per_infer: 513.7ms  (pure model forward pass, CUDA-synced)
model_ms_per_env_step: 513.7ms  (amortized over executed actions)
==================================================
saved: /content/BiVLA_full/results/openvla_bridge_foveate_sweep/keep10/widowx_spoon_on_towel/results_widowx_spoon_on_towel.json
