/content/venv310/lib/python3.10/site-packages/sapien/core/renderer_config.py:4: UserWarning: pkg_resources is deprecated as an API. See https://setuptools.pypa.io/en/latest/pkg_resources.html. The pkg_resources package is slated for removal as early as 2025-11-30. Refrain from using this package or pin to Setuptools<81.
  import pkg_resources
[load] model=openvla_foveated policy_setup=widowx_bridge unnorm_key=(derived)
Using a slow image processor as `use_fast` is unset and a slow processor was saved with this model. `use_fast=True` will be the default behavior in v4.52, even if the model was saved with a slow processor. This will result in minor differences in outputs. You'll still be able to use a slow processor with `use_fast=False`.
Expected `transformers==4.40.1` and `tokenizers==0.19.1` but got `transformers==4.53.3` and `tokenizers==0.21.4`; there might be inference-time regressions due to dependency changes. If in doubt, pleaseuse the above versions.

Loading checkpoint shards:   0%|          | 0/3 [00:00<?, ?it/s]
Loading checkpoint shards:  33%|███▎      | 1/3 [00:00<00:00,  7.42it/s]
Loading checkpoint shards: 100%|██████████| 3/3 [00:00<00:00, 18.01it/s]
[ok] model loaded  unnorm_key=bridge_orig sticky_gripper=1

-- episode 00 (env_id=0) --
/content/venv310/lib/python3.10/site-packages/gymnasium/core.py:311: UserWarning: [33mWARN: env.get_language_instruction to get variables from other wrappers is deprecated and will be removed in v1.0, to get this variable you can do `env.unwrapped.get_language_instruction` for environment variables or `env.get_wrapper_attr('get_language_instruction')` that will search the reminding wrappers.[0m
  logger.warn(
Control mode:  arm_pd_ee_target_delta_pose_align2_gripper_pd_joint_pos
instruction: stack the green block on the yellow block
/content/venv310/lib/python3.10/site-packages/gymnasium/core.py:311: UserWarning: [33mWARN: env.get_language_instruction to get variables from other wrappers is deprecated and will be removed in v1.0, to get this variable you can do `env.unwrapped.get_language_instruction` for environment variables or `env.get_wrapper_attr('get_language_instruction')` that will search the reminding wrappers.[0m
  logger.warn(
result: FAIL grasped=False steps=60 time=38.5s

-- episode 01 (env_id=1) --
[2026-08-10 14:57:38.366] [svulkan2] [warning] A second renderer will share the same internal context with the first one. Arguments passed to constructor will be ignored.
Control mode:  arm_pd_ee_target_delta_pose_align2_gripper_pd_joint_pos
instruction: stack the green block on the yellow block
result: FAIL grasped=False steps=60 time=36.5s

-- episode 02 (env_id=2) --
[2026-08-10 14:58:15.524] [svulkan2] [warning] A second renderer will share the same internal context with the first one. Arguments passed to constructor will be ignored.
Control mode:  arm_pd_ee_target_delta_pose_align2_gripper_pd_joint_pos
instruction: stack the green block on the yellow block
result: FAIL grasped=False steps=60 time=36.4s

-- episode 03 (env_id=3) --
[2026-08-10 14:58:52.518] [svulkan2] [warning] A second renderer will share the same internal context with the first one. Arguments passed to constructor will be ignored.
Control mode:  arm_pd_ee_target_delta_pose_align2_gripper_pd_joint_pos
instruction: stack the green block on the yellow block
result: FAIL grasped=True steps=60 time=36.9s

-- episode 04 (env_id=4) --
[2026-08-10 14:59:30.018] [svulkan2] [warning] A second renderer will share the same internal context with the first one. Arguments passed to constructor will be ignored.
Control mode:  arm_pd_ee_target_delta_pose_align2_gripper_pd_joint_pos
instruction: stack the green block on the yellow block
result: FAIL grasped=True steps=60 time=37.0s

-- episode 05 (env_id=5) --
[2026-08-10 15:00:07.658] [svulkan2] [warning] A second renderer will share the same internal context with the first one. Arguments passed to constructor will be ignored.
Control mode:  arm_pd_ee_target_delta_pose_align2_gripper_pd_joint_pos
instruction: stack the green block on the yellow block
result: FAIL grasped=True steps=60 time=36.9s

-- episode 06 (env_id=6) --
[2026-08-10 15:00:45.132] [svulkan2] [warning] A second renderer will share the same internal context with the first one. Arguments passed to constructor will be ignored.
Control mode:  arm_pd_ee_target_delta_pose_align2_gripper_pd_joint_pos
instruction: stack the green block on the yellow block
result: SUCCESS grasped=True steps=22 time=13.5s

-- episode 07 (env_id=7) --
[2026-08-10 15:00:59.209] [svulkan2] [warning] A second renderer will share the same internal context with the first one. Arguments passed to constructor will be ignored.
Control mode:  arm_pd_ee_target_delta_pose_align2_gripper_pd_joint_pos
instruction: stack the green block on the yellow block
result: FAIL grasped=True steps=60 time=36.8s

-- episode 08 (env_id=8) --
[2026-08-10 15:01:36.647] [svulkan2] [warning] A second renderer will share the same internal context with the first one. Arguments passed to constructor will be ignored.
Control mode:  arm_pd_ee_target_delta_pose_align2_gripper_pd_joint_pos
instruction: stack the green block on the yellow block
result: SUCCESS grasped=True steps=22 time=13.5s

-- episode 09 (env_id=9) --
[2026-08-10 15:01:50.736] [svulkan2] [warning] A second renderer will share the same internal context with the first one. Arguments passed to constructor will be ignored.
Control mode:  arm_pd_ee_target_delta_pose_align2_gripper_pd_joint_pos
instruction: stack the green block on the yellow block
result: FAIL grasped=True steps=60 time=36.8s

-- episode 10 (env_id=10) --
[2026-08-10 15:02:28.190] [svulkan2] [warning] A second renderer will share the same internal context with the first one. Arguments passed to constructor will be ignored.
Control mode:  arm_pd_ee_target_delta_pose_align2_gripper_pd_joint_pos
instruction: stack the green block on the yellow block
result: SUCCESS grasped=True steps=21 time=12.8s

-- episode 11 (env_id=11) --
[2026-08-10 15:02:41.653] [svulkan2] [warning] A second renderer will share the same internal context with the first one. Arguments passed to constructor will be ignored.
Control mode:  arm_pd_ee_target_delta_pose_align2_gripper_pd_joint_pos
instruction: stack the green block on the yellow block
result: SUCCESS grasped=True steps=14 time=8.6s

-- episode 12 (env_id=12) --
[2026-08-10 15:02:50.822] [svulkan2] [warning] A second renderer will share the same internal context with the first one. Arguments passed to constructor will be ignored.
Control mode:  arm_pd_ee_target_delta_pose_align2_gripper_pd_joint_pos
instruction: stack the green block on the yellow block
result: FAIL grasped=False steps=60 time=36.7s

-- episode 13 (env_id=13) --
[2026-08-10 15:03:28.113] [svulkan2] [warning] A second renderer will share the same internal context with the first one. Arguments passed to constructor will be ignored.
Control mode:  arm_pd_ee_target_delta_pose_align2_gripper_pd_joint_pos
instruction: stack the green block on the yellow block
result: FAIL grasped=False steps=60 time=36.5s

-- episode 14 (env_id=14) --
[2026-08-10 15:04:05.199] [svulkan2] [warning] A second renderer will share the same internal context with the first one. Arguments passed to constructor will be ignored.
Control mode:  arm_pd_ee_target_delta_pose_align2_gripper_pd_joint_pos
instruction: stack the green block on the yellow block
result: FAIL grasped=False steps=60 time=36.5s

-- episode 15 (env_id=15) --
[2026-08-10 15:04:42.284] [svulkan2] [warning] A second renderer will share the same internal context with the first one. Arguments passed to constructor will be ignored.
Control mode:  arm_pd_ee_target_delta_pose_align2_gripper_pd_joint_pos
instruction: stack the green block on the yellow block
result: FAIL grasped=False steps=60 time=36.5s

-- episode 16 (env_id=16) --
[2026-08-10 15:05:19.413] [svulkan2] [warning] A second renderer will share the same internal context with the first one. Arguments passed to constructor will be ignored.
Control mode:  arm_pd_ee_target_delta_pose_align2_gripper_pd_joint_pos
instruction: stack the green block on the yellow block
result: FAIL grasped=True steps=60 time=36.7s

-- episode 17 (env_id=17) --
[2026-08-10 15:05:56.760] [svulkan2] [warning] A second renderer will share the same internal context with the first one. Arguments passed to constructor will be ignored.
Control mode:  arm_pd_ee_target_delta_pose_align2_gripper_pd_joint_pos
instruction: stack the green block on the yellow block
result: FAIL grasped=True steps=60 time=36.7s

-- episode 18 (env_id=18) --
[2026-08-10 15:06:34.083] [svulkan2] [warning] A second renderer will share the same internal context with the first one. Arguments passed to constructor will be ignored.
Control mode:  arm_pd_ee_target_delta_pose_align2_gripper_pd_joint_pos
instruction: stack the green block on the yellow block
result: FAIL grasped=False steps=60 time=36.5s

-- episode 19 (env_id=19) --
[2026-08-10 15:07:11.195] [svulkan2] [warning] A second renderer will share the same internal context with the first one. Arguments passed to constructor will be ignored.
Control mode:  arm_pd_ee_target_delta_pose_align2_gripper_pd_joint_pos
instruction: stack the green block on the yellow block
result: FAIL grasped=False steps=60 time=36.5s

-- episode 20 (env_id=20) --
[2026-08-10 15:07:48.315] [svulkan2] [warning] A second renderer will share the same internal context with the first one. Arguments passed to constructor will be ignored.
Control mode:  arm_pd_ee_target_delta_pose_align2_gripper_pd_joint_pos
instruction: stack the green block on the yellow block
result: FAIL grasped=False steps=60 time=36.8s

-- episode 21 (env_id=21) --
[2026-08-10 15:08:25.685] [svulkan2] [warning] A second renderer will share the same internal context with the first one. Arguments passed to constructor will be ignored.
Control mode:  arm_pd_ee_target_delta_pose_align2_gripper_pd_joint_pos
instruction: stack the green block on the yellow block
result: SUCCESS grasped=True steps=39 time=23.8s

-- episode 22 (env_id=22) --
[2026-08-10 15:08:50.123] [svulkan2] [warning] A second renderer will share the same internal context with the first one. Arguments passed to constructor will be ignored.
Control mode:  arm_pd_ee_target_delta_pose_align2_gripper_pd_joint_pos
instruction: stack the green block on the yellow block
result: FAIL grasped=True steps=60 time=36.6s

-- episode 23 (env_id=23) --
[2026-08-10 15:09:27.299] [svulkan2] [warning] A second renderer will share the same internal context with the first one. Arguments passed to constructor will be ignored.
Control mode:  arm_pd_ee_target_delta_pose_align2_gripper_pd_joint_pos
instruction: stack the green block on the yellow block
result: SUCCESS grasped=True steps=40 time=24.4s

==================================================
task:         widowx_stack_cube
model:        openvla_foveated
setup:        widowx_bridge (unnorm=bridge_orig, sticky=1)
success_rate: 6/24 = 25.0%
grasp_rate:   14/24 = 58.3%
avg_steps:    52
avg_elapsed:  31.6s
model_ms_per_infer: 522.3ms  (pure model forward pass, CUDA-synced)
model_ms_per_env_step: 522.3ms  (amortized over executed actions)
==================================================
saved: /content/BiVLA_full/results/openvla_bridge_foveate_sweep/keep10/widowx_stack_cube/results_widowx_stack_cube.json
