/content/venv310/lib/python3.10/site-packages/sapien/core/renderer_config.py:4: UserWarning: pkg_resources is deprecated as an API. See https://setuptools.pypa.io/en/latest/pkg_resources.html. The pkg_resources package is slated for removal as early as 2025-11-30. Refrain from using this package or pin to Setuptools<81.
  import pkg_resources
[load] model=openvla_foveated policy_setup=widowx_bridge unnorm_key=(derived)
A new version of the following files was downloaded from https://huggingface.co/openvla/openvla-7b:
- processing_prismatic.py
. Make sure to double-check they do not contain any added malicious code. To avoid downloading new versions of the code file, you can pin a revision.
Using a slow image processor as `use_fast` is unset and a slow processor was saved with this model. `use_fast=True` will be the default behavior in v4.52, even if the model was saved with a slow processor. This will result in minor differences in outputs. You'll still be able to use a slow processor with `use_fast=False`.
A new version of the following files was downloaded from https://huggingface.co/openvla/openvla-7b:
- configuration_prismatic.py
. Make sure to double-check they do not contain any added malicious code. To avoid downloading new versions of the code file, you can pin a revision.
A new version of the following files was downloaded from https://huggingface.co/openvla/openvla-7b:
- modeling_prismatic.py
. Make sure to double-check they do not contain any added malicious code. To avoid downloading new versions of the code file, you can pin a revision.

Fetching 3 files:   0%|          | 0/3 [00:00<?, ?it/s]
Fetching 3 files:  33%|███▎      | 1/3 [00:08<00:17,  8.69s/it]
Fetching 3 files:  67%|██████▋   | 2/3 [00:37<00:18, 18.63s/it]
Fetching 3 files: 100%|██████████| 3/3 [00:41<00:00, 13.71s/it]
Fetching 3 files: 100%|██████████| 3/3 [00:41<00:00, 13.71s/it]
Expected `transformers==4.40.1` and `tokenizers==0.19.1` but got `transformers==4.53.3` and `tokenizers==0.21.4`; there might be inference-time regressions due to dependency changes. If in doubt, pleaseuse the above versions.

Loading checkpoint shards:   0%|          | 0/3 [00:00<?, ?it/s]
Loading checkpoint shards:  33%|███▎      | 1/3 [00:00<00:00,  7.66it/s]
Loading checkpoint shards: 100%|██████████| 3/3 [00:00<00:00, 18.12it/s]
[ok] model loaded  unnorm_key=bridge_orig sticky_gripper=1

-- episode 00 (env_id=0) --
/content/venv310/lib/python3.10/site-packages/gymnasium/core.py:311: UserWarning: [33mWARN: env.get_language_instruction to get variables from other wrappers is deprecated and will be removed in v1.0, to get this variable you can do `env.unwrapped.get_language_instruction` for environment variables or `env.get_wrapper_attr('get_language_instruction')` that will search the reminding wrappers.[0m
  logger.warn(
Control mode:  arm_pd_ee_target_delta_pose_align2_gripper_pd_joint_pos
instruction: put eggplant into yellow basket
/content/venv310/lib/python3.10/site-packages/gymnasium/core.py:311: UserWarning: [33mWARN: env.get_language_instruction to get variables from other wrappers is deprecated and will be removed in v1.0, to get this variable you can do `env.unwrapped.get_language_instruction` for environment variables or `env.get_wrapper_attr('get_language_instruction')` that will search the reminding wrappers.[0m
  logger.warn(
result: FAIL grasped=True steps=120 time=78.2s

-- episode 01 (env_id=1) --
[2026-08-10 14:15:53.870] [svulkan2] [warning] A second renderer will share the same internal context with the first one. Arguments passed to constructor will be ignored.
Control mode:  arm_pd_ee_target_delta_pose_align2_gripper_pd_joint_pos
instruction: put eggplant into yellow basket
result: SUCCESS grasped=True steps=49 time=30.4s

-- episode 02 (env_id=2) --
[2026-08-10 14:16:25.357] [svulkan2] [warning] A second renderer will share the same internal context with the first one. Arguments passed to constructor will be ignored.
Control mode:  arm_pd_ee_target_delta_pose_align2_gripper_pd_joint_pos
instruction: put eggplant into yellow basket
result: FAIL grasped=False steps=120 time=75.7s

-- episode 03 (env_id=3) --
[2026-08-10 14:17:42.101] [svulkan2] [warning] A second renderer will share the same internal context with the first one. Arguments passed to constructor will be ignored.
Control mode:  arm_pd_ee_target_delta_pose_align2_gripper_pd_joint_pos
instruction: put eggplant into yellow basket
result: FAIL grasped=False steps=120 time=77.7s

-- episode 04 (env_id=4) --
[2026-08-10 14:19:00.849] [svulkan2] [warning] A second renderer will share the same internal context with the first one. Arguments passed to constructor will be ignored.
Control mode:  arm_pd_ee_target_delta_pose_align2_gripper_pd_joint_pos
instruction: put eggplant into yellow basket
result: FAIL grasped=False steps=120 time=76.4s

-- episode 05 (env_id=5) --
[2026-08-10 14:20:18.335] [svulkan2] [warning] A second renderer will share the same internal context with the first one. Arguments passed to constructor will be ignored.
Control mode:  arm_pd_ee_target_delta_pose_align2_gripper_pd_joint_pos
instruction: put eggplant into yellow basket
result: FAIL grasped=True steps=120 time=76.8s

-- episode 06 (env_id=6) --
[2026-08-10 14:21:36.147] [svulkan2] [warning] A second renderer will share the same internal context with the first one. Arguments passed to constructor will be ignored.
Control mode:  arm_pd_ee_target_delta_pose_align2_gripper_pd_joint_pos
instruction: put eggplant into yellow basket
result: SUCCESS grasped=True steps=41 time=25.5s

-- episode 07 (env_id=7) --
[2026-08-10 14:22:02.675] [svulkan2] [warning] A second renderer will share the same internal context with the first one. Arguments passed to constructor will be ignored.
Control mode:  arm_pd_ee_target_delta_pose_align2_gripper_pd_joint_pos
instruction: put eggplant into yellow basket
result: FAIL grasped=False steps=120 time=76.5s

-- episode 08 (env_id=8) --
[2026-08-10 14:23:20.255] [svulkan2] [warning] A second renderer will share the same internal context with the first one. Arguments passed to constructor will be ignored.
Control mode:  arm_pd_ee_target_delta_pose_align2_gripper_pd_joint_pos
instruction: put eggplant into yellow basket
result: FAIL grasped=False steps=120 time=76.0s

-- episode 09 (env_id=9) --
[2026-08-10 14:24:37.240] [svulkan2] [warning] A second renderer will share the same internal context with the first one. Arguments passed to constructor will be ignored.
Control mode:  arm_pd_ee_target_delta_pose_align2_gripper_pd_joint_pos
instruction: put eggplant into yellow basket
result: FAIL grasped=False steps=120 time=76.0s

-- episode 10 (env_id=10) --
[2026-08-10 14:25:54.281] [svulkan2] [warning] A second renderer will share the same internal context with the first one. Arguments passed to constructor will be ignored.
Control mode:  arm_pd_ee_target_delta_pose_align2_gripper_pd_joint_pos
instruction: put eggplant into yellow basket
result: FAIL grasped=False steps=120 time=76.6s

-- episode 11 (env_id=11) --
[2026-08-10 14:27:11.867] [svulkan2] [warning] A second renderer will share the same internal context with the first one. Arguments passed to constructor will be ignored.
Control mode:  arm_pd_ee_target_delta_pose_align2_gripper_pd_joint_pos
instruction: put eggplant into yellow basket
result: FAIL grasped=False steps=120 time=76.8s

-- episode 12 (env_id=12) --
[2026-08-10 14:28:29.661] [svulkan2] [warning] A second renderer will share the same internal context with the first one. Arguments passed to constructor will be ignored.
Control mode:  arm_pd_ee_target_delta_pose_align2_gripper_pd_joint_pos
instruction: put eggplant into yellow basket
result: FAIL grasped=True steps=120 time=75.3s

-- episode 13 (env_id=13) --
[2026-08-10 14:29:46.026] [svulkan2] [warning] A second renderer will share the same internal context with the first one. Arguments passed to constructor will be ignored.
Control mode:  arm_pd_ee_target_delta_pose_align2_gripper_pd_joint_pos
instruction: put eggplant into yellow basket
result: FAIL grasped=False steps=120 time=76.2s

-- episode 14 (env_id=14) --
[2026-08-10 14:31:03.236] [svulkan2] [warning] A second renderer will share the same internal context with the first one. Arguments passed to constructor will be ignored.
Control mode:  arm_pd_ee_target_delta_pose_align2_gripper_pd_joint_pos
instruction: put eggplant into yellow basket
result: FAIL grasped=True steps=120 time=74.0s

-- episode 15 (env_id=15) --
[2026-08-10 14:32:18.265] [svulkan2] [warning] A second renderer will share the same internal context with the first one. Arguments passed to constructor will be ignored.
Control mode:  arm_pd_ee_target_delta_pose_align2_gripper_pd_joint_pos
instruction: put eggplant into yellow basket
result: FAIL grasped=False steps=120 time=76.3s

-- episode 16 (env_id=16) --
[2026-08-10 14:33:35.613] [svulkan2] [warning] A second renderer will share the same internal context with the first one. Arguments passed to constructor will be ignored.
Control mode:  arm_pd_ee_target_delta_pose_align2_gripper_pd_joint_pos
instruction: put eggplant into yellow basket
result: FAIL grasped=False steps=120 time=76.7s

-- episode 17 (env_id=17) --
[2026-08-10 14:34:53.378] [svulkan2] [warning] A second renderer will share the same internal context with the first one. Arguments passed to constructor will be ignored.
Control mode:  arm_pd_ee_target_delta_pose_align2_gripper_pd_joint_pos
instruction: put eggplant into yellow basket
result: SUCCESS grasped=True steps=51 time=32.0s

-- episode 18 (env_id=18) --
[2026-08-10 14:35:26.395] [svulkan2] [warning] A second renderer will share the same internal context with the first one. Arguments passed to constructor will be ignored.
Control mode:  arm_pd_ee_target_delta_pose_align2_gripper_pd_joint_pos
instruction: put eggplant into yellow basket
result: SUCCESS grasped=True steps=27 time=16.7s

-- episode 19 (env_id=19) --
[2026-08-10 14:35:44.140] [svulkan2] [warning] A second renderer will share the same internal context with the first one. Arguments passed to constructor will be ignored.
Control mode:  arm_pd_ee_target_delta_pose_align2_gripper_pd_joint_pos
instruction: put eggplant into yellow basket
result: FAIL grasped=False steps=120 time=74.9s

-- episode 20 (env_id=20) --
[2026-08-10 14:37:00.074] [svulkan2] [warning] A second renderer will share the same internal context with the first one. Arguments passed to constructor will be ignored.
Control mode:  arm_pd_ee_target_delta_pose_align2_gripper_pd_joint_pos
instruction: put eggplant into yellow basket
result: FAIL grasped=False steps=120 time=76.6s

-- episode 21 (env_id=21) --
[2026-08-10 14:38:17.770] [svulkan2] [warning] A second renderer will share the same internal context with the first one. Arguments passed to constructor will be ignored.
Control mode:  arm_pd_ee_target_delta_pose_align2_gripper_pd_joint_pos
instruction: put eggplant into yellow basket
result: FAIL grasped=False steps=120 time=75.2s

-- episode 22 (env_id=22) --
[2026-08-10 14:39:34.055] [svulkan2] [warning] A second renderer will share the same internal context with the first one. Arguments passed to constructor will be ignored.
Control mode:  arm_pd_ee_target_delta_pose_align2_gripper_pd_joint_pos
instruction: put eggplant into yellow basket
result: FAIL grasped=False steps=120 time=77.5s

-- episode 23 (env_id=23) --
[2026-08-10 14:40:52.601] [svulkan2] [warning] A second renderer will share the same internal context with the first one. Arguments passed to constructor will be ignored.
Control mode:  arm_pd_ee_target_delta_pose_align2_gripper_pd_joint_pos
instruction: put eggplant into yellow basket
result: FAIL grasped=False steps=120 time=74.6s

==================================================
task:         widowx_put_eggplant_in_basket
model:        openvla_foveated
setup:        widowx_bridge (unnorm=bridge_orig, sticky=1)
success_rate: 4/24 = 16.7%
grasp_rate:   8/24 = 33.3%
avg_steps:    107
avg_elapsed:  67.9s
model_ms_per_infer: 519.6ms  (pure model forward pass, CUDA-synced)
model_ms_per_env_step: 519.6ms  (amortized over executed actions)
==================================================
saved: /content/BiVLA_full/results/openvla_bridge_foveate_sweep/keep10/widowx_put_eggplant_in_basket/results_widowx_put_eggplant_in_basket.json
