/content/venv310/lib/python3.10/site-packages/sapien/core/renderer_config.py:4: UserWarning: pkg_resources is deprecated as an API. See https://setuptools.pypa.io/en/latest/pkg_resources.html. The pkg_resources package is slated for removal as early as 2025-11-30. Refrain from using this package or pin to Setuptools<81.
  import pkg_resources
[load] model=openvla policy_setup=google_robot unnorm_key=(derived)
Using a slow image processor as `use_fast` is unset and a slow processor was saved with this model. `use_fast=True` will be the default behavior in v4.52, even if the model was saved with a slow processor. This will result in minor differences in outputs. You'll still be able to use a slow processor with `use_fast=False`.
Expected `transformers==4.40.1` and `tokenizers==0.19.1` but got `transformers==4.53.3` and `tokenizers==0.21.4`; there might be inference-time regressions due to dependency changes. If in doubt, pleaseuse the above versions.

Loading checkpoint shards:   0%|          | 0/3 [00:00<?, ?it/s]
Loading checkpoint shards:  33%|███▎      | 1/3 [00:00<00:00,  7.90it/s]
Loading checkpoint shards: 100%|██████████| 3/3 [00:00<00:00, 19.14it/s]
[ok] model loaded  unnorm_key=fractal20220817_data sticky_gripper=15

-- episode 00 (env_id=0) --
/content/venv310/lib/python3.10/site-packages/gymnasium/envs/registration.py:513: DeprecationWarning: [33mWARN: The environment MoveNearGoogleBakedTexInScene-v0 is out of date. You should consider upgrading to version `v1`.[0m
  logger.deprecation(
/content/venv310/lib/python3.10/site-packages/gymnasium/core.py:311: UserWarning: [33mWARN: env.get_language_instruction to get variables from other wrappers is deprecated and will be removed in v1.0, to get this variable you can do `env.unwrapped.get_language_instruction` for environment variables or `env.get_wrapper_attr('get_language_instruction')` that will search the reminding wrappers.[0m
  logger.warn(
instruction: move blue plastic bottle near pepsi can
/content/venv310/lib/python3.10/site-packages/gymnasium/core.py:311: UserWarning: [33mWARN: env.get_language_instruction to get variables from other wrappers is deprecated and will be removed in v1.0, to get this variable you can do `env.unwrapped.get_language_instruction` for environment variables or `env.get_wrapper_attr('get_language_instruction')` that will search the reminding wrappers.[0m
  logger.warn(
result: FAIL grasped=False steps=80 time=53.8s

-- episode 01 (env_id=1) --
/content/venv310/lib/python3.10/site-packages/gymnasium/envs/registration.py:513: DeprecationWarning: [33mWARN: The environment MoveNearGoogleBakedTexInScene-v0 is out of date. You should consider upgrading to version `v1`.[0m
  logger.deprecation(
[2026-08-06 13:50:58.693] [svulkan2] [warning] A second renderer will share the same internal context with the first one. Arguments passed to constructor will be ignored.
instruction: move blue plastic bottle near orange
result: FAIL grasped=False steps=80 time=51.7s

-- episode 02 (env_id=2) --
[2026-08-06 13:51:51.451] [svulkan2] [warning] A second renderer will share the same internal context with the first one. Arguments passed to constructor will be ignored.
instruction: move pepsi can near blue plastic bottle
result: SUCCESS grasped=False steps=29 time=18.7s

-- episode 03 (env_id=3) --
[2026-08-06 13:52:11.172] [svulkan2] [warning] A second renderer will share the same internal context with the first one. Arguments passed to constructor will be ignored.
instruction: move pepsi can near orange
result: SUCCESS grasped=False steps=24 time=15.4s

-- episode 04 (env_id=4) --
[2026-08-06 13:52:27.716] [svulkan2] [warning] A second renderer will share the same internal context with the first one. Arguments passed to constructor will be ignored.
instruction: move orange near blue plastic bottle
result: SUCCESS grasped=False steps=34 time=21.8s

-- episode 05 (env_id=5) --
[2026-08-06 13:52:50.499] [svulkan2] [warning] A second renderer will share the same internal context with the first one. Arguments passed to constructor will be ignored.
instruction: move orange near pepsi can
result: SUCCESS grasped=False steps=27 time=17.2s

-- episode 06 (env_id=6) --
[2026-08-06 13:53:08.835] [svulkan2] [warning] A second renderer will share the same internal context with the first one. Arguments passed to constructor will be ignored.
instruction: move blue plastic bottle near pepsi can
result: FAIL grasped=False steps=80 time=50.6s

-- episode 07 (env_id=7) --
[2026-08-06 13:54:00.476] [svulkan2] [warning] A second renderer will share the same internal context with the first one. Arguments passed to constructor will be ignored.
instruction: move blue plastic bottle near orange
result: FAIL grasped=False steps=80 time=51.2s

-- episode 08 (env_id=8) --
[2026-08-06 13:54:52.674] [svulkan2] [warning] A second renderer will share the same internal context with the first one. Arguments passed to constructor will be ignored.
instruction: move pepsi can near blue plastic bottle
result: FAIL grasped=False steps=80 time=50.6s

-- episode 09 (env_id=9) --
[2026-08-06 13:55:44.343] [svulkan2] [warning] A second renderer will share the same internal context with the first one. Arguments passed to constructor will be ignored.
instruction: move pepsi can near orange
result: SUCCESS grasped=False steps=32 time=20.4s

-- episode 10 (env_id=10) --
[2026-08-06 13:56:05.734] [svulkan2] [warning] A second renderer will share the same internal context with the first one. Arguments passed to constructor will be ignored.
instruction: move orange near blue plastic bottle
result: SUCCESS grasped=False steps=63 time=41.5s

-- episode 11 (env_id=11) --
[2026-08-06 13:56:48.270] [svulkan2] [warning] A second renderer will share the same internal context with the first one. Arguments passed to constructor will be ignored.
instruction: move orange near pepsi can
result: SUCCESS grasped=False steps=16 time=10.2s

-- episode 12 (env_id=12) --
[2026-08-06 13:56:59.537] [svulkan2] [warning] A second renderer will share the same internal context with the first one. Arguments passed to constructor will be ignored.
instruction: move 7up can near apple
result: FAIL grasped=False steps=80 time=50.7s

-- episode 13 (env_id=13) --
[2026-08-06 13:57:51.335] [svulkan2] [warning] A second renderer will share the same internal context with the first one. Arguments passed to constructor will be ignored.
instruction: move 7up can near sponge
result: FAIL grasped=False steps=80 time=50.5s

-- episode 14 (env_id=14) --
[2026-08-06 13:58:42.902] [svulkan2] [warning] A second renderer will share the same internal context with the first one. Arguments passed to constructor will be ignored.
instruction: move apple near 7up can
result: SUCCESS grasped=False steps=28 time=17.9s

-- episode 15 (env_id=15) --
[2026-08-06 13:59:01.830] [svulkan2] [warning] A second renderer will share the same internal context with the first one. Arguments passed to constructor will be ignored.
instruction: move apple near sponge
result: SUCCESS grasped=False steps=24 time=15.5s

-- episode 16 (env_id=16) --
[2026-08-06 13:59:18.392] [svulkan2] [warning] A second renderer will share the same internal context with the first one. Arguments passed to constructor will be ignored.
instruction: move sponge near 7up can
result: SUCCESS grasped=False steps=30 time=19.1s

-- episode 17 (env_id=17) --
[2026-08-06 13:59:38.517] [svulkan2] [warning] A second renderer will share the same internal context with the first one. Arguments passed to constructor will be ignored.
instruction: move sponge near apple
result: FAIL grasped=False steps=80 time=51.2s

-- episode 18 (env_id=18) --
[2026-08-06 14:00:30.777] [svulkan2] [warning] A second renderer will share the same internal context with the first one. Arguments passed to constructor will be ignored.
instruction: move 7up can near apple
result: FAIL grasped=False steps=80 time=50.5s

-- episode 19 (env_id=19) --
[2026-08-06 14:01:22.291] [svulkan2] [warning] A second renderer will share the same internal context with the first one. Arguments passed to constructor will be ignored.
instruction: move 7up can near sponge
result: FAIL grasped=False steps=80 time=51.8s

-- episode 20 (env_id=20) --
[2026-08-06 14:02:15.160] [svulkan2] [warning] A second renderer will share the same internal context with the first one. Arguments passed to constructor will be ignored.
instruction: move apple near 7up can
result: SUCCESS grasped=False steps=32 time=20.5s

-- episode 21 (env_id=21) --
[2026-08-06 14:02:36.680] [svulkan2] [warning] A second renderer will share the same internal context with the first one. Arguments passed to constructor will be ignored.
instruction: move apple near sponge
result: SUCCESS grasped=False steps=26 time=16.6s

-- episode 22 (env_id=22) --
[2026-08-06 14:02:54.330] [svulkan2] [warning] A second renderer will share the same internal context with the first one. Arguments passed to constructor will be ignored.
instruction: move sponge near 7up can
result: SUCCESS grasped=False steps=46 time=30.0s

-- episode 23 (env_id=23) --
[2026-08-06 14:03:25.405] [svulkan2] [warning] A second renderer will share the same internal context with the first one. Arguments passed to constructor will be ignored.
instruction: move sponge near apple
result: SUCCESS grasped=False steps=26 time=16.7s

-- episode 24 (env_id=24) --
[2026-08-06 14:03:43.111] [svulkan2] [warning] A second renderer will share the same internal context with the first one. Arguments passed to constructor will be ignored.
instruction: move coke can near redbull can
result: SUCCESS grasped=False steps=59 time=37.8s

-- episode 25 (env_id=25) --
[2026-08-06 14:04:21.925] [svulkan2] [warning] A second renderer will share the same internal context with the first one. Arguments passed to constructor will be ignored.
instruction: move coke can near apple
result: FAIL grasped=False steps=80 time=51.3s

-- episode 26 (env_id=26) --
[2026-08-06 14:05:14.306] [svulkan2] [warning] A second renderer will share the same internal context with the first one. Arguments passed to constructor will be ignored.
instruction: move redbull can near coke can
result: SUCCESS grasped=False steps=28 time=17.8s

-- episode 27 (env_id=27) --
[2026-08-06 14:05:33.080] [svulkan2] [warning] A second renderer will share the same internal context with the first one. Arguments passed to constructor will be ignored.
instruction: move redbull can near apple
result: SUCCESS grasped=False steps=24 time=15.3s

-- episode 28 (env_id=28) --
[2026-08-06 14:05:49.447] [svulkan2] [warning] A second renderer will share the same internal context with the first one. Arguments passed to constructor will be ignored.
instruction: move apple near coke can
result: SUCCESS grasped=False steps=32 time=20.6s

-- episode 29 (env_id=29) --
[2026-08-06 14:06:10.963] [svulkan2] [warning] A second renderer will share the same internal context with the first one. Arguments passed to constructor will be ignored.
instruction: move apple near redbull can
result: SUCCESS grasped=False steps=26 time=16.6s

-- episode 30 (env_id=30) --
[2026-08-06 14:06:28.492] [svulkan2] [warning] A second renderer will share the same internal context with the first one. Arguments passed to constructor will be ignored.
instruction: move coke can near redbull can
result: SUCCESS grasped=False steps=43 time=27.5s

-- episode 31 (env_id=31) --
[2026-08-06 14:06:56.746] [svulkan2] [warning] A second renderer will share the same internal context with the first one. Arguments passed to constructor will be ignored.
instruction: move coke can near apple
result: SUCCESS grasped=False steps=61 time=38.7s

-- episode 32 (env_id=32) --
[2026-08-06 14:07:36.524] [svulkan2] [warning] A second renderer will share the same internal context with the first one. Arguments passed to constructor will be ignored.
instruction: move redbull can near coke can
result: SUCCESS grasped=False steps=29 time=18.4s

-- episode 33 (env_id=33) --
[2026-08-06 14:07:55.995] [svulkan2] [warning] A second renderer will share the same internal context with the first one. Arguments passed to constructor will be ignored.
instruction: move redbull can near apple
result: SUCCESS grasped=False steps=51 time=32.6s

-- episode 34 (env_id=34) --
[2026-08-06 14:08:29.604] [svulkan2] [warning] A second renderer will share the same internal context with the first one. Arguments passed to constructor will be ignored.
instruction: move apple near coke can
result: SUCCESS grasped=False steps=26 time=16.9s

-- episode 35 (env_id=35) --
[2026-08-06 14:08:47.306] [svulkan2] [warning] A second renderer will share the same internal context with the first one. Arguments passed to constructor will be ignored.
instruction: move apple near redbull can
result: SUCCESS grasped=False steps=18 time=11.6s

-- episode 36 (env_id=36) --
[2026-08-06 14:08:59.633] [svulkan2] [warning] A second renderer will share the same internal context with the first one. Arguments passed to constructor will be ignored.
instruction: move sponge near blue plastic bottle
result: FAIL grasped=False steps=80 time=51.8s

-- episode 37 (env_id=37) --
[2026-08-06 14:09:52.438] [svulkan2] [warning] A second renderer will share the same internal context with the first one. Arguments passed to constructor will be ignored.
instruction: move sponge near 7up can
result: FAIL grasped=False steps=80 time=50.9s

-- episode 38 (env_id=38) --
[2026-08-06 14:10:44.323] [svulkan2] [warning] A second renderer will share the same internal context with the first one. Arguments passed to constructor will be ignored.
instruction: move blue plastic bottle near sponge
result: SUCCESS grasped=False steps=22 time=14.0s

-- episode 39 (env_id=39) --
[2026-08-06 14:10:59.308] [svulkan2] [warning] A second renderer will share the same internal context with the first one. Arguments passed to constructor will be ignored.
instruction: move blue plastic bottle near 7up can
result: SUCCESS grasped=False steps=24 time=15.3s

-- episode 40 (env_id=40) --
[2026-08-06 14:11:15.626] [svulkan2] [warning] A second renderer will share the same internal context with the first one. Arguments passed to constructor will be ignored.
instruction: move 7up can near sponge
result: FAIL grasped=False steps=80 time=50.5s

-- episode 41 (env_id=41) --
[2026-08-06 14:12:07.126] [svulkan2] [warning] A second renderer will share the same internal context with the first one. Arguments passed to constructor will be ignored.
instruction: move 7up can near blue plastic bottle
result: SUCCESS grasped=False steps=53 time=33.9s

-- episode 42 (env_id=42) --
[2026-08-06 14:12:42.015] [svulkan2] [warning] A second renderer will share the same internal context with the first one. Arguments passed to constructor will be ignored.
instruction: move sponge near blue plastic bottle
result: FAIL grasped=False steps=80 time=50.6s

-- episode 43 (env_id=43) --
[2026-08-06 14:13:33.601] [svulkan2] [warning] A second renderer will share the same internal context with the first one. Arguments passed to constructor will be ignored.
instruction: move sponge near 7up can
result: FAIL grasped=False steps=80 time=50.5s

-- episode 44 (env_id=44) --
[2026-08-06 14:14:25.165] [svulkan2] [warning] A second renderer will share the same internal context with the first one. Arguments passed to constructor will be ignored.
instruction: move blue plastic bottle near sponge
result: FAIL grasped=False steps=80 time=50.8s

-- episode 45 (env_id=45) --
[2026-08-06 14:15:16.966] [svulkan2] [warning] A second renderer will share the same internal context with the first one. Arguments passed to constructor will be ignored.
instruction: move blue plastic bottle near 7up can
result: SUCCESS grasped=False steps=25 time=15.9s

-- episode 46 (env_id=46) --
[2026-08-06 14:15:33.846] [svulkan2] [warning] A second renderer will share the same internal context with the first one. Arguments passed to constructor will be ignored.
instruction: move 7up can near sponge
result: SUCCESS grasped=False steps=19 time=12.2s

-- episode 47 (env_id=47) --
[2026-08-06 14:15:47.057] [svulkan2] [warning] A second renderer will share the same internal context with the first one. Arguments passed to constructor will be ignored.
instruction: move 7up can near blue plastic bottle
result: SUCCESS grasped=False steps=15 time=9.6s

-- episode 48 (env_id=48) --
[2026-08-06 14:15:57.684] [svulkan2] [warning] A second renderer will share the same internal context with the first one. Arguments passed to constructor will be ignored.
instruction: move orange near pepsi can
result: FAIL grasped=False steps=80 time=52.2s

-- episode 49 (env_id=49) --
[2026-08-06 14:16:50.952] [svulkan2] [warning] A second renderer will share the same internal context with the first one. Arguments passed to constructor will be ignored.
instruction: move orange near redbull can
result: FAIL grasped=False steps=80 time=51.8s

-- episode 50 (env_id=50) --
[2026-08-06 14:17:43.809] [svulkan2] [warning] A second renderer will share the same internal context with the first one. Arguments passed to constructor will be ignored.
instruction: move pepsi can near orange
result: SUCCESS grasped=False steps=25 time=16.1s

-- episode 51 (env_id=51) --
[2026-08-06 14:18:00.972] [svulkan2] [warning] A second renderer will share the same internal context with the first one. Arguments passed to constructor will be ignored.
instruction: move pepsi can near redbull can
result: SUCCESS grasped=False steps=19 time=12.2s

-- episode 52 (env_id=52) --
[2026-08-06 14:18:14.183] [svulkan2] [warning] A second renderer will share the same internal context with the first one. Arguments passed to constructor will be ignored.
instruction: move redbull can near orange
result: SUCCESS grasped=False steps=24 time=15.3s

-- episode 53 (env_id=53) --
[2026-08-06 14:18:30.541] [svulkan2] [warning] A second renderer will share the same internal context with the first one. Arguments passed to constructor will be ignored.
instruction: move redbull can near pepsi can
result: FAIL grasped=False steps=80 time=51.8s

-- episode 54 (env_id=54) --
[2026-08-06 14:19:23.389] [svulkan2] [warning] A second renderer will share the same internal context with the first one. Arguments passed to constructor will be ignored.
instruction: move orange near pepsi can
result: FAIL grasped=False steps=80 time=51.9s

-- episode 55 (env_id=55) --
[2026-08-06 14:20:16.352] [svulkan2] [warning] A second renderer will share the same internal context with the first one. Arguments passed to constructor will be ignored.
instruction: move orange near redbull can
result: FAIL grasped=False steps=80 time=51.9s

-- episode 56 (env_id=56) --
[2026-08-06 14:21:09.295] [svulkan2] [warning] A second renderer will share the same internal context with the first one. Arguments passed to constructor will be ignored.
instruction: move pepsi can near orange
result: SUCCESS grasped=False steps=28 time=17.9s

-- episode 57 (env_id=57) --
[2026-08-06 14:21:28.202] [svulkan2] [warning] A second renderer will share the same internal context with the first one. Arguments passed to constructor will be ignored.
instruction: move pepsi can near redbull can
result: SUCCESS grasped=False steps=29 time=18.6s

-- episode 58 (env_id=58) --
[2026-08-06 14:21:47.839] [svulkan2] [warning] A second renderer will share the same internal context with the first one. Arguments passed to constructor will be ignored.
instruction: move redbull can near orange
result: FAIL grasped=False steps=80 time=51.5s

-- episode 59 (env_id=59) --
[2026-08-06 14:22:40.376] [svulkan2] [warning] A second renderer will share the same internal context with the first one. Arguments passed to constructor will be ignored.
instruction: move redbull can near pepsi can
result: SUCCESS grasped=False steps=18 time=11.5s

==================================================
task:         google_robot_move_near_v0
model:        openvla
setup:        google_robot (unnorm=fractal20220817_data, sticky=15)
success_rate: 37/60 = 61.7%
grasp_rate:   n/a (this env does not report a grasp signal)
avg_steps:    50
avg_elapsed:  31.8s
model_ms_per_infer: 516.1ms  (pure model forward pass, CUDA-synced)
model_ms_per_env_step: 516.1ms  (amortized over executed actions)
==================================================
saved: /content/BiVLA_full/results/openvla_fractal_0806_baseline/openvla/google_robot_move_near_v0/results_google_robot_move_near_v0.json
