/content/venv310/lib/python3.10/site-packages/sapien/core/renderer_config.py:4: UserWarning: pkg_resources is deprecated as an API. See https://setuptools.pypa.io/en/latest/pkg_resources.html. The pkg_resources package is slated for removal as early as 2025-11-30. Refrain from using this package or pin to Setuptools<81.
  import pkg_resources
[load] model=openvla policy_setup=google_robot unnorm_key=(derived)
Using a slow image processor as `use_fast` is unset and a slow processor was saved with this model. `use_fast=True` will be the default behavior in v4.52, even if the model was saved with a slow processor. This will result in minor differences in outputs. You'll still be able to use a slow processor with `use_fast=False`.
Expected `transformers==4.40.1` and `tokenizers==0.19.1` but got `transformers==4.53.3` and `tokenizers==0.21.4`; there might be inference-time regressions due to dependency changes. If in doubt, pleaseuse the above versions.

Loading checkpoint shards:   0%|          | 0/3 [00:00<?, ?it/s]
Loading checkpoint shards:  33%|███▎      | 1/3 [00:00<00:00,  7.86it/s]
Loading checkpoint shards: 100%|██████████| 3/3 [00:00<00:00, 19.03it/s]
[ok] model loaded  unnorm_key=fractal20220817_data sticky_gripper=15

-- episode 00 (env_id=0) --
/content/venv310/lib/python3.10/site-packages/gymnasium/core.py:311: UserWarning: [33mWARN: env.get_language_instruction to get variables from other wrappers is deprecated and will be removed in v1.0, to get this variable you can do `env.unwrapped.get_language_instruction` for environment variables or `env.get_wrapper_attr('get_language_instruction')` that will search the reminding wrappers.[0m
  logger.warn(
instruction: pick coke can
/content/venv310/lib/python3.10/site-packages/gymnasium/core.py:311: UserWarning: [33mWARN: env.get_language_instruction to get variables from other wrappers is deprecated and will be removed in v1.0, to get this variable you can do `env.unwrapped.get_language_instruction` for environment variables or `env.get_wrapper_attr('get_language_instruction')` that will search the reminding wrappers.[0m
  logger.warn(
result: FAIL grasped=True steps=80 time=53.0s

-- episode 01 (env_id=1) --
[2026-08-06 12:49:52.017] [svulkan2] [warning] A second renderer will share the same internal context with the first one. Arguments passed to constructor will be ignored.
instruction: pick coke can
result: FAIL grasped=True steps=80 time=51.8s

-- episode 02 (env_id=2) --
[2026-08-06 12:50:44.743] [svulkan2] [warning] A second renderer will share the same internal context with the first one. Arguments passed to constructor will be ignored.
instruction: pick coke can
result: SUCCESS grasped=True steps=30 time=19.2s

-- episode 03 (env_id=3) --
[2026-08-06 12:51:04.922] [svulkan2] [warning] A second renderer will share the same internal context with the first one. Arguments passed to constructor will be ignored.
instruction: pick coke can
result: SUCCESS grasped=True steps=32 time=20.8s

-- episode 04 (env_id=4) --
[2026-08-06 12:51:26.854] [svulkan2] [warning] A second renderer will share the same internal context with the first one. Arguments passed to constructor will be ignored.
instruction: pick coke can
result: FAIL grasped=True steps=80 time=52.3s

-- episode 05 (env_id=5) --
[2026-08-06 12:52:20.130] [svulkan2] [warning] A second renderer will share the same internal context with the first one. Arguments passed to constructor will be ignored.
instruction: pick coke can
result: FAIL grasped=True steps=80 time=51.6s

-- episode 06 (env_id=6) --
[2026-08-06 12:53:12.793] [svulkan2] [warning] A second renderer will share the same internal context with the first one. Arguments passed to constructor will be ignored.
instruction: pick coke can
result: FAIL grasped=True steps=80 time=51.9s

-- episode 07 (env_id=7) --
[2026-08-06 12:54:05.680] [svulkan2] [warning] A second renderer will share the same internal context with the first one. Arguments passed to constructor will be ignored.
instruction: pick coke can
result: SUCCESS grasped=True steps=40 time=25.5s

-- episode 08 (env_id=8) --
[2026-08-06 12:54:32.131] [svulkan2] [warning] A second renderer will share the same internal context with the first one. Arguments passed to constructor will be ignored.
instruction: pick coke can
result: SUCCESS grasped=True steps=59 time=37.8s

-- episode 09 (env_id=9) --
[2026-08-06 12:55:10.901] [svulkan2] [warning] A second renderer will share the same internal context with the first one. Arguments passed to constructor will be ignored.
instruction: pick coke can
result: FAIL grasped=False steps=80 time=52.8s

-- episode 10 (env_id=10) --
[2026-08-06 12:56:04.659] [svulkan2] [warning] A second renderer will share the same internal context with the first one. Arguments passed to constructor will be ignored.
instruction: pick coke can
result: FAIL grasped=False steps=80 time=52.7s

-- episode 11 (env_id=11) --
[2026-08-06 12:56:58.286] [svulkan2] [warning] A second renderer will share the same internal context with the first one. Arguments passed to constructor will be ignored.
instruction: pick coke can
result: FAIL grasped=True steps=80 time=52.1s

-- episode 12 (env_id=12) --
[2026-08-06 12:57:51.306] [svulkan2] [warning] A second renderer will share the same internal context with the first one. Arguments passed to constructor will be ignored.
instruction: pick coke can
result: FAIL grasped=True steps=80 time=51.8s

-- episode 13 (env_id=13) --
[2026-08-06 12:58:44.053] [svulkan2] [warning] A second renderer will share the same internal context with the first one. Arguments passed to constructor will be ignored.
instruction: pick coke can
result: SUCCESS grasped=True steps=64 time=41.7s

-- episode 14 (env_id=14) --
[2026-08-06 12:59:26.662] [svulkan2] [warning] A second renderer will share the same internal context with the first one. Arguments passed to constructor will be ignored.
instruction: pick coke can
result: FAIL grasped=True steps=80 time=51.7s

-- episode 15 (env_id=15) --
[2026-08-06 13:00:19.271] [svulkan2] [warning] A second renderer will share the same internal context with the first one. Arguments passed to constructor will be ignored.
instruction: pick coke can
result: FAIL grasped=False steps=80 time=50.6s

-- episode 16 (env_id=16) --
[2026-08-06 13:01:10.816] [svulkan2] [warning] A second renderer will share the same internal context with the first one. Arguments passed to constructor will be ignored.
instruction: pick coke can
result: SUCCESS grasped=False steps=34 time=21.9s

-- episode 17 (env_id=17) --
[2026-08-06 13:01:33.625] [svulkan2] [warning] A second renderer will share the same internal context with the first one. Arguments passed to constructor will be ignored.
instruction: pick coke can
result: FAIL grasped=True steps=80 time=51.0s

-- episode 18 (env_id=18) --
[2026-08-06 13:02:25.567] [svulkan2] [warning] A second renderer will share the same internal context with the first one. Arguments passed to constructor will be ignored.
instruction: pick coke can
result: FAIL grasped=True steps=80 time=52.3s

-- episode 19 (env_id=19) --
[2026-08-06 13:03:18.855] [svulkan2] [warning] A second renderer will share the same internal context with the first one. Arguments passed to constructor will be ignored.
instruction: pick coke can
result: FAIL grasped=False steps=80 time=50.4s

-- episode 20 (env_id=20) --
[2026-08-06 13:04:10.139] [svulkan2] [warning] A second renderer will share the same internal context with the first one. Arguments passed to constructor will be ignored.
instruction: pick coke can
result: FAIL grasped=False steps=80 time=50.4s

-- episode 21 (env_id=21) --
[2026-08-06 13:05:01.521] [svulkan2] [warning] A second renderer will share the same internal context with the first one. Arguments passed to constructor will be ignored.
instruction: pick coke can
result: FAIL grasped=False steps=80 time=53.2s

-- episode 22 (env_id=22) --
[2026-08-06 13:05:55.584] [svulkan2] [warning] A second renderer will share the same internal context with the first one. Arguments passed to constructor will be ignored.
instruction: pick coke can
result: FAIL grasped=True steps=80 time=52.3s

-- episode 23 (env_id=23) --
[2026-08-06 13:06:48.750] [svulkan2] [warning] A second renderer will share the same internal context with the first one. Arguments passed to constructor will be ignored.
instruction: pick coke can
result: SUCCESS grasped=True steps=67 time=43.1s

-- episode 24 (env_id=24) --
[2026-08-06 13:07:32.778] [svulkan2] [warning] A second renderer will share the same internal context with the first one. Arguments passed to constructor will be ignored.
instruction: pick coke can
result: FAIL grasped=False steps=80 time=50.5s

==================================================
task:         google_robot_pick_horizontal_coke_can
model:        openvla
setup:        google_robot (unnorm=fractal20220817_data, sticky=15)
success_rate: 7/25 = 28.0%
grasp_rate:   17/25 = 68.0%
avg_steps:    71
avg_elapsed:  45.7s
model_ms_per_infer: 514.4ms  (pure model forward pass, CUDA-synced)
model_ms_per_env_step: 514.4ms  (amortized over executed actions)
==================================================
saved: /content/BiVLA_full/results/openvla_fractal_0806_baseline/openvla/google_robot_pick_horizontal_coke_can/results_google_robot_pick_horizontal_coke_can.json
