/content/venv310/lib/python3.10/site-packages/sapien/core/renderer_config.py:4: UserWarning: pkg_resources is deprecated as an API. See https://setuptools.pypa.io/en/latest/pkg_resources.html. The pkg_resources package is slated for removal as early as 2025-11-30. Refrain from using this package or pin to Setuptools<81.
  import pkg_resources
[load] model=openvla_chunk policy_setup=google_robot unnorm_key=(derived)
Using a slow image processor as `use_fast` is unset and a slow processor was saved with this model. `use_fast=True` will be the default behavior in v4.52, even if the model was saved with a slow processor. This will result in minor differences in outputs. You'll still be able to use a slow processor with `use_fast=False`.
Expected `transformers==4.40.1` and `tokenizers==0.19.1` but got `transformers==4.53.3` and `tokenizers==0.21.4`; there might be inference-time regressions due to dependency changes. If in doubt, pleaseuse the above versions.

Loading checkpoint shards:   0%|          | 0/3 [00:00<?, ?it/s]
Loading checkpoint shards:  33%|███▎      | 1/3 [00:00<00:00,  8.08it/s]
Loading checkpoint shards: 100%|██████████| 3/3 [00:00<00:00, 19.57it/s]
[ok] model loaded  unnorm_key=fractal20220817_data sticky_gripper=15

-- episode 00 (env_id=0) --
/content/venv310/lib/python3.10/site-packages/gymnasium/core.py:311: UserWarning: [33mWARN: env.get_language_instruction to get variables from other wrappers is deprecated and will be removed in v1.0, to get this variable you can do `env.unwrapped.get_language_instruction` for environment variables or `env.get_wrapper_attr('get_language_instruction')` that will search the reminding wrappers.[0m
  logger.warn(
instruction: pick coke can
/content/venv310/lib/python3.10/site-packages/gymnasium/core.py:311: UserWarning: [33mWARN: env.get_language_instruction to get variables from other wrappers is deprecated and will be removed in v1.0, to get this variable you can do `env.unwrapped.get_language_instruction` for environment variables or `env.get_wrapper_attr('get_language_instruction')` that will search the reminding wrappers.[0m
  logger.warn(
result: FAIL grasped=False steps=80 time=21.4s

-- episode 01 (env_id=1) --
[2026-08-07 01:05:14.271] [svulkan2] [warning] A second renderer will share the same internal context with the first one. Arguments passed to constructor will be ignored.
instruction: pick coke can
result: FAIL grasped=True steps=80 time=19.8s

-- episode 02 (env_id=2) --
[2026-08-07 01:05:35.027] [svulkan2] [warning] A second renderer will share the same internal context with the first one. Arguments passed to constructor will be ignored.
instruction: pick coke can
result: SUCCESS grasped=True steps=45 time=11.3s

-- episode 03 (env_id=3) --
[2026-08-07 01:05:47.228] [svulkan2] [warning] A second renderer will share the same internal context with the first one. Arguments passed to constructor will be ignored.
instruction: pick coke can
result: FAIL grasped=False steps=80 time=21.1s

-- episode 04 (env_id=4) --
[2026-08-07 01:06:09.449] [svulkan2] [warning] A second renderer will share the same internal context with the first one. Arguments passed to constructor will be ignored.
instruction: pick coke can
result: FAIL grasped=False steps=80 time=18.7s

-- episode 05 (env_id=5) --
[2026-08-07 01:06:29.111] [svulkan2] [warning] A second renderer will share the same internal context with the first one. Arguments passed to constructor will be ignored.
instruction: pick coke can
result: FAIL grasped=False steps=80 time=18.6s

-- episode 06 (env_id=6) --
[2026-08-07 01:06:48.768] [svulkan2] [warning] A second renderer will share the same internal context with the first one. Arguments passed to constructor will be ignored.
instruction: pick coke can
result: FAIL grasped=True steps=80 time=20.5s

-- episode 07 (env_id=7) --
[2026-08-07 01:07:10.234] [svulkan2] [warning] A second renderer will share the same internal context with the first one. Arguments passed to constructor will be ignored.
instruction: pick coke can
result: SUCCESS grasped=True steps=61 time=14.9s

-- episode 08 (env_id=8) --
[2026-08-07 01:07:26.077] [svulkan2] [warning] A second renderer will share the same internal context with the first one. Arguments passed to constructor will be ignored.
instruction: pick coke can
result: SUCCESS grasped=True steps=66 time=16.7s

-- episode 09 (env_id=9) --
[2026-08-07 01:07:43.688] [svulkan2] [warning] A second renderer will share the same internal context with the first one. Arguments passed to constructor will be ignored.
instruction: pick coke can
result: FAIL grasped=False steps=80 time=19.6s

-- episode 10 (env_id=10) --
[2026-08-07 01:08:04.188] [svulkan2] [warning] A second renderer will share the same internal context with the first one. Arguments passed to constructor will be ignored.
instruction: pick coke can
result: FAIL grasped=False steps=80 time=18.6s

-- episode 11 (env_id=11) --
[2026-08-07 01:08:23.675] [svulkan2] [warning] A second renderer will share the same internal context with the first one. Arguments passed to constructor will be ignored.
instruction: pick coke can
result: FAIL grasped=False steps=80 time=18.5s

-- episode 12 (env_id=12) --
[2026-08-07 01:08:43.097] [svulkan2] [warning] A second renderer will share the same internal context with the first one. Arguments passed to constructor will be ignored.
instruction: pick coke can
result: FAIL grasped=False steps=80 time=18.6s

-- episode 13 (env_id=13) --
[2026-08-07 01:09:02.632] [svulkan2] [warning] A second renderer will share the same internal context with the first one. Arguments passed to constructor will be ignored.
instruction: pick coke can
result: FAIL grasped=True steps=80 time=20.3s

-- episode 14 (env_id=14) --
[2026-08-07 01:09:23.866] [svulkan2] [warning] A second renderer will share the same internal context with the first one. Arguments passed to constructor will be ignored.
instruction: pick coke can
result: FAIL grasped=False steps=80 time=18.6s

-- episode 15 (env_id=15) --
[2026-08-07 01:09:43.404] [svulkan2] [warning] A second renderer will share the same internal context with the first one. Arguments passed to constructor will be ignored.
instruction: pick coke can
result: FAIL grasped=False steps=80 time=18.6s

-- episode 16 (env_id=16) --
[2026-08-07 01:10:02.951] [svulkan2] [warning] A second renderer will share the same internal context with the first one. Arguments passed to constructor will be ignored.
instruction: pick coke can
result: FAIL grasped=False steps=80 time=18.7s

-- episode 17 (env_id=17) --
[2026-08-07 01:10:22.487] [svulkan2] [warning] A second renderer will share the same internal context with the first one. Arguments passed to constructor will be ignored.
instruction: pick coke can
result: SUCCESS grasped=True steps=80 time=18.9s

-- episode 18 (env_id=18) --
[2026-08-07 01:10:42.324] [svulkan2] [warning] A second renderer will share the same internal context with the first one. Arguments passed to constructor will be ignored.
instruction: pick coke can
result: FAIL grasped=False steps=80 time=18.6s

-- episode 19 (env_id=19) --
[2026-08-07 01:11:01.833] [svulkan2] [warning] A second renderer will share the same internal context with the first one. Arguments passed to constructor will be ignored.
instruction: pick coke can
result: FAIL grasped=True steps=80 time=20.5s

-- episode 20 (env_id=20) --
[2026-08-07 01:11:23.224] [svulkan2] [warning] A second renderer will share the same internal context with the first one. Arguments passed to constructor will be ignored.
instruction: pick coke can
result: FAIL grasped=False steps=80 time=18.6s

-- episode 21 (env_id=21) --
[2026-08-07 01:11:42.734] [svulkan2] [warning] A second renderer will share the same internal context with the first one. Arguments passed to constructor will be ignored.
instruction: pick coke can
result: FAIL grasped=False steps=80 time=18.6s

-- episode 22 (env_id=22) --
[2026-08-07 01:12:02.255] [svulkan2] [warning] A second renderer will share the same internal context with the first one. Arguments passed to constructor will be ignored.
instruction: pick coke can
result: FAIL grasped=False steps=80 time=19.1s

-- episode 23 (env_id=23) --
[2026-08-07 01:12:22.247] [svulkan2] [warning] A second renderer will share the same internal context with the first one. Arguments passed to constructor will be ignored.
instruction: pick coke can
result: FAIL grasped=False steps=80 time=20.4s

-- episode 24 (env_id=24) --
[2026-08-07 01:12:43.530] [svulkan2] [warning] A second renderer will share the same internal context with the first one. Arguments passed to constructor will be ignored.
instruction: pick coke can
result: FAIL grasped=False steps=80 time=20.2s

==================================================
task:         google_robot_pick_vertical_coke_can
model:        openvla_chunk
setup:        google_robot (unnorm=fractal20220817_data, sticky=15)
success_rate: 4/25 = 16.0%
grasp_rate:   8/25 = 32.0%
avg_steps:    77
avg_elapsed:  18.8s
model_ms_per_infer: 504.8ms  (pure model forward pass, CUDA-synced)
model_ms_per_env_step: 126.9ms  (amortized over executed actions)
action-repeat: each prediction executed for 4 env steps
==================================================
saved: /content/BiVLA_full/results/openvla_fractal_0806_action_repeat4/openvla_chunk/google_robot_pick_vertical_coke_can/results_google_robot_pick_vertical_coke_can.json
