/content/venv310/lib/python3.10/site-packages/sapien/core/renderer_config.py:4: UserWarning: pkg_resources is deprecated as an API. See https://setuptools.pypa.io/en/latest/pkg_resources.html. The pkg_resources package is slated for removal as early as 2025-11-30. Refrain from using this package or pin to Setuptools<81.
  import pkg_resources
[load] model=openvla_chunk policy_setup=google_robot unnorm_key=(derived)
Using a slow image processor as `use_fast` is unset and a slow processor was saved with this model. `use_fast=True` will be the default behavior in v4.52, even if the model was saved with a slow processor. This will result in minor differences in outputs. You'll still be able to use a slow processor with `use_fast=False`.
Expected `transformers==4.40.1` and `tokenizers==0.19.1` but got `transformers==4.53.3` and `tokenizers==0.21.4`; there might be inference-time regressions due to dependency changes. If in doubt, pleaseuse the above versions.

Loading checkpoint shards:   0%|          | 0/3 [00:00<?, ?it/s]
Loading checkpoint shards:  33%|███▎      | 1/3 [00:00<00:00,  7.91it/s]
Loading checkpoint shards: 100%|██████████| 3/3 [00:00<00:00, 19.19it/s]
[ok] model loaded  unnorm_key=fractal20220817_data sticky_gripper=15

-- episode 00 (env_id=0) --
/content/venv310/lib/python3.10/site-packages/gymnasium/core.py:311: UserWarning: [33mWARN: env.get_language_instruction to get variables from other wrappers is deprecated and will be removed in v1.0, to get this variable you can do `env.unwrapped.get_language_instruction` for environment variables or `env.get_wrapper_attr('get_language_instruction')` that will search the reminding wrappers.[0m
  logger.warn(
instruction: pick coke can
/content/venv310/lib/python3.10/site-packages/gymnasium/core.py:311: UserWarning: [33mWARN: env.get_language_instruction to get variables from other wrappers is deprecated and will be removed in v1.0, to get this variable you can do `env.unwrapped.get_language_instruction` for environment variables or `env.get_wrapper_attr('get_language_instruction')` that will search the reminding wrappers.[0m
  logger.warn(
result: FAIL grasped=True steps=80 time=21.7s

-- episode 01 (env_id=1) --
[2026-08-07 00:57:14.329] [svulkan2] [warning] A second renderer will share the same internal context with the first one. Arguments passed to constructor will be ignored.
instruction: pick coke can
result: FAIL grasped=False steps=80 time=20.7s

-- episode 02 (env_id=2) --
[2026-08-07 00:57:35.972] [svulkan2] [warning] A second renderer will share the same internal context with the first one. Arguments passed to constructor will be ignored.
instruction: pick coke can
result: FAIL grasped=True steps=80 time=20.2s

-- episode 03 (env_id=3) --
[2026-08-07 00:57:57.164] [svulkan2] [warning] A second renderer will share the same internal context with the first one. Arguments passed to constructor will be ignored.
instruction: pick coke can
result: FAIL grasped=True steps=80 time=20.6s

-- episode 04 (env_id=4) --
[2026-08-07 00:58:18.817] [svulkan2] [warning] A second renderer will share the same internal context with the first one. Arguments passed to constructor will be ignored.
instruction: pick coke can
result: SUCCESS grasped=True steps=36 time=8.9s

-- episode 05 (env_id=5) --
[2026-08-07 00:58:28.829] [svulkan2] [warning] A second renderer will share the same internal context with the first one. Arguments passed to constructor will be ignored.
instruction: pick coke can
result: FAIL grasped=False steps=80 time=18.8s

-- episode 06 (env_id=6) --
[2026-08-07 00:58:48.709] [svulkan2] [warning] A second renderer will share the same internal context with the first one. Arguments passed to constructor will be ignored.
instruction: pick coke can
result: FAIL grasped=False steps=80 time=20.6s

-- episode 07 (env_id=7) --
[2026-08-07 00:59:10.281] [svulkan2] [warning] A second renderer will share the same internal context with the first one. Arguments passed to constructor will be ignored.
instruction: pick coke can
result: FAIL grasped=True steps=80 time=19.8s

-- episode 08 (env_id=8) --
[2026-08-07 00:59:30.984] [svulkan2] [warning] A second renderer will share the same internal context with the first one. Arguments passed to constructor will be ignored.
instruction: pick coke can
result: FAIL grasped=False steps=80 time=18.7s

-- episode 09 (env_id=9) --
[2026-08-07 00:59:50.663] [svulkan2] [warning] A second renderer will share the same internal context with the first one. Arguments passed to constructor will be ignored.
instruction: pick coke can
result: SUCCESS grasped=True steps=36 time=8.8s

-- episode 10 (env_id=10) --
[2026-08-07 01:00:00.397] [svulkan2] [warning] A second renderer will share the same internal context with the first one. Arguments passed to constructor will be ignored.
instruction: pick coke can
result: FAIL grasped=True steps=80 time=19.6s

-- episode 11 (env_id=11) --
[2026-08-07 01:00:20.907] [svulkan2] [warning] A second renderer will share the same internal context with the first one. Arguments passed to constructor will be ignored.
instruction: pick coke can
result: SUCCESS grasped=True steps=76 time=19.1s

-- episode 12 (env_id=12) --
[2026-08-07 01:00:40.888] [svulkan2] [warning] A second renderer will share the same internal context with the first one. Arguments passed to constructor will be ignored.
instruction: pick coke can
result: FAIL grasped=True steps=80 time=20.0s

-- episode 13 (env_id=13) --
[2026-08-07 01:01:01.846] [svulkan2] [warning] A second renderer will share the same internal context with the first one. Arguments passed to constructor will be ignored.
instruction: pick coke can
result: SUCCESS grasped=True steps=30 time=7.5s

-- episode 14 (env_id=14) --
[2026-08-07 01:01:10.272] [svulkan2] [warning] A second renderer will share the same internal context with the first one. Arguments passed to constructor will be ignored.
instruction: pick coke can
result: FAIL grasped=False steps=80 time=19.2s

-- episode 15 (env_id=15) --
[2026-08-07 01:01:30.374] [svulkan2] [warning] A second renderer will share the same internal context with the first one. Arguments passed to constructor will be ignored.
instruction: pick coke can
result: FAIL grasped=False steps=80 time=18.7s

-- episode 16 (env_id=16) --
[2026-08-07 01:01:50.027] [svulkan2] [warning] A second renderer will share the same internal context with the first one. Arguments passed to constructor will be ignored.
instruction: pick coke can
result: SUCCESS grasped=True steps=63 time=15.8s

-- episode 17 (env_id=17) --
[2026-08-07 01:02:06.685] [svulkan2] [warning] A second renderer will share the same internal context with the first one. Arguments passed to constructor will be ignored.
instruction: pick coke can
result: FAIL grasped=False steps=80 time=18.8s

-- episode 18 (env_id=18) --
[2026-08-07 01:02:26.373] [svulkan2] [warning] A second renderer will share the same internal context with the first one. Arguments passed to constructor will be ignored.
instruction: pick coke can
result: SUCCESS grasped=True steps=19 time=4.8s

-- episode 19 (env_id=19) --
[2026-08-07 01:02:32.144] [svulkan2] [warning] A second renderer will share the same internal context with the first one. Arguments passed to constructor will be ignored.
instruction: pick coke can
result: FAIL grasped=False steps=80 time=18.7s

-- episode 20 (env_id=20) --
[2026-08-07 01:02:51.704] [svulkan2] [warning] A second renderer will share the same internal context with the first one. Arguments passed to constructor will be ignored.
instruction: pick coke can
result: FAIL grasped=False steps=80 time=18.8s

-- episode 21 (env_id=21) --
[2026-08-07 01:03:11.407] [svulkan2] [warning] A second renderer will share the same internal context with the first one. Arguments passed to constructor will be ignored.
instruction: pick coke can
result: FAIL grasped=False steps=80 time=18.8s

-- episode 22 (env_id=22) --
[2026-08-07 01:03:31.069] [svulkan2] [warning] A second renderer will share the same internal context with the first one. Arguments passed to constructor will be ignored.
instruction: pick coke can
result: FAIL grasped=False steps=80 time=20.6s

-- episode 23 (env_id=23) --
[2026-08-07 01:03:52.538] [svulkan2] [warning] A second renderer will share the same internal context with the first one. Arguments passed to constructor will be ignored.
instruction: pick coke can
result: FAIL grasped=False steps=80 time=19.2s

-- episode 24 (env_id=24) --
[2026-08-07 01:04:12.732] [svulkan2] [warning] A second renderer will share the same internal context with the first one. Arguments passed to constructor will be ignored.
instruction: pick coke can
result: FAIL grasped=False steps=80 time=19.4s

==================================================
task:         google_robot_pick_horizontal_coke_can
model:        openvla_chunk
setup:        google_robot (unnorm=fractal20220817_data, sticky=15)
success_rate: 6/25 = 24.0%
grasp_rate:   12/25 = 48.0%
avg_steps:    71
avg_elapsed:  17.5s
model_ms_per_infer: 506.2ms  (pure model forward pass, CUDA-synced)
model_ms_per_env_step: 127.2ms  (amortized over executed actions)
action-repeat: each prediction executed for 4 env steps
==================================================
saved: /content/BiVLA_full/results/openvla_fractal_0806_action_repeat4/openvla_chunk/google_robot_pick_horizontal_coke_can/results_google_robot_pick_horizontal_coke_can.json
