/content/venv310/lib/python3.10/site-packages/sapien/core/renderer_config.py:4: UserWarning: pkg_resources is deprecated as an API. See https://setuptools.pypa.io/en/latest/pkg_resources.html. The pkg_resources package is slated for removal as early as 2025-11-30. Refrain from using this package or pin to Setuptools<81.
  import pkg_resources
[load] model=openvla_chunk policy_setup=google_robot unnorm_key=(derived)
Using a slow image processor as `use_fast` is unset and a slow processor was saved with this model. `use_fast=True` will be the default behavior in v4.52, even if the model was saved with a slow processor. This will result in minor differences in outputs. You'll still be able to use a slow processor with `use_fast=False`.
Expected `transformers==4.40.1` and `tokenizers==0.19.1` but got `transformers==4.53.3` and `tokenizers==0.21.4`; there might be inference-time regressions due to dependency changes. If in doubt, pleaseuse the above versions.

Loading checkpoint shards:   0%|          | 0/3 [00:00<?, ?it/s]
Loading checkpoint shards:  33%|███▎      | 1/3 [00:00<00:00,  7.92it/s]
Loading checkpoint shards: 100%|██████████| 3/3 [00:00<00:00, 19.20it/s]
[ok] model loaded  unnorm_key=fractal20220817_data sticky_gripper=15

-- episode 00 (env_id=0) --
/content/venv310/lib/python3.10/site-packages/gymnasium/envs/registration.py:513: DeprecationWarning: [33mWARN: The environment MoveNearGoogleBakedTexInScene-v0 is out of date. You should consider upgrading to version `v1`.[0m
  logger.deprecation(
/content/venv310/lib/python3.10/site-packages/gymnasium/core.py:311: UserWarning: [33mWARN: env.get_language_instruction to get variables from other wrappers is deprecated and will be removed in v1.0, to get this variable you can do `env.unwrapped.get_language_instruction` for environment variables or `env.get_wrapper_attr('get_language_instruction')` that will search the reminding wrappers.[0m
  logger.warn(
instruction: move blue plastic bottle near pepsi can
/content/venv310/lib/python3.10/site-packages/gymnasium/core.py:311: UserWarning: [33mWARN: env.get_language_instruction to get variables from other wrappers is deprecated and will be removed in v1.0, to get this variable you can do `env.unwrapped.get_language_instruction` for environment variables or `env.get_wrapper_attr('get_language_instruction')` that will search the reminding wrappers.[0m
  logger.warn(
result: FAIL grasped=False steps=80 time=21.1s

-- episode 01 (env_id=1) --
/content/venv310/lib/python3.10/site-packages/gymnasium/envs/registration.py:513: DeprecationWarning: [33mWARN: The environment MoveNearGoogleBakedTexInScene-v0 is out of date. You should consider upgrading to version `v1`.[0m
  logger.deprecation(
[2026-08-07 01:21:19.746] [svulkan2] [warning] A second renderer will share the same internal context with the first one. Arguments passed to constructor will be ignored.
instruction: move blue plastic bottle near orange
result: FAIL grasped=False steps=80 time=18.5s

-- episode 02 (env_id=2) --
[2026-08-07 01:21:39.342] [svulkan2] [warning] A second renderer will share the same internal context with the first one. Arguments passed to constructor will be ignored.
instruction: move pepsi can near blue plastic bottle
result: SUCCESS grasped=False steps=24 time=5.7s

-- episode 03 (env_id=3) --
[2026-08-07 01:21:46.103] [svulkan2] [warning] A second renderer will share the same internal context with the first one. Arguments passed to constructor will be ignored.
instruction: move pepsi can near orange
result: SUCCESS grasped=False steps=29 time=7.3s

-- episode 04 (env_id=4) --
[2026-08-07 01:21:54.526] [svulkan2] [warning] A second renderer will share the same internal context with the first one. Arguments passed to constructor will be ignored.
instruction: move orange near blue plastic bottle
result: SUCCESS grasped=False steps=43 time=10.4s

-- episode 05 (env_id=5) --
[2026-08-07 01:22:05.937] [svulkan2] [warning] A second renderer will share the same internal context with the first one. Arguments passed to constructor will be ignored.
instruction: move orange near pepsi can
result: SUCCESS grasped=False steps=30 time=7.6s

-- episode 06 (env_id=6) --
[2026-08-07 01:22:14.830] [svulkan2] [warning] A second renderer will share the same internal context with the first one. Arguments passed to constructor will be ignored.
instruction: move blue plastic bottle near pepsi can
result: FAIL grasped=False steps=80 time=18.8s

-- episode 07 (env_id=7) --
[2026-08-07 01:22:34.619] [svulkan2] [warning] A second renderer will share the same internal context with the first one. Arguments passed to constructor will be ignored.
instruction: move blue plastic bottle near orange
result: SUCCESS grasped=False steps=47 time=11.4s

-- episode 08 (env_id=8) --
[2026-08-07 01:22:47.014] [svulkan2] [warning] A second renderer will share the same internal context with the first one. Arguments passed to constructor will be ignored.
instruction: move pepsi can near blue plastic bottle
result: FAIL grasped=False steps=80 time=18.5s

-- episode 09 (env_id=9) --
[2026-08-07 01:23:06.570] [svulkan2] [warning] A second renderer will share the same internal context with the first one. Arguments passed to constructor will be ignored.
instruction: move pepsi can near orange
result: SUCCESS grasped=False steps=33 time=8.2s

-- episode 10 (env_id=10) --
[2026-08-07 01:23:15.831] [svulkan2] [warning] A second renderer will share the same internal context with the first one. Arguments passed to constructor will be ignored.
instruction: move orange near blue plastic bottle
result: SUCCESS grasped=False steps=44 time=10.8s

-- episode 11 (env_id=11) --
[2026-08-07 01:23:27.656] [svulkan2] [warning] A second renderer will share the same internal context with the first one. Arguments passed to constructor will be ignored.
instruction: move orange near pepsi can
result: SUCCESS grasped=False steps=15 time=3.7s

-- episode 12 (env_id=12) --
[2026-08-07 01:23:32.358] [svulkan2] [warning] A second renderer will share the same internal context with the first one. Arguments passed to constructor will be ignored.
instruction: move 7up can near apple
result: FAIL grasped=False steps=80 time=19.0s

-- episode 13 (env_id=13) --
[2026-08-07 01:23:52.390] [svulkan2] [warning] A second renderer will share the same internal context with the first one. Arguments passed to constructor will be ignored.
instruction: move 7up can near sponge
result: SUCCESS grasped=False steps=50 time=12.1s

-- episode 14 (env_id=14) --
[2026-08-07 01:24:05.554] [svulkan2] [warning] A second renderer will share the same internal context with the first one. Arguments passed to constructor will be ignored.
instruction: move apple near 7up can
result: SUCCESS grasped=False steps=40 time=10.1s

-- episode 15 (env_id=15) --
[2026-08-07 01:24:16.626] [svulkan2] [warning] A second renderer will share the same internal context with the first one. Arguments passed to constructor will be ignored.
instruction: move apple near sponge
result: FAIL grasped=False steps=80 time=18.8s

-- episode 16 (env_id=16) --
[2026-08-07 01:24:36.408] [svulkan2] [warning] A second renderer will share the same internal context with the first one. Arguments passed to constructor will be ignored.
instruction: move sponge near 7up can
result: FAIL grasped=False steps=80 time=18.9s

-- episode 17 (env_id=17) --
[2026-08-07 01:24:56.377] [svulkan2] [warning] A second renderer will share the same internal context with the first one. Arguments passed to constructor will be ignored.
instruction: move sponge near apple
result: FAIL grasped=False steps=80 time=18.9s

-- episode 18 (env_id=18) --
[2026-08-07 01:25:16.335] [svulkan2] [warning] A second renderer will share the same internal context with the first one. Arguments passed to constructor will be ignored.
instruction: move 7up can near apple
result: FAIL grasped=False steps=80 time=19.3s

-- episode 19 (env_id=19) --
[2026-08-07 01:25:36.666] [svulkan2] [warning] A second renderer will share the same internal context with the first one. Arguments passed to constructor will be ignored.
instruction: move 7up can near sponge
result: FAIL grasped=False steps=80 time=18.6s

-- episode 20 (env_id=20) --
[2026-08-07 01:25:56.310] [svulkan2] [warning] A second renderer will share the same internal context with the first one. Arguments passed to constructor will be ignored.
instruction: move apple near 7up can
result: SUCCESS grasped=False steps=47 time=12.0s

-- episode 21 (env_id=21) --
[2026-08-07 01:26:09.297] [svulkan2] [warning] A second renderer will share the same internal context with the first one. Arguments passed to constructor will be ignored.
instruction: move apple near sponge
result: FAIL grasped=False steps=80 time=19.1s

-- episode 22 (env_id=22) --
[2026-08-07 01:26:29.412] [svulkan2] [warning] A second renderer will share the same internal context with the first one. Arguments passed to constructor will be ignored.
instruction: move sponge near 7up can
result: FAIL grasped=False steps=80 time=19.1s

-- episode 23 (env_id=23) --
[2026-08-07 01:26:49.556] [svulkan2] [warning] A second renderer will share the same internal context with the first one. Arguments passed to constructor will be ignored.
instruction: move sponge near apple
result: FAIL grasped=False steps=80 time=19.0s

-- episode 24 (env_id=24) --
[2026-08-07 01:27:09.584] [svulkan2] [warning] A second renderer will share the same internal context with the first one. Arguments passed to constructor will be ignored.
instruction: move coke can near redbull can
result: SUCCESS grasped=False steps=58 time=14.0s

-- episode 25 (env_id=25) --
[2026-08-07 01:27:24.618] [svulkan2] [warning] A second renderer will share the same internal context with the first one. Arguments passed to constructor will be ignored.
instruction: move coke can near apple
result: FAIL grasped=False steps=80 time=19.5s

-- episode 26 (env_id=26) --
[2026-08-07 01:27:45.188] [svulkan2] [warning] A second renderer will share the same internal context with the first one. Arguments passed to constructor will be ignored.
instruction: move redbull can near coke can
result: SUCCESS grasped=False steps=28 time=6.7s

-- episode 27 (env_id=27) --
[2026-08-07 01:27:52.852] [svulkan2] [warning] A second renderer will share the same internal context with the first one. Arguments passed to constructor will be ignored.
instruction: move redbull can near apple
result: FAIL grasped=False steps=80 time=19.6s

-- episode 28 (env_id=28) --
[2026-08-07 01:28:13.454] [svulkan2] [warning] A second renderer will share the same internal context with the first one. Arguments passed to constructor will be ignored.
instruction: move apple near coke can
result: SUCCESS grasped=False steps=33 time=8.6s

-- episode 29 (env_id=29) --
[2026-08-07 01:28:22.991] [svulkan2] [warning] A second renderer will share the same internal context with the first one. Arguments passed to constructor will be ignored.
instruction: move apple near redbull can
result: SUCCESS grasped=False steps=30 time=7.4s

-- episode 30 (env_id=30) --
[2026-08-07 01:28:31.368] [svulkan2] [warning] A second renderer will share the same internal context with the first one. Arguments passed to constructor will be ignored.
instruction: move coke can near redbull can
result: FAIL grasped=False steps=80 time=19.3s

-- episode 31 (env_id=31) --
[2026-08-07 01:28:51.469] [svulkan2] [warning] A second renderer will share the same internal context with the first one. Arguments passed to constructor will be ignored.
instruction: move coke can near apple
result: FAIL grasped=False steps=80 time=19.4s

-- episode 32 (env_id=32) --
[2026-08-07 01:29:11.863] [svulkan2] [warning] A second renderer will share the same internal context with the first one. Arguments passed to constructor will be ignored.
instruction: move redbull can near coke can
result: FAIL grasped=False steps=80 time=18.6s

-- episode 33 (env_id=33) --
[2026-08-07 01:29:31.458] [svulkan2] [warning] A second renderer will share the same internal context with the first one. Arguments passed to constructor will be ignored.
instruction: move redbull can near apple
result: FAIL grasped=False steps=80 time=18.7s

-- episode 34 (env_id=34) --
[2026-08-07 01:29:51.192] [svulkan2] [warning] A second renderer will share the same internal context with the first one. Arguments passed to constructor will be ignored.
instruction: move apple near coke can
result: FAIL grasped=False steps=80 time=20.7s

-- episode 35 (env_id=35) --
[2026-08-07 01:30:12.656] [svulkan2] [warning] A second renderer will share the same internal context with the first one. Arguments passed to constructor will be ignored.
instruction: move apple near redbull can
result: SUCCESS grasped=False steps=77 time=19.0s

-- episode 36 (env_id=36) --
[2026-08-07 01:30:32.462] [svulkan2] [warning] A second renderer will share the same internal context with the first one. Arguments passed to constructor will be ignored.
instruction: move sponge near blue plastic bottle
result: SUCCESS grasped=False steps=42 time=10.7s

-- episode 37 (env_id=37) --
[2026-08-07 01:30:44.164] [svulkan2] [warning] A second renderer will share the same internal context with the first one. Arguments passed to constructor will be ignored.
instruction: move sponge near 7up can
result: FAIL grasped=False steps=80 time=18.6s

-- episode 38 (env_id=38) --
[2026-08-07 01:31:03.779] [svulkan2] [warning] A second renderer will share the same internal context with the first one. Arguments passed to constructor will be ignored.
instruction: move blue plastic bottle near sponge
result: SUCCESS grasped=False steps=31 time=7.4s

-- episode 39 (env_id=39) --
[2026-08-07 01:31:12.186] [svulkan2] [warning] A second renderer will share the same internal context with the first one. Arguments passed to constructor will be ignored.
instruction: move blue plastic bottle near 7up can
result: SUCCESS grasped=False steps=45 time=11.0s

-- episode 40 (env_id=40) --
[2026-08-07 01:31:24.201] [svulkan2] [warning] A second renderer will share the same internal context with the first one. Arguments passed to constructor will be ignored.
instruction: move 7up can near sponge
result: FAIL grasped=False steps=80 time=18.6s

-- episode 41 (env_id=41) --
[2026-08-07 01:31:43.829] [svulkan2] [warning] A second renderer will share the same internal context with the first one. Arguments passed to constructor will be ignored.
instruction: move 7up can near blue plastic bottle
result: FAIL grasped=False steps=80 time=19.1s

-- episode 42 (env_id=42) --
[2026-08-07 01:32:03.979] [svulkan2] [warning] A second renderer will share the same internal context with the first one. Arguments passed to constructor will be ignored.
instruction: move sponge near blue plastic bottle
result: FAIL grasped=False steps=80 time=18.6s

-- episode 43 (env_id=43) --
[2026-08-07 01:32:23.578] [svulkan2] [warning] A second renderer will share the same internal context with the first one. Arguments passed to constructor will be ignored.
instruction: move sponge near 7up can
result: FAIL grasped=False steps=80 time=19.2s

-- episode 44 (env_id=44) --
[2026-08-07 01:32:43.806] [svulkan2] [warning] A second renderer will share the same internal context with the first one. Arguments passed to constructor will be ignored.
instruction: move blue plastic bottle near sponge
result: SUCCESS grasped=False steps=57 time=13.7s

-- episode 45 (env_id=45) --
[2026-08-07 01:32:58.517] [svulkan2] [warning] A second renderer will share the same internal context with the first one. Arguments passed to constructor will be ignored.
instruction: move blue plastic bottle near 7up can
result: SUCCESS grasped=False steps=40 time=9.5s

-- episode 46 (env_id=46) --
[2026-08-07 01:33:09.034] [svulkan2] [warning] A second renderer will share the same internal context with the first one. Arguments passed to constructor will be ignored.
instruction: move 7up can near sponge
result: SUCCESS grasped=False steps=16 time=3.9s

-- episode 47 (env_id=47) --
[2026-08-07 01:33:13.916] [svulkan2] [warning] A second renderer will share the same internal context with the first one. Arguments passed to constructor will be ignored.
instruction: move 7up can near blue plastic bottle
result: SUCCESS grasped=False steps=11 time=2.7s

-- episode 48 (env_id=48) --
[2026-08-07 01:33:17.681] [svulkan2] [warning] A second renderer will share the same internal context with the first one. Arguments passed to constructor will be ignored.
instruction: move orange near pepsi can
result: FAIL grasped=False steps=80 time=20.0s

-- episode 49 (env_id=49) --
[2026-08-07 01:33:38.649] [svulkan2] [warning] A second renderer will share the same internal context with the first one. Arguments passed to constructor will be ignored.
instruction: move orange near redbull can
result: FAIL grasped=False steps=80 time=19.8s

-- episode 50 (env_id=50) --
[2026-08-07 01:33:59.428] [svulkan2] [warning] A second renderer will share the same internal context with the first one. Arguments passed to constructor will be ignored.
instruction: move pepsi can near orange
result: SUCCESS grasped=False steps=31 time=7.7s

-- episode 51 (env_id=51) --
[2026-08-07 01:34:08.152] [svulkan2] [warning] A second renderer will share the same internal context with the first one. Arguments passed to constructor will be ignored.
instruction: move pepsi can near redbull can
result: SUCCESS grasped=False steps=30 time=7.5s

-- episode 52 (env_id=52) --
[2026-08-07 01:34:16.648] [svulkan2] [warning] A second renderer will share the same internal context with the first one. Arguments passed to constructor will be ignored.
instruction: move redbull can near orange
result: SUCCESS grasped=False steps=21 time=5.4s

-- episode 53 (env_id=53) --
[2026-08-07 01:34:23.005] [svulkan2] [warning] A second renderer will share the same internal context with the first one. Arguments passed to constructor will be ignored.
instruction: move redbull can near pepsi can
result: SUCCESS grasped=False steps=37 time=9.0s

-- episode 54 (env_id=54) --
[2026-08-07 01:34:33.052] [svulkan2] [warning] A second renderer will share the same internal context with the first one. Arguments passed to constructor will be ignored.
instruction: move orange near pepsi can
result: FAIL grasped=False steps=80 time=19.6s

-- episode 55 (env_id=55) --
[2026-08-07 01:34:53.682] [svulkan2] [warning] A second renderer will share the same internal context with the first one. Arguments passed to constructor will be ignored.
instruction: move orange near redbull can
result: FAIL grasped=False steps=80 time=19.3s

-- episode 56 (env_id=56) --
[2026-08-07 01:35:13.954] [svulkan2] [warning] A second renderer will share the same internal context with the first one. Arguments passed to constructor will be ignored.
instruction: move pepsi can near orange
result: SUCCESS grasped=False steps=35 time=8.3s

-- episode 57 (env_id=57) --
[2026-08-07 01:35:23.275] [svulkan2] [warning] A second renderer will share the same internal context with the first one. Arguments passed to constructor will be ignored.
instruction: move pepsi can near redbull can
result: SUCCESS grasped=False steps=26 time=6.5s

-- episode 58 (env_id=58) --
[2026-08-07 01:35:30.776] [svulkan2] [warning] A second renderer will share the same internal context with the first one. Arguments passed to constructor will be ignored.
instruction: move redbull can near orange
result: SUCCESS grasped=False steps=21 time=5.4s

-- episode 59 (env_id=59) --
[2026-08-07 01:35:37.199] [svulkan2] [warning] A second renderer will share the same internal context with the first one. Arguments passed to constructor will be ignored.
instruction: move redbull can near pepsi can
result: SUCCESS grasped=False steps=15 time=3.6s

==================================================
task:         google_robot_move_near_v0
model:        openvla_chunk
setup:        google_robot (unnorm=fractal20220817_data, sticky=15)
success_rate: 31/60 = 51.7%
grasp_rate:   n/a (this env does not report a grasp signal)
avg_steps:    57
avg_elapsed:  13.7s
model_ms_per_infer: 504.6ms  (pure model forward pass, CUDA-synced)
model_ms_per_env_step: 129.5ms  (amortized over executed actions)
action-repeat: each prediction executed for 4 env steps
==================================================
saved: /content/BiVLA_full/results/openvla_fractal_0806_action_repeat4/openvla_chunk/google_robot_move_near_v0/results_google_robot_move_near_v0.json
