/content/venv310/lib/python3.10/site-packages/sapien/core/renderer_config.py:4: UserWarning: pkg_resources is deprecated as an API. See https://setuptools.pypa.io/en/latest/pkg_resources.html. The pkg_resources package is slated for removal as early as 2025-11-30. Refrain from using this package or pin to Setuptools<81.
  import pkg_resources
[load] model=openvla_chunk policy_setup=google_robot unnorm_key=(derived)
Using a slow image processor as `use_fast` is unset and a slow processor was saved with this model. `use_fast=True` will be the default behavior in v4.52, even if the model was saved with a slow processor. This will result in minor differences in outputs. You'll still be able to use a slow processor with `use_fast=False`.
Expected `transformers==4.40.1` and `tokenizers==0.19.1` but got `transformers==4.53.3` and `tokenizers==0.21.4`; there might be inference-time regressions due to dependency changes. If in doubt, pleaseuse the above versions.

Loading checkpoint shards:   0%|          | 0/3 [00:00<?, ?it/s]
Loading checkpoint shards:  33%|███▎      | 1/3 [00:00<00:00,  7.93it/s]
Loading checkpoint shards: 100%|██████████| 3/3 [00:00<00:00, 19.25it/s]
[ok] model loaded  unnorm_key=fractal20220817_data sticky_gripper=15

-- episode 00 (env_id=0) --
/content/venv310/lib/python3.10/site-packages/gymnasium/core.py:311: UserWarning: [33mWARN: env.get_language_instruction to get variables from other wrappers is deprecated and will be removed in v1.0, to get this variable you can do `env.unwrapped.get_language_instruction` for environment variables or `env.get_wrapper_attr('get_language_instruction')` that will search the reminding wrappers.[0m
  logger.warn(
instruction: pick coke can
/content/venv310/lib/python3.10/site-packages/gymnasium/core.py:311: UserWarning: [33mWARN: env.get_language_instruction to get variables from other wrappers is deprecated and will be removed in v1.0, to get this variable you can do `env.unwrapped.get_language_instruction` for environment variables or `env.get_wrapper_attr('get_language_instruction')` that will search the reminding wrappers.[0m
  logger.warn(
result: SUCCESS grasped=True steps=29 time=9.3s

-- episode 01 (env_id=1) --
[2026-08-07 01:13:33.839] [svulkan2] [warning] A second renderer will share the same internal context with the first one. Arguments passed to constructor will be ignored.
instruction: pick coke can
result: FAIL grasped=False steps=80 time=18.6s

-- episode 02 (env_id=2) --
[2026-08-07 01:13:53.362] [svulkan2] [warning] A second renderer will share the same internal context with the first one. Arguments passed to constructor will be ignored.
instruction: pick coke can
result: SUCCESS grasped=True steps=54 time=13.1s

-- episode 03 (env_id=3) --
[2026-08-07 01:14:07.422] [svulkan2] [warning] A second renderer will share the same internal context with the first one. Arguments passed to constructor will be ignored.
instruction: pick coke can
result: SUCCESS grasped=True steps=27 time=6.5s

-- episode 04 (env_id=4) --
[2026-08-07 01:14:14.969] [svulkan2] [warning] A second renderer will share the same internal context with the first one. Arguments passed to constructor will be ignored.
instruction: pick coke can
result: FAIL grasped=False steps=80 time=19.6s

-- episode 05 (env_id=5) --
[2026-08-07 01:14:35.474] [svulkan2] [warning] A second renderer will share the same internal context with the first one. Arguments passed to constructor will be ignored.
instruction: pick coke can
result: FAIL grasped=False steps=80 time=18.6s

-- episode 06 (env_id=6) --
[2026-08-07 01:14:55.150] [svulkan2] [warning] A second renderer will share the same internal context with the first one. Arguments passed to constructor will be ignored.
instruction: pick coke can
result: FAIL grasped=True steps=80 time=20.3s

-- episode 07 (env_id=7) --
[2026-08-07 01:15:16.389] [svulkan2] [warning] A second renderer will share the same internal context with the first one. Arguments passed to constructor will be ignored.
instruction: pick coke can
result: SUCCESS grasped=True steps=73 time=19.0s

-- episode 08 (env_id=8) --
[2026-08-07 01:15:36.294] [svulkan2] [warning] A second renderer will share the same internal context with the first one. Arguments passed to constructor will be ignored.
instruction: pick coke can
result: SUCCESS grasped=True steps=15 time=3.8s

-- episode 09 (env_id=9) --
[2026-08-07 01:15:40.961] [svulkan2] [warning] A second renderer will share the same internal context with the first one. Arguments passed to constructor will be ignored.
instruction: pick coke can
result: FAIL grasped=False steps=80 time=19.6s

-- episode 10 (env_id=10) --
[2026-08-07 01:16:01.491] [svulkan2] [warning] A second renderer will share the same internal context with the first one. Arguments passed to constructor will be ignored.
instruction: pick coke can
result: SUCCESS grasped=True steps=63 time=15.5s

-- episode 11 (env_id=11) --
[2026-08-07 01:16:17.903] [svulkan2] [warning] A second renderer will share the same internal context with the first one. Arguments passed to constructor will be ignored.
instruction: pick coke can
result: FAIL grasped=False steps=80 time=18.6s

-- episode 12 (env_id=12) --
[2026-08-07 01:16:37.201] [svulkan2] [warning] A second renderer will share the same internal context with the first one. Arguments passed to constructor will be ignored.
instruction: pick coke can
result: SUCCESS grasped=True steps=70 time=17.9s

-- episode 13 (env_id=13) --
[2026-08-07 01:16:55.966] [svulkan2] [warning] A second renderer will share the same internal context with the first one. Arguments passed to constructor will be ignored.
instruction: pick coke can
result: FAIL grasped=True steps=80 time=20.6s

-- episode 14 (env_id=14) --
[2026-08-07 01:17:17.452] [svulkan2] [warning] A second renderer will share the same internal context with the first one. Arguments passed to constructor will be ignored.
instruction: pick coke can
result: SUCCESS grasped=True steps=16 time=3.9s

-- episode 15 (env_id=15) --
[2026-08-07 01:17:22.264] [svulkan2] [warning] A second renderer will share the same internal context with the first one. Arguments passed to constructor will be ignored.
instruction: pick coke can
result: FAIL grasped=False steps=80 time=18.6s

-- episode 16 (env_id=16) --
[2026-08-07 01:17:41.794] [svulkan2] [warning] A second renderer will share the same internal context with the first one. Arguments passed to constructor will be ignored.
instruction: pick coke can
result: FAIL grasped=False steps=80 time=18.6s

-- episode 17 (env_id=17) --
[2026-08-07 01:18:01.260] [svulkan2] [warning] A second renderer will share the same internal context with the first one. Arguments passed to constructor will be ignored.
instruction: pick coke can
result: SUCCESS grasped=True steps=38 time=9.7s

-- episode 18 (env_id=18) --
[2026-08-07 01:18:11.929] [svulkan2] [warning] A second renderer will share the same internal context with the first one. Arguments passed to constructor will be ignored.
instruction: pick coke can
result: FAIL grasped=True steps=80 time=20.5s

-- episode 19 (env_id=19) --
[2026-08-07 01:18:33.337] [svulkan2] [warning] A second renderer will share the same internal context with the first one. Arguments passed to constructor will be ignored.
instruction: pick coke can
result: FAIL grasped=True steps=80 time=20.3s

-- episode 20 (env_id=20) --
[2026-08-07 01:18:54.469] [svulkan2] [warning] A second renderer will share the same internal context with the first one. Arguments passed to constructor will be ignored.
instruction: pick coke can
result: FAIL grasped=False steps=80 time=18.7s

-- episode 21 (env_id=21) --
[2026-08-07 01:19:14.040] [svulkan2] [warning] A second renderer will share the same internal context with the first one. Arguments passed to constructor will be ignored.
instruction: pick coke can
result: FAIL grasped=True steps=80 time=19.6s

-- episode 22 (env_id=22) --
[2026-08-07 01:19:34.479] [svulkan2] [warning] A second renderer will share the same internal context with the first one. Arguments passed to constructor will be ignored.
instruction: pick coke can
result: FAIL grasped=False steps=80 time=18.5s

-- episode 23 (env_id=23) --
[2026-08-07 01:19:53.905] [svulkan2] [warning] A second renderer will share the same internal context with the first one. Arguments passed to constructor will be ignored.
instruction: pick coke can
result: FAIL grasped=True steps=80 time=20.2s

-- episode 24 (env_id=24) --
[2026-08-07 01:20:15.027] [svulkan2] [warning] A second renderer will share the same internal context with the first one. Arguments passed to constructor will be ignored.
instruction: pick coke can
result: FAIL grasped=False steps=80 time=21.9s

==================================================
task:         google_robot_pick_standing_coke_can
model:        openvla_chunk
setup:        google_robot (unnorm=fractal20220817_data, sticky=15)
success_rate: 9/25 = 36.0%
grasp_rate:   15/25 = 60.0%
avg_steps:    67
avg_elapsed:  16.5s
model_ms_per_infer: 512.0ms  (pure model forward pass, CUDA-synced)
model_ms_per_env_step: 130.2ms  (amortized over executed actions)
action-repeat: each prediction executed for 4 env steps
==================================================
saved: /content/BiVLA_full/results/openvla_fractal_0806_action_repeat4/openvla_chunk/google_robot_pick_standing_coke_can/results_google_robot_pick_standing_coke_can.json
