/content/venv310/lib/python3.10/site-packages/sapien/core/renderer_config.py:4: UserWarning: pkg_resources is deprecated as an API. See https://setuptools.pypa.io/en/latest/pkg_resources.html. The pkg_resources package is slated for removal as early as 2025-11-30. Refrain from using this package or pin to Setuptools<81.
  import pkg_resources
[load] model=openvla_depth policy_setup=google_robot unnorm_key=(derived)
Using a slow image processor as `use_fast` is unset and a slow processor was saved with this model. `use_fast=True` will be the default behavior in v4.52, even if the model was saved with a slow processor. This will result in minor differences in outputs. You'll still be able to use a slow processor with `use_fast=False`.
Expected `transformers==4.40.1` and `tokenizers==0.19.1` but got `transformers==4.53.3` and `tokenizers==0.21.4`; there might be inference-time regressions due to dependency changes. If in doubt, pleaseuse the above versions.

Loading checkpoint shards:   0%|          | 0/3 [00:00<?, ?it/s]
Loading checkpoint shards:  33%|███▎      | 1/3 [00:00<00:00,  7.62it/s]
Loading checkpoint shards: 100%|██████████| 3/3 [00:00<00:00, 18.45it/s]
[depth/openvla] static pruning ON: bypass 4 most-redundant layers; eligible 8..31 of 32
[ok] model loaded  unnorm_key=fractal20220817_data sticky_gripper=15

-- episode 00 (env_id=0) --
/content/venv310/lib/python3.10/site-packages/gymnasium/core.py:311: UserWarning: [33mWARN: env.get_language_instruction to get variables from other wrappers is deprecated and will be removed in v1.0, to get this variable you can do `env.unwrapped.get_language_instruction` for environment variables or `env.get_wrapper_attr('get_language_instruction')` that will search the reminding wrappers.[0m
  logger.warn(
instruction: pick coke can
[depth] calibrated: bypass=[17, 21, 23, 26]
/content/venv310/lib/python3.10/site-packages/gymnasium/core.py:311: UserWarning: [33mWARN: env.get_language_instruction to get variables from other wrappers is deprecated and will be removed in v1.0, to get this variable you can do `env.unwrapped.get_language_instruction` for environment variables or `env.get_wrapper_attr('get_language_instruction')` that will search the reminding wrappers.[0m
  logger.warn(
result: SUCCESS grasped=True steps=52 time=32.5s

-- episode 01 (env_id=1) --
[2026-08-11 09:33:14.941] [svulkan2] [warning] A second renderer will share the same internal context with the first one. Arguments passed to constructor will be ignored.
instruction: pick coke can
result: SUCCESS grasped=True steps=57 time=33.7s

-- episode 02 (env_id=2) --
[2026-08-11 09:33:49.543] [svulkan2] [warning] A second renderer will share the same internal context with the first one. Arguments passed to constructor will be ignored.
instruction: pick coke can
result: SUCCESS grasped=True steps=30 time=17.6s

-- episode 03 (env_id=3) --
[2026-08-11 09:34:08.105] [svulkan2] [warning] A second renderer will share the same internal context with the first one. Arguments passed to constructor will be ignored.
instruction: pick coke can
result: FAIL grasped=True steps=80 time=47.4s

-- episode 04 (env_id=4) --
[2026-08-11 09:34:56.616] [svulkan2] [warning] A second renderer will share the same internal context with the first one. Arguments passed to constructor will be ignored.
instruction: pick coke can
result: SUCCESS grasped=True steps=47 time=27.3s

-- episode 05 (env_id=5) --
[2026-08-11 09:35:24.896] [svulkan2] [warning] A second renderer will share the same internal context with the first one. Arguments passed to constructor will be ignored.
instruction: pick coke can
result: SUCCESS grasped=True steps=65 time=38.2s

-- episode 06 (env_id=6) --
[2026-08-11 09:36:04.194] [svulkan2] [warning] A second renderer will share the same internal context with the first one. Arguments passed to constructor will be ignored.
instruction: pick coke can
result: SUCCESS grasped=True steps=77 time=45.6s

-- episode 07 (env_id=7) --
[2026-08-11 09:36:50.759] [svulkan2] [warning] A second renderer will share the same internal context with the first one. Arguments passed to constructor will be ignored.
instruction: pick coke can
result: FAIL grasped=True steps=80 time=47.8s

-- episode 08 (env_id=8) --
[2026-08-11 09:37:39.510] [svulkan2] [warning] A second renderer will share the same internal context with the first one. Arguments passed to constructor will be ignored.
instruction: pick coke can
result: FAIL grasped=True steps=80 time=48.0s

-- episode 09 (env_id=9) --
[2026-08-11 09:38:28.476] [svulkan2] [warning] A second renderer will share the same internal context with the first one. Arguments passed to constructor will be ignored.
instruction: pick coke can
result: FAIL grasped=False steps=80 time=48.7s

-- episode 10 (env_id=10) --
[2026-08-11 09:39:18.172] [svulkan2] [warning] A second renderer will share the same internal context with the first one. Arguments passed to constructor will be ignored.
instruction: pick coke can
result: FAIL grasped=True steps=80 time=46.8s

-- episode 11 (env_id=11) --
[2026-08-11 09:40:05.866] [svulkan2] [warning] A second renderer will share the same internal context with the first one. Arguments passed to constructor will be ignored.
instruction: pick coke can
result: SUCCESS grasped=True steps=77 time=45.9s

-- episode 12 (env_id=12) --
[2026-08-11 09:40:52.495] [svulkan2] [warning] A second renderer will share the same internal context with the first one. Arguments passed to constructor will be ignored.
instruction: pick coke can
result: FAIL grasped=True steps=80 time=48.0s

-- episode 13 (env_id=13) --
[2026-08-11 09:41:41.462] [svulkan2] [warning] A second renderer will share the same internal context with the first one. Arguments passed to constructor will be ignored.
instruction: pick coke can
result: FAIL grasped=True steps=80 time=47.9s

-- episode 14 (env_id=14) --
[2026-08-11 09:42:30.278] [svulkan2] [warning] A second renderer will share the same internal context with the first one. Arguments passed to constructor will be ignored.
instruction: pick coke can
result: SUCCESS grasped=True steps=30 time=17.7s

-- episode 15 (env_id=15) --
[2026-08-11 09:42:48.934] [svulkan2] [warning] A second renderer will share the same internal context with the first one. Arguments passed to constructor will be ignored.
instruction: pick coke can
result: FAIL grasped=False steps=80 time=48.1s

-- episode 16 (env_id=16) --
[2026-08-11 09:43:38.018] [svulkan2] [warning] A second renderer will share the same internal context with the first one. Arguments passed to constructor will be ignored.
instruction: pick coke can
result: SUCCESS grasped=True steps=46 time=27.4s

-- episode 17 (env_id=17) --
[2026-08-11 09:44:06.348] [svulkan2] [warning] A second renderer will share the same internal context with the first one. Arguments passed to constructor will be ignored.
instruction: pick coke can
result: SUCCESS grasped=True steps=66 time=38.4s

-- episode 18 (env_id=18) --
[2026-08-11 09:44:45.665] [svulkan2] [warning] A second renderer will share the same internal context with the first one. Arguments passed to constructor will be ignored.
instruction: pick coke can
result: FAIL grasped=False steps=80 time=48.6s

-- episode 19 (env_id=19) --
[2026-08-11 09:45:35.239] [svulkan2] [warning] A second renderer will share the same internal context with the first one. Arguments passed to constructor will be ignored.
instruction: pick coke can
result: SUCCESS grasped=True steps=72 time=42.5s

-- episode 20 (env_id=20) --
[2026-08-11 09:46:18.656] [svulkan2] [warning] A second renderer will share the same internal context with the first one. Arguments passed to constructor will be ignored.
instruction: pick coke can
result: FAIL grasped=False steps=80 time=46.5s

-- episode 21 (env_id=21) --
[2026-08-11 09:47:06.070] [svulkan2] [warning] A second renderer will share the same internal context with the first one. Arguments passed to constructor will be ignored.
instruction: pick coke can
result: FAIL grasped=False steps=80 time=47.3s

-- episode 22 (env_id=22) --
[2026-08-11 09:47:54.313] [svulkan2] [warning] A second renderer will share the same internal context with the first one. Arguments passed to constructor will be ignored.
instruction: pick coke can
result: SUCCESS grasped=True steps=45 time=26.7s

-- episode 23 (env_id=23) --
[2026-08-11 09:48:21.943] [svulkan2] [warning] A second renderer will share the same internal context with the first one. Arguments passed to constructor will be ignored.
instruction: pick coke can
result: SUCCESS grasped=True steps=35 time=20.7s

-- episode 24 (env_id=24) --
[2026-08-11 09:48:43.561] [svulkan2] [warning] A second renderer will share the same internal context with the first one. Arguments passed to constructor will be ignored.
instruction: pick coke can
result: FAIL grasped=False steps=80 time=48.6s

==================================================
task:         google_robot_pick_standing_coke_can
model:        openvla_depth
setup:        google_robot (unnorm=fractal20220817_data, sticky=15)
success_rate: 13/25 = 52.0%
grasp_rate:   19/25 = 76.0%
avg_steps:    66
avg_elapsed:  39.5s
model_ms_per_infer: 460.7ms  (pure model forward pass, CUDA-synced)
model_ms_per_env_step: 460.7ms  (amortized over executed actions)
depth: bypassed 4 of 32 layers [17, 21, 23, 26]
==================================================
saved: /content/BiVLA_full/results/openvla_fractal_depth_control/window25/google_robot_pick_standing_coke_can/results_google_robot_pick_standing_coke_can.json
