/content/venv310/lib/python3.10/site-packages/sapien/core/renderer_config.py:4: UserWarning: pkg_resources is deprecated as an API. See https://setuptools.pypa.io/en/latest/pkg_resources.html. The pkg_resources package is slated for removal as early as 2025-11-30. Refrain from using this package or pin to Setuptools<81.
  import pkg_resources
[load] model=openvla_depth policy_setup=google_robot unnorm_key=(derived)
Using a slow image processor as `use_fast` is unset and a slow processor was saved with this model. `use_fast=True` will be the default behavior in v4.52, even if the model was saved with a slow processor. This will result in minor differences in outputs. You'll still be able to use a slow processor with `use_fast=False`.
Expected `transformers==4.40.1` and `tokenizers==0.19.1` but got `transformers==4.53.3` and `tokenizers==0.21.4`; there might be inference-time regressions due to dependency changes. If in doubt, pleaseuse the above versions.

Loading checkpoint shards:   0%|          | 0/3 [00:00<?, ?it/s]
Loading checkpoint shards:  33%|███▎      | 1/3 [00:00<00:00,  7.50it/s]
Loading checkpoint shards: 100%|██████████| 3/3 [00:00<00:00, 18.15it/s]
[depth/openvla] static pruning ON: bypass 4 most-redundant layers; eligible 8..31 of 32
[ok] model loaded  unnorm_key=fractal20220817_data sticky_gripper=15

-- episode 00 (env_id=0) --
/content/venv310/lib/python3.10/site-packages/gymnasium/core.py:311: UserWarning: [33mWARN: env.get_language_instruction to get variables from other wrappers is deprecated and will be removed in v1.0, to get this variable you can do `env.unwrapped.get_language_instruction` for environment variables or `env.get_wrapper_attr('get_language_instruction')` that will search the reminding wrappers.[0m
  logger.warn(
instruction: pick coke can
[depth] calibrated: bypass=[17, 20, 23, 26]
/content/venv310/lib/python3.10/site-packages/gymnasium/core.py:311: UserWarning: [33mWARN: env.get_language_instruction to get variables from other wrappers is deprecated and will be removed in v1.0, to get this variable you can do `env.unwrapped.get_language_instruction` for environment variables or `env.get_wrapper_attr('get_language_instruction')` that will search the reminding wrappers.[0m
  logger.warn(
result: SUCCESS grasped=True steps=40 time=25.5s

-- episode 01 (env_id=1) --
[2026-08-11 08:59:59.915] [svulkan2] [warning] A second renderer will share the same internal context with the first one. Arguments passed to constructor will be ignored.
instruction: pick coke can
result: FAIL grasped=True steps=80 time=47.8s

-- episode 02 (env_id=2) --
[2026-08-11 09:00:48.697] [svulkan2] [warning] A second renderer will share the same internal context with the first one. Arguments passed to constructor will be ignored.
instruction: pick coke can
result: SUCCESS grasped=True steps=42 time=24.6s

-- episode 03 (env_id=3) --
[2026-08-11 09:01:14.334] [svulkan2] [warning] A second renderer will share the same internal context with the first one. Arguments passed to constructor will be ignored.
instruction: pick coke can
result: SUCCESS grasped=True steps=22 time=12.9s

-- episode 04 (env_id=4) --
[2026-08-11 09:01:28.325] [svulkan2] [warning] A second renderer will share the same internal context with the first one. Arguments passed to constructor will be ignored.
instruction: pick coke can
result: SUCCESS grasped=True steps=30 time=17.5s

-- episode 05 (env_id=5) --
[2026-08-11 09:01:46.790] [svulkan2] [warning] A second renderer will share the same internal context with the first one. Arguments passed to constructor will be ignored.
instruction: pick coke can
result: SUCCESS grasped=True steps=35 time=20.5s

-- episode 06 (env_id=6) --
[2026-08-11 09:02:08.451] [svulkan2] [warning] A second renderer will share the same internal context with the first one. Arguments passed to constructor will be ignored.
instruction: pick coke can
result: FAIL grasped=False steps=80 time=49.2s

-- episode 07 (env_id=7) --
[2026-08-11 09:02:58.575] [svulkan2] [warning] A second renderer will share the same internal context with the first one. Arguments passed to constructor will be ignored.
instruction: pick coke can
result: FAIL grasped=False steps=80 time=48.2s

-- episode 08 (env_id=8) --
[2026-08-11 09:03:47.735] [svulkan2] [warning] A second renderer will share the same internal context with the first one. Arguments passed to constructor will be ignored.
instruction: pick coke can
result: SUCCESS grasped=True steps=22 time=12.9s

-- episode 09 (env_id=9) --
[2026-08-11 09:04:01.649] [svulkan2] [warning] A second renderer will share the same internal context with the first one. Arguments passed to constructor will be ignored.
instruction: pick coke can
result: FAIL grasped=False steps=80 time=48.5s

-- episode 10 (env_id=10) --
[2026-08-11 09:04:51.143] [svulkan2] [warning] A second renderer will share the same internal context with the first one. Arguments passed to constructor will be ignored.
instruction: pick coke can
result: FAIL grasped=True steps=80 time=48.8s

-- episode 11 (env_id=11) --
[2026-08-11 09:05:40.866] [svulkan2] [warning] A second renderer will share the same internal context with the first one. Arguments passed to constructor will be ignored.
instruction: pick coke can
result: FAIL grasped=True steps=80 time=48.2s

-- episode 12 (env_id=12) --
[2026-08-11 09:06:29.945] [svulkan2] [warning] A second renderer will share the same internal context with the first one. Arguments passed to constructor will be ignored.
instruction: pick coke can
result: SUCCESS grasped=True steps=20 time=11.8s

-- episode 13 (env_id=13) --
[2026-08-11 09:06:42.703] [svulkan2] [warning] A second renderer will share the same internal context with the first one. Arguments passed to constructor will be ignored.
instruction: pick coke can
result: SUCCESS grasped=True steps=21 time=12.4s

-- episode 14 (env_id=14) --
[2026-08-11 09:06:56.110] [svulkan2] [warning] A second renderer will share the same internal context with the first one. Arguments passed to constructor will be ignored.
instruction: pick coke can
result: SUCCESS grasped=True steps=56 time=33.0s

-- episode 15 (env_id=15) --
[2026-08-11 09:07:30.121] [svulkan2] [warning] A second renderer will share the same internal context with the first one. Arguments passed to constructor will be ignored.
instruction: pick coke can
result: FAIL grasped=True steps=80 time=47.9s

-- episode 16 (env_id=16) --
[2026-08-11 09:08:19.009] [svulkan2] [warning] A second renderer will share the same internal context with the first one. Arguments passed to constructor will be ignored.
instruction: pick coke can
result: FAIL grasped=False steps=80 time=48.5s

-- episode 17 (env_id=17) --
[2026-08-11 09:09:08.403] [svulkan2] [warning] A second renderer will share the same internal context with the first one. Arguments passed to constructor will be ignored.
instruction: pick coke can
result: FAIL grasped=True steps=80 time=48.0s

-- episode 18 (env_id=18) --
[2026-08-11 09:09:57.442] [svulkan2] [warning] A second renderer will share the same internal context with the first one. Arguments passed to constructor will be ignored.
instruction: pick coke can
result: FAIL grasped=True steps=80 time=48.4s

-- episode 19 (env_id=19) --
[2026-08-11 09:10:46.797] [svulkan2] [warning] A second renderer will share the same internal context with the first one. Arguments passed to constructor will be ignored.
instruction: pick coke can
result: FAIL grasped=False steps=80 time=47.0s

-- episode 20 (env_id=20) --
[2026-08-11 09:11:34.738] [svulkan2] [warning] A second renderer will share the same internal context with the first one. Arguments passed to constructor will be ignored.
instruction: pick coke can
result: FAIL grasped=False steps=80 time=48.1s

-- episode 21 (env_id=21) --
[2026-08-11 09:12:23.787] [svulkan2] [warning] A second renderer will share the same internal context with the first one. Arguments passed to constructor will be ignored.
instruction: pick coke can
result: FAIL grasped=False steps=80 time=48.8s

-- episode 22 (env_id=22) --
[2026-08-11 09:13:13.448] [svulkan2] [warning] A second renderer will share the same internal context with the first one. Arguments passed to constructor will be ignored.
instruction: pick coke can
result: SUCCESS grasped=True steps=30 time=17.7s

-- episode 23 (env_id=23) --
[2026-08-11 09:13:32.101] [svulkan2] [warning] A second renderer will share the same internal context with the first one. Arguments passed to constructor will be ignored.
instruction: pick coke can
result: SUCCESS grasped=True steps=55 time=32.9s

-- episode 24 (env_id=24) --
[2026-08-11 09:14:05.942] [svulkan2] [warning] A second renderer will share the same internal context with the first one. Arguments passed to constructor will be ignored.
instruction: pick coke can
result: FAIL grasped=False steps=80 time=47.7s

==================================================
task:         google_robot_pick_horizontal_coke_can
model:        openvla_depth
setup:        google_robot (unnorm=fractal20220817_data, sticky=15)
success_rate: 11/25 = 44.0%
grasp_rate:   17/25 = 68.0%
avg_steps:    60
avg_elapsed:  35.9s
model_ms_per_infer: 460.5ms  (pure model forward pass, CUDA-synced)
model_ms_per_env_step: 460.5ms  (amortized over executed actions)
depth: bypassed 4 of 32 layers [17, 20, 23, 26]
==================================================
saved: /content/BiVLA_full/results/openvla_fractal_depth_control/window25/google_robot_pick_horizontal_coke_can/results_google_robot_pick_horizontal_coke_can.json
