/content/vsim/lib/python3.10/site-packages/sapien/core/renderer_config.py:4: UserWarning: pkg_resources is deprecated as an API. See https://setuptools.pypa.io/en/latest/pkg_resources.html. The pkg_resources package is slated for removal as early as 2025-11-30. Refrain from using this package or pin to Setuptools<81.
  import pkg_resources
Some kwargs in processor config are unused and will not have any effect: action_chunk_size, num_obs_steps, intrinsic_config, action_config, bin_policy, statistics, obs_delta. 
*** policy_setup: google_robot, unnorm_key: fractal20220817_data/0.1.0 ***
Add 0 TRANSLATION TOKENS, tokenizer vocab size 257152 / 265347
Add 0 ROTATION TOKENS to tokenizer, tokenizer vocab size 257152 / 265347
Add 0 GRIPPER TOKENS to tokenizer, tokenizer vocab size 257152 / 265347

Loading checkpoint shards:   0%|          | 0/2 [00:00<?, ?it/s]
Loading checkpoint shards:  50%|█████     | 1/2 [00:00<00:00,  2.71it/s]
Loading checkpoint shards: 100%|██████████| 2/2 [00:00<00:00,  2.65it/s]
Loading checkpoint shards: 100%|██████████| 2/2 [00:00<00:00,  2.66it/s]
[OK] official SpatialVLAInference loaded (no wrapper, no DINO)

── ep 00 (env_id=0) ──
[2026-08-06 14:26:32.461] [svulkan2] [error] GLFW error: X11: The DISPLAY environment variable is missing
[2026-08-06 14:26:32.461] [svulkan2] [warning] Continue without GLFW.
/content/vsim/lib/python3.10/site-packages/gymnasium/core.py:311: UserWarning: [33mWARN: env.get_language_instruction to get variables from other wrappers is deprecated and will be removed in v1.0, to get this variable you can do `env.unwrapped.get_language_instruction` for environment variables or `env.get_wrapper_attr('get_language_instruction')` that will search the reminding wrappers.[0m
  logger.warn(
   instruction: pick coke can
The 'batch_size' attribute of HybridCache is deprecated and will be removed in v4.49. Use the more precisely named 'self.max_batch_size' attribute instead.
[ChunkProbe] raw_action['world_vector']: shape=(3,) type=ndarray
[ChunkProbe] raw_action['rotation_delta']: shape=(3,) type=ndarray
[ChunkProbe] raw_action['open_gripper']: shape=(1,) type=ndarray
[ChunkProbe] action['world_vector']: shape=(3,) type=ndarray
[ChunkProbe] action['rot_axangle']: shape=(3,) type=ndarray
[ChunkProbe] action['gripper']: shape=(1,) type=ndarray
[ChunkProbe] action['terminate_episode']: shape=(1,) type=ndarray
   → G- FAIL  (80 steps, 938 ms/infer)

── ep 01 (env_id=1) ──
[2026-08-06 14:28:01.821] [svulkan2] [warning] A second renderer will share the same internal context with the first one. Arguments passed to constructor will be ignored.
   instruction: pick coke can
   → G- FAIL  (80 steps, 932 ms/infer)

── ep 02 (env_id=2) ──
[2026-08-06 14:29:30.093] [svulkan2] [warning] A second renderer will share the same internal context with the first one. Arguments passed to constructor will be ignored.
   instruction: pick coke can
   → G- FAIL  (80 steps, 922 ms/infer)

── ep 03 (env_id=3) ──
[2026-08-06 14:30:57.507] [svulkan2] [warning] A second renderer will share the same internal context with the first one. Arguments passed to constructor will be ignored.
   instruction: pick coke can
   → G+ SUCCESS  (37 steps, 915 ms/infer)

── ep 04 (env_id=4) ──
[2026-08-06 14:31:38.311] [svulkan2] [warning] A second renderer will share the same internal context with the first one. Arguments passed to constructor will be ignored.
   instruction: pick coke can
   → G+ SUCCESS  (39 steps, 914 ms/infer)

── ep 05 (env_id=5) ──
[2026-08-06 14:32:20.960] [svulkan2] [warning] A second renderer will share the same internal context with the first one. Arguments passed to constructor will be ignored.
   instruction: pick coke can
   → G- FAIL  (80 steps, 915 ms/infer)

── ep 06 (env_id=6) ──
[2026-08-06 14:33:48.702] [svulkan2] [warning] A second renderer will share the same internal context with the first one. Arguments passed to constructor will be ignored.
   instruction: pick coke can
   → G- FAIL  (80 steps, 919 ms/infer)

── ep 07 (env_id=7) ──
[2026-08-06 14:35:15.620] [svulkan2] [warning] A second renderer will share the same internal context with the first one. Arguments passed to constructor will be ignored.
   instruction: pick coke can
   → G+ SUCCESS  (14 steps, 909 ms/infer)

── ep 08 (env_id=8) ──
[2026-08-06 14:35:31.524] [svulkan2] [warning] A second renderer will share the same internal context with the first one. Arguments passed to constructor will be ignored.
   instruction: pick coke can
   → G+ SUCCESS  (33 steps, 915 ms/infer)

── ep 09 (env_id=9) ──
[2026-08-06 14:36:08.012] [svulkan2] [warning] A second renderer will share the same internal context with the first one. Arguments passed to constructor will be ignored.
   instruction: pick coke can
   → G+ SUCCESS  (12 steps, 919 ms/infer)

── ep 10 (env_id=10) ──
[2026-08-06 14:36:21.891] [svulkan2] [warning] A second renderer will share the same internal context with the first one. Arguments passed to constructor will be ignored.
   instruction: pick coke can
   → G- FAIL  (80 steps, 918 ms/infer)

── ep 11 (env_id=11) ──
[2026-08-06 14:37:49.728] [svulkan2] [warning] A second renderer will share the same internal context with the first one. Arguments passed to constructor will be ignored.
   instruction: pick coke can
   → G+ SUCCESS  (14 steps, 914 ms/infer)

── ep 12 (env_id=12) ──
[2026-08-06 14:38:05.567] [svulkan2] [warning] A second renderer will share the same internal context with the first one. Arguments passed to constructor will be ignored.
   instruction: pick coke can
   → G+ SUCCESS  (12 steps, 910 ms/infer)

── ep 13 (env_id=13) ──
[2026-08-06 14:38:19.348] [svulkan2] [warning] A second renderer will share the same internal context with the first one. Arguments passed to constructor will be ignored.
   instruction: pick coke can
   → G+ SUCCESS  (13 steps, 914 ms/infer)

── ep 14 (env_id=14) ──
[2026-08-06 14:38:34.263] [svulkan2] [warning] A second renderer will share the same internal context with the first one. Arguments passed to constructor will be ignored.
   instruction: pick coke can
   → G+ SUCCESS  (11 steps, 917 ms/infer)

── ep 15 (env_id=15) ──
[2026-08-06 14:38:47.101] [svulkan2] [warning] A second renderer will share the same internal context with the first one. Arguments passed to constructor will be ignored.
   instruction: pick coke can
   → G+ SUCCESS  (18 steps, 915 ms/infer)

── ep 16 (env_id=16) ──
[2026-08-06 14:39:07.291] [svulkan2] [warning] A second renderer will share the same internal context with the first one. Arguments passed to constructor will be ignored.
   instruction: pick coke can
   → G+ SUCCESS  (15 steps, 917 ms/infer)

── ep 17 (env_id=17) ──
[2026-08-06 14:39:24.239] [svulkan2] [warning] A second renderer will share the same internal context with the first one. Arguments passed to constructor will be ignored.
   instruction: pick coke can
   → G+ SUCCESS  (13 steps, 919 ms/infer)

── ep 18 (env_id=18) ──
[2026-08-06 14:39:39.249] [svulkan2] [warning] A second renderer will share the same internal context with the first one. Arguments passed to constructor will be ignored.
   instruction: pick coke can
   → G+ SUCCESS  (11 steps, 922 ms/infer)

── ep 19 (env_id=19) ──
[2026-08-06 14:39:52.149] [svulkan2] [warning] A second renderer will share the same internal context with the first one. Arguments passed to constructor will be ignored.
   instruction: pick coke can
   → G+ SUCCESS  (10 steps, 918 ms/infer)

── ep 20 (env_id=20) ──
[2026-08-06 14:40:03.825] [svulkan2] [warning] A second renderer will share the same internal context with the first one. Arguments passed to constructor will be ignored.
   instruction: pick coke can
   → G+ SUCCESS  (18 steps, 917 ms/infer)

── ep 21 (env_id=21) ──
[2026-08-06 14:40:24.086] [svulkan2] [warning] A second renderer will share the same internal context with the first one. Arguments passed to constructor will be ignored.
   instruction: pick coke can
   → G+ SUCCESS  (15 steps, 920 ms/infer)

── ep 22 (env_id=22) ──
[2026-08-06 14:40:41.145] [svulkan2] [warning] A second renderer will share the same internal context with the first one. Arguments passed to constructor will be ignored.
   instruction: pick coke can
   → G+ SUCCESS  (14 steps, 925 ms/infer)

── ep 23 (env_id=23) ──
[2026-08-06 14:40:57.242] [svulkan2] [warning] A second renderer will share the same internal context with the first one. Arguments passed to constructor will be ignored.
   instruction: pick coke can
   → G+ SUCCESS  (9 steps, 916 ms/infer)

── ep 24 (env_id=24) ──
[2026-08-06 14:41:07.973] [svulkan2] [warning] A second renderer will share the same internal context with the first one. Arguments passed to constructor will be ignored.
   instruction: pick coke can
   → G+ SUCCESS  (13 steps, 925 ms/infer)

==================================================
  SpatialVLA (official) | foveated[blur/image/always] keep=20%
  task:    google_robot_pick_horizontal_coke_can
  파지율:  19/25 = 76.0%
  성공률:  19/25 = 76.0%
  평균스텝: 32
  ms/infer: 919  (latency; lower=faster)
==================================================
  --G- ep00 (id=0): 80 steps
  --G- ep01 (id=1): 80 steps
  --G- ep02 (id=2): 80 steps
  OKG+ ep03 (id=3): 37 steps
  OKG+ ep04 (id=4): 39 steps
  --G- ep05 (id=5): 80 steps
  --G- ep06 (id=6): 80 steps
  OKG+ ep07 (id=7): 14 steps
  OKG+ ep08 (id=8): 33 steps
  OKG+ ep09 (id=9): 12 steps
  --G- ep10 (id=10): 80 steps
  OKG+ ep11 (id=11): 14 steps
  OKG+ ep12 (id=12): 12 steps
  OKG+ ep13 (id=13): 13 steps
  OKG+ ep14 (id=14): 11 steps
  OKG+ ep15 (id=15): 18 steps
  OKG+ ep16 (id=16): 15 steps
  OKG+ ep17 (id=17): 13 steps
  OKG+ ep18 (id=18): 11 steps
  OKG+ ep19 (id=19): 10 steps
  OKG+ ep20 (id=20): 18 steps
  OKG+ ep21 (id=21): 15 steps
  OKG+ ep22 (id=22): 14 steps
  OKG+ ep23 (id=23): 9 steps
  OKG+ ep24 (id=24): 13 steps

saved: /content/BiVLA/results/spatialvla_fractal_0806/foveate_blur/google_robot_pick_horizontal_coke_can/results_google_robot_pick_horizontal_coke_can.json
