/content/vsim/lib/python3.10/site-packages/sapien/core/renderer_config.py:4: UserWarning: pkg_resources is deprecated as an API. See https://setuptools.pypa.io/en/latest/pkg_resources.html. The pkg_resources package is slated for removal as early as 2025-11-30. Refrain from using this package or pin to Setuptools<81.
  import pkg_resources
Some kwargs in processor config are unused and will not have any effect: num_obs_steps, action_chunk_size, bin_policy, obs_delta, statistics, action_config, intrinsic_config. 
*** policy_setup: google_robot, unnorm_key: fractal20220817_data/0.1.0 ***
Add 0 TRANSLATION TOKENS, tokenizer vocab size 257152 / 265347
Add 0 ROTATION TOKENS to tokenizer, tokenizer vocab size 257152 / 265347
Add 0 GRIPPER TOKENS to tokenizer, tokenizer vocab size 257152 / 265347

Loading checkpoint shards:   0%|          | 0/2 [00:00<?, ?it/s]
Loading checkpoint shards:  50%|█████     | 1/2 [00:00<00:00,  2.76it/s]
Loading checkpoint shards: 100%|██████████| 2/2 [00:00<00:00,  2.71it/s]
Loading checkpoint shards: 100%|██████████| 2/2 [00:00<00:00,  2.72it/s]
[OK] official SpatialVLAInference loaded (no wrapper, no DINO)

── ep 00 (env_id=0) ──
[2026-08-06 14:55:35.392] [svulkan2] [error] GLFW error: X11: The DISPLAY environment variable is missing
[2026-08-06 14:55:35.392] [svulkan2] [warning] Continue without GLFW.
/content/vsim/lib/python3.10/site-packages/gymnasium/core.py:311: UserWarning: [33mWARN: env.get_language_instruction to get variables from other wrappers is deprecated and will be removed in v1.0, to get this variable you can do `env.unwrapped.get_language_instruction` for environment variables or `env.get_wrapper_attr('get_language_instruction')` that will search the reminding wrappers.[0m
  logger.warn(
   instruction: pick coke can
The 'batch_size' attribute of HybridCache is deprecated and will be removed in v4.49. Use the more precisely named 'self.max_batch_size' attribute instead.
[ChunkProbe] raw_action['world_vector']: shape=(3,) type=ndarray
[ChunkProbe] raw_action['rotation_delta']: shape=(3,) type=ndarray
[ChunkProbe] raw_action['open_gripper']: shape=(1,) type=ndarray
[ChunkProbe] action['world_vector']: shape=(3,) type=ndarray
[ChunkProbe] action['rot_axangle']: shape=(3,) type=ndarray
[ChunkProbe] action['gripper']: shape=(1,) type=ndarray
[ChunkProbe] action['terminate_episode']: shape=(1,) type=ndarray
   → G+ SUCCESS  (27 steps, 966 ms/infer)

── ep 01 (env_id=1) ──
[2026-08-06 14:56:08.168] [svulkan2] [warning] A second renderer will share the same internal context with the first one. Arguments passed to constructor will be ignored.
   instruction: pick coke can
   → G+ SUCCESS  (17 steps, 923 ms/infer)

── ep 02 (env_id=2) ──
[2026-08-06 14:56:27.373] [svulkan2] [warning] A second renderer will share the same internal context with the first one. Arguments passed to constructor will be ignored.
   instruction: pick coke can
   → G+ SUCCESS  (19 steps, 921 ms/infer)

── ep 03 (env_id=3) ──
[2026-08-06 14:56:48.808] [svulkan2] [warning] A second renderer will share the same internal context with the first one. Arguments passed to constructor will be ignored.
   instruction: pick coke can
   → G+ SUCCESS  (22 steps, 922 ms/infer)

── ep 04 (env_id=4) ──
[2026-08-06 14:57:13.568] [svulkan2] [warning] A second renderer will share the same internal context with the first one. Arguments passed to constructor will be ignored.
   instruction: pick coke can
   → G+ SUCCESS  (18 steps, 916 ms/infer)

── ep 05 (env_id=5) ──
[2026-08-06 14:57:33.810] [svulkan2] [warning] A second renderer will share the same internal context with the first one. Arguments passed to constructor will be ignored.
   instruction: pick coke can
   → G+ SUCCESS  (17 steps, 914 ms/infer)

── ep 06 (env_id=6) ──
[2026-08-06 14:57:53.040] [svulkan2] [warning] A second renderer will share the same internal context with the first one. Arguments passed to constructor will be ignored.
   instruction: pick coke can
   → G+ SUCCESS  (19 steps, 917 ms/infer)

── ep 07 (env_id=7) ──
[2026-08-06 14:58:14.318] [svulkan2] [warning] A second renderer will share the same internal context with the first one. Arguments passed to constructor will be ignored.
   instruction: pick coke can
   → G+ SUCCESS  (17 steps, 916 ms/infer)

── ep 08 (env_id=8) ──
[2026-08-06 14:58:33.438] [svulkan2] [warning] A second renderer will share the same internal context with the first one. Arguments passed to constructor will be ignored.
   instruction: pick coke can
   → G+ SUCCESS  (17 steps, 919 ms/infer)

── ep 09 (env_id=9) ──
[2026-08-06 14:58:52.661] [svulkan2] [warning] A second renderer will share the same internal context with the first one. Arguments passed to constructor will be ignored.
   instruction: pick coke can
   → G+ SUCCESS  (22 steps, 918 ms/infer)

── ep 10 (env_id=10) ──
[2026-08-06 14:59:17.252] [svulkan2] [warning] A second renderer will share the same internal context with the first one. Arguments passed to constructor will be ignored.
   instruction: pick coke can
   → G+ SUCCESS  (17 steps, 917 ms/infer)

── ep 11 (env_id=11) ──
[2026-08-06 14:59:36.310] [svulkan2] [warning] A second renderer will share the same internal context with the first one. Arguments passed to constructor will be ignored.
   instruction: pick coke can
   → G+ SUCCESS  (19 steps, 915 ms/infer)

── ep 12 (env_id=12) ──
[2026-08-06 14:59:57.280] [svulkan2] [warning] A second renderer will share the same internal context with the first one. Arguments passed to constructor will be ignored.
   instruction: pick coke can
   → G+ SUCCESS  (17 steps, 922 ms/infer)

── ep 13 (env_id=13) ──
[2026-08-06 15:00:16.571] [svulkan2] [warning] A second renderer will share the same internal context with the first one. Arguments passed to constructor will be ignored.
   instruction: pick coke can
   → G+ SUCCESS  (23 steps, 920 ms/infer)

── ep 14 (env_id=14) ──
[2026-08-06 15:00:42.203] [svulkan2] [warning] A second renderer will share the same internal context with the first one. Arguments passed to constructor will be ignored.
   instruction: pick coke can
   → G+ SUCCESS  (14 steps, 918 ms/infer)

── ep 15 (env_id=15) ──
[2026-08-06 15:00:58.250] [svulkan2] [warning] A second renderer will share the same internal context with the first one. Arguments passed to constructor will be ignored.
   instruction: pick coke can
   → G+ SUCCESS  (19 steps, 913 ms/infer)

── ep 16 (env_id=16) ──
[2026-08-06 15:01:19.461] [svulkan2] [warning] A second renderer will share the same internal context with the first one. Arguments passed to constructor will be ignored.
   instruction: pick coke can
   → G- FAIL  (80 steps, 923 ms/infer)

── ep 17 (env_id=17) ──
[2026-08-06 15:02:46.135] [svulkan2] [warning] A second renderer will share the same internal context with the first one. Arguments passed to constructor will be ignored.
   instruction: pick coke can
   → G+ SUCCESS  (15 steps, 919 ms/infer)

── ep 18 (env_id=18) ──
[2026-08-06 15:03:03.257] [svulkan2] [warning] A second renderer will share the same internal context with the first one. Arguments passed to constructor will be ignored.
   instruction: pick coke can
   → G+ SUCCESS  (17 steps, 921 ms/infer)

── ep 19 (env_id=19) ──
[2026-08-06 15:03:22.544] [svulkan2] [warning] A second renderer will share the same internal context with the first one. Arguments passed to constructor will be ignored.
   instruction: pick coke can
   → G+ SUCCESS  (12 steps, 919 ms/infer)

── ep 20 (env_id=20) ──
[2026-08-06 15:03:36.372] [svulkan2] [warning] A second renderer will share the same internal context with the first one. Arguments passed to constructor will be ignored.
   instruction: pick coke can
   → G+ SUCCESS  (20 steps, 920 ms/infer)

── ep 21 (env_id=21) ──
[2026-08-06 15:03:58.799] [svulkan2] [warning] A second renderer will share the same internal context with the first one. Arguments passed to constructor will be ignored.
   instruction: pick coke can
   → G+ SUCCESS  (17 steps, 919 ms/infer)

── ep 22 (env_id=22) ──
[2026-08-06 15:04:17.934] [svulkan2] [warning] A second renderer will share the same internal context with the first one. Arguments passed to constructor will be ignored.
   instruction: pick coke can
   → G+ SUCCESS  (56 steps, 926 ms/infer)

── ep 23 (env_id=23) ──
[2026-08-06 15:05:19.829] [svulkan2] [warning] A second renderer will share the same internal context with the first one. Arguments passed to constructor will be ignored.
   instruction: pick coke can
   → G+ SUCCESS  (12 steps, 925 ms/infer)

── ep 24 (env_id=24) ──
[2026-08-06 15:05:33.843] [svulkan2] [warning] A second renderer will share the same internal context with the first one. Arguments passed to constructor will be ignored.
   instruction: pick coke can
   → G+ SUCCESS  (10 steps, 927 ms/infer)

==================================================
  SpatialVLA (official) | foveated[blur/image/always] keep=20%
  task:    google_robot_pick_standing_coke_can
  파지율:  24/25 = 96.0%
  성공률:  24/25 = 96.0%
  평균스텝: 22
  ms/infer: 921  (latency; lower=faster)
==================================================
  OKG+ ep00 (id=0): 27 steps
  OKG+ ep01 (id=1): 17 steps
  OKG+ ep02 (id=2): 19 steps
  OKG+ ep03 (id=3): 22 steps
  OKG+ ep04 (id=4): 18 steps
  OKG+ ep05 (id=5): 17 steps
  OKG+ ep06 (id=6): 19 steps
  OKG+ ep07 (id=7): 17 steps
  OKG+ ep08 (id=8): 17 steps
  OKG+ ep09 (id=9): 22 steps
  OKG+ ep10 (id=10): 17 steps
  OKG+ ep11 (id=11): 19 steps
  OKG+ ep12 (id=12): 17 steps
  OKG+ ep13 (id=13): 23 steps
  OKG+ ep14 (id=14): 14 steps
  OKG+ ep15 (id=15): 19 steps
  --G- ep16 (id=16): 80 steps
  OKG+ ep17 (id=17): 15 steps
  OKG+ ep18 (id=18): 17 steps
  OKG+ ep19 (id=19): 12 steps
  OKG+ ep20 (id=20): 20 steps
  OKG+ ep21 (id=21): 17 steps
  OKG+ ep22 (id=22): 56 steps
  OKG+ ep23 (id=23): 12 steps
  OKG+ ep24 (id=24): 10 steps

saved: /content/BiVLA/results/spatialvla_fractal_0806/foveate_blur/google_robot_pick_standing_coke_can/results_google_robot_pick_standing_coke_can.json
