/content/vsim/lib/python3.10/site-packages/sapien/core/renderer_config.py:4: UserWarning: pkg_resources is deprecated as an API. See https://setuptools.pypa.io/en/latest/pkg_resources.html. The pkg_resources package is slated for removal as early as 2025-11-30. Refrain from using this package or pin to Setuptools<81.
  import pkg_resources
Some kwargs in processor config are unused and will not have any effect: action_chunk_size, obs_delta, action_config, bin_policy, num_obs_steps, statistics, intrinsic_config. 
*** policy_setup: google_robot, unnorm_key: fractal20220817_data/0.1.0 ***
Add 0 TRANSLATION TOKENS, tokenizer vocab size 257152 / 265347
Add 0 ROTATION TOKENS to tokenizer, tokenizer vocab size 257152 / 265347
Add 0 GRIPPER TOKENS to tokenizer, tokenizer vocab size 257152 / 265347

Loading checkpoint shards:   0%|          | 0/2 [00:00<?, ?it/s]
Loading checkpoint shards:  50%|█████     | 1/2 [00:00<00:00,  2.75it/s]
Loading checkpoint shards: 100%|██████████| 2/2 [00:00<00:00,  2.68it/s]
Loading checkpoint shards: 100%|██████████| 2/2 [00:00<00:00,  2.69it/s]
[OK] official SpatialVLAInference loaded (no wrapper, no DINO)

── ep 00 (env_id=0) ──
[2026-08-06 14:41:39.021] [svulkan2] [error] GLFW error: X11: The DISPLAY environment variable is missing
[2026-08-06 14:41:39.021] [svulkan2] [warning] Continue without GLFW.
/content/vsim/lib/python3.10/site-packages/gymnasium/core.py:311: UserWarning: [33mWARN: env.get_language_instruction to get variables from other wrappers is deprecated and will be removed in v1.0, to get this variable you can do `env.unwrapped.get_language_instruction` for environment variables or `env.get_wrapper_attr('get_language_instruction')` that will search the reminding wrappers.[0m
  logger.warn(
   instruction: pick coke can
The 'batch_size' attribute of HybridCache is deprecated and will be removed in v4.49. Use the more precisely named 'self.max_batch_size' attribute instead.
[ChunkProbe] raw_action['world_vector']: shape=(3,) type=ndarray
[ChunkProbe] raw_action['rotation_delta']: shape=(3,) type=ndarray
[ChunkProbe] raw_action['open_gripper']: shape=(1,) type=ndarray
[ChunkProbe] action['world_vector']: shape=(3,) type=ndarray
[ChunkProbe] action['rot_axangle']: shape=(3,) type=ndarray
[ChunkProbe] action['gripper']: shape=(1,) type=ndarray
[ChunkProbe] action['terminate_episode']: shape=(1,) type=ndarray
   → G+ SUCCESS  (65 steps, 934 ms/infer)

── ep 01 (env_id=1) ──
[2026-08-06 14:42:52.518] [svulkan2] [warning] A second renderer will share the same internal context with the first one. Arguments passed to constructor will be ignored.
   instruction: pick coke can
   → G+ SUCCESS  (21 steps, 921 ms/infer)

── ep 02 (env_id=2) ──
[2026-08-06 14:43:15.934] [svulkan2] [warning] A second renderer will share the same internal context with the first one. Arguments passed to constructor will be ignored.
   instruction: pick coke can
   → G+ SUCCESS  (15 steps, 911 ms/infer)

── ep 03 (env_id=3) ──
[2026-08-06 14:43:32.913] [svulkan2] [warning] A second renderer will share the same internal context with the first one. Arguments passed to constructor will be ignored.
   instruction: pick coke can
   → G+ SUCCESS  (37 steps, 922 ms/infer)

── ep 04 (env_id=4) ──
[2026-08-06 14:44:14.000] [svulkan2] [warning] A second renderer will share the same internal context with the first one. Arguments passed to constructor will be ignored.
   instruction: pick coke can
   → G+ SUCCESS  (18 steps, 927 ms/infer)

── ep 05 (env_id=5) ──
[2026-08-06 14:44:34.441] [svulkan2] [warning] A second renderer will share the same internal context with the first one. Arguments passed to constructor will be ignored.
   instruction: pick coke can
   → G+ FAIL  (80 steps, 913 ms/infer)

── ep 06 (env_id=6) ──
[2026-08-06 14:46:01.980] [svulkan2] [warning] A second renderer will share the same internal context with the first one. Arguments passed to constructor will be ignored.
   instruction: pick coke can
   → G+ SUCCESS  (22 steps, 919 ms/infer)

── ep 07 (env_id=7) ──
[2026-08-06 14:46:26.542] [svulkan2] [warning] A second renderer will share the same internal context with the first one. Arguments passed to constructor will be ignored.
   instruction: pick coke can
   → G+ SUCCESS  (17 steps, 920 ms/infer)

── ep 08 (env_id=8) ──
[2026-08-06 14:46:45.811] [svulkan2] [warning] A second renderer will share the same internal context with the first one. Arguments passed to constructor will be ignored.
   instruction: pick coke can
   → G+ SUCCESS  (15 steps, 917 ms/infer)

── ep 09 (env_id=9) ──
[2026-08-06 14:47:02.888] [svulkan2] [warning] A second renderer will share the same internal context with the first one. Arguments passed to constructor will be ignored.
   instruction: pick coke can
   → G+ SUCCESS  (33 steps, 918 ms/infer)

── ep 10 (env_id=10) ──
[2026-08-06 14:47:39.126] [svulkan2] [warning] A second renderer will share the same internal context with the first one. Arguments passed to constructor will be ignored.
   instruction: pick coke can
   → G- FAIL  (80 steps, 916 ms/infer)

── ep 11 (env_id=11) ──
[2026-08-06 14:49:06.661] [svulkan2] [warning] A second renderer will share the same internal context with the first one. Arguments passed to constructor will be ignored.
   instruction: pick coke can
   → G+ SUCCESS  (20 steps, 917 ms/infer)

── ep 12 (env_id=12) ──
[2026-08-06 14:49:28.925] [svulkan2] [warning] A second renderer will share the same internal context with the first one. Arguments passed to constructor will be ignored.
   instruction: pick coke can
   → G+ SUCCESS  (18 steps, 923 ms/infer)

── ep 13 (env_id=13) ──
[2026-08-06 14:49:49.300] [svulkan2] [warning] A second renderer will share the same internal context with the first one. Arguments passed to constructor will be ignored.
   instruction: pick coke can
   → G+ SUCCESS  (15 steps, 921 ms/infer)

── ep 14 (env_id=14) ──
[2026-08-06 14:50:06.479] [svulkan2] [warning] A second renderer will share the same internal context with the first one. Arguments passed to constructor will be ignored.
   instruction: pick coke can
   → G+ SUCCESS  (14 steps, 921 ms/infer)

── ep 15 (env_id=15) ──
[2026-08-06 14:50:22.596] [svulkan2] [warning] A second renderer will share the same internal context with the first one. Arguments passed to constructor will be ignored.
   instruction: pick coke can
   → G+ SUCCESS  (21 steps, 921 ms/infer)

── ep 16 (env_id=16) ──
[2026-08-06 14:50:46.147] [svulkan2] [warning] A second renderer will share the same internal context with the first one. Arguments passed to constructor will be ignored.
   instruction: pick coke can
   → G+ SUCCESS  (16 steps, 910 ms/infer)

── ep 17 (env_id=17) ──
[2026-08-06 14:51:04.022] [svulkan2] [warning] A second renderer will share the same internal context with the first one. Arguments passed to constructor will be ignored.
   instruction: pick coke can
   → G+ SUCCESS  (17 steps, 913 ms/infer)

── ep 18 (env_id=18) ──
[2026-08-06 14:51:23.118] [svulkan2] [warning] A second renderer will share the same internal context with the first one. Arguments passed to constructor will be ignored.
   instruction: pick coke can
   → G+ SUCCESS  (16 steps, 914 ms/infer)

── ep 19 (env_id=19) ──
[2026-08-06 14:51:41.221] [svulkan2] [warning] A second renderer will share the same internal context with the first one. Arguments passed to constructor will be ignored.
   instruction: pick coke can
   → G+ SUCCESS  (15 steps, 919 ms/infer)

── ep 20 (env_id=20) ──
[2026-08-06 14:51:58.343] [svulkan2] [warning] A second renderer will share the same internal context with the first one. Arguments passed to constructor will be ignored.
   instruction: pick coke can
   → G+ FAIL  (80 steps, 917 ms/infer)

── ep 21 (env_id=21) ──
[2026-08-06 14:53:25.459] [svulkan2] [warning] A second renderer will share the same internal context with the first one. Arguments passed to constructor will be ignored.
   instruction: pick coke can
   → G+ SUCCESS  (21 steps, 914 ms/infer)

── ep 22 (env_id=22) ──
[2026-08-06 14:53:48.765] [svulkan2] [warning] A second renderer will share the same internal context with the first one. Arguments passed to constructor will be ignored.
   instruction: pick coke can
   → G+ SUCCESS  (42 steps, 918 ms/infer)

── ep 23 (env_id=23) ──
[2026-08-06 14:54:34.867] [svulkan2] [warning] A second renderer will share the same internal context with the first one. Arguments passed to constructor will be ignored.
   instruction: pick coke can
   → G+ SUCCESS  (17 steps, 909 ms/infer)

── ep 24 (env_id=24) ──
[2026-08-06 14:54:53.939] [svulkan2] [warning] A second renderer will share the same internal context with the first one. Arguments passed to constructor will be ignored.
   instruction: pick coke can
   → G+ SUCCESS  (23 steps, 915 ms/infer)

==================================================
  SpatialVLA (official) | foveated[blur/image/always] keep=20%
  task:    google_robot_pick_vertical_coke_can
  파지율:  24/25 = 96.0%
  성공률:  22/25 = 88.0%
  평균스텝: 30
  ms/infer: 918  (latency; lower=faster)
==================================================
  OKG+ ep00 (id=0): 65 steps
  OKG+ ep01 (id=1): 21 steps
  OKG+ ep02 (id=2): 15 steps
  OKG+ ep03 (id=3): 37 steps
  OKG+ ep04 (id=4): 18 steps
  --G+ ep05 (id=5): 80 steps
  OKG+ ep06 (id=6): 22 steps
  OKG+ ep07 (id=7): 17 steps
  OKG+ ep08 (id=8): 15 steps
  OKG+ ep09 (id=9): 33 steps
  --G- ep10 (id=10): 80 steps
  OKG+ ep11 (id=11): 20 steps
  OKG+ ep12 (id=12): 18 steps
  OKG+ ep13 (id=13): 15 steps
  OKG+ ep14 (id=14): 14 steps
  OKG+ ep15 (id=15): 21 steps
  OKG+ ep16 (id=16): 16 steps
  OKG+ ep17 (id=17): 17 steps
  OKG+ ep18 (id=18): 16 steps
  OKG+ ep19 (id=19): 15 steps
  --G+ ep20 (id=20): 80 steps
  OKG+ ep21 (id=21): 21 steps
  OKG+ ep22 (id=22): 42 steps
  OKG+ ep23 (id=23): 17 steps
  OKG+ ep24 (id=24): 23 steps

saved: /content/BiVLA/results/spatialvla_fractal_0806/foveate_blur/google_robot_pick_vertical_coke_can/results_google_robot_pick_vertical_coke_can.json
