/content/venv310/lib/python3.10/site-packages/sapien/core/renderer_config.py:4: UserWarning: pkg_resources is deprecated as an API. See https://setuptools.pypa.io/en/latest/pkg_resources.html. The pkg_resources package is slated for removal as early as 2025-11-30. Refrain from using this package or pin to Setuptools<81.
  import pkg_resources
[load] model=openvla_depth policy_setup=google_robot unnorm_key=(derived)
A new version of the following files was downloaded from https://huggingface.co/openvla/openvla-7b:
- processing_prismatic.py
. Make sure to double-check they do not contain any added malicious code. To avoid downloading new versions of the code file, you can pin a revision.
Using a slow image processor as `use_fast` is unset and a slow processor was saved with this model. `use_fast=True` will be the default behavior in v4.52, even if the model was saved with a slow processor. This will result in minor differences in outputs. You'll still be able to use a slow processor with `use_fast=False`.
A new version of the following files was downloaded from https://huggingface.co/openvla/openvla-7b:
- configuration_prismatic.py
. Make sure to double-check they do not contain any added malicious code. To avoid downloading new versions of the code file, you can pin a revision.
A new version of the following files was downloaded from https://huggingface.co/openvla/openvla-7b:
- modeling_prismatic.py
. Make sure to double-check they do not contain any added malicious code. To avoid downloading new versions of the code file, you can pin a revision.

Fetching 3 files:   0%|          | 0/3 [00:00<?, ?it/s]
Fetching 3 files:  33%|███▎      | 1/3 [00:09<00:18,  9.34s/it]
Fetching 3 files:  67%|██████▋   | 2/3 [00:38<00:19, 19.41s/it]
Fetching 3 files: 100%|██████████| 3/3 [00:40<00:00, 13.38s/it]
Fetching 3 files: 100%|██████████| 3/3 [00:40<00:00, 13.38s/it]
Expected `transformers==4.40.1` and `tokenizers==0.19.1` but got `transformers==4.53.3` and `tokenizers==0.21.4`; there might be inference-time regressions due to dependency changes. If in doubt, pleaseuse the above versions.

Loading checkpoint shards:   0%|          | 0/3 [00:00<?, ?it/s]
Loading checkpoint shards:  33%|███▎      | 1/3 [00:00<00:00,  7.66it/s]
Loading checkpoint shards: 100%|██████████| 3/3 [00:00<00:00, 18.61it/s]
[depth/openvla] static pruning ON: bypass 4 most-redundant layers; eligible 16..31 of 32
[ok] model loaded  unnorm_key=fractal20220817_data sticky_gripper=15

-- episode 00 (env_id=0) --
/content/venv310/lib/python3.10/site-packages/gymnasium/envs/registration.py:513: DeprecationWarning: [33mWARN: The environment MoveNearGoogleBakedTexInScene-v0 is out of date. You should consider upgrading to version `v1`.[0m
  logger.deprecation(
/content/venv310/lib/python3.10/site-packages/gymnasium/core.py:311: UserWarning: [33mWARN: env.get_language_instruction to get variables from other wrappers is deprecated and will be removed in v1.0, to get this variable you can do `env.unwrapped.get_language_instruction` for environment variables or `env.get_wrapper_attr('get_language_instruction')` that will search the reminding wrappers.[0m
  logger.warn(
instruction: move blue plastic bottle near pepsi can
[depth] calibrated: bypass=[17, 23, 27, 31]
/content/venv310/lib/python3.10/site-packages/gymnasium/core.py:311: UserWarning: [33mWARN: env.get_language_instruction to get variables from other wrappers is deprecated and will be removed in v1.0, to get this variable you can do `env.unwrapped.get_language_instruction` for environment variables or `env.get_wrapper_attr('get_language_instruction')` that will search the reminding wrappers.[0m
  logger.warn(
result: SUCCESS grasped=False steps=50 time=32.0s

-- episode 01 (env_id=1) --
/content/venv310/lib/python3.10/site-packages/gymnasium/envs/registration.py:513: DeprecationWarning: [33mWARN: The environment MoveNearGoogleBakedTexInScene-v0 is out of date. You should consider upgrading to version `v1`.[0m
  logger.deprecation(
[2026-08-11 05:38:14.363] [svulkan2] [warning] A second renderer will share the same internal context with the first one. Arguments passed to constructor will be ignored.
instruction: move blue plastic bottle near orange
result: FAIL grasped=False steps=80 time=46.1s

-- episode 02 (env_id=2) --
[2026-08-11 05:39:01.570] [svulkan2] [warning] A second renderer will share the same internal context with the first one. Arguments passed to constructor will be ignored.
instruction: move pepsi can near blue plastic bottle
result: SUCCESS grasped=False steps=28 time=16.5s

-- episode 03 (env_id=3) --
[2026-08-11 05:39:19.161] [svulkan2] [warning] A second renderer will share the same internal context with the first one. Arguments passed to constructor will be ignored.
instruction: move pepsi can near orange
result: SUCCESS grasped=False steps=33 time=19.2s

-- episode 04 (env_id=4) --
[2026-08-11 05:39:39.636] [svulkan2] [warning] A second renderer will share the same internal context with the first one. Arguments passed to constructor will be ignored.
instruction: move orange near blue plastic bottle
result: SUCCESS grasped=False steps=16 time=9.3s

-- episode 05 (env_id=5) --
[2026-08-11 05:39:50.014] [svulkan2] [warning] A second renderer will share the same internal context with the first one. Arguments passed to constructor will be ignored.
instruction: move orange near pepsi can
result: SUCCESS grasped=False steps=26 time=15.2s

-- episode 06 (env_id=6) --
[2026-08-11 05:40:06.450] [svulkan2] [warning] A second renderer will share the same internal context with the first one. Arguments passed to constructor will be ignored.
instruction: move blue plastic bottle near pepsi can
result: SUCCESS grasped=False steps=68 time=39.7s

-- episode 07 (env_id=7) --
[2026-08-11 05:40:47.266] [svulkan2] [warning] A second renderer will share the same internal context with the first one. Arguments passed to constructor will be ignored.
instruction: move blue plastic bottle near orange
result: SUCCESS grasped=False steps=53 time=30.8s

-- episode 08 (env_id=8) --
[2026-08-11 05:41:19.154] [svulkan2] [warning] A second renderer will share the same internal context with the first one. Arguments passed to constructor will be ignored.
instruction: move pepsi can near blue plastic bottle
result: SUCCESS grasped=False steps=28 time=16.4s

-- episode 09 (env_id=9) --
[2026-08-11 05:41:36.641] [svulkan2] [warning] A second renderer will share the same internal context with the first one. Arguments passed to constructor will be ignored.
instruction: move pepsi can near orange
result: SUCCESS grasped=False steps=32 time=18.7s

-- episode 10 (env_id=10) --
[2026-08-11 05:41:56.384] [svulkan2] [warning] A second renderer will share the same internal context with the first one. Arguments passed to constructor will be ignored.
instruction: move orange near blue plastic bottle
result: SUCCESS grasped=False steps=22 time=12.9s

-- episode 11 (env_id=11) --
[2026-08-11 05:42:10.348] [svulkan2] [warning] A second renderer will share the same internal context with the first one. Arguments passed to constructor will be ignored.
instruction: move orange near pepsi can
result: SUCCESS grasped=False steps=16 time=9.4s

-- episode 12 (env_id=12) --
[2026-08-11 05:42:20.829] [svulkan2] [warning] A second renderer will share the same internal context with the first one. Arguments passed to constructor will be ignored.
instruction: move 7up can near apple
result: FAIL grasped=False steps=80 time=46.3s

-- episode 13 (env_id=13) --
[2026-08-11 05:43:08.277] [svulkan2] [warning] A second renderer will share the same internal context with the first one. Arguments passed to constructor will be ignored.
instruction: move 7up can near sponge
result: SUCCESS grasped=False steps=33 time=19.2s

-- episode 14 (env_id=14) --
[2026-08-11 05:43:28.598] [svulkan2] [warning] A second renderer will share the same internal context with the first one. Arguments passed to constructor will be ignored.
instruction: move apple near 7up can
result: FAIL grasped=False steps=80 time=46.9s

-- episode 15 (env_id=15) --
[2026-08-11 05:44:16.540] [svulkan2] [warning] A second renderer will share the same internal context with the first one. Arguments passed to constructor will be ignored.
instruction: move apple near sponge
result: FAIL grasped=False steps=80 time=47.4s

-- episode 16 (env_id=16) --
[2026-08-11 05:45:05.045] [svulkan2] [warning] A second renderer will share the same internal context with the first one. Arguments passed to constructor will be ignored.
instruction: move sponge near 7up can
result: SUCCESS grasped=False steps=29 time=17.2s

-- episode 17 (env_id=17) --
[2026-08-11 05:45:23.273] [svulkan2] [warning] A second renderer will share the same internal context with the first one. Arguments passed to constructor will be ignored.
instruction: move sponge near apple
result: SUCCESS grasped=False steps=23 time=13.6s

-- episode 18 (env_id=18) --
[2026-08-11 05:45:37.913] [svulkan2] [warning] A second renderer will share the same internal context with the first one. Arguments passed to constructor will be ignored.
instruction: move 7up can near apple
result: FAIL grasped=False steps=80 time=47.5s

-- episode 19 (env_id=19) --
[2026-08-11 05:46:26.490] [svulkan2] [warning] A second renderer will share the same internal context with the first one. Arguments passed to constructor will be ignored.
instruction: move 7up can near sponge
result: FAIL grasped=False steps=80 time=47.4s

-- episode 20 (env_id=20) --
[2026-08-11 05:47:14.912] [svulkan2] [warning] A second renderer will share the same internal context with the first one. Arguments passed to constructor will be ignored.
instruction: move apple near 7up can
result: SUCCESS grasped=False steps=26 time=15.3s

-- episode 21 (env_id=21) --
[2026-08-11 05:47:31.262] [svulkan2] [warning] A second renderer will share the same internal context with the first one. Arguments passed to constructor will be ignored.
instruction: move apple near sponge
result: SUCCESS grasped=False steps=24 time=14.1s

-- episode 22 (env_id=22) --
[2026-08-11 05:47:46.428] [svulkan2] [warning] A second renderer will share the same internal context with the first one. Arguments passed to constructor will be ignored.
instruction: move sponge near 7up can
result: SUCCESS grasped=False steps=38 time=23.0s

-- episode 23 (env_id=23) --
[2026-08-11 05:48:10.535] [svulkan2] [warning] A second renderer will share the same internal context with the first one. Arguments passed to constructor will be ignored.
instruction: move sponge near apple
result: SUCCESS grasped=False steps=23 time=13.6s

-- episode 24 (env_id=24) --
[2026-08-11 05:48:25.204] [svulkan2] [warning] A second renderer will share the same internal context with the first one. Arguments passed to constructor will be ignored.
instruction: move coke can near redbull can
result: SUCCESS grasped=False steps=43 time=25.2s

-- episode 25 (env_id=25) --
[2026-08-11 05:48:51.513] [svulkan2] [warning] A second renderer will share the same internal context with the first one. Arguments passed to constructor will be ignored.
instruction: move coke can near apple
result: FAIL grasped=False steps=80 time=47.9s

-- episode 26 (env_id=26) --
[2026-08-11 05:49:40.514] [svulkan2] [warning] A second renderer will share the same internal context with the first one. Arguments passed to constructor will be ignored.
instruction: move redbull can near coke can
result: FAIL grasped=False steps=80 time=47.5s

-- episode 27 (env_id=27) --
[2026-08-11 05:50:28.983] [svulkan2] [warning] A second renderer will share the same internal context with the first one. Arguments passed to constructor will be ignored.
instruction: move redbull can near apple
result: SUCCESS grasped=False steps=20 time=11.7s

-- episode 28 (env_id=28) --
[2026-08-11 05:50:41.753] [svulkan2] [warning] A second renderer will share the same internal context with the first one. Arguments passed to constructor will be ignored.
instruction: move apple near coke can
result: SUCCESS grasped=False steps=24 time=14.1s

-- episode 29 (env_id=29) --
[2026-08-11 05:50:56.794] [svulkan2] [warning] A second renderer will share the same internal context with the first one. Arguments passed to constructor will be ignored.
instruction: move apple near redbull can
result: SUCCESS grasped=False steps=21 time=12.2s

-- episode 30 (env_id=30) --
[2026-08-11 05:51:10.017] [svulkan2] [warning] A second renderer will share the same internal context with the first one. Arguments passed to constructor will be ignored.
instruction: move coke can near redbull can
result: FAIL grasped=False steps=80 time=47.5s

-- episode 31 (env_id=31) --
[2026-08-11 05:51:58.259] [svulkan2] [warning] A second renderer will share the same internal context with the first one. Arguments passed to constructor will be ignored.
instruction: move coke can near apple
result: FAIL grasped=False steps=80 time=46.3s

-- episode 32 (env_id=32) --
[2026-08-11 05:52:45.615] [svulkan2] [warning] A second renderer will share the same internal context with the first one. Arguments passed to constructor will be ignored.
instruction: move redbull can near coke can
result: SUCCESS grasped=False steps=40 time=23.2s

-- episode 33 (env_id=33) --
[2026-08-11 05:53:09.879] [svulkan2] [warning] A second renderer will share the same internal context with the first one. Arguments passed to constructor will be ignored.
instruction: move redbull can near apple
result: SUCCESS grasped=False steps=37 time=21.6s

-- episode 34 (env_id=34) --
[2026-08-11 05:53:32.585] [svulkan2] [warning] A second renderer will share the same internal context with the first one. Arguments passed to constructor will be ignored.
instruction: move apple near coke can
result: FAIL grasped=False steps=80 time=49.3s

-- episode 35 (env_id=35) --
[2026-08-11 05:54:22.689] [svulkan2] [warning] A second renderer will share the same internal context with the first one. Arguments passed to constructor will be ignored.
instruction: move apple near redbull can
result: SUCCESS grasped=False steps=23 time=13.6s

-- episode 36 (env_id=36) --
[2026-08-11 05:54:37.089] [svulkan2] [warning] A second renderer will share the same internal context with the first one. Arguments passed to constructor will be ignored.
instruction: move sponge near blue plastic bottle
result: FAIL grasped=False steps=80 time=47.6s

-- episode 37 (env_id=37) --
[2026-08-11 05:55:25.701] [svulkan2] [warning] A second renderer will share the same internal context with the first one. Arguments passed to constructor will be ignored.
instruction: move sponge near 7up can
result: FAIL grasped=False steps=80 time=47.8s

-- episode 38 (env_id=38) --
[2026-08-11 05:56:14.575] [svulkan2] [warning] A second renderer will share the same internal context with the first one. Arguments passed to constructor will be ignored.
instruction: move blue plastic bottle near sponge
result: SUCCESS grasped=False steps=27 time=15.8s

-- episode 39 (env_id=39) --
[2026-08-11 05:56:31.445] [svulkan2] [warning] A second renderer will share the same internal context with the first one. Arguments passed to constructor will be ignored.
instruction: move blue plastic bottle near 7up can
result: SUCCESS grasped=False steps=52 time=30.2s

-- episode 40 (env_id=40) --
[2026-08-11 05:57:02.715] [svulkan2] [warning] A second renderer will share the same internal context with the first one. Arguments passed to constructor will be ignored.
instruction: move 7up can near sponge
result: SUCCESS grasped=False steps=45 time=26.4s

-- episode 41 (env_id=41) --
[2026-08-11 05:57:30.192] [svulkan2] [warning] A second renderer will share the same internal context with the first one. Arguments passed to constructor will be ignored.
instruction: move 7up can near blue plastic bottle
result: FAIL grasped=False steps=80 time=48.0s

-- episode 42 (env_id=42) --
[2026-08-11 05:58:19.212] [svulkan2] [warning] A second renderer will share the same internal context with the first one. Arguments passed to constructor will be ignored.
instruction: move sponge near blue plastic bottle
result: FAIL grasped=False steps=80 time=47.3s

-- episode 43 (env_id=43) --
[2026-08-11 05:59:07.553] [svulkan2] [warning] A second renderer will share the same internal context with the first one. Arguments passed to constructor will be ignored.
instruction: move sponge near 7up can
result: FAIL grasped=False steps=80 time=47.4s

-- episode 44 (env_id=44) --
[2026-08-11 05:59:55.952] [svulkan2] [warning] A second renderer will share the same internal context with the first one. Arguments passed to constructor will be ignored.
instruction: move blue plastic bottle near sponge
result: SUCCESS grasped=False steps=39 time=22.7s

-- episode 45 (env_id=45) --
[2026-08-11 06:00:19.707] [svulkan2] [warning] A second renderer will share the same internal context with the first one. Arguments passed to constructor will be ignored.
instruction: move blue plastic bottle near 7up can
result: SUCCESS grasped=False steps=44 time=26.0s

-- episode 46 (env_id=46) --
[2026-08-11 06:00:46.736] [svulkan2] [warning] A second renderer will share the same internal context with the first one. Arguments passed to constructor will be ignored.
instruction: move 7up can near sponge
result: SUCCESS grasped=False steps=19 time=11.1s

-- episode 47 (env_id=47) --
[2026-08-11 06:00:58.908] [svulkan2] [warning] A second renderer will share the same internal context with the first one. Arguments passed to constructor will be ignored.
instruction: move 7up can near blue plastic bottle
result: SUCCESS grasped=False steps=16 time=9.3s

-- episode 48 (env_id=48) --
[2026-08-11 06:01:09.306] [svulkan2] [warning] A second renderer will share the same internal context with the first one. Arguments passed to constructor will be ignored.
instruction: move orange near pepsi can
result: FAIL grasped=False steps=80 time=47.1s

-- episode 49 (env_id=49) --
[2026-08-11 06:01:57.431] [svulkan2] [warning] A second renderer will share the same internal context with the first one. Arguments passed to constructor will be ignored.
instruction: move orange near redbull can
result: SUCCESS grasped=False steps=47 time=27.5s

-- episode 50 (env_id=50) --
[2026-08-11 06:02:25.959] [svulkan2] [warning] A second renderer will share the same internal context with the first one. Arguments passed to constructor will be ignored.
instruction: move pepsi can near orange
result: FAIL grasped=False steps=80 time=47.5s

-- episode 51 (env_id=51) --
[2026-08-11 06:03:14.563] [svulkan2] [warning] A second renderer will share the same internal context with the first one. Arguments passed to constructor will be ignored.
instruction: move pepsi can near redbull can
result: SUCCESS grasped=False steps=68 time=39.6s

-- episode 52 (env_id=52) --
[2026-08-11 06:03:55.256] [svulkan2] [warning] A second renderer will share the same internal context with the first one. Arguments passed to constructor will be ignored.
instruction: move redbull can near orange
result: SUCCESS grasped=False steps=21 time=12.3s

-- episode 53 (env_id=53) --
[2026-08-11 06:04:08.572] [svulkan2] [warning] A second renderer will share the same internal context with the first one. Arguments passed to constructor will be ignored.
instruction: move redbull can near pepsi can
result: FAIL grasped=False steps=80 time=46.5s

-- episode 54 (env_id=54) --
[2026-08-11 06:04:56.080] [svulkan2] [warning] A second renderer will share the same internal context with the first one. Arguments passed to constructor will be ignored.
instruction: move orange near pepsi can
result: FAIL grasped=False steps=80 time=47.7s

-- episode 55 (env_id=55) --
[2026-08-11 06:05:44.822] [svulkan2] [warning] A second renderer will share the same internal context with the first one. Arguments passed to constructor will be ignored.
instruction: move orange near redbull can
result: FAIL grasped=False steps=80 time=47.8s

-- episode 56 (env_id=56) --
[2026-08-11 06:06:33.677] [svulkan2] [warning] A second renderer will share the same internal context with the first one. Arguments passed to constructor will be ignored.
instruction: move pepsi can near orange
result: FAIL grasped=False steps=80 time=46.6s

-- episode 57 (env_id=57) --
[2026-08-11 06:07:21.313] [svulkan2] [warning] A second renderer will share the same internal context with the first one. Arguments passed to constructor will be ignored.
instruction: move pepsi can near redbull can
result: SUCCESS grasped=False steps=42 time=25.3s

-- episode 58 (env_id=58) --
[2026-08-11 06:07:47.654] [svulkan2] [warning] A second renderer will share the same internal context with the first one. Arguments passed to constructor will be ignored.
instruction: move redbull can near orange
result: SUCCESS grasped=False steps=24 time=14.1s

-- episode 59 (env_id=59) --
[2026-08-11 06:08:02.851] [svulkan2] [warning] A second renderer will share the same internal context with the first one. Arguments passed to constructor will be ignored.
instruction: move redbull can near pepsi can
result: SUCCESS grasped=False steps=31 time=18.1s

==================================================
task:         google_robot_move_near_v0
model:        openvla_depth
setup:        google_robot (unnorm=fractal20220817_data, sticky=15)
success_rate: 38/60 = 63.3%
grasp_rate:   n/a (this env does not report a grasp signal)
avg_steps:    50
avg_elapsed:  29.6s
model_ms_per_infer: 459.5ms  (pure model forward pass, CUDA-synced)
model_ms_per_env_step: 459.5ms  (amortized over executed actions)
depth: bypassed 4 of 32 layers [17, 23, 27, 31]
==================================================
saved: /content/BiVLA_full/results/openvla_fractal_depth_control/prune4_gap3/google_robot_move_near_v0/results_google_robot_move_near_v0.json
