/content/venv310/lib/python3.10/site-packages/sapien/core/renderer_config.py:4: UserWarning: pkg_resources is deprecated as an API. See https://setuptools.pypa.io/en/latest/pkg_resources.html. The pkg_resources package is slated for removal as early as 2025-11-30. Refrain from using this package or pin to Setuptools<81.
  import pkg_resources
[load] model=openvla_depth policy_setup=google_robot unnorm_key=(derived)
Using a slow image processor as `use_fast` is unset and a slow processor was saved with this model. `use_fast=True` will be the default behavior in v4.52, even if the model was saved with a slow processor. This will result in minor differences in outputs. You'll still be able to use a slow processor with `use_fast=False`.
Expected `transformers==4.40.1` and `tokenizers==0.19.1` but got `transformers==4.53.3` and `tokenizers==0.21.4`; there might be inference-time regressions due to dependency changes. If in doubt, pleaseuse the above versions.

Loading checkpoint shards:   0%|          | 0/3 [00:00<?, ?it/s]
Loading checkpoint shards:  33%|███▎      | 1/3 [00:00<00:00,  7.56it/s]
Loading checkpoint shards: 100%|██████████| 3/3 [00:00<00:00, 18.18it/s]
[depth/openvla] static pruning ON: bypass 4 most-redundant layers; eligible 16..31 of 32
[ok] model loaded  unnorm_key=fractal20220817_data sticky_gripper=15

-- episode 00 (env_id=0) --
/content/venv310/lib/python3.10/site-packages/gymnasium/core.py:311: UserWarning: [33mWARN: env.get_language_instruction to get variables from other wrappers is deprecated and will be removed in v1.0, to get this variable you can do `env.unwrapped.get_language_instruction` for environment variables or `env.get_wrapper_attr('get_language_instruction')` that will search the reminding wrappers.[0m
  logger.warn(
instruction: pick coke can
[depth] calibrated: bypass=[17, 23, 27, 31]
/content/venv310/lib/python3.10/site-packages/gymnasium/core.py:311: UserWarning: [33mWARN: env.get_language_instruction to get variables from other wrappers is deprecated and will be removed in v1.0, to get this variable you can do `env.unwrapped.get_language_instruction` for environment variables or `env.get_wrapper_attr('get_language_instruction')` that will search the reminding wrappers.[0m
  logger.warn(
result: SUCCESS grasped=True steps=58 time=36.3s

-- episode 01 (env_id=1) --
[2026-08-11 06:47:16.099] [svulkan2] [warning] A second renderer will share the same internal context with the first one. Arguments passed to constructor will be ignored.
instruction: pick coke can
result: FAIL grasped=True steps=80 time=47.3s

-- episode 02 (env_id=2) --
[2026-08-11 06:48:04.343] [svulkan2] [warning] A second renderer will share the same internal context with the first one. Arguments passed to constructor will be ignored.
instruction: pick coke can
result: FAIL grasped=False steps=80 time=46.2s

-- episode 03 (env_id=3) --
[2026-08-11 06:48:51.467] [svulkan2] [warning] A second renderer will share the same internal context with the first one. Arguments passed to constructor will be ignored.
instruction: pick coke can
result: FAIL grasped=True steps=80 time=47.0s

-- episode 04 (env_id=4) --
[2026-08-11 06:49:39.567] [svulkan2] [warning] A second renderer will share the same internal context with the first one. Arguments passed to constructor will be ignored.
instruction: pick coke can
result: FAIL grasped=True steps=80 time=48.0s

-- episode 05 (env_id=5) --
[2026-08-11 06:50:28.573] [svulkan2] [warning] A second renderer will share the same internal context with the first one. Arguments passed to constructor will be ignored.
instruction: pick coke can
result: FAIL grasped=False steps=80 time=48.2s

-- episode 06 (env_id=6) --
[2026-08-11 06:51:17.878] [svulkan2] [warning] A second renderer will share the same internal context with the first one. Arguments passed to constructor will be ignored.
instruction: pick coke can
result: FAIL grasped=True steps=80 time=47.7s

-- episode 07 (env_id=7) --
[2026-08-11 06:52:06.570] [svulkan2] [warning] A second renderer will share the same internal context with the first one. Arguments passed to constructor will be ignored.
instruction: pick coke can
result: SUCCESS grasped=True steps=51 time=30.2s

-- episode 08 (env_id=8) --
[2026-08-11 06:52:37.767] [svulkan2] [warning] A second renderer will share the same internal context with the first one. Arguments passed to constructor will be ignored.
instruction: pick coke can
result: FAIL grasped=True steps=80 time=47.8s

-- episode 09 (env_id=9) --
[2026-08-11 06:53:26.558] [svulkan2] [warning] A second renderer will share the same internal context with the first one. Arguments passed to constructor will be ignored.
instruction: pick coke can
result: FAIL grasped=False steps=80 time=47.7s

-- episode 10 (env_id=10) --
[2026-08-11 06:54:15.420] [svulkan2] [warning] A second renderer will share the same internal context with the first one. Arguments passed to constructor will be ignored.
instruction: pick coke can
result: FAIL grasped=True steps=80 time=46.6s

-- episode 11 (env_id=11) --
[2026-08-11 06:55:02.950] [svulkan2] [warning] A second renderer will share the same internal context with the first one. Arguments passed to constructor will be ignored.
instruction: pick coke can
result: FAIL grasped=True steps=80 time=47.1s

-- episode 12 (env_id=12) --
[2026-08-11 06:55:50.803] [svulkan2] [warning] A second renderer will share the same internal context with the first one. Arguments passed to constructor will be ignored.
instruction: pick coke can
result: FAIL grasped=True steps=80 time=47.6s

-- episode 13 (env_id=13) --
[2026-08-11 06:56:39.300] [svulkan2] [warning] A second renderer will share the same internal context with the first one. Arguments passed to constructor will be ignored.
instruction: pick coke can
result: SUCCESS grasped=True steps=79 time=47.2s

-- episode 14 (env_id=14) --
[2026-08-11 06:57:27.420] [svulkan2] [warning] A second renderer will share the same internal context with the first one. Arguments passed to constructor will be ignored.
instruction: pick coke can
result: FAIL grasped=True steps=80 time=47.9s

-- episode 15 (env_id=15) --
[2026-08-11 06:58:16.315] [svulkan2] [warning] A second renderer will share the same internal context with the first one. Arguments passed to constructor will be ignored.
instruction: pick coke can
result: FAIL grasped=False steps=80 time=46.8s

-- episode 16 (env_id=16) --
[2026-08-11 06:59:04.048] [svulkan2] [warning] A second renderer will share the same internal context with the first one. Arguments passed to constructor will be ignored.
instruction: pick coke can
result: FAIL grasped=True steps=80 time=48.1s

-- episode 17 (env_id=17) --
[2026-08-11 06:59:53.091] [svulkan2] [warning] A second renderer will share the same internal context with the first one. Arguments passed to constructor will be ignored.
instruction: pick coke can
result: FAIL grasped=True steps=80 time=47.8s

-- episode 18 (env_id=18) --
[2026-08-11 07:00:41.877] [svulkan2] [warning] A second renderer will share the same internal context with the first one. Arguments passed to constructor will be ignored.
instruction: pick coke can
result: FAIL grasped=True steps=80 time=47.7s

-- episode 19 (env_id=19) --
[2026-08-11 07:01:30.482] [svulkan2] [warning] A second renderer will share the same internal context with the first one. Arguments passed to constructor will be ignored.
instruction: pick coke can
result: SUCCESS grasped=True steps=67 time=40.2s

-- episode 20 (env_id=20) --
[2026-08-11 07:02:11.577] [svulkan2] [warning] A second renderer will share the same internal context with the first one. Arguments passed to constructor will be ignored.
instruction: pick coke can
result: FAIL grasped=False steps=80 time=46.3s

-- episode 21 (env_id=21) --
[2026-08-11 07:02:58.819] [svulkan2] [warning] A second renderer will share the same internal context with the first one. Arguments passed to constructor will be ignored.
instruction: pick coke can
result: FAIL grasped=True steps=80 time=47.3s

-- episode 22 (env_id=22) --
[2026-08-11 07:03:47.018] [svulkan2] [warning] A second renderer will share the same internal context with the first one. Arguments passed to constructor will be ignored.
instruction: pick coke can
result: SUCCESS grasped=True steps=55 time=32.6s

-- episode 23 (env_id=23) --
[2026-08-11 07:04:20.489] [svulkan2] [warning] A second renderer will share the same internal context with the first one. Arguments passed to constructor will be ignored.
instruction: pick coke can
result: SUCCESS grasped=True steps=24 time=14.0s

-- episode 24 (env_id=24) --
[2026-08-11 07:04:35.491] [svulkan2] [warning] A second renderer will share the same internal context with the first one. Arguments passed to constructor will be ignored.
instruction: pick coke can
result: SUCCESS grasped=True steps=77 time=46.2s

==================================================
task:         google_robot_pick_standing_coke_can
model:        openvla_depth
setup:        google_robot (unnorm=fractal20220817_data, sticky=15)
success_rate: 7/25 = 28.0%
grasp_rate:   20/25 = 80.0%
avg_steps:    74
avg_elapsed:  44.0s
model_ms_per_infer: 459.5ms  (pure model forward pass, CUDA-synced)
model_ms_per_env_step: 459.5ms  (amortized over executed actions)
depth: bypassed 4 of 32 layers [17, 23, 27, 31]
==================================================
saved: /content/BiVLA_full/results/openvla_fractal_depth_control/prune4_gap3/google_robot_pick_standing_coke_can/results_google_robot_pick_standing_coke_can.json
