/content/vsim/lib/python3.10/site-packages/sapien/core/renderer_config.py:4: UserWarning: pkg_resources is deprecated as an API. See https://setuptools.pypa.io/en/latest/pkg_resources.html. The pkg_resources package is slated for removal as early as 2025-11-30. Refrain from using this package or pin to Setuptools<81.
  import pkg_resources
Some kwargs in processor config are unused and will not have any effect: intrinsic_config, action_config, bin_policy, num_obs_steps, obs_delta, statistics, action_chunk_size. 
*** policy_setup: widowx_bridge, unnorm_key: bridge_orig/1.0.0 ***
Add 0 TRANSLATION TOKENS, tokenizer vocab size 257152 / 265347
Add 0 ROTATION TOKENS to tokenizer, tokenizer vocab size 257152 / 265347
Add 0 GRIPPER TOKENS to tokenizer, tokenizer vocab size 257152 / 265347

Loading checkpoint shards:   0%|          | 0/2 [00:00<?, ?it/s]
Loading checkpoint shards:  50%|█████     | 1/2 [00:00<00:00,  2.71it/s]
Loading checkpoint shards: 100%|██████████| 2/2 [00:00<00:00,  2.68it/s]
Loading checkpoint shards: 100%|██████████| 2/2 [00:00<00:00,  2.69it/s]
[OK] official SpatialVLAInference loaded (no wrapper, no DINO)
[DepthPrune] Gemma2 has 26 decoder layers; will bypass 2 most-redundant (calibrate on step 0).

── ep 00 (env_id=0) ──
[2026-08-07 08:04:50.756] [svulkan2] [error] GLFW error: X11: The DISPLAY environment variable is missing
[2026-08-07 08:04:50.756] [svulkan2] [warning] Continue without GLFW.
/content/vsim/lib/python3.10/site-packages/gymnasium/core.py:311: UserWarning: [33mWARN: env.get_language_instruction to get variables from other wrappers is deprecated and will be removed in v1.0, to get this variable you can do `env.unwrapped.get_language_instruction` for environment variables or `env.get_wrapper_attr('get_language_instruction')` that will search the reminding wrappers.[0m
  logger.warn(
Control mode:  arm_pd_ee_target_delta_pose_align2_gripper_pd_joint_pos
   instruction: put the spoon on the towel
The 'batch_size' attribute of HybridCache is deprecated and will be removed in v4.49. Use the more precisely named 'self.max_batch_size' attribute instead.
[ChunkProbe] raw_action['world_vector']: shape=(3,) type=ndarray
[ChunkProbe] raw_action['rotation_delta']: shape=(3,) type=ndarray
[ChunkProbe] raw_action['open_gripper']: shape=(1,) type=ndarray
[ChunkProbe] action['world_vector']: shape=(3,) type=ndarray
[ChunkProbe] action['rot_axangle']: shape=(3,) type=ndarray
[ChunkProbe] action['gripper']: shape=(1,) type=ndarray
[ChunkProbe] action['terminate_episode']: shape=(1,) type=ndarray
[DepthPrune] mode=redundant calibrated; bypassing layers [12, 17] (ranking top: [17, 12, 9, 19, 10, 13])
[DepthPrune] per-layer redundancy (cos in/out): L0=0.0937, L1=0.6371, L2=0.5897, L3=0.7853, L4=0.7610, L5=0.9069, L6=0.8406, L7=0.8706, L8=0.9256, L9=0.9346, L10=0.9332, L11=0.9054, L12=0.9357, L13=0.9303, L14=0.9245, L15=0.9094, L16=0.9241, L17=0.9360, L18=0.9200, L19=0.9345, L20=0.9268, L21=0.9202, L22=0.8996, L23=0.9113, L24=0.8417, L25=0.7022
   → G- FAIL  (60 steps, 876 ms/infer)

── ep 01 (env_id=1) ──
[2026-08-07 08:05:49.655] [svulkan2] [warning] A second renderer will share the same internal context with the first one. Arguments passed to constructor will be ignored.
Control mode:  arm_pd_ee_target_delta_pose_align2_gripper_pd_joint_pos
   instruction: put the spoon on the towel
   → G- FAIL  (60 steps, 853 ms/infer)

── ep 02 (env_id=2) ──
[2026-08-07 08:06:45.876] [svulkan2] [warning] A second renderer will share the same internal context with the first one. Arguments passed to constructor will be ignored.
Control mode:  arm_pd_ee_target_delta_pose_align2_gripper_pd_joint_pos
   instruction: put the spoon on the towel
   → G- FAIL  (60 steps, 848 ms/infer)

── ep 03 (env_id=3) ──
[2026-08-07 08:07:41.729] [svulkan2] [warning] A second renderer will share the same internal context with the first one. Arguments passed to constructor will be ignored.
Control mode:  arm_pd_ee_target_delta_pose_align2_gripper_pd_joint_pos
   instruction: put the spoon on the towel
   → G- FAIL  (60 steps, 849 ms/infer)

── ep 04 (env_id=4) ──
[2026-08-07 08:08:37.653] [svulkan2] [warning] A second renderer will share the same internal context with the first one. Arguments passed to constructor will be ignored.
Control mode:  arm_pd_ee_target_delta_pose_align2_gripper_pd_joint_pos
   instruction: put the spoon on the towel
   → G- FAIL  (60 steps, 851 ms/infer)

── ep 05 (env_id=5) ──
[2026-08-07 08:09:33.686] [svulkan2] [warning] A second renderer will share the same internal context with the first one. Arguments passed to constructor will be ignored.
Control mode:  arm_pd_ee_target_delta_pose_align2_gripper_pd_joint_pos
   instruction: put the spoon on the towel
   → G- FAIL  (60 steps, 848 ms/infer)

── ep 06 (env_id=6) ──
[2026-08-07 08:10:29.544] [svulkan2] [warning] A second renderer will share the same internal context with the first one. Arguments passed to constructor will be ignored.
Control mode:  arm_pd_ee_target_delta_pose_align2_gripper_pd_joint_pos
   instruction: put the spoon on the towel
   → G- FAIL  (60 steps, 851 ms/infer)

── ep 07 (env_id=7) ──
[2026-08-07 08:11:25.556] [svulkan2] [warning] A second renderer will share the same internal context with the first one. Arguments passed to constructor will be ignored.
Control mode:  arm_pd_ee_target_delta_pose_align2_gripper_pd_joint_pos
   instruction: put the spoon on the towel
   → G- FAIL  (60 steps, 854 ms/infer)

── ep 08 (env_id=8) ──
[2026-08-07 08:12:21.782] [svulkan2] [warning] A second renderer will share the same internal context with the first one. Arguments passed to constructor will be ignored.
Control mode:  arm_pd_ee_target_delta_pose_align2_gripper_pd_joint_pos
   instruction: put the spoon on the towel
   → G- FAIL  (60 steps, 857 ms/infer)

── ep 09 (env_id=9) ──
[2026-08-07 08:13:18.187] [svulkan2] [warning] A second renderer will share the same internal context with the first one. Arguments passed to constructor will be ignored.
Control mode:  arm_pd_ee_target_delta_pose_align2_gripper_pd_joint_pos
   instruction: put the spoon on the towel
   → G- FAIL  (60 steps, 857 ms/infer)

── ep 10 (env_id=10) ──
[2026-08-07 08:14:14.552] [svulkan2] [warning] A second renderer will share the same internal context with the first one. Arguments passed to constructor will be ignored.
Control mode:  arm_pd_ee_target_delta_pose_align2_gripper_pd_joint_pos
   instruction: put the spoon on the towel
   → G- FAIL  (60 steps, 858 ms/infer)

── ep 11 (env_id=11) ──
[2026-08-07 08:15:10.985] [svulkan2] [warning] A second renderer will share the same internal context with the first one. Arguments passed to constructor will be ignored.
Control mode:  arm_pd_ee_target_delta_pose_align2_gripper_pd_joint_pos
   instruction: put the spoon on the towel
   → G- FAIL  (60 steps, 849 ms/infer)

── ep 12 (env_id=12) ──
[2026-08-07 08:16:07.080] [svulkan2] [warning] A second renderer will share the same internal context with the first one. Arguments passed to constructor will be ignored.
Control mode:  arm_pd_ee_target_delta_pose_align2_gripper_pd_joint_pos
   instruction: put the spoon on the towel
   → G- FAIL  (60 steps, 848 ms/infer)

── ep 13 (env_id=13) ──
[2026-08-07 08:17:03.418] [svulkan2] [warning] A second renderer will share the same internal context with the first one. Arguments passed to constructor will be ignored.
Control mode:  arm_pd_ee_target_delta_pose_align2_gripper_pd_joint_pos
   instruction: put the spoon on the towel
   → G- FAIL  (60 steps, 853 ms/infer)

── ep 14 (env_id=14) ──
[2026-08-07 08:17:59.684] [svulkan2] [warning] A second renderer will share the same internal context with the first one. Arguments passed to constructor will be ignored.
Control mode:  arm_pd_ee_target_delta_pose_align2_gripper_pd_joint_pos
   instruction: put the spoon on the towel
   → G- FAIL  (60 steps, 852 ms/infer)

── ep 15 (env_id=15) ──
[2026-08-07 08:18:55.767] [svulkan2] [warning] A second renderer will share the same internal context with the first one. Arguments passed to constructor will be ignored.
Control mode:  arm_pd_ee_target_delta_pose_align2_gripper_pd_joint_pos
   instruction: put the spoon on the towel
   → G- FAIL  (60 steps, 851 ms/infer)

── ep 16 (env_id=16) ──
[2026-08-07 08:19:51.942] [svulkan2] [warning] A second renderer will share the same internal context with the first one. Arguments passed to constructor will be ignored.
Control mode:  arm_pd_ee_target_delta_pose_align2_gripper_pd_joint_pos
   instruction: put the spoon on the towel
   → G- FAIL  (60 steps, 851 ms/infer)

── ep 17 (env_id=17) ──
[2026-08-07 08:20:47.980] [svulkan2] [warning] A second renderer will share the same internal context with the first one. Arguments passed to constructor will be ignored.
Control mode:  arm_pd_ee_target_delta_pose_align2_gripper_pd_joint_pos
   instruction: put the spoon on the towel
   → G- FAIL  (60 steps, 850 ms/infer)

── ep 18 (env_id=18) ──
[2026-08-07 08:21:43.923] [svulkan2] [warning] A second renderer will share the same internal context with the first one. Arguments passed to constructor will be ignored.
Control mode:  arm_pd_ee_target_delta_pose_align2_gripper_pd_joint_pos
   instruction: put the spoon on the towel
   → G- FAIL  (60 steps, 850 ms/infer)

── ep 19 (env_id=19) ──
[2026-08-07 08:22:39.884] [svulkan2] [warning] A second renderer will share the same internal context with the first one. Arguments passed to constructor will be ignored.
Control mode:  arm_pd_ee_target_delta_pose_align2_gripper_pd_joint_pos
   instruction: put the spoon on the towel
   → G- FAIL  (60 steps, 847 ms/infer)

── ep 20 (env_id=20) ──
[2026-08-07 08:23:35.650] [svulkan2] [warning] A second renderer will share the same internal context with the first one. Arguments passed to constructor will be ignored.
Control mode:  arm_pd_ee_target_delta_pose_align2_gripper_pd_joint_pos
   instruction: put the spoon on the towel
   → G- FAIL  (60 steps, 856 ms/infer)

── ep 21 (env_id=21) ──
[2026-08-07 08:24:31.973] [svulkan2] [warning] A second renderer will share the same internal context with the first one. Arguments passed to constructor will be ignored.
Control mode:  arm_pd_ee_target_delta_pose_align2_gripper_pd_joint_pos
   instruction: put the spoon on the towel
   → G- FAIL  (60 steps, 859 ms/infer)

── ep 22 (env_id=22) ──
[2026-08-07 08:25:28.535] [svulkan2] [warning] A second renderer will share the same internal context with the first one. Arguments passed to constructor will be ignored.
Control mode:  arm_pd_ee_target_delta_pose_align2_gripper_pd_joint_pos
   instruction: put the spoon on the towel
   → G- FAIL  (60 steps, 860 ms/infer)

── ep 23 (env_id=23) ──
[2026-08-07 08:26:25.136] [svulkan2] [warning] A second renderer will share the same internal context with the first one. Arguments passed to constructor will be ignored.
Control mode:  arm_pd_ee_target_delta_pose_align2_gripper_pd_joint_pos
   instruction: put the spoon on the towel
   → G- FAIL  (60 steps, 859 ms/infer)

==================================================
  SpatialVLA (official) | depth-prune=2 mode=redundant (layers [12, 17])
  task:    widowx_spoon_on_towel
  파지율:  0/24 = 0.0%
  성공률:  0/24 = 0.0%
  평균스텝: 60
  ms/infer: 854  (latency; lower=faster)
==================================================
  --G- ep00 (id=0): 60 steps
  --G- ep01 (id=1): 60 steps
  --G- ep02 (id=2): 60 steps
  --G- ep03 (id=3): 60 steps
  --G- ep04 (id=4): 60 steps
  --G- ep05 (id=5): 60 steps
  --G- ep06 (id=6): 60 steps
  --G- ep07 (id=7): 60 steps
  --G- ep08 (id=8): 60 steps
  --G- ep09 (id=9): 60 steps
  --G- ep10 (id=10): 60 steps
  --G- ep11 (id=11): 60 steps
  --G- ep12 (id=12): 60 steps
  --G- ep13 (id=13): 60 steps
  --G- ep14 (id=14): 60 steps
  --G- ep15 (id=15): 60 steps
  --G- ep16 (id=16): 60 steps
  --G- ep17 (id=17): 60 steps
  --G- ep18 (id=18): 60 steps
  --G- ep19 (id=19): 60 steps
  --G- ep20 (id=20): 60 steps
  --G- ep21 (id=21): 60 steps
  --G- ep22 (id=22): 60 steps
  --G- ep23 (id=23): 60 steps

saved: /content/BiVLA/results/spatialvla_bridge_0805/depth_prune2/widowx_spoon_on_towel/results_widowx_spoon_on_towel.json
