/content/vsim/lib/python3.10/site-packages/sapien/core/renderer_config.py:4: UserWarning: pkg_resources is deprecated as an API. See https://setuptools.pypa.io/en/latest/pkg_resources.html. The pkg_resources package is slated for removal as early as 2025-11-30. Refrain from using this package or pin to Setuptools<81.
  import pkg_resources
Some kwargs in processor config are unused and will not have any effect: bin_policy, num_obs_steps, action_config, obs_delta, statistics, action_chunk_size, intrinsic_config. 
*** policy_setup: widowx_bridge, unnorm_key: bridge_orig/1.0.0 ***
Add 0 TRANSLATION TOKENS, tokenizer vocab size 257152 / 265347
Add 0 ROTATION TOKENS to tokenizer, tokenizer vocab size 257152 / 265347
Add 0 GRIPPER TOKENS to tokenizer, tokenizer vocab size 257152 / 265347

Loading checkpoint shards:   0%|          | 0/2 [00:00<?, ?it/s]
Loading checkpoint shards:  50%|█████     | 1/2 [00:00<00:00,  2.78it/s]
Loading checkpoint shards: 100%|██████████| 2/2 [00:00<00:00,  2.71it/s]
Loading checkpoint shards: 100%|██████████| 2/2 [00:00<00:00,  2.71it/s]
[OK] official SpatialVLAInference loaded (no wrapper, no DINO)
[DepthPrune] Gemma2 has 26 decoder layers; will bypass 2 most-redundant (calibrate on step 0).

── ep 00 (env_id=0) ──
[2026-08-07 08:27:37.613] [svulkan2] [error] GLFW error: X11: The DISPLAY environment variable is missing
[2026-08-07 08:27:37.613] [svulkan2] [warning] Continue without GLFW.
/content/vsim/lib/python3.10/site-packages/gymnasium/core.py:311: UserWarning: [33mWARN: env.get_language_instruction to get variables from other wrappers is deprecated and will be removed in v1.0, to get this variable you can do `env.unwrapped.get_language_instruction` for environment variables or `env.get_wrapper_attr('get_language_instruction')` that will search the reminding wrappers.[0m
  logger.warn(
Control mode:  arm_pd_ee_target_delta_pose_align2_gripper_pd_joint_pos
   instruction: put carrot on plate
The 'batch_size' attribute of HybridCache is deprecated and will be removed in v4.49. Use the more precisely named 'self.max_batch_size' attribute instead.
[ChunkProbe] raw_action['world_vector']: shape=(3,) type=ndarray
[ChunkProbe] raw_action['rotation_delta']: shape=(3,) type=ndarray
[ChunkProbe] raw_action['open_gripper']: shape=(1,) type=ndarray
[ChunkProbe] action['world_vector']: shape=(3,) type=ndarray
[ChunkProbe] action['rot_axangle']: shape=(3,) type=ndarray
[ChunkProbe] action['gripper']: shape=(1,) type=ndarray
[ChunkProbe] action['terminate_episode']: shape=(1,) type=ndarray
[DepthPrune] mode=redundant calibrated; bypassing layers [10, 19] (ranking top: [10, 19, 9, 17, 12, 20])
[DepthPrune] per-layer redundancy (cos in/out): L0=0.0973, L1=0.6306, L2=0.5786, L3=0.7622, L4=0.7456, L5=0.9037, L6=0.8409, L7=0.8578, L8=0.9272, L9=0.9371, L10=0.9387, L11=0.9113, L12=0.9330, L13=0.9283, L14=0.9205, L15=0.9067, L16=0.9226, L17=0.9341, L18=0.9287, L19=0.9377, L20=0.9320, L21=0.9239, L22=0.9000, L23=0.9104, L24=0.8462, L25=0.6942
   → G+ FAIL  (60 steps, 876 ms/infer)

── ep 01 (env_id=1) ──
[2026-08-07 08:28:36.182] [svulkan2] [warning] A second renderer will share the same internal context with the first one. Arguments passed to constructor will be ignored.
Control mode:  arm_pd_ee_target_delta_pose_align2_gripper_pd_joint_pos
   instruction: put carrot on plate
   → G- FAIL  (60 steps, 849 ms/infer)

── ep 02 (env_id=2) ──
[2026-08-07 08:29:31.968] [svulkan2] [warning] A second renderer will share the same internal context with the first one. Arguments passed to constructor will be ignored.
Control mode:  arm_pd_ee_target_delta_pose_align2_gripper_pd_joint_pos
   instruction: put carrot on plate
   → G+ SUCCESS  (53 steps, 842 ms/infer)

── ep 03 (env_id=3) ──
[2026-08-07 08:30:21.015] [svulkan2] [warning] A second renderer will share the same internal context with the first one. Arguments passed to constructor will be ignored.
Control mode:  arm_pd_ee_target_delta_pose_align2_gripper_pd_joint_pos
   instruction: put carrot on plate
   → G- FAIL  (60 steps, 851 ms/infer)

── ep 04 (env_id=4) ──
[2026-08-07 08:31:16.820] [svulkan2] [warning] A second renderer will share the same internal context with the first one. Arguments passed to constructor will be ignored.
Control mode:  arm_pd_ee_target_delta_pose_align2_gripper_pd_joint_pos
   instruction: put carrot on plate
   → G+ SUCCESS  (40 steps, 855 ms/infer)

── ep 05 (env_id=5) ──
[2026-08-07 08:31:54.582] [svulkan2] [warning] A second renderer will share the same internal context with the first one. Arguments passed to constructor will be ignored.
Control mode:  arm_pd_ee_target_delta_pose_align2_gripper_pd_joint_pos
   instruction: put carrot on plate
   → G- FAIL  (60 steps, 850 ms/infer)

── ep 06 (env_id=6) ──
[2026-08-07 08:32:50.359] [svulkan2] [warning] A second renderer will share the same internal context with the first one. Arguments passed to constructor will be ignored.
Control mode:  arm_pd_ee_target_delta_pose_align2_gripper_pd_joint_pos
   instruction: put carrot on plate
   → G+ FAIL  (60 steps, 851 ms/infer)

── ep 07 (env_id=7) ──
[2026-08-07 08:33:46.327] [svulkan2] [warning] A second renderer will share the same internal context with the first one. Arguments passed to constructor will be ignored.
Control mode:  arm_pd_ee_target_delta_pose_align2_gripper_pd_joint_pos
   instruction: put carrot on plate
   → G+ FAIL  (60 steps, 853 ms/infer)

── ep 08 (env_id=8) ──
[2026-08-07 08:34:42.428] [svulkan2] [warning] A second renderer will share the same internal context with the first one. Arguments passed to constructor will be ignored.
Control mode:  arm_pd_ee_target_delta_pose_align2_gripper_pd_joint_pos
   instruction: put carrot on plate
   → G- FAIL  (60 steps, 852 ms/infer)

── ep 09 (env_id=9) ──
[2026-08-07 08:35:38.363] [svulkan2] [warning] A second renderer will share the same internal context with the first one. Arguments passed to constructor will be ignored.
Control mode:  arm_pd_ee_target_delta_pose_align2_gripper_pd_joint_pos
   instruction: put carrot on plate
   → G- FAIL  (60 steps, 850 ms/infer)

── ep 10 (env_id=10) ──
[2026-08-07 08:36:34.227] [svulkan2] [warning] A second renderer will share the same internal context with the first one. Arguments passed to constructor will be ignored.
Control mode:  arm_pd_ee_target_delta_pose_align2_gripper_pd_joint_pos
   instruction: put carrot on plate
   → G- FAIL  (60 steps, 857 ms/infer)

── ep 11 (env_id=11) ──
[2026-08-07 08:37:30.461] [svulkan2] [warning] A second renderer will share the same internal context with the first one. Arguments passed to constructor will be ignored.
Control mode:  arm_pd_ee_target_delta_pose_align2_gripper_pd_joint_pos
   instruction: put carrot on plate
   → G- FAIL  (60 steps, 854 ms/infer)

── ep 12 (env_id=12) ──
[2026-08-07 08:38:26.543] [svulkan2] [warning] A second renderer will share the same internal context with the first one. Arguments passed to constructor will be ignored.
Control mode:  arm_pd_ee_target_delta_pose_align2_gripper_pd_joint_pos
   instruction: put carrot on plate
   → G- FAIL  (60 steps, 850 ms/infer)

── ep 13 (env_id=13) ──
[2026-08-07 08:39:22.508] [svulkan2] [warning] A second renderer will share the same internal context with the first one. Arguments passed to constructor will be ignored.
Control mode:  arm_pd_ee_target_delta_pose_align2_gripper_pd_joint_pos
   instruction: put carrot on plate
   → G- FAIL  (60 steps, 851 ms/infer)

── ep 14 (env_id=14) ──
[2026-08-07 08:40:18.437] [svulkan2] [warning] A second renderer will share the same internal context with the first one. Arguments passed to constructor will be ignored.
Control mode:  arm_pd_ee_target_delta_pose_align2_gripper_pd_joint_pos
   instruction: put carrot on plate
   → G+ FAIL  (60 steps, 847 ms/infer)

── ep 15 (env_id=15) ──
[2026-08-07 08:41:14.227] [svulkan2] [warning] A second renderer will share the same internal context with the first one. Arguments passed to constructor will be ignored.
Control mode:  arm_pd_ee_target_delta_pose_align2_gripper_pd_joint_pos
   instruction: put carrot on plate
   → G- FAIL  (60 steps, 850 ms/infer)

── ep 16 (env_id=16) ──
[2026-08-07 08:42:10.169] [svulkan2] [warning] A second renderer will share the same internal context with the first one. Arguments passed to constructor will be ignored.
Control mode:  arm_pd_ee_target_delta_pose_align2_gripper_pd_joint_pos
   instruction: put carrot on plate
   → G- FAIL  (60 steps, 849 ms/infer)

── ep 17 (env_id=17) ──
[2026-08-07 08:43:05.921] [svulkan2] [warning] A second renderer will share the same internal context with the first one. Arguments passed to constructor will be ignored.
Control mode:  arm_pd_ee_target_delta_pose_align2_gripper_pd_joint_pos
   instruction: put carrot on plate
   → G- FAIL  (60 steps, 846 ms/infer)

── ep 18 (env_id=18) ──
[2026-08-07 08:44:01.709] [svulkan2] [warning] A second renderer will share the same internal context with the first one. Arguments passed to constructor will be ignored.
Control mode:  arm_pd_ee_target_delta_pose_align2_gripper_pd_joint_pos
   instruction: put carrot on plate
   → G+ SUCCESS  (25 steps, 850 ms/infer)

── ep 19 (env_id=19) ──
[2026-08-07 08:44:25.355] [svulkan2] [warning] A second renderer will share the same internal context with the first one. Arguments passed to constructor will be ignored.
Control mode:  arm_pd_ee_target_delta_pose_align2_gripper_pd_joint_pos
   instruction: put carrot on plate
   → G- FAIL  (60 steps, 855 ms/infer)

── ep 20 (env_id=20) ──
[2026-08-07 08:45:21.668] [svulkan2] [warning] A second renderer will share the same internal context with the first one. Arguments passed to constructor will be ignored.
Control mode:  arm_pd_ee_target_delta_pose_align2_gripper_pd_joint_pos
   instruction: put carrot on plate
   → G- FAIL  (60 steps, 858 ms/infer)

── ep 21 (env_id=21) ──
[2026-08-07 08:46:18.048] [svulkan2] [warning] A second renderer will share the same internal context with the first one. Arguments passed to constructor will be ignored.
Control mode:  arm_pd_ee_target_delta_pose_align2_gripper_pd_joint_pos
   instruction: put carrot on plate
   → G- FAIL  (60 steps, 849 ms/infer)

── ep 22 (env_id=22) ──
[2026-08-07 08:47:13.862] [svulkan2] [warning] A second renderer will share the same internal context with the first one. Arguments passed to constructor will be ignored.
Control mode:  arm_pd_ee_target_delta_pose_align2_gripper_pd_joint_pos
   instruction: put carrot on plate
   → G+ SUCCESS  (29 steps, 847 ms/infer)

── ep 23 (env_id=23) ──
[2026-08-07 08:47:41.124] [svulkan2] [warning] A second renderer will share the same internal context with the first one. Arguments passed to constructor will be ignored.
Control mode:  arm_pd_ee_target_delta_pose_align2_gripper_pd_joint_pos
   instruction: put carrot on plate
   → G- FAIL  (60 steps, 849 ms/infer)

==================================================
  SpatialVLA (official) | depth-prune=2 mode=redundant (layers [10, 19])
  task:    widowx_carrot_on_plate
  파지율:  8/24 = 33.3%
  성공률:  4/24 = 16.7%
  평균스텝: 56
  ms/infer: 852  (latency; lower=faster)
==================================================
  --G+ ep00 (id=0): 60 steps
  --G- ep01 (id=1): 60 steps
  OKG+ ep02 (id=2): 53 steps
  --G- ep03 (id=3): 60 steps
  OKG+ ep04 (id=4): 40 steps
  --G- ep05 (id=5): 60 steps
  --G+ ep06 (id=6): 60 steps
  --G+ ep07 (id=7): 60 steps
  --G- ep08 (id=8): 60 steps
  --G- ep09 (id=9): 60 steps
  --G- ep10 (id=10): 60 steps
  --G- ep11 (id=11): 60 steps
  --G- ep12 (id=12): 60 steps
  --G- ep13 (id=13): 60 steps
  --G+ ep14 (id=14): 60 steps
  --G- ep15 (id=15): 60 steps
  --G- ep16 (id=16): 60 steps
  --G- ep17 (id=17): 60 steps
  OKG+ ep18 (id=18): 25 steps
  --G- ep19 (id=19): 60 steps
  --G- ep20 (id=20): 60 steps
  --G- ep21 (id=21): 60 steps
  OKG+ ep22 (id=22): 29 steps
  --G- ep23 (id=23): 60 steps

saved: /content/BiVLA/results/spatialvla_bridge_0805/depth_prune2/widowx_carrot_on_plate/results_widowx_carrot_on_plate.json
