/content/venv310/lib/python3.10/site-packages/sapien/core/renderer_config.py:4: UserWarning: pkg_resources is deprecated as an API. See https://setuptools.pypa.io/en/latest/pkg_resources.html. The pkg_resources package is slated for removal as early as 2025-11-30. Refrain from using this package or pin to Setuptools<81.
  import pkg_resources
[load] model=openvla_foveated policy_setup=widowx_bridge unnorm_key=(derived)
Using a slow image processor as `use_fast` is unset and a slow processor was saved with this model. `use_fast=True` will be the default behavior in v4.52, even if the model was saved with a slow processor. This will result in minor differences in outputs. You'll still be able to use a slow processor with `use_fast=False`.
Expected `transformers==4.40.1` and `tokenizers==0.19.1` but got `transformers==4.53.3` and `tokenizers==0.21.4`; there might be inference-time regressions due to dependency changes. If in doubt, pleaseuse the above versions.

Loading checkpoint shards:   0%|          | 0/3 [00:00<?, ?it/s]
Loading checkpoint shards:  33%|███▎      | 1/3 [00:00<00:00,  7.72it/s]
Loading checkpoint shards: 100%|██████████| 3/3 [00:00<00:00, 18.68it/s]
[ok] model loaded  unnorm_key=bridge_orig sticky_gripper=1

-- episode 00 (env_id=0) --
/content/venv310/lib/python3.10/site-packages/gymnasium/core.py:311: UserWarning: [33mWARN: env.get_language_instruction to get variables from other wrappers is deprecated and will be removed in v1.0, to get this variable you can do `env.unwrapped.get_language_instruction` for environment variables or `env.get_wrapper_attr('get_language_instruction')` that will search the reminding wrappers.[0m
  logger.warn(
Control mode:  arm_pd_ee_target_delta_pose_align2_gripper_pd_joint_pos
instruction: put eggplant into yellow basket
/content/venv310/lib/python3.10/site-packages/gymnasium/core.py:311: UserWarning: [33mWARN: env.get_language_instruction to get variables from other wrappers is deprecated and will be removed in v1.0, to get this variable you can do `env.unwrapped.get_language_instruction` for environment variables or `env.get_wrapper_attr('get_language_instruction')` that will search the reminding wrappers.[0m
  logger.warn(
result: FAIL grasped=True steps=120 time=75.3s

-- episode 01 (env_id=1) --
[2026-08-11 02:29:26.056] [svulkan2] [warning] A second renderer will share the same internal context with the first one. Arguments passed to constructor will be ignored.
Control mode:  arm_pd_ee_target_delta_pose_align2_gripper_pd_joint_pos
instruction: put eggplant into yellow basket
result: FAIL grasped=True steps=120 time=74.8s

-- episode 02 (env_id=2) --
[2026-08-11 02:30:41.881] [svulkan2] [warning] A second renderer will share the same internal context with the first one. Arguments passed to constructor will be ignored.
Control mode:  arm_pd_ee_target_delta_pose_align2_gripper_pd_joint_pos
instruction: put eggplant into yellow basket
result: SUCCESS grasped=True steps=34 time=20.9s

-- episode 03 (env_id=3) --
[2026-08-11 02:31:03.878] [svulkan2] [warning] A second renderer will share the same internal context with the first one. Arguments passed to constructor will be ignored.
Control mode:  arm_pd_ee_target_delta_pose_align2_gripper_pd_joint_pos
instruction: put eggplant into yellow basket
result: SUCCESS grasped=True steps=34 time=20.9s

-- episode 04 (env_id=4) --
[2026-08-11 02:31:25.876] [svulkan2] [warning] A second renderer will share the same internal context with the first one. Arguments passed to constructor will be ignored.
Control mode:  arm_pd_ee_target_delta_pose_align2_gripper_pd_joint_pos
instruction: put eggplant into yellow basket
result: SUCCESS grasped=True steps=26 time=16.1s

-- episode 05 (env_id=5) --
[2026-08-11 02:31:43.019] [svulkan2] [warning] A second renderer will share the same internal context with the first one. Arguments passed to constructor will be ignored.
Control mode:  arm_pd_ee_target_delta_pose_align2_gripper_pd_joint_pos
instruction: put eggplant into yellow basket
result: SUCCESS grasped=True steps=45 time=28.2s

-- episode 06 (env_id=6) --
[2026-08-11 02:32:12.226] [svulkan2] [warning] A second renderer will share the same internal context with the first one. Arguments passed to constructor will be ignored.
Control mode:  arm_pd_ee_target_delta_pose_align2_gripper_pd_joint_pos
instruction: put eggplant into yellow basket
result: FAIL grasped=False steps=120 time=75.4s

-- episode 07 (env_id=7) --
[2026-08-11 02:33:28.654] [svulkan2] [warning] A second renderer will share the same internal context with the first one. Arguments passed to constructor will be ignored.
Control mode:  arm_pd_ee_target_delta_pose_align2_gripper_pd_joint_pos
instruction: put eggplant into yellow basket
result: SUCCESS grasped=True steps=22 time=13.5s

-- episode 08 (env_id=8) --
[2026-08-11 02:33:43.197] [svulkan2] [warning] A second renderer will share the same internal context with the first one. Arguments passed to constructor will be ignored.
Control mode:  arm_pd_ee_target_delta_pose_align2_gripper_pd_joint_pos
instruction: put eggplant into yellow basket
result: SUCCESS grasped=True steps=24 time=14.8s

-- episode 09 (env_id=9) --
[2026-08-11 02:33:59.004] [svulkan2] [warning] A second renderer will share the same internal context with the first one. Arguments passed to constructor will be ignored.
Control mode:  arm_pd_ee_target_delta_pose_align2_gripper_pd_joint_pos
instruction: put eggplant into yellow basket
result: SUCCESS grasped=True steps=36 time=22.2s

-- episode 10 (env_id=10) --
[2026-08-11 02:34:22.172] [svulkan2] [warning] A second renderer will share the same internal context with the first one. Arguments passed to constructor will be ignored.
Control mode:  arm_pd_ee_target_delta_pose_align2_gripper_pd_joint_pos
instruction: put eggplant into yellow basket
result: SUCCESS grasped=True steps=44 time=27.3s

-- episode 11 (env_id=11) --
[2026-08-11 02:34:50.440] [svulkan2] [warning] A second renderer will share the same internal context with the first one. Arguments passed to constructor will be ignored.
Control mode:  arm_pd_ee_target_delta_pose_align2_gripper_pd_joint_pos
instruction: put eggplant into yellow basket
result: SUCCESS grasped=True steps=31 time=18.9s

-- episode 12 (env_id=12) --
[2026-08-11 02:35:10.417] [svulkan2] [warning] A second renderer will share the same internal context with the first one. Arguments passed to constructor will be ignored.
Control mode:  arm_pd_ee_target_delta_pose_align2_gripper_pd_joint_pos
instruction: put eggplant into yellow basket
result: SUCCESS grasped=True steps=27 time=16.6s

-- episode 13 (env_id=13) --
[2026-08-11 02:35:28.094] [svulkan2] [warning] A second renderer will share the same internal context with the first one. Arguments passed to constructor will be ignored.
Control mode:  arm_pd_ee_target_delta_pose_align2_gripper_pd_joint_pos
instruction: put eggplant into yellow basket
result: SUCCESS grasped=True steps=35 time=21.6s

-- episode 14 (env_id=14) --
[2026-08-11 02:35:50.763] [svulkan2] [warning] A second renderer will share the same internal context with the first one. Arguments passed to constructor will be ignored.
Control mode:  arm_pd_ee_target_delta_pose_align2_gripper_pd_joint_pos
instruction: put eggplant into yellow basket
result: SUCCESS grasped=True steps=41 time=25.5s

-- episode 15 (env_id=15) --
[2026-08-11 02:36:17.259] [svulkan2] [warning] A second renderer will share the same internal context with the first one. Arguments passed to constructor will be ignored.
Control mode:  arm_pd_ee_target_delta_pose_align2_gripper_pd_joint_pos
instruction: put eggplant into yellow basket
result: SUCCESS grasped=True steps=26 time=16.0s

-- episode 16 (env_id=16) --
[2026-08-11 02:36:34.297] [svulkan2] [warning] A second renderer will share the same internal context with the first one. Arguments passed to constructor will be ignored.
Control mode:  arm_pd_ee_target_delta_pose_align2_gripper_pd_joint_pos
instruction: put eggplant into yellow basket
result: SUCCESS grasped=True steps=49 time=30.6s

-- episode 17 (env_id=17) --
[2026-08-11 02:37:05.879] [svulkan2] [warning] A second renderer will share the same internal context with the first one. Arguments passed to constructor will be ignored.
Control mode:  arm_pd_ee_target_delta_pose_align2_gripper_pd_joint_pos
instruction: put eggplant into yellow basket
result: FAIL grasped=False steps=120 time=76.0s

-- episode 18 (env_id=18) --
[2026-08-11 02:38:22.886] [svulkan2] [warning] A second renderer will share the same internal context with the first one. Arguments passed to constructor will be ignored.
Control mode:  arm_pd_ee_target_delta_pose_align2_gripper_pd_joint_pos
instruction: put eggplant into yellow basket
result: SUCCESS grasped=True steps=38 time=23.4s

-- episode 19 (env_id=19) --
[2026-08-11 02:38:47.266] [svulkan2] [warning] A second renderer will share the same internal context with the first one. Arguments passed to constructor will be ignored.
Control mode:  arm_pd_ee_target_delta_pose_align2_gripper_pd_joint_pos
instruction: put eggplant into yellow basket
result: SUCCESS grasped=True steps=48 time=29.7s

-- episode 20 (env_id=20) --
[2026-08-11 02:39:18.016] [svulkan2] [warning] A second renderer will share the same internal context with the first one. Arguments passed to constructor will be ignored.
Control mode:  arm_pd_ee_target_delta_pose_align2_gripper_pd_joint_pos
instruction: put eggplant into yellow basket
result: SUCCESS grasped=True steps=27 time=16.6s

-- episode 21 (env_id=21) --
[2026-08-11 02:39:35.629] [svulkan2] [warning] A second renderer will share the same internal context with the first one. Arguments passed to constructor will be ignored.
Control mode:  arm_pd_ee_target_delta_pose_align2_gripper_pd_joint_pos
instruction: put eggplant into yellow basket
result: FAIL grasped=True steps=120 time=74.9s

-- episode 22 (env_id=22) --
[2026-08-11 02:40:51.541] [svulkan2] [warning] A second renderer will share the same internal context with the first one. Arguments passed to constructor will be ignored.
Control mode:  arm_pd_ee_target_delta_pose_align2_gripper_pd_joint_pos
instruction: put eggplant into yellow basket
result: SUCCESS grasped=True steps=30 time=18.5s

-- episode 23 (env_id=23) --
[2026-08-11 02:41:11.037] [svulkan2] [warning] A second renderer will share the same internal context with the first one. Arguments passed to constructor will be ignored.
Control mode:  arm_pd_ee_target_delta_pose_align2_gripper_pd_joint_pos
instruction: put eggplant into yellow basket
result: SUCCESS grasped=True steps=41 time=25.5s

==================================================
task:         widowx_put_eggplant_in_basket
model:        openvla_foveated
setup:        widowx_bridge (unnorm=bridge_orig, sticky=1)
success_rate: 19/24 = 79.2%
grasp_rate:   22/24 = 91.7%
avg_steps:    52
avg_elapsed:  32.6s
model_ms_per_infer: 514.4ms  (pure model forward pass, CUDA-synced)
model_ms_per_env_step: 514.4ms  (amortized over executed actions)
==================================================
saved: /content/BiVLA_full/results/openvla_bridge_foveate_sweep/keep100/widowx_put_eggplant_in_basket/results_widowx_put_eggplant_in_basket.json
