/content/venv310/lib/python3.10/site-packages/sapien/core/renderer_config.py:4: UserWarning: pkg_resources is deprecated as an API. See https://setuptools.pypa.io/en/latest/pkg_resources.html. The pkg_resources package is slated for removal as early as 2025-11-30. Refrain from using this package or pin to Setuptools<81.
  import pkg_resources
[load] model=openvla_foveated policy_setup=widowx_bridge unnorm_key=(derived)
Using a slow image processor as `use_fast` is unset and a slow processor was saved with this model. `use_fast=True` will be the default behavior in v4.52, even if the model was saved with a slow processor. This will result in minor differences in outputs. You'll still be able to use a slow processor with `use_fast=False`.
Expected `transformers==4.40.1` and `tokenizers==0.19.1` but got `transformers==4.53.3` and `tokenizers==0.21.4`; there might be inference-time regressions due to dependency changes. If in doubt, pleaseuse the above versions.

Loading checkpoint shards:   0%|          | 0/3 [00:00<?, ?it/s]
Loading checkpoint shards:  33%|███▎      | 1/3 [00:00<00:00,  7.58it/s]
Loading checkpoint shards: 100%|██████████| 3/3 [00:00<00:00, 18.39it/s]
[ok] model loaded  unnorm_key=bridge_orig sticky_gripper=1

-- episode 00 (env_id=0) --
/content/venv310/lib/python3.10/site-packages/gymnasium/core.py:311: UserWarning: [33mWARN: env.get_language_instruction to get variables from other wrappers is deprecated and will be removed in v1.0, to get this variable you can do `env.unwrapped.get_language_instruction` for environment variables or `env.get_wrapper_attr('get_language_instruction')` that will search the reminding wrappers.[0m
  logger.warn(
Control mode:  arm_pd_ee_target_delta_pose_align2_gripper_pd_joint_pos
instruction: put the spoon on the towel
/content/venv310/lib/python3.10/site-packages/gymnasium/core.py:311: UserWarning: [33mWARN: env.get_language_instruction to get variables from other wrappers is deprecated and will be removed in v1.0, to get this variable you can do `env.unwrapped.get_language_instruction` for environment variables or `env.get_wrapper_attr('get_language_instruction')` that will search the reminding wrappers.[0m
  logger.warn(
result: FAIL grasped=False steps=60 time=38.8s

-- episode 01 (env_id=1) --
[2026-08-11 03:08:49.428] [svulkan2] [warning] A second renderer will share the same internal context with the first one. Arguments passed to constructor will be ignored.
Control mode:  arm_pd_ee_target_delta_pose_align2_gripper_pd_joint_pos
instruction: put the spoon on the towel
result: FAIL grasped=False steps=60 time=36.8s

-- episode 02 (env_id=2) --
[2026-08-11 03:09:27.108] [svulkan2] [warning] A second renderer will share the same internal context with the first one. Arguments passed to constructor will be ignored.
Control mode:  arm_pd_ee_target_delta_pose_align2_gripper_pd_joint_pos
instruction: put the spoon on the towel
result: FAIL grasped=False steps=60 time=36.6s

-- episode 03 (env_id=3) --
[2026-08-11 03:10:04.570] [svulkan2] [warning] A second renderer will share the same internal context with the first one. Arguments passed to constructor will be ignored.
Control mode:  arm_pd_ee_target_delta_pose_align2_gripper_pd_joint_pos
instruction: put the spoon on the towel
result: SUCCESS grasped=False steps=27 time=16.6s

-- episode 04 (env_id=4) --
[2026-08-11 03:10:22.040] [svulkan2] [warning] A second renderer will share the same internal context with the first one. Arguments passed to constructor will be ignored.
Control mode:  arm_pd_ee_target_delta_pose_align2_gripper_pd_joint_pos
instruction: put the spoon on the towel
result: FAIL grasped=False steps=60 time=37.1s

-- episode 05 (env_id=5) --
[2026-08-11 03:10:59.963] [svulkan2] [warning] A second renderer will share the same internal context with the first one. Arguments passed to constructor will be ignored.
Control mode:  arm_pd_ee_target_delta_pose_align2_gripper_pd_joint_pos
instruction: put the spoon on the towel
result: FAIL grasped=True steps=60 time=36.9s

-- episode 06 (env_id=6) --
[2026-08-11 03:11:37.760] [svulkan2] [warning] A second renderer will share the same internal context with the first one. Arguments passed to constructor will be ignored.
Control mode:  arm_pd_ee_target_delta_pose_align2_gripper_pd_joint_pos
instruction: put the spoon on the towel
result: SUCCESS grasped=True steps=20 time=12.3s

-- episode 07 (env_id=7) --
[2026-08-11 03:11:50.894] [svulkan2] [warning] A second renderer will share the same internal context with the first one. Arguments passed to constructor will be ignored.
Control mode:  arm_pd_ee_target_delta_pose_align2_gripper_pd_joint_pos
instruction: put the spoon on the towel
result: FAIL grasped=False steps=60 time=36.6s

-- episode 08 (env_id=8) --
[2026-08-11 03:12:28.398] [svulkan2] [warning] A second renderer will share the same internal context with the first one. Arguments passed to constructor will be ignored.
Control mode:  arm_pd_ee_target_delta_pose_align2_gripper_pd_joint_pos
instruction: put the spoon on the towel
result: SUCCESS grasped=True steps=18 time=11.0s

-- episode 09 (env_id=9) --
[2026-08-11 03:12:40.279] [svulkan2] [warning] A second renderer will share the same internal context with the first one. Arguments passed to constructor will be ignored.
Control mode:  arm_pd_ee_target_delta_pose_align2_gripper_pd_joint_pos
instruction: put the spoon on the towel
result: FAIL grasped=False steps=60 time=36.6s

-- episode 10 (env_id=10) --
[2026-08-11 03:13:17.704] [svulkan2] [warning] A second renderer will share the same internal context with the first one. Arguments passed to constructor will be ignored.
Control mode:  arm_pd_ee_target_delta_pose_align2_gripper_pd_joint_pos
instruction: put the spoon on the towel
result: SUCCESS grasped=True steps=18 time=11.0s

-- episode 11 (env_id=11) --
[2026-08-11 03:13:29.566] [svulkan2] [warning] A second renderer will share the same internal context with the first one. Arguments passed to constructor will be ignored.
Control mode:  arm_pd_ee_target_delta_pose_align2_gripper_pd_joint_pos
instruction: put the spoon on the towel
result: SUCCESS grasped=True steps=23 time=14.1s

-- episode 12 (env_id=12) --
[2026-08-11 03:13:44.476] [svulkan2] [warning] A second renderer will share the same internal context with the first one. Arguments passed to constructor will be ignored.
Control mode:  arm_pd_ee_target_delta_pose_align2_gripper_pd_joint_pos
instruction: put the spoon on the towel
result: FAIL grasped=False steps=60 time=36.9s

-- episode 13 (env_id=13) --
[2026-08-11 03:14:22.191] [svulkan2] [warning] A second renderer will share the same internal context with the first one. Arguments passed to constructor will be ignored.
Control mode:  arm_pd_ee_target_delta_pose_align2_gripper_pd_joint_pos
instruction: put the spoon on the towel
result: SUCCESS grasped=True steps=28 time=17.2s

-- episode 14 (env_id=14) --
[2026-08-11 03:14:40.212] [svulkan2] [warning] A second renderer will share the same internal context with the first one. Arguments passed to constructor will be ignored.
Control mode:  arm_pd_ee_target_delta_pose_align2_gripper_pd_joint_pos
instruction: put the spoon on the towel
result: FAIL grasped=False steps=60 time=36.6s

-- episode 15 (env_id=15) --
[2026-08-11 03:15:17.700] [svulkan2] [warning] A second renderer will share the same internal context with the first one. Arguments passed to constructor will be ignored.
Control mode:  arm_pd_ee_target_delta_pose_align2_gripper_pd_joint_pos
instruction: put the spoon on the towel
result: FAIL grasped=True steps=60 time=36.9s

-- episode 16 (env_id=16) --
[2026-08-11 03:15:55.445] [svulkan2] [warning] A second renderer will share the same internal context with the first one. Arguments passed to constructor will be ignored.
Control mode:  arm_pd_ee_target_delta_pose_align2_gripper_pd_joint_pos
instruction: put the spoon on the towel
result: SUCCESS grasped=True steps=20 time=12.2s

-- episode 17 (env_id=17) --
[2026-08-11 03:16:08.557] [svulkan2] [warning] A second renderer will share the same internal context with the first one. Arguments passed to constructor will be ignored.
Control mode:  arm_pd_ee_target_delta_pose_align2_gripper_pd_joint_pos
instruction: put the spoon on the towel
result: FAIL grasped=False steps=60 time=36.6s

-- episode 18 (env_id=18) --
[2026-08-11 03:16:46.020] [svulkan2] [warning] A second renderer will share the same internal context with the first one. Arguments passed to constructor will be ignored.
Control mode:  arm_pd_ee_target_delta_pose_align2_gripper_pd_joint_pos
instruction: put the spoon on the towel
result: FAIL grasped=True steps=60 time=36.8s

-- episode 19 (env_id=19) --
[2026-08-11 03:17:23.700] [svulkan2] [warning] A second renderer will share the same internal context with the first one. Arguments passed to constructor will be ignored.
Control mode:  arm_pd_ee_target_delta_pose_align2_gripper_pd_joint_pos
instruction: put the spoon on the towel
result: FAIL grasped=False steps=60 time=36.8s

-- episode 20 (env_id=20) --
[2026-08-11 03:18:01.327] [svulkan2] [warning] A second renderer will share the same internal context with the first one. Arguments passed to constructor will be ignored.
Control mode:  arm_pd_ee_target_delta_pose_align2_gripper_pd_joint_pos
instruction: put the spoon on the towel
result: SUCCESS grasped=True steps=27 time=16.5s

-- episode 21 (env_id=21) --
[2026-08-11 03:18:18.653] [svulkan2] [warning] A second renderer will share the same internal context with the first one. Arguments passed to constructor will be ignored.
Control mode:  arm_pd_ee_target_delta_pose_align2_gripper_pd_joint_pos
instruction: put the spoon on the towel
result: FAIL grasped=False steps=60 time=36.7s

-- episode 22 (env_id=22) --
[2026-08-11 03:18:56.229] [svulkan2] [warning] A second renderer will share the same internal context with the first one. Arguments passed to constructor will be ignored.
Control mode:  arm_pd_ee_target_delta_pose_align2_gripper_pd_joint_pos
instruction: put the spoon on the towel
result: FAIL grasped=True steps=60 time=36.6s

-- episode 23 (env_id=23) --
[2026-08-11 03:19:33.668] [svulkan2] [warning] A second renderer will share the same internal context with the first one. Arguments passed to constructor will be ignored.
Control mode:  arm_pd_ee_target_delta_pose_align2_gripper_pd_joint_pos
instruction: put the spoon on the towel
result: FAIL grasped=False steps=60 time=36.9s

==================================================
task:         widowx_spoon_on_towel
model:        openvla_foveated
setup:        widowx_bridge (unnorm=bridge_orig, sticky=1)
success_rate: 8/24 = 33.3%
grasp_rate:   11/24 = 45.8%
avg_steps:    48
avg_elapsed:  29.2s
model_ms_per_infer: 516.6ms  (pure model forward pass, CUDA-synced)
model_ms_per_env_step: 516.6ms  (amortized over executed actions)
==================================================
saved: /content/BiVLA_full/results/openvla_bridge_foveate_sweep/keep100/widowx_spoon_on_towel/results_widowx_spoon_on_towel.json
