/content/venv310/lib/python3.10/site-packages/sapien/core/renderer_config.py:4: UserWarning: pkg_resources is deprecated as an API. See https://setuptools.pypa.io/en/latest/pkg_resources.html. The pkg_resources package is slated for removal as early as 2025-11-30. Refrain from using this package or pin to Setuptools<81.
  import pkg_resources
[load] model=openvla_foveated_blur policy_setup=google_robot unnorm_key=(derived)
Using a slow image processor as `use_fast` is unset and a slow processor was saved with this model. `use_fast=True` will be the default behavior in v4.52, even if the model was saved with a slow processor. This will result in minor differences in outputs. You'll still be able to use a slow processor with `use_fast=False`.
Expected `transformers==4.40.1` and `tokenizers==0.19.1` but got `transformers==4.53.3` and `tokenizers==0.21.4`; there might be inference-time regressions due to dependency changes. If in doubt, pleaseuse the above versions.

Loading checkpoint shards:   0%|          | 0/3 [00:00<?, ?it/s]
Loading checkpoint shards:  33%|███▎      | 1/3 [00:00<00:00,  7.87it/s]
Loading checkpoint shards: 100%|██████████| 3/3 [00:00<00:00, 19.04it/s]
[ok] model loaded  unnorm_key=fractal20220817_data sticky_gripper=15

-- episode 00 (env_id=0) --
/content/venv310/lib/python3.10/site-packages/gymnasium/core.py:311: UserWarning: [33mWARN: env.get_language_instruction to get variables from other wrappers is deprecated and will be removed in v1.0, to get this variable you can do `env.unwrapped.get_language_instruction` for environment variables or `env.get_wrapper_attr('get_language_instruction')` that will search the reminding wrappers.[0m
  logger.warn(
instruction: pick coke can
/content/venv310/lib/python3.10/site-packages/gymnasium/core.py:311: UserWarning: [33mWARN: env.get_language_instruction to get variables from other wrappers is deprecated and will be removed in v1.0, to get this variable you can do `env.unwrapped.get_language_instruction` for environment variables or `env.get_wrapper_attr('get_language_instruction')` that will search the reminding wrappers.[0m
  logger.warn(
result: FAIL grasped=True steps=80 time=56.1s

-- episode 01 (env_id=1) --
[2026-08-07 05:16:41.553] [svulkan2] [warning] A second renderer will share the same internal context with the first one. Arguments passed to constructor will be ignored.
instruction: pick coke can
result: SUCCESS grasped=True steps=22 time=14.6s

-- episode 02 (env_id=2) --
[2026-08-07 05:16:57.114] [svulkan2] [warning] A second renderer will share the same internal context with the first one. Arguments passed to constructor will be ignored.
instruction: pick coke can
result: FAIL grasped=False steps=80 time=55.2s

-- episode 03 (env_id=3) --
[2026-08-07 05:17:53.240] [svulkan2] [warning] A second renderer will share the same internal context with the first one. Arguments passed to constructor will be ignored.
instruction: pick coke can
result: FAIL grasped=True steps=80 time=54.6s

-- episode 04 (env_id=4) --
[2026-08-07 05:18:48.927] [svulkan2] [warning] A second renderer will share the same internal context with the first one. Arguments passed to constructor will be ignored.
instruction: pick coke can
result: SUCCESS grasped=True steps=45 time=30.4s

-- episode 05 (env_id=5) --
[2026-08-07 05:19:20.287] [svulkan2] [warning] A second renderer will share the same internal context with the first one. Arguments passed to constructor will be ignored.
instruction: pick coke can
result: SUCCESS grasped=True steps=32 time=21.4s

-- episode 06 (env_id=6) --
[2026-08-07 05:19:42.751] [svulkan2] [warning] A second renderer will share the same internal context with the first one. Arguments passed to constructor will be ignored.
instruction: pick coke can
result: SUCCESS grasped=True steps=18 time=12.0s

-- episode 07 (env_id=7) --
[2026-08-07 05:19:55.737] [svulkan2] [warning] A second renderer will share the same internal context with the first one. Arguments passed to constructor will be ignored.
instruction: pick coke can
result: FAIL grasped=False steps=80 time=52.9s

-- episode 08 (env_id=8) --
[2026-08-07 05:20:49.528] [svulkan2] [warning] A second renderer will share the same internal context with the first one. Arguments passed to constructor will be ignored.
instruction: pick coke can
result: SUCCESS grasped=True steps=12 time=8.0s

-- episode 09 (env_id=9) --
[2026-08-07 05:20:58.496] [svulkan2] [warning] A second renderer will share the same internal context with the first one. Arguments passed to constructor will be ignored.
instruction: pick coke can
result: SUCCESS grasped=True steps=10 time=6.8s

-- episode 10 (env_id=10) --
[2026-08-07 05:21:06.164] [svulkan2] [warning] A second renderer will share the same internal context with the first one. Arguments passed to constructor will be ignored.
instruction: pick coke can
result: SUCCESS grasped=True steps=26 time=17.4s

-- episode 11 (env_id=11) --
[2026-08-07 05:21:24.392] [svulkan2] [warning] A second renderer will share the same internal context with the first one. Arguments passed to constructor will be ignored.
instruction: pick coke can
result: SUCCESS grasped=True steps=19 time=12.7s

-- episode 12 (env_id=12) --
[2026-08-07 05:21:37.807] [svulkan2] [warning] A second renderer will share the same internal context with the first one. Arguments passed to constructor will be ignored.
instruction: pick coke can
result: FAIL grasped=False steps=80 time=54.3s

-- episode 13 (env_id=13) --
[2026-08-07 05:22:33.042] [svulkan2] [warning] A second renderer will share the same internal context with the first one. Arguments passed to constructor will be ignored.
instruction: pick coke can
result: SUCCESS grasped=True steps=32 time=21.7s

-- episode 14 (env_id=14) --
[2026-08-07 05:22:55.622] [svulkan2] [warning] A second renderer will share the same internal context with the first one. Arguments passed to constructor will be ignored.
instruction: pick coke can
result: FAIL grasped=True steps=80 time=54.8s

-- episode 15 (env_id=15) --
[2026-08-07 05:23:51.315] [svulkan2] [warning] A second renderer will share the same internal context with the first one. Arguments passed to constructor will be ignored.
instruction: pick coke can
result: FAIL grasped=False steps=80 time=53.1s

-- episode 16 (env_id=16) --
[2026-08-07 05:24:45.294] [svulkan2] [warning] A second renderer will share the same internal context with the first one. Arguments passed to constructor will be ignored.
instruction: pick coke can
result: FAIL grasped=False steps=80 time=52.9s

-- episode 17 (env_id=17) --
[2026-08-07 05:25:39.050] [svulkan2] [warning] A second renderer will share the same internal context with the first one. Arguments passed to constructor will be ignored.
instruction: pick coke can
result: SUCCESS grasped=True steps=37 time=24.8s

-- episode 18 (env_id=18) --
[2026-08-07 05:26:04.788] [svulkan2] [warning] A second renderer will share the same internal context with the first one. Arguments passed to constructor will be ignored.
instruction: pick coke can
result: SUCCESS grasped=True steps=14 time=9.4s

-- episode 19 (env_id=19) --
[2026-08-07 05:26:15.125] [svulkan2] [warning] A second renderer will share the same internal context with the first one. Arguments passed to constructor will be ignored.
instruction: pick coke can
result: FAIL grasped=False steps=80 time=55.8s

-- episode 20 (env_id=20) --
[2026-08-07 05:27:11.789] [svulkan2] [warning] A second renderer will share the same internal context with the first one. Arguments passed to constructor will be ignored.
instruction: pick coke can
result: FAIL grasped=False steps=80 time=53.5s

-- episode 21 (env_id=21) --
[2026-08-07 05:28:06.230] [svulkan2] [warning] A second renderer will share the same internal context with the first one. Arguments passed to constructor will be ignored.
instruction: pick coke can
result: FAIL grasped=False steps=80 time=52.9s

-- episode 22 (env_id=22) --
[2026-08-07 05:28:59.993] [svulkan2] [warning] A second renderer will share the same internal context with the first one. Arguments passed to constructor will be ignored.
instruction: pick coke can
result: SUCCESS grasped=True steps=54 time=36.4s

-- episode 23 (env_id=23) --
[2026-08-07 05:29:37.314] [svulkan2] [warning] A second renderer will share the same internal context with the first one. Arguments passed to constructor will be ignored.
instruction: pick coke can
result: SUCCESS grasped=True steps=24 time=15.9s

-- episode 24 (env_id=24) --
[2026-08-07 05:29:54.174] [svulkan2] [warning] A second renderer will share the same internal context with the first one. Arguments passed to constructor will be ignored.
instruction: pick coke can
result: SUCCESS grasped=True steps=11 time=7.5s

==================================================
task:         google_robot_pick_standing_coke_can
model:        openvla_foveated_blur
setup:        google_robot (unnorm=fractal20220817_data, sticky=15)
success_rate: 14/25 = 56.0%
grasp_rate:   17/25 = 68.0%
avg_steps:    49
avg_elapsed:  33.4s
model_ms_per_infer: 511.6ms  (pure model forward pass, CUDA-synced)
model_ms_per_env_step: 511.6ms  (amortized over executed actions)
==================================================
saved: /content/BiVLA_full/results/openvla_fractal_0806_foveate_blur/openvla_foveated_blur/google_robot_pick_standing_coke_can/results_google_robot_pick_standing_coke_can.json
