/content/venv310/lib/python3.10/site-packages/sapien/core/renderer_config.py:4: UserWarning: pkg_resources is deprecated as an API. See https://setuptools.pypa.io/en/latest/pkg_resources.html. The pkg_resources package is slated for removal as early as 2025-11-30. Refrain from using this package or pin to Setuptools<81.
  import pkg_resources
[load] model=openvla_foveated_blur policy_setup=google_robot unnorm_key=(derived)
Using a slow image processor as `use_fast` is unset and a slow processor was saved with this model. `use_fast=True` will be the default behavior in v4.52, even if the model was saved with a slow processor. This will result in minor differences in outputs. You'll still be able to use a slow processor with `use_fast=False`.
Expected `transformers==4.40.1` and `tokenizers==0.19.1` but got `transformers==4.53.3` and `tokenizers==0.21.4`; there might be inference-time regressions due to dependency changes. If in doubt, pleaseuse the above versions.

Loading checkpoint shards:   0%|          | 0/3 [00:00<?, ?it/s]
Loading checkpoint shards:  33%|███▎      | 1/3 [00:00<00:00,  7.62it/s]
Loading checkpoint shards: 100%|██████████| 3/3 [00:00<00:00, 18.56it/s]
[ok] model loaded  unnorm_key=fractal20220817_data sticky_gripper=15

-- episode 00 (env_id=0) --
/content/venv310/lib/python3.10/site-packages/gymnasium/envs/registration.py:513: DeprecationWarning: [33mWARN: The environment MoveNearGoogleBakedTexInScene-v0 is out of date. You should consider upgrading to version `v1`.[0m
  logger.deprecation(
/content/venv310/lib/python3.10/site-packages/gymnasium/core.py:311: UserWarning: [33mWARN: env.get_language_instruction to get variables from other wrappers is deprecated and will be removed in v1.0, to get this variable you can do `env.unwrapped.get_language_instruction` for environment variables or `env.get_wrapper_attr('get_language_instruction')` that will search the reminding wrappers.[0m
  logger.warn(
instruction: move blue plastic bottle near pepsi can
/content/venv310/lib/python3.10/site-packages/gymnasium/core.py:311: UserWarning: [33mWARN: env.get_language_instruction to get variables from other wrappers is deprecated and will be removed in v1.0, to get this variable you can do `env.unwrapped.get_language_instruction` for environment variables or `env.get_wrapper_attr('get_language_instruction')` that will search the reminding wrappers.[0m
  logger.warn(
result: SUCCESS grasped=False steps=30 time=21.9s

-- episode 01 (env_id=1) --
/content/venv310/lib/python3.10/site-packages/gymnasium/envs/registration.py:513: DeprecationWarning: [33mWARN: The environment MoveNearGoogleBakedTexInScene-v0 is out of date. You should consider upgrading to version `v1`.[0m
  logger.deprecation(
[2026-08-07 05:30:45.367] [svulkan2] [warning] A second renderer will share the same internal context with the first one. Arguments passed to constructor will be ignored.
instruction: move blue plastic bottle near orange
result: SUCCESS grasped=False steps=23 time=15.4s

-- episode 02 (env_id=2) --
[2026-08-07 05:31:01.824] [svulkan2] [warning] A second renderer will share the same internal context with the first one. Arguments passed to constructor will be ignored.
instruction: move pepsi can near blue plastic bottle
result: SUCCESS grasped=False steps=53 time=35.7s

-- episode 03 (env_id=3) --
[2026-08-07 05:31:38.593] [svulkan2] [warning] A second renderer will share the same internal context with the first one. Arguments passed to constructor will be ignored.
instruction: move pepsi can near orange
result: FAIL grasped=False steps=80 time=52.7s

-- episode 04 (env_id=4) --
[2026-08-07 05:32:32.481] [svulkan2] [warning] A second renderer will share the same internal context with the first one. Arguments passed to constructor will be ignored.
instruction: move orange near blue plastic bottle
result: FAIL grasped=False steps=80 time=53.0s

-- episode 05 (env_id=5) --
[2026-08-07 05:33:26.488] [svulkan2] [warning] A second renderer will share the same internal context with the first one. Arguments passed to constructor will be ignored.
instruction: move orange near pepsi can
result: SUCCESS grasped=False steps=29 time=19.5s

-- episode 06 (env_id=6) --
[2026-08-07 05:33:47.158] [svulkan2] [warning] A second renderer will share the same internal context with the first one. Arguments passed to constructor will be ignored.
instruction: move blue plastic bottle near pepsi can
result: FAIL grasped=False steps=80 time=53.5s

-- episode 07 (env_id=7) --
[2026-08-07 05:34:41.653] [svulkan2] [warning] A second renderer will share the same internal context with the first one. Arguments passed to constructor will be ignored.
instruction: move blue plastic bottle near orange
result: FAIL grasped=False steps=80 time=52.8s

-- episode 08 (env_id=8) --
[2026-08-07 05:35:35.462] [svulkan2] [warning] A second renderer will share the same internal context with the first one. Arguments passed to constructor will be ignored.
instruction: move pepsi can near blue plastic bottle
result: FAIL grasped=False steps=80 time=53.8s

-- episode 09 (env_id=9) --
[2026-08-07 05:36:30.266] [svulkan2] [warning] A second renderer will share the same internal context with the first one. Arguments passed to constructor will be ignored.
instruction: move pepsi can near orange
result: SUCCESS grasped=False steps=21 time=14.0s

-- episode 10 (env_id=10) --
[2026-08-07 05:36:45.324] [svulkan2] [warning] A second renderer will share the same internal context with the first one. Arguments passed to constructor will be ignored.
instruction: move orange near blue plastic bottle
result: FAIL grasped=False steps=80 time=53.9s

-- episode 11 (env_id=11) --
[2026-08-07 05:37:40.260] [svulkan2] [warning] A second renderer will share the same internal context with the first one. Arguments passed to constructor will be ignored.
instruction: move orange near pepsi can
result: SUCCESS grasped=False steps=12 time=8.2s

-- episode 12 (env_id=12) --
[2026-08-07 05:37:49.444] [svulkan2] [warning] A second renderer will share the same internal context with the first one. Arguments passed to constructor will be ignored.
instruction: move 7up can near apple
result: FAIL grasped=False steps=80 time=53.5s

-- episode 13 (env_id=13) --
[2026-08-07 05:38:43.995] [svulkan2] [warning] A second renderer will share the same internal context with the first one. Arguments passed to constructor will be ignored.
instruction: move 7up can near sponge
result: FAIL grasped=False steps=80 time=53.8s

-- episode 14 (env_id=14) --
[2026-08-07 05:39:38.788] [svulkan2] [warning] A second renderer will share the same internal context with the first one. Arguments passed to constructor will be ignored.
instruction: move apple near 7up can
result: FAIL grasped=False steps=80 time=54.1s

-- episode 15 (env_id=15) --
[2026-08-07 05:40:33.976] [svulkan2] [warning] A second renderer will share the same internal context with the first one. Arguments passed to constructor will be ignored.
instruction: move apple near sponge
result: FAIL grasped=False steps=80 time=52.8s

-- episode 16 (env_id=16) --
[2026-08-07 05:41:27.847] [svulkan2] [warning] A second renderer will share the same internal context with the first one. Arguments passed to constructor will be ignored.
instruction: move sponge near 7up can
result: FAIL grasped=False steps=80 time=53.3s

-- episode 17 (env_id=17) --
[2026-08-07 05:42:22.153] [svulkan2] [warning] A second renderer will share the same internal context with the first one. Arguments passed to constructor will be ignored.
instruction: move sponge near apple
result: SUCCESS grasped=False steps=64 time=43.5s

-- episode 18 (env_id=18) --
[2026-08-07 05:43:06.649] [svulkan2] [warning] A second renderer will share the same internal context with the first one. Arguments passed to constructor will be ignored.
instruction: move 7up can near apple
result: FAIL grasped=False steps=80 time=53.4s

-- episode 19 (env_id=19) --
[2026-08-07 05:44:01.128] [svulkan2] [warning] A second renderer will share the same internal context with the first one. Arguments passed to constructor will be ignored.
instruction: move 7up can near sponge
result: FAIL grasped=False steps=80 time=53.9s

-- episode 20 (env_id=20) --
[2026-08-07 05:44:56.053] [svulkan2] [warning] A second renderer will share the same internal context with the first one. Arguments passed to constructor will be ignored.
instruction: move apple near 7up can
result: FAIL grasped=False steps=80 time=54.2s

-- episode 21 (env_id=21) --
[2026-08-07 05:45:51.267] [svulkan2] [warning] A second renderer will share the same internal context with the first one. Arguments passed to constructor will be ignored.
instruction: move apple near sponge
result: FAIL grasped=False steps=80 time=54.1s

-- episode 22 (env_id=22) --
[2026-08-07 05:46:46.413] [svulkan2] [warning] A second renderer will share the same internal context with the first one. Arguments passed to constructor will be ignored.
instruction: move sponge near 7up can
result: FAIL grasped=False steps=80 time=53.0s

-- episode 23 (env_id=23) --
[2026-08-07 05:47:40.455] [svulkan2] [warning] A second renderer will share the same internal context with the first one. Arguments passed to constructor will be ignored.
instruction: move sponge near apple
result: FAIL grasped=False steps=80 time=53.5s

-- episode 24 (env_id=24) --
[2026-08-07 05:48:35.014] [svulkan2] [warning] A second renderer will share the same internal context with the first one. Arguments passed to constructor will be ignored.
instruction: move coke can near redbull can
result: FAIL grasped=False steps=80 time=53.6s

-- episode 25 (env_id=25) --
[2026-08-07 05:49:29.620] [svulkan2] [warning] A second renderer will share the same internal context with the first one. Arguments passed to constructor will be ignored.
instruction: move coke can near apple
result: FAIL grasped=False steps=80 time=54.1s

-- episode 26 (env_id=26) --
[2026-08-07 05:50:24.796] [svulkan2] [warning] A second renderer will share the same internal context with the first one. Arguments passed to constructor will be ignored.
instruction: move redbull can near coke can
result: FAIL grasped=False steps=80 time=53.6s

-- episode 27 (env_id=27) --
[2026-08-07 05:51:19.351] [svulkan2] [warning] A second renderer will share the same internal context with the first one. Arguments passed to constructor will be ignored.
instruction: move redbull can near apple
result: FAIL grasped=False steps=80 time=53.2s

-- episode 28 (env_id=28) --
[2026-08-07 05:52:13.603] [svulkan2] [warning] A second renderer will share the same internal context with the first one. Arguments passed to constructor will be ignored.
instruction: move apple near coke can
result: FAIL grasped=False steps=80 time=52.8s

-- episode 29 (env_id=29) --
[2026-08-07 05:53:07.364] [svulkan2] [warning] A second renderer will share the same internal context with the first one. Arguments passed to constructor will be ignored.
instruction: move apple near redbull can
result: FAIL grasped=False steps=80 time=53.7s

-- episode 30 (env_id=30) --
[2026-08-07 05:54:01.973] [svulkan2] [warning] A second renderer will share the same internal context with the first one. Arguments passed to constructor will be ignored.
instruction: move coke can near redbull can
result: FAIL grasped=False steps=80 time=54.8s

-- episode 31 (env_id=31) --
[2026-08-07 05:54:57.590] [svulkan2] [warning] A second renderer will share the same internal context with the first one. Arguments passed to constructor will be ignored.
instruction: move coke can near apple
result: FAIL grasped=False steps=80 time=52.7s

-- episode 32 (env_id=32) --
[2026-08-07 05:55:51.298] [svulkan2] [warning] A second renderer will share the same internal context with the first one. Arguments passed to constructor will be ignored.
instruction: move redbull can near coke can
result: FAIL grasped=False steps=80 time=53.0s

-- episode 33 (env_id=33) --
[2026-08-07 05:56:45.379] [svulkan2] [warning] A second renderer will share the same internal context with the first one. Arguments passed to constructor will be ignored.
instruction: move redbull can near apple
result: FAIL grasped=False steps=80 time=53.9s

-- episode 34 (env_id=34) --
[2026-08-07 05:57:40.259] [svulkan2] [warning] A second renderer will share the same internal context with the first one. Arguments passed to constructor will be ignored.
instruction: move apple near coke can
result: FAIL grasped=False steps=80 time=52.6s

-- episode 35 (env_id=35) --
[2026-08-07 05:58:33.686] [svulkan2] [warning] A second renderer will share the same internal context with the first one. Arguments passed to constructor will be ignored.
instruction: move apple near redbull can
result: SUCCESS grasped=False steps=31 time=20.7s

-- episode 36 (env_id=36) --
[2026-08-07 05:58:55.166] [svulkan2] [warning] A second renderer will share the same internal context with the first one. Arguments passed to constructor will be ignored.
instruction: move sponge near blue plastic bottle
result: SUCCESS grasped=False steps=45 time=30.4s

-- episode 37 (env_id=37) --
[2026-08-07 05:59:26.556] [svulkan2] [warning] A second renderer will share the same internal context with the first one. Arguments passed to constructor will be ignored.
instruction: move sponge near 7up can
result: SUCCESS grasped=False steps=43 time=28.8s

-- episode 38 (env_id=38) --
[2026-08-07 05:59:56.425] [svulkan2] [warning] A second renderer will share the same internal context with the first one. Arguments passed to constructor will be ignored.
instruction: move blue plastic bottle near sponge
result: FAIL grasped=False steps=80 time=53.2s

-- episode 39 (env_id=39) --
[2026-08-07 06:00:50.666] [svulkan2] [warning] A second renderer will share the same internal context with the first one. Arguments passed to constructor will be ignored.
instruction: move blue plastic bottle near 7up can
result: FAIL grasped=False steps=80 time=53.9s

-- episode 40 (env_id=40) --
[2026-08-07 06:01:45.579] [svulkan2] [warning] A second renderer will share the same internal context with the first one. Arguments passed to constructor will be ignored.
instruction: move 7up can near sponge
result: SUCCESS grasped=False steps=17 time=11.3s

-- episode 41 (env_id=41) --
[2026-08-07 06:01:57.855] [svulkan2] [warning] A second renderer will share the same internal context with the first one. Arguments passed to constructor will be ignored.
instruction: move 7up can near blue plastic bottle
result: SUCCESS grasped=False steps=18 time=12.0s

-- episode 42 (env_id=42) --
[2026-08-07 06:02:10.852] [svulkan2] [warning] A second renderer will share the same internal context with the first one. Arguments passed to constructor will be ignored.
instruction: move sponge near blue plastic bottle
result: FAIL grasped=False steps=80 time=53.9s

-- episode 43 (env_id=43) --
[2026-08-07 06:03:05.755] [svulkan2] [warning] A second renderer will share the same internal context with the first one. Arguments passed to constructor will be ignored.
instruction: move sponge near 7up can
result: FAIL grasped=False steps=80 time=53.9s

-- episode 44 (env_id=44) --
[2026-08-07 06:04:00.662] [svulkan2] [warning] A second renderer will share the same internal context with the first one. Arguments passed to constructor will be ignored.
instruction: move blue plastic bottle near sponge
result: SUCCESS grasped=False steps=26 time=17.3s

-- episode 45 (env_id=45) --
[2026-08-07 06:04:19.024] [svulkan2] [warning] A second renderer will share the same internal context with the first one. Arguments passed to constructor will be ignored.
instruction: move blue plastic bottle near 7up can
result: SUCCESS grasped=False steps=19 time=12.7s

-- episode 46 (env_id=46) --
[2026-08-07 06:04:32.768] [svulkan2] [warning] A second renderer will share the same internal context with the first one. Arguments passed to constructor will be ignored.
instruction: move 7up can near sponge
result: FAIL grasped=False steps=80 time=54.0s

-- episode 47 (env_id=47) --
[2026-08-07 06:05:27.768] [svulkan2] [warning] A second renderer will share the same internal context with the first one. Arguments passed to constructor will be ignored.
instruction: move 7up can near blue plastic bottle
result: FAIL grasped=False steps=80 time=54.3s

-- episode 48 (env_id=48) --
[2026-08-07 06:06:23.137] [svulkan2] [warning] A second renderer will share the same internal context with the first one. Arguments passed to constructor will be ignored.
instruction: move orange near pepsi can
result: FAIL grasped=False steps=80 time=54.1s

-- episode 49 (env_id=49) --
[2026-08-07 06:07:18.250] [svulkan2] [warning] A second renderer will share the same internal context with the first one. Arguments passed to constructor will be ignored.
instruction: move orange near redbull can
result: FAIL grasped=False steps=80 time=53.4s

-- episode 50 (env_id=50) --
[2026-08-07 06:08:12.645] [svulkan2] [warning] A second renderer will share the same internal context with the first one. Arguments passed to constructor will be ignored.
instruction: move pepsi can near orange
result: FAIL grasped=False steps=80 time=53.3s

-- episode 51 (env_id=51) --
[2026-08-07 06:09:06.947] [svulkan2] [warning] A second renderer will share the same internal context with the first one. Arguments passed to constructor will be ignored.
instruction: move pepsi can near redbull can
result: FAIL grasped=False steps=80 time=53.1s

-- episode 52 (env_id=52) --
[2026-08-07 06:10:01.063] [svulkan2] [warning] A second renderer will share the same internal context with the first one. Arguments passed to constructor will be ignored.
instruction: move redbull can near orange
result: SUCCESS grasped=False steps=29 time=19.2s

-- episode 53 (env_id=53) --
[2026-08-07 06:10:21.278] [svulkan2] [warning] A second renderer will share the same internal context with the first one. Arguments passed to constructor will be ignored.
instruction: move redbull can near pepsi can
result: SUCCESS grasped=False steps=19 time=12.6s

-- episode 54 (env_id=54) --
[2026-08-07 06:10:34.859] [svulkan2] [warning] A second renderer will share the same internal context with the first one. Arguments passed to constructor will be ignored.
instruction: move orange near pepsi can
result: FAIL grasped=False steps=80 time=54.4s

-- episode 55 (env_id=55) --
[2026-08-07 06:11:30.317] [svulkan2] [warning] A second renderer will share the same internal context with the first one. Arguments passed to constructor will be ignored.
instruction: move orange near redbull can
result: FAIL grasped=False steps=80 time=53.7s

-- episode 56 (env_id=56) --
[2026-08-07 06:12:25.073] [svulkan2] [warning] A second renderer will share the same internal context with the first one. Arguments passed to constructor will be ignored.
instruction: move pepsi can near orange
result: FAIL grasped=False steps=80 time=52.9s

-- episode 57 (env_id=57) --
[2026-08-07 06:13:18.981] [svulkan2] [warning] A second renderer will share the same internal context with the first one. Arguments passed to constructor will be ignored.
instruction: move pepsi can near redbull can
result: FAIL grasped=False steps=80 time=52.7s

-- episode 58 (env_id=58) --
[2026-08-07 06:14:12.724] [svulkan2] [warning] A second renderer will share the same internal context with the first one. Arguments passed to constructor will be ignored.
instruction: move redbull can near orange
result: SUCCESS grasped=False steps=18 time=12.0s

-- episode 59 (env_id=59) --
[2026-08-07 06:14:25.774] [svulkan2] [warning] A second renderer will share the same internal context with the first one. Arguments passed to constructor will be ignored.
instruction: move redbull can near pepsi can
result: SUCCESS grasped=False steps=12 time=8.0s

==================================================
task:         google_robot_move_near_v0
model:        openvla_foveated_blur
setup:        google_robot (unnorm=fractal20220817_data, sticky=15)
success_rate: 18/60 = 30.0%
grasp_rate:   n/a (this env does not report a grasp signal)
avg_steps:    64
avg_elapsed:  43.2s
model_ms_per_infer: 511.7ms  (pure model forward pass, CUDA-synced)
model_ms_per_env_step: 511.7ms  (amortized over executed actions)
==================================================
saved: /content/BiVLA_full/results/openvla_fractal_0806_foveate_blur/openvla_foveated_blur/google_robot_move_near_v0/results_google_robot_move_near_v0.json
