/content/venv310/lib/python3.10/site-packages/sapien/core/renderer_config.py:4: UserWarning: pkg_resources is deprecated as an API. See https://setuptools.pypa.io/en/latest/pkg_resources.html. The pkg_resources package is slated for removal as early as 2025-11-30. Refrain from using this package or pin to Setuptools<81.
  import pkg_resources
[load] model=openvla_foveated_blur policy_setup=google_robot unnorm_key=(derived)
A new version of the following files was downloaded from https://huggingface.co/openvla/openvla-7b:
- processing_prismatic.py
. Make sure to double-check they do not contain any added malicious code. To avoid downloading new versions of the code file, you can pin a revision.
Using a slow image processor as `use_fast` is unset and a slow processor was saved with this model. `use_fast=True` will be the default behavior in v4.52, even if the model was saved with a slow processor. This will result in minor differences in outputs. You'll still be able to use a slow processor with `use_fast=False`.
A new version of the following files was downloaded from https://huggingface.co/openvla/openvla-7b:
- configuration_prismatic.py
. Make sure to double-check they do not contain any added malicious code. To avoid downloading new versions of the code file, you can pin a revision.
A new version of the following files was downloaded from https://huggingface.co/openvla/openvla-7b:
- modeling_prismatic.py
. Make sure to double-check they do not contain any added malicious code. To avoid downloading new versions of the code file, you can pin a revision.

Fetching 3 files:   0%|          | 0/3 [00:00<?, ?it/s]
Fetching 3 files:  33%|███▎      | 1/3 [00:11<00:23, 11.87s/it]
Fetching 3 files:  67%|██████▋   | 2/3 [00:41<00:20, 20.73s/it]
Fetching 3 files: 100%|██████████| 3/3 [00:42<00:00, 14.13s/it]
Fetching 3 files: 100%|██████████| 3/3 [00:42<00:00, 14.13s/it]
Expected `transformers==4.40.1` and `tokenizers==0.19.1` but got `transformers==4.53.3` and `tokenizers==0.21.4`; there might be inference-time regressions due to dependency changes. If in doubt, pleaseuse the above versions.

Loading checkpoint shards:   0%|          | 0/3 [00:00<?, ?it/s]
Loading checkpoint shards:  33%|███▎      | 1/3 [00:00<00:00,  7.51it/s]
Loading checkpoint shards: 100%|██████████| 3/3 [00:00<00:00, 18.35it/s]
[ok] model loaded  unnorm_key=fractal20220817_data sticky_gripper=15

-- episode 00 (env_id=0) --
/content/venv310/lib/python3.10/site-packages/gymnasium/core.py:311: UserWarning: [33mWARN: env.get_language_instruction to get variables from other wrappers is deprecated and will be removed in v1.0, to get this variable you can do `env.unwrapped.get_language_instruction` for environment variables or `env.get_wrapper_attr('get_language_instruction')` that will search the reminding wrappers.[0m
  logger.warn(
instruction: pick coke can
/content/venv310/lib/python3.10/site-packages/gymnasium/core.py:311: UserWarning: [33mWARN: env.get_language_instruction to get variables from other wrappers is deprecated and will be removed in v1.0, to get this variable you can do `env.unwrapped.get_language_instruction` for environment variables or `env.get_wrapper_attr('get_language_instruction')` that will search the reminding wrappers.[0m
  logger.warn(
result: FAIL grasped=False steps=80 time=56.7s

-- episode 01 (env_id=1) --
[2026-08-07 04:35:33.909] [svulkan2] [warning] A second renderer will share the same internal context with the first one. Arguments passed to constructor will be ignored.
instruction: pick coke can
result: FAIL grasped=False steps=80 time=52.5s

-- episode 02 (env_id=2) --
[2026-08-07 04:36:27.330] [svulkan2] [warning] A second renderer will share the same internal context with the first one. Arguments passed to constructor will be ignored.
instruction: pick coke can
result: FAIL grasped=False steps=80 time=52.6s

-- episode 03 (env_id=3) --
[2026-08-07 04:37:20.898] [svulkan2] [warning] A second renderer will share the same internal context with the first one. Arguments passed to constructor will be ignored.
instruction: pick coke can
result: FAIL grasped=False steps=80 time=54.3s

-- episode 04 (env_id=4) --
[2026-08-07 04:38:16.311] [svulkan2] [warning] A second renderer will share the same internal context with the first one. Arguments passed to constructor will be ignored.
instruction: pick coke can
result: FAIL grasped=False steps=80 time=53.8s

-- episode 05 (env_id=5) --
[2026-08-07 04:39:11.059] [svulkan2] [warning] A second renderer will share the same internal context with the first one. Arguments passed to constructor will be ignored.
instruction: pick coke can
result: FAIL grasped=False steps=80 time=54.8s

-- episode 06 (env_id=6) --
[2026-08-07 04:40:06.979] [svulkan2] [warning] A second renderer will share the same internal context with the first one. Arguments passed to constructor will be ignored.
instruction: pick coke can
result: FAIL grasped=False steps=80 time=52.9s

-- episode 07 (env_id=7) --
[2026-08-07 04:41:00.785] [svulkan2] [warning] A second renderer will share the same internal context with the first one. Arguments passed to constructor will be ignored.
instruction: pick coke can
result: FAIL grasped=False steps=80 time=52.9s

-- episode 08 (env_id=8) --
[2026-08-07 04:41:54.588] [svulkan2] [warning] A second renderer will share the same internal context with the first one. Arguments passed to constructor will be ignored.
instruction: pick coke can
result: FAIL grasped=False steps=80 time=55.1s

-- episode 09 (env_id=9) --
[2026-08-07 04:42:50.604] [svulkan2] [warning] A second renderer will share the same internal context with the first one. Arguments passed to constructor will be ignored.
instruction: pick coke can
result: FAIL grasped=False steps=80 time=53.4s

-- episode 10 (env_id=10) --
[2026-08-07 04:43:44.901] [svulkan2] [warning] A second renderer will share the same internal context with the first one. Arguments passed to constructor will be ignored.
instruction: pick coke can
result: FAIL grasped=False steps=80 time=54.4s

-- episode 11 (env_id=11) --
[2026-08-07 04:44:40.167] [svulkan2] [warning] A second renderer will share the same internal context with the first one. Arguments passed to constructor will be ignored.
instruction: pick coke can
result: FAIL grasped=False steps=80 time=52.8s

-- episode 12 (env_id=12) --
[2026-08-07 04:45:33.865] [svulkan2] [warning] A second renderer will share the same internal context with the first one. Arguments passed to constructor will be ignored.
instruction: pick coke can
result: FAIL grasped=False steps=80 time=53.0s

-- episode 13 (env_id=13) --
[2026-08-07 04:46:27.808] [svulkan2] [warning] A second renderer will share the same internal context with the first one. Arguments passed to constructor will be ignored.
instruction: pick coke can
result: SUCCESS grasped=True steps=17 time=11.4s

-- episode 14 (env_id=14) --
[2026-08-07 04:46:40.131] [svulkan2] [warning] A second renderer will share the same internal context with the first one. Arguments passed to constructor will be ignored.
instruction: pick coke can
result: FAIL grasped=False steps=80 time=54.7s

-- episode 15 (env_id=15) --
[2026-08-07 04:47:35.739] [svulkan2] [warning] A second renderer will share the same internal context with the first one. Arguments passed to constructor will be ignored.
instruction: pick coke can
result: FAIL grasped=False steps=80 time=55.0s

-- episode 16 (env_id=16) --
[2026-08-07 04:48:31.660] [svulkan2] [warning] A second renderer will share the same internal context with the first one. Arguments passed to constructor will be ignored.
instruction: pick coke can
result: FAIL grasped=False steps=80 time=55.2s

-- episode 17 (env_id=17) --
[2026-08-07 04:49:27.760] [svulkan2] [warning] A second renderer will share the same internal context with the first one. Arguments passed to constructor will be ignored.
instruction: pick coke can
result: FAIL grasped=False steps=80 time=54.9s

-- episode 18 (env_id=18) --
[2026-08-07 04:50:23.641] [svulkan2] [warning] A second renderer will share the same internal context with the first one. Arguments passed to constructor will be ignored.
instruction: pick coke can
result: SUCCESS grasped=True steps=17 time=11.4s

-- episode 19 (env_id=19) --
[2026-08-07 04:50:36.003] [svulkan2] [warning] A second renderer will share the same internal context with the first one. Arguments passed to constructor will be ignored.
instruction: pick coke can
result: FAIL grasped=False steps=80 time=53.7s

-- episode 20 (env_id=20) --
[2026-08-07 04:51:30.592] [svulkan2] [warning] A second renderer will share the same internal context with the first one. Arguments passed to constructor will be ignored.
instruction: pick coke can
result: FAIL grasped=False steps=80 time=54.5s

-- episode 21 (env_id=21) --
[2026-08-07 04:52:26.031] [svulkan2] [warning] A second renderer will share the same internal context with the first one. Arguments passed to constructor will be ignored.
instruction: pick coke can
result: FAIL grasped=False steps=80 time=55.1s

-- episode 22 (env_id=22) --
[2026-08-07 04:53:21.979] [svulkan2] [warning] A second renderer will share the same internal context with the first one. Arguments passed to constructor will be ignored.
instruction: pick coke can
result: FAIL grasped=False steps=80 time=54.7s

-- episode 23 (env_id=23) --
[2026-08-07 04:54:17.594] [svulkan2] [warning] A second renderer will share the same internal context with the first one. Arguments passed to constructor will be ignored.
instruction: pick coke can
result: SUCCESS grasped=True steps=12 time=8.1s

-- episode 24 (env_id=24) --
[2026-08-07 04:54:26.593] [svulkan2] [warning] A second renderer will share the same internal context with the first one. Arguments passed to constructor will be ignored.
instruction: pick coke can
result: FAIL grasped=False steps=80 time=53.7s

==================================================
task:         google_robot_pick_horizontal_coke_can
model:        openvla_foveated_blur
setup:        google_robot (unnorm=fractal20220817_data, sticky=15)
success_rate: 3/25 = 12.0%
grasp_rate:   3/25 = 12.0%
avg_steps:    72
avg_elapsed:  48.9s
model_ms_per_infer: 510.6ms  (pure model forward pass, CUDA-synced)
model_ms_per_env_step: 510.6ms  (amortized over executed actions)
==================================================
saved: /content/BiVLA_full/results/openvla_fractal_0806_foveate_blur/openvla_foveated_blur/google_robot_pick_horizontal_coke_can/results_google_robot_pick_horizontal_coke_can.json
