/content/venv310/lib/python3.10/site-packages/sapien/core/renderer_config.py:4: UserWarning: pkg_resources is deprecated as an API. See https://setuptools.pypa.io/en/latest/pkg_resources.html. The pkg_resources package is slated for removal as early as 2025-11-30. Refrain from using this package or pin to Setuptools<81.
  import pkg_resources
[load] model=openvla_foveated_blur policy_setup=google_robot unnorm_key=(derived)
Using a slow image processor as `use_fast` is unset and a slow processor was saved with this model. `use_fast=True` will be the default behavior in v4.52, even if the model was saved with a slow processor. This will result in minor differences in outputs. You'll still be able to use a slow processor with `use_fast=False`.
Expected `transformers==4.40.1` and `tokenizers==0.19.1` but got `transformers==4.53.3` and `tokenizers==0.21.4`; there might be inference-time regressions due to dependency changes. If in doubt, pleaseuse the above versions.

Loading checkpoint shards:   0%|          | 0/3 [00:00<?, ?it/s]
Loading checkpoint shards:  33%|███▎      | 1/3 [00:00<00:00,  7.93it/s]
Loading checkpoint shards: 100%|██████████| 3/3 [00:00<00:00, 19.27it/s]
[ok] model loaded  unnorm_key=fractal20220817_data sticky_gripper=15

-- episode 00 (env_id=0) --
/content/venv310/lib/python3.10/site-packages/gymnasium/core.py:311: UserWarning: [33mWARN: env.get_language_instruction to get variables from other wrappers is deprecated and will be removed in v1.0, to get this variable you can do `env.unwrapped.get_language_instruction` for environment variables or `env.get_wrapper_attr('get_language_instruction')` that will search the reminding wrappers.[0m
  logger.warn(
instruction: pick coke can
/content/venv310/lib/python3.10/site-packages/gymnasium/core.py:311: UserWarning: [33mWARN: env.get_language_instruction to get variables from other wrappers is deprecated and will be removed in v1.0, to get this variable you can do `env.unwrapped.get_language_instruction` for environment variables or `env.get_wrapper_attr('get_language_instruction')` that will search the reminding wrappers.[0m
  logger.warn(
result: FAIL grasped=False steps=80 time=56.3s

-- episode 01 (env_id=1) --
[2026-08-07 04:56:38.399] [svulkan2] [warning] A second renderer will share the same internal context with the first one. Arguments passed to constructor will be ignored.
instruction: pick coke can
result: FAIL grasped=False steps=80 time=54.7s

-- episode 02 (env_id=2) --
[2026-08-07 04:57:34.007] [svulkan2] [warning] A second renderer will share the same internal context with the first one. Arguments passed to constructor will be ignored.
instruction: pick coke can
result: FAIL grasped=False steps=80 time=54.0s

-- episode 03 (env_id=3) --
[2026-08-07 04:58:28.936] [svulkan2] [warning] A second renderer will share the same internal context with the first one. Arguments passed to constructor will be ignored.
instruction: pick coke can
result: FAIL grasped=False steps=80 time=54.8s

-- episode 04 (env_id=4) --
[2026-08-07 04:59:24.787] [svulkan2] [warning] A second renderer will share the same internal context with the first one. Arguments passed to constructor will be ignored.
instruction: pick coke can
result: FAIL grasped=False steps=80 time=54.3s

-- episode 05 (env_id=5) --
[2026-08-07 05:00:19.967] [svulkan2] [warning] A second renderer will share the same internal context with the first one. Arguments passed to constructor will be ignored.
instruction: pick coke can
result: FAIL grasped=False steps=80 time=54.4s

-- episode 06 (env_id=6) --
[2026-08-07 05:01:15.469] [svulkan2] [warning] A second renderer will share the same internal context with the first one. Arguments passed to constructor will be ignored.
instruction: pick coke can
result: FAIL grasped=False steps=80 time=54.0s

-- episode 07 (env_id=7) --
[2026-08-07 05:02:10.370] [svulkan2] [warning] A second renderer will share the same internal context with the first one. Arguments passed to constructor will be ignored.
instruction: pick coke can
result: FAIL grasped=False steps=80 time=54.9s

-- episode 08 (env_id=8) --
[2026-08-07 05:03:06.227] [svulkan2] [warning] A second renderer will share the same internal context with the first one. Arguments passed to constructor will be ignored.
instruction: pick coke can
result: SUCCESS grasped=True steps=19 time=12.7s

-- episode 09 (env_id=9) --
[2026-08-07 05:03:19.866] [svulkan2] [warning] A second renderer will share the same internal context with the first one. Arguments passed to constructor will be ignored.
instruction: pick coke can
result: SUCCESS grasped=True steps=17 time=11.5s

-- episode 10 (env_id=10) --
[2026-08-07 05:03:32.322] [svulkan2] [warning] A second renderer will share the same internal context with the first one. Arguments passed to constructor will be ignored.
instruction: pick coke can
result: FAIL grasped=False steps=80 time=55.0s

-- episode 11 (env_id=11) --
[2026-08-07 05:04:28.246] [svulkan2] [warning] A second renderer will share the same internal context with the first one. Arguments passed to constructor will be ignored.
instruction: pick coke can
result: SUCCESS grasped=True steps=25 time=16.7s

-- episode 12 (env_id=12) --
[2026-08-07 05:04:45.802] [svulkan2] [warning] A second renderer will share the same internal context with the first one. Arguments passed to constructor will be ignored.
instruction: pick coke can
result: FAIL grasped=False steps=80 time=55.0s

-- episode 13 (env_id=13) --
[2026-08-07 05:05:41.743] [svulkan2] [warning] A second renderer will share the same internal context with the first one. Arguments passed to constructor will be ignored.
instruction: pick coke can
result: SUCCESS grasped=True steps=18 time=12.0s

-- episode 14 (env_id=14) --
[2026-08-07 05:05:54.724] [svulkan2] [warning] A second renderer will share the same internal context with the first one. Arguments passed to constructor will be ignored.
instruction: pick coke can
result: SUCCESS grasped=True steps=33 time=22.1s

-- episode 15 (env_id=15) --
[2026-08-07 05:06:17.722] [svulkan2] [warning] A second renderer will share the same internal context with the first one. Arguments passed to constructor will be ignored.
instruction: pick coke can
result: FAIL grasped=False steps=80 time=52.9s

-- episode 16 (env_id=16) --
[2026-08-07 05:07:11.529] [svulkan2] [warning] A second renderer will share the same internal context with the first one. Arguments passed to constructor will be ignored.
instruction: pick coke can
result: FAIL grasped=False steps=80 time=53.2s

-- episode 17 (env_id=17) --
[2026-08-07 05:08:05.618] [svulkan2] [warning] A second renderer will share the same internal context with the first one. Arguments passed to constructor will be ignored.
instruction: pick coke can
result: FAIL grasped=False steps=80 time=54.8s

-- episode 18 (env_id=18) --
[2026-08-07 05:09:01.364] [svulkan2] [warning] A second renderer will share the same internal context with the first one. Arguments passed to constructor will be ignored.
instruction: pick coke can
result: FAIL grasped=False steps=80 time=53.8s

-- episode 19 (env_id=19) --
[2026-08-07 05:09:56.079] [svulkan2] [warning] A second renderer will share the same internal context with the first one. Arguments passed to constructor will be ignored.
instruction: pick coke can
result: FAIL grasped=False steps=80 time=56.1s

-- episode 20 (env_id=20) --
[2026-08-07 05:10:53.095] [svulkan2] [warning] A second renderer will share the same internal context with the first one. Arguments passed to constructor will be ignored.
instruction: pick coke can
result: FAIL grasped=False steps=80 time=52.7s

-- episode 21 (env_id=21) --
[2026-08-07 05:11:46.756] [svulkan2] [warning] A second renderer will share the same internal context with the first one. Arguments passed to constructor will be ignored.
instruction: pick coke can
result: FAIL grasped=False steps=80 time=54.0s

-- episode 22 (env_id=22) --
[2026-08-07 05:12:41.654] [svulkan2] [warning] A second renderer will share the same internal context with the first one. Arguments passed to constructor will be ignored.
instruction: pick coke can
result: FAIL grasped=False steps=80 time=52.7s

-- episode 23 (env_id=23) --
[2026-08-07 05:13:35.238] [svulkan2] [warning] A second renderer will share the same internal context with the first one. Arguments passed to constructor will be ignored.
instruction: pick coke can
result: FAIL grasped=False steps=80 time=55.4s

-- episode 24 (env_id=24) --
[2026-08-07 05:14:31.549] [svulkan2] [warning] A second renderer will share the same internal context with the first one. Arguments passed to constructor will be ignored.
instruction: pick coke can
result: FAIL grasped=False steps=80 time=53.2s

==================================================
task:         google_robot_pick_vertical_coke_can
model:        openvla_foveated_blur
setup:        google_robot (unnorm=fractal20220817_data, sticky=15)
success_rate: 5/25 = 20.0%
grasp_rate:   5/25 = 20.0%
avg_steps:    68
avg_elapsed:  46.4s
model_ms_per_infer: 511.2ms  (pure model forward pass, CUDA-synced)
model_ms_per_env_step: 511.2ms  (amortized over executed actions)
==================================================
saved: /content/BiVLA_full/results/openvla_fractal_0806_foveate_blur/openvla_foveated_blur/google_robot_pick_vertical_coke_can/results_google_robot_pick_vertical_coke_can.json
