/content/venv310/lib/python3.10/site-packages/sapien/core/renderer_config.py:4: UserWarning: pkg_resources is deprecated as an API. See https://setuptools.pypa.io/en/latest/pkg_resources.html. The pkg_resources package is slated for removal as early as 2025-11-30. Refrain from using this package or pin to Setuptools<81.
  import pkg_resources
[load] model=openvla_chunk policy_setup=google_robot unnorm_key=(derived)
Using a slow image processor as `use_fast` is unset and a slow processor was saved with this model. `use_fast=True` will be the default behavior in v4.52, even if the model was saved with a slow processor. This will result in minor differences in outputs. You'll still be able to use a slow processor with `use_fast=False`.
Expected `transformers==4.40.1` and `tokenizers==0.19.1` but got `transformers==4.53.3` and `tokenizers==0.21.4`; there might be inference-time regressions due to dependency changes. If in doubt, pleaseuse the above versions.

Loading checkpoint shards:   0%|          | 0/3 [00:00<?, ?it/s]
Loading checkpoint shards:  33%|███▎      | 1/3 [00:00<00:00,  7.65it/s]
Loading checkpoint shards: 100%|██████████| 3/3 [00:00<00:00, 18.56it/s]
[ok] model loaded  unnorm_key=fractal20220817_data sticky_gripper=15

-- episode 00 (env_id=0) --
/content/venv310/lib/python3.10/site-packages/gymnasium/core.py:311: UserWarning: [33mWARN: env.get_language_instruction to get variables from other wrappers is deprecated and will be removed in v1.0, to get this variable you can do `env.unwrapped.get_language_instruction` for environment variables or `env.get_wrapper_attr('get_language_instruction')` that will search the reminding wrappers.[0m
  logger.warn(
instruction: pick coke can
/content/venv310/lib/python3.10/site-packages/gymnasium/core.py:311: UserWarning: [33mWARN: env.get_language_instruction to get variables from other wrappers is deprecated and will be removed in v1.0, to get this variable you can do `env.unwrapped.get_language_instruction` for environment variables or `env.get_wrapper_attr('get_language_instruction')` that will search the reminding wrappers.[0m
  logger.warn(
result: SUCCESS grasped=True steps=51 time=21.7s

-- episode 01 (env_id=1) --
[2026-08-06 14:23:34.570] [svulkan2] [warning] A second renderer will share the same internal context with the first one. Arguments passed to constructor will be ignored.
instruction: pick coke can
result: FAIL grasped=True steps=80 time=31.2s

-- episode 02 (env_id=2) --
[2026-08-06 14:24:06.656] [svulkan2] [warning] A second renderer will share the same internal context with the first one. Arguments passed to constructor will be ignored.
instruction: pick coke can
result: SUCCESS grasped=True steps=27 time=10.5s

-- episode 03 (env_id=3) --
[2026-08-06 14:24:18.070] [svulkan2] [warning] A second renderer will share the same internal context with the first one. Arguments passed to constructor will be ignored.
instruction: pick coke can
result: FAIL grasped=True steps=80 time=31.5s

-- episode 04 (env_id=4) --
[2026-08-06 14:24:50.605] [svulkan2] [warning] A second renderer will share the same internal context with the first one. Arguments passed to constructor will be ignored.
instruction: pick coke can
result: SUCCESS grasped=True steps=25 time=9.7s

-- episode 05 (env_id=5) --
[2026-08-06 14:25:01.209] [svulkan2] [warning] A second renderer will share the same internal context with the first one. Arguments passed to constructor will be ignored.
instruction: pick coke can
result: SUCCESS grasped=True steps=40 time=14.9s

-- episode 06 (env_id=6) --
[2026-08-06 14:25:17.231] [svulkan2] [warning] A second renderer will share the same internal context with the first one. Arguments passed to constructor will be ignored.
instruction: pick coke can
result: FAIL grasped=True steps=80 time=31.1s

-- episode 07 (env_id=7) --
[2026-08-06 14:25:49.296] [svulkan2] [warning] A second renderer will share the same internal context with the first one. Arguments passed to constructor will be ignored.
instruction: pick coke can
result: SUCCESS grasped=True steps=39 time=15.0s

-- episode 08 (env_id=8) --
[2026-08-06 14:26:05.262] [svulkan2] [warning] A second renderer will share the same internal context with the first one. Arguments passed to constructor will be ignored.
instruction: pick coke can
result: FAIL grasped=True steps=80 time=30.9s

-- episode 09 (env_id=9) --
[2026-08-06 14:26:37.137] [svulkan2] [warning] A second renderer will share the same internal context with the first one. Arguments passed to constructor will be ignored.
instruction: pick coke can
result: FAIL grasped=True steps=80 time=31.5s

-- episode 10 (env_id=10) --
[2026-08-06 14:27:09.599] [svulkan2] [warning] A second renderer will share the same internal context with the first one. Arguments passed to constructor will be ignored.
instruction: pick coke can
result: SUCCESS grasped=True steps=41 time=15.7s

-- episode 11 (env_id=11) --
[2026-08-06 14:27:26.183] [svulkan2] [warning] A second renderer will share the same internal context with the first one. Arguments passed to constructor will be ignored.
instruction: pick coke can
result: FAIL grasped=True steps=80 time=30.9s

-- episode 12 (env_id=12) --
[2026-08-06 14:27:57.997] [svulkan2] [warning] A second renderer will share the same internal context with the first one. Arguments passed to constructor will be ignored.
instruction: pick coke can
result: SUCCESS grasped=True steps=46 time=17.2s

-- episode 13 (env_id=13) --
[2026-08-06 14:28:16.125] [svulkan2] [warning] A second renderer will share the same internal context with the first one. Arguments passed to constructor will be ignored.
instruction: pick coke can
result: SUCCESS grasped=True steps=22 time=8.3s

-- episode 14 (env_id=14) --
[2026-08-06 14:28:25.392] [svulkan2] [warning] A second renderer will share the same internal context with the first one. Arguments passed to constructor will be ignored.
instruction: pick coke can
result: FAIL grasped=False steps=80 time=29.7s

-- episode 15 (env_id=15) --
[2026-08-06 14:28:55.988] [svulkan2] [warning] A second renderer will share the same internal context with the first one. Arguments passed to constructor will be ignored.
instruction: pick coke can
result: FAIL grasped=False steps=80 time=29.7s

-- episode 16 (env_id=16) --
[2026-08-06 14:29:26.562] [svulkan2] [warning] A second renderer will share the same internal context with the first one. Arguments passed to constructor will be ignored.
instruction: pick coke can
result: SUCCESS grasped=True steps=27 time=10.4s

-- episode 17 (env_id=17) --
[2026-08-06 14:29:37.876] [svulkan2] [warning] A second renderer will share the same internal context with the first one. Arguments passed to constructor will be ignored.
instruction: pick coke can
result: FAIL grasped=True steps=80 time=31.3s

-- episode 18 (env_id=18) --
[2026-08-06 14:30:10.132] [svulkan2] [warning] A second renderer will share the same internal context with the first one. Arguments passed to constructor will be ignored.
instruction: pick coke can
result: SUCCESS grasped=True steps=16 time=6.0s

-- episode 19 (env_id=19) --
[2026-08-06 14:30:17.068] [svulkan2] [warning] A second renderer will share the same internal context with the first one. Arguments passed to constructor will be ignored.
instruction: pick coke can
result: FAIL grasped=False steps=80 time=29.7s

-- episode 20 (env_id=20) --
[2026-08-06 14:30:47.611] [svulkan2] [warning] A second renderer will share the same internal context with the first one. Arguments passed to constructor will be ignored.
instruction: pick coke can
result: FAIL grasped=False steps=80 time=29.9s

-- episode 21 (env_id=21) --
[2026-08-06 14:31:18.428] [svulkan2] [warning] A second renderer will share the same internal context with the first one. Arguments passed to constructor will be ignored.
instruction: pick coke can
result: FAIL grasped=True steps=80 time=31.2s

-- episode 22 (env_id=22) --
[2026-08-06 14:31:50.541] [svulkan2] [warning] A second renderer will share the same internal context with the first one. Arguments passed to constructor will be ignored.
instruction: pick coke can
result: FAIL grasped=False steps=80 time=31.8s

-- episode 23 (env_id=23) --
[2026-08-06 14:32:23.282] [svulkan2] [warning] A second renderer will share the same internal context with the first one. Arguments passed to constructor will be ignored.
instruction: pick coke can
result: FAIL grasped=False steps=80 time=29.6s

-- episode 24 (env_id=24) --
[2026-08-06 14:32:53.834] [svulkan2] [warning] A second renderer will share the same internal context with the first one. Arguments passed to constructor will be ignored.
instruction: pick coke can
result: FAIL grasped=False steps=80 time=29.7s

==================================================
task:         google_robot_pick_horizontal_coke_can
model:        openvla_chunk
setup:        google_robot (unnorm=fractal20220817_data, sticky=15)
success_rate: 10/25 = 40.0%
grasp_rate:   18/25 = 72.0%
avg_steps:    61
avg_elapsed:  23.6s
model_ms_per_infer: 519.2ms  (pure model forward pass, CUDA-synced)
model_ms_per_env_step: 261.5ms  (amortized over executed actions)
action-repeat: each prediction executed for 2 env steps
==================================================
saved: /content/BiVLA_full/results/openvla_fractal_0806_action_repeat2/openvla_chunk/google_robot_pick_horizontal_coke_can/results_google_robot_pick_horizontal_coke_can.json
