/content/venv310/lib/python3.10/site-packages/sapien/core/renderer_config.py:4: UserWarning: pkg_resources is deprecated as an API. See https://setuptools.pypa.io/en/latest/pkg_resources.html. The pkg_resources package is slated for removal as early as 2025-11-30. Refrain from using this package or pin to Setuptools<81.
  import pkg_resources
[load] model=openvla_chunk policy_setup=google_robot unnorm_key=(derived)
Using a slow image processor as `use_fast` is unset and a slow processor was saved with this model. `use_fast=True` will be the default behavior in v4.52, even if the model was saved with a slow processor. This will result in minor differences in outputs. You'll still be able to use a slow processor with `use_fast=False`.
Expected `transformers==4.40.1` and `tokenizers==0.19.1` but got `transformers==4.53.3` and `tokenizers==0.21.4`; there might be inference-time regressions due to dependency changes. If in doubt, pleaseuse the above versions.

Loading checkpoint shards:   0%|          | 0/3 [00:00<?, ?it/s]
Loading checkpoint shards:  33%|███▎      | 1/3 [00:00<00:00,  7.82it/s]
Loading checkpoint shards: 100%|██████████| 3/3 [00:00<00:00, 18.93it/s]
[ok] model loaded  unnorm_key=fractal20220817_data sticky_gripper=15

-- episode 00 (env_id=0) --
/content/venv310/lib/python3.10/site-packages/gymnasium/core.py:311: UserWarning: [33mWARN: env.get_language_instruction to get variables from other wrappers is deprecated and will be removed in v1.0, to get this variable you can do `env.unwrapped.get_language_instruction` for environment variables or `env.get_wrapper_attr('get_language_instruction')` that will search the reminding wrappers.[0m
  logger.warn(
instruction: pick coke can
/content/venv310/lib/python3.10/site-packages/gymnasium/core.py:311: UserWarning: [33mWARN: env.get_language_instruction to get variables from other wrappers is deprecated and will be removed in v1.0, to get this variable you can do `env.unwrapped.get_language_instruction` for environment variables or `env.get_wrapper_attr('get_language_instruction')` that will search the reminding wrappers.[0m
  logger.warn(
result: FAIL grasped=False steps=80 time=33.4s

-- episode 01 (env_id=1) --
[2026-08-06 14:34:17.855] [svulkan2] [warning] A second renderer will share the same internal context with the first one. Arguments passed to constructor will be ignored.
instruction: pick coke can
result: FAIL grasped=False steps=80 time=31.9s

-- episode 02 (env_id=2) --
[2026-08-06 14:34:50.699] [svulkan2] [warning] A second renderer will share the same internal context with the first one. Arguments passed to constructor will be ignored.
instruction: pick coke can
result: FAIL grasped=True steps=80 time=31.3s

-- episode 03 (env_id=3) --
[2026-08-06 14:35:22.946] [svulkan2] [warning] A second renderer will share the same internal context with the first one. Arguments passed to constructor will be ignored.
instruction: pick coke can
result: SUCCESS grasped=True steps=28 time=10.5s

-- episode 04 (env_id=4) --
[2026-08-06 14:35:34.499] [svulkan2] [warning] A second renderer will share the same internal context with the first one. Arguments passed to constructor will be ignored.
instruction: pick coke can
result: SUCCESS grasped=True steps=70 time=26.6s

-- episode 05 (env_id=5) --
[2026-08-06 14:36:01.986] [svulkan2] [warning] A second renderer will share the same internal context with the first one. Arguments passed to constructor will be ignored.
instruction: pick coke can
result: FAIL grasped=False steps=80 time=29.6s

-- episode 06 (env_id=6) --
[2026-08-06 14:36:32.659] [svulkan2] [warning] A second renderer will share the same internal context with the first one. Arguments passed to constructor will be ignored.
instruction: pick coke can
result: FAIL grasped=False steps=80 time=29.5s

-- episode 07 (env_id=7) --
[2026-08-06 14:37:03.156] [svulkan2] [warning] A second renderer will share the same internal context with the first one. Arguments passed to constructor will be ignored.
instruction: pick coke can
result: FAIL grasped=True steps=80 time=30.2s

-- episode 08 (env_id=8) --
[2026-08-06 14:37:34.348] [svulkan2] [warning] A second renderer will share the same internal context with the first one. Arguments passed to constructor will be ignored.
instruction: pick coke can
result: FAIL grasped=False steps=80 time=30.8s

-- episode 09 (env_id=9) --
[2026-08-06 14:38:06.067] [svulkan2] [warning] A second renderer will share the same internal context with the first one. Arguments passed to constructor will be ignored.
instruction: pick coke can
result: FAIL grasped=False steps=80 time=29.6s

-- episode 10 (env_id=10) --
[2026-08-06 14:38:36.587] [svulkan2] [warning] A second renderer will share the same internal context with the first one. Arguments passed to constructor will be ignored.
instruction: pick coke can
result: FAIL grasped=False steps=80 time=29.5s

-- episode 11 (env_id=11) --
[2026-08-06 14:39:06.932] [svulkan2] [warning] A second renderer will share the same internal context with the first one. Arguments passed to constructor will be ignored.
instruction: pick coke can
result: FAIL grasped=False steps=80 time=29.6s

-- episode 12 (env_id=12) --
[2026-08-06 14:39:37.365] [svulkan2] [warning] A second renderer will share the same internal context with the first one. Arguments passed to constructor will be ignored.
instruction: pick coke can
result: FAIL grasped=False steps=80 time=29.6s

-- episode 13 (env_id=13) --
[2026-08-06 14:40:07.890] [svulkan2] [warning] A second renderer will share the same internal context with the first one. Arguments passed to constructor will be ignored.
instruction: pick coke can
result: FAIL grasped=False steps=80 time=29.5s

-- episode 14 (env_id=14) --
[2026-08-06 14:40:38.341] [svulkan2] [warning] A second renderer will share the same internal context with the first one. Arguments passed to constructor will be ignored.
instruction: pick coke can
result: FAIL grasped=False steps=80 time=31.1s

-- episode 15 (env_id=15) --
[2026-08-06 14:41:10.412] [svulkan2] [warning] A second renderer will share the same internal context with the first one. Arguments passed to constructor will be ignored.
instruction: pick coke can
result: FAIL grasped=False steps=80 time=29.7s

-- episode 16 (env_id=16) --
[2026-08-06 14:41:41.077] [svulkan2] [warning] A second renderer will share the same internal context with the first one. Arguments passed to constructor will be ignored.
instruction: pick coke can
result: FAIL grasped=False steps=80 time=30.5s

-- episode 17 (env_id=17) --
[2026-08-06 14:42:12.474] [svulkan2] [warning] A second renderer will share the same internal context with the first one. Arguments passed to constructor will be ignored.
instruction: pick coke can
result: FAIL grasped=True steps=80 time=30.6s

-- episode 18 (env_id=18) --
[2026-08-06 14:42:43.996] [svulkan2] [warning] A second renderer will share the same internal context with the first one. Arguments passed to constructor will be ignored.
instruction: pick coke can
result: SUCCESS grasped=True steps=25 time=9.8s

-- episode 19 (env_id=19) --
[2026-08-06 14:42:54.738] [svulkan2] [warning] A second renderer will share the same internal context with the first one. Arguments passed to constructor will be ignored.
instruction: pick coke can
result: FAIL grasped=True steps=80 time=30.7s

-- episode 20 (env_id=20) --
[2026-08-06 14:43:26.280] [svulkan2] [warning] A second renderer will share the same internal context with the first one. Arguments passed to constructor will be ignored.
instruction: pick coke can
result: FAIL grasped=False steps=80 time=29.5s

-- episode 21 (env_id=21) --
[2026-08-06 14:43:56.712] [svulkan2] [warning] A second renderer will share the same internal context with the first one. Arguments passed to constructor will be ignored.
instruction: pick coke can
result: FAIL grasped=False steps=80 time=30.5s

-- episode 22 (env_id=22) --
[2026-08-06 14:44:28.082] [svulkan2] [warning] A second renderer will share the same internal context with the first one. Arguments passed to constructor will be ignored.
instruction: pick coke can
result: FAIL grasped=False steps=80 time=30.1s

-- episode 23 (env_id=23) --
[2026-08-06 14:44:59.018] [svulkan2] [warning] A second renderer will share the same internal context with the first one. Arguments passed to constructor will be ignored.
instruction: pick coke can
result: FAIL grasped=False steps=80 time=29.5s

-- episode 24 (env_id=24) --
[2026-08-06 14:45:29.442] [svulkan2] [warning] A second renderer will share the same internal context with the first one. Arguments passed to constructor will be ignored.
instruction: pick coke can
result: FAIL grasped=True steps=80 time=31.1s

==================================================
task:         google_robot_pick_vertical_coke_can
model:        openvla_chunk
setup:        google_robot (unnorm=fractal20220817_data, sticky=15)
success_rate: 3/25 = 12.0%
grasp_rate:   8/25 = 32.0%
avg_steps:    75
avg_elapsed:  28.6s
model_ms_per_infer: 517.4ms  (pure model forward pass, CUDA-synced)
model_ms_per_env_step: 259.1ms  (amortized over executed actions)
action-repeat: each prediction executed for 2 env steps
==================================================
saved: /content/BiVLA_full/results/openvla_fractal_0806_action_repeat2/openvla_chunk/google_robot_pick_vertical_coke_can/results_google_robot_pick_vertical_coke_can.json
