/content/venv310/lib/python3.10/site-packages/sapien/core/renderer_config.py:4: UserWarning: pkg_resources is deprecated as an API. See https://setuptools.pypa.io/en/latest/pkg_resources.html. The pkg_resources package is slated for removal as early as 2025-11-30. Refrain from using this package or pin to Setuptools<81.
  import pkg_resources
[load] model=openvla_chunk policy_setup=google_robot unnorm_key=(derived)
Using a slow image processor as `use_fast` is unset and a slow processor was saved with this model. `use_fast=True` will be the default behavior in v4.52, even if the model was saved with a slow processor. This will result in minor differences in outputs. You'll still be able to use a slow processor with `use_fast=False`.
Expected `transformers==4.40.1` and `tokenizers==0.19.1` but got `transformers==4.53.3` and `tokenizers==0.21.4`; there might be inference-time regressions due to dependency changes. If in doubt, pleaseuse the above versions.

Loading checkpoint shards:   0%|          | 0/3 [00:00<?, ?it/s]
Loading checkpoint shards:  33%|███▎      | 1/3 [00:00<00:00,  7.84it/s]
Loading checkpoint shards: 100%|██████████| 3/3 [00:00<00:00, 18.96it/s]
[ok] model loaded  unnorm_key=fractal20220817_data sticky_gripper=15

-- episode 00 (env_id=0) --
/content/venv310/lib/python3.10/site-packages/gymnasium/core.py:311: UserWarning: [33mWARN: env.get_language_instruction to get variables from other wrappers is deprecated and will be removed in v1.0, to get this variable you can do `env.unwrapped.get_language_instruction` for environment variables or `env.get_wrapper_attr('get_language_instruction')` that will search the reminding wrappers.[0m
  logger.warn(
instruction: pick coke can
/content/venv310/lib/python3.10/site-packages/gymnasium/core.py:311: UserWarning: [33mWARN: env.get_language_instruction to get variables from other wrappers is deprecated and will be removed in v1.0, to get this variable you can do `env.unwrapped.get_language_instruction` for environment variables or `env.get_wrapper_attr('get_language_instruction')` that will search the reminding wrappers.[0m
  logger.warn(
result: FAIL grasped=False steps=80 time=31.6s

-- episode 01 (env_id=1) --
[2026-08-06 14:46:53.223] [svulkan2] [warning] A second renderer will share the same internal context with the first one. Arguments passed to constructor will be ignored.
instruction: pick coke can
result: SUCCESS grasped=True steps=47 time=18.2s

-- episode 02 (env_id=2) --
[2026-08-06 14:47:12.349] [svulkan2] [warning] A second renderer will share the same internal context with the first one. Arguments passed to constructor will be ignored.
instruction: pick coke can
result: SUCCESS grasped=True steps=26 time=9.9s

-- episode 03 (env_id=3) --
[2026-08-06 14:47:23.227] [svulkan2] [warning] A second renderer will share the same internal context with the first one. Arguments passed to constructor will be ignored.
instruction: pick coke can
result: SUCCESS grasped=True steps=70 time=27.6s

-- episode 04 (env_id=4) --
[2026-08-06 14:47:51.915] [svulkan2] [warning] A second renderer will share the same internal context with the first one. Arguments passed to constructor will be ignored.
instruction: pick coke can
result: SUCCESS grasped=True steps=23 time=9.1s

-- episode 05 (env_id=5) --
[2026-08-06 14:48:01.972] [svulkan2] [warning] A second renderer will share the same internal context with the first one. Arguments passed to constructor will be ignored.
instruction: pick coke can
result: FAIL grasped=False steps=80 time=29.9s

-- episode 06 (env_id=6) --
[2026-08-06 14:48:33.043] [svulkan2] [warning] A second renderer will share the same internal context with the first one. Arguments passed to constructor will be ignored.
instruction: pick coke can
result: FAIL grasped=True steps=80 time=31.2s

-- episode 07 (env_id=7) --
[2026-08-06 14:49:05.198] [svulkan2] [warning] A second renderer will share the same internal context with the first one. Arguments passed to constructor will be ignored.
instruction: pick coke can
result: FAIL grasped=True steps=80 time=31.0s

-- episode 08 (env_id=8) --
[2026-08-06 14:49:37.119] [svulkan2] [warning] A second renderer will share the same internal context with the first one. Arguments passed to constructor will be ignored.
instruction: pick coke can
result: SUCCESS grasped=True steps=18 time=6.9s

-- episode 09 (env_id=9) --
[2026-08-06 14:49:44.931] [svulkan2] [warning] A second renderer will share the same internal context with the first one. Arguments passed to constructor will be ignored.
instruction: pick coke can
result: SUCCESS grasped=True steps=66 time=25.7s

-- episode 10 (env_id=10) --
[2026-08-06 14:50:11.622] [svulkan2] [warning] A second renderer will share the same internal context with the first one. Arguments passed to constructor will be ignored.
instruction: pick coke can
result: FAIL grasped=False steps=80 time=29.7s

-- episode 11 (env_id=11) --
[2026-08-06 14:50:42.180] [svulkan2] [warning] A second renderer will share the same internal context with the first one. Arguments passed to constructor will be ignored.
instruction: pick coke can
result: FAIL grasped=True steps=80 time=30.8s

-- episode 12 (env_id=12) --
[2026-08-06 14:51:13.698] [svulkan2] [warning] A second renderer will share the same internal context with the first one. Arguments passed to constructor will be ignored.
instruction: pick coke can
result: FAIL grasped=True steps=80 time=31.3s

-- episode 13 (env_id=13) --
[2026-08-06 14:51:45.966] [svulkan2] [warning] A second renderer will share the same internal context with the first one. Arguments passed to constructor will be ignored.
instruction: pick coke can
result: SUCCESS grasped=True steps=17 time=6.7s

-- episode 14 (env_id=14) --
[2026-08-06 14:51:53.633] [svulkan2] [warning] A second renderer will share the same internal context with the first one. Arguments passed to constructor will be ignored.
instruction: pick coke can
result: FAIL grasped=True steps=80 time=31.4s

-- episode 15 (env_id=15) --
[2026-08-06 14:52:25.981] [svulkan2] [warning] A second renderer will share the same internal context with the first one. Arguments passed to constructor will be ignored.
instruction: pick coke can
result: FAIL grasped=False steps=80 time=29.8s

-- episode 16 (env_id=16) --
[2026-08-06 14:52:56.733] [svulkan2] [warning] A second renderer will share the same internal context with the first one. Arguments passed to constructor will be ignored.
instruction: pick coke can
result: FAIL grasped=True steps=80 time=30.6s

-- episode 17 (env_id=17) --
[2026-08-06 14:53:28.271] [svulkan2] [warning] A second renderer will share the same internal context with the first one. Arguments passed to constructor will be ignored.
instruction: pick coke can
result: FAIL grasped=True steps=80 time=31.0s

-- episode 18 (env_id=18) --
[2026-08-06 14:54:00.209] [svulkan2] [warning] A second renderer will share the same internal context with the first one. Arguments passed to constructor will be ignored.
instruction: pick coke can
result: SUCCESS grasped=True steps=71 time=28.3s

-- episode 19 (env_id=19) --
[2026-08-06 14:54:29.419] [svulkan2] [warning] A second renderer will share the same internal context with the first one. Arguments passed to constructor will be ignored.
instruction: pick coke can
result: FAIL grasped=True steps=80 time=31.5s

-- episode 20 (env_id=20) --
[2026-08-06 14:55:01.806] [svulkan2] [warning] A second renderer will share the same internal context with the first one. Arguments passed to constructor will be ignored.
instruction: pick coke can
result: FAIL grasped=False steps=80 time=29.6s

-- episode 21 (env_id=21) --
[2026-08-06 14:55:32.358] [svulkan2] [warning] A second renderer will share the same internal context with the first one. Arguments passed to constructor will be ignored.
instruction: pick coke can
result: FAIL grasped=False steps=80 time=29.6s

-- episode 22 (env_id=22) --
[2026-08-06 14:56:02.853] [svulkan2] [warning] A second renderer will share the same internal context with the first one. Arguments passed to constructor will be ignored.
instruction: pick coke can
result: FAIL grasped=True steps=80 time=31.0s

-- episode 23 (env_id=23) --
[2026-08-06 14:56:34.782] [svulkan2] [warning] A second renderer will share the same internal context with the first one. Arguments passed to constructor will be ignored.
instruction: pick coke can
result: SUCCESS grasped=True steps=30 time=11.7s

-- episode 24 (env_id=24) --
[2026-08-06 14:56:47.383] [svulkan2] [warning] A second renderer will share the same internal context with the first one. Arguments passed to constructor will be ignored.
instruction: pick coke can
result: FAIL grasped=False steps=80 time=32.9s

==================================================
task:         google_robot_pick_standing_coke_can
model:        openvla_chunk
setup:        google_robot (unnorm=fractal20220817_data, sticky=15)
success_rate: 9/25 = 36.0%
grasp_rate:   18/25 = 72.0%
avg_steps:    66
avg_elapsed:  25.5s
model_ms_per_infer: 518.4ms  (pure model forward pass, CUDA-synced)
model_ms_per_env_step: 260.6ms  (amortized over executed actions)
action-repeat: each prediction executed for 2 env steps
==================================================
saved: /content/BiVLA_full/results/openvla_fractal_0806_action_repeat2/openvla_chunk/google_robot_pick_standing_coke_can/results_google_robot_pick_standing_coke_can.json
