/content/venv310/lib/python3.10/site-packages/sapien/core/renderer_config.py:4: UserWarning: pkg_resources is deprecated as an API. See https://setuptools.pypa.io/en/latest/pkg_resources.html. The pkg_resources package is slated for removal as early as 2025-11-30. Refrain from using this package or pin to Setuptools<81.
  import pkg_resources
[load] model=openvla_depth policy_setup=google_robot unnorm_key=(derived)
A new version of the following files was downloaded from https://huggingface.co/openvla/openvla-7b:
- processing_prismatic.py
. Make sure to double-check they do not contain any added malicious code. To avoid downloading new versions of the code file, you can pin a revision.
Using a slow image processor as `use_fast` is unset and a slow processor was saved with this model. `use_fast=True` will be the default behavior in v4.52, even if the model was saved with a slow processor. This will result in minor differences in outputs. You'll still be able to use a slow processor with `use_fast=False`.
A new version of the following files was downloaded from https://huggingface.co/openvla/openvla-7b:
- configuration_prismatic.py
. Make sure to double-check they do not contain any added malicious code. To avoid downloading new versions of the code file, you can pin a revision.
A new version of the following files was downloaded from https://huggingface.co/openvla/openvla-7b:
- modeling_prismatic.py
. Make sure to double-check they do not contain any added malicious code. To avoid downloading new versions of the code file, you can pin a revision.

Fetching 3 files:   0%|          | 0/3 [00:00<?, ?it/s]
Fetching 3 files:  33%|███▎      | 1/3 [00:15<00:31, 15.60s/it]
Fetching 3 files:  67%|██████▋   | 2/3 [00:44<00:22, 22.27s/it]
Fetching 3 files: 100%|██████████| 3/3 [00:45<00:00, 15.30s/it]
Fetching 3 files: 100%|██████████| 3/3 [00:45<00:00, 15.30s/it]
Expected `transformers==4.40.1` and `tokenizers==0.19.1` but got `transformers==4.53.3` and `tokenizers==0.21.4`; there might be inference-time regressions due to dependency changes. If in doubt, pleaseuse the above versions.

Loading checkpoint shards:   0%|          | 0/3 [00:00<?, ?it/s]
Loading checkpoint shards:  33%|███▎      | 1/3 [00:00<00:00,  7.37it/s]
Loading checkpoint shards: 100%|██████████| 3/3 [00:00<00:00, 18.01it/s]
[depth/openvla] static pruning ON: bypass 4 most-redundant layers; eligible 2..31 of 32
[ok] model loaded  unnorm_key=fractal20220817_data sticky_gripper=15

-- episode 00 (env_id=0) --
/content/venv310/lib/python3.10/site-packages/gymnasium/core.py:311: UserWarning: [33mWARN: env.get_language_instruction to get variables from other wrappers is deprecated and will be removed in v1.0, to get this variable you can do `env.unwrapped.get_language_instruction` for environment variables or `env.get_wrapper_attr('get_language_instruction')` that will search the reminding wrappers.[0m
  logger.warn(
instruction: pick coke can
[depth] calibrated: bypass=[2, 4, 23, 26]
/content/venv310/lib/python3.10/site-packages/gymnasium/core.py:311: UserWarning: [33mWARN: env.get_language_instruction to get variables from other wrappers is deprecated and will be removed in v1.0, to get this variable you can do `env.unwrapped.get_language_instruction` for environment variables or `env.get_wrapper_attr('get_language_instruction')` that will search the reminding wrappers.[0m
  logger.warn(
result: FAIL grasped=True steps=80 time=49.8s

-- episode 01 (env_id=1) --
[2026-08-07 13:28:42.198] [svulkan2] [warning] A second renderer will share the same internal context with the first one. Arguments passed to constructor will be ignored.
instruction: pick coke can
result: FAIL grasped=True steps=80 time=47.6s

-- episode 02 (env_id=2) --
[2026-08-07 13:29:30.776] [svulkan2] [warning] A second renderer will share the same internal context with the first one. Arguments passed to constructor will be ignored.
instruction: pick coke can
result: SUCCESS grasped=True steps=30 time=17.5s

-- episode 03 (env_id=3) --
[2026-08-07 13:29:49.258] [svulkan2] [warning] A second renderer will share the same internal context with the first one. Arguments passed to constructor will be ignored.
instruction: pick coke can
result: FAIL grasped=True steps=80 time=47.9s

-- episode 04 (env_id=4) --
[2026-08-07 13:30:38.258] [svulkan2] [warning] A second renderer will share the same internal context with the first one. Arguments passed to constructor will be ignored.
instruction: pick coke can
result: SUCCESS grasped=True steps=32 time=18.6s

-- episode 05 (env_id=5) --
[2026-08-07 13:30:57.843] [svulkan2] [warning] A second renderer will share the same internal context with the first one. Arguments passed to constructor will be ignored.
instruction: pick coke can
result: SUCCESS grasped=True steps=24 time=14.0s

-- episode 06 (env_id=6) --
[2026-08-07 13:31:12.939] [svulkan2] [warning] A second renderer will share the same internal context with the first one. Arguments passed to constructor will be ignored.
instruction: pick coke can
result: SUCCESS grasped=True steps=37 time=21.9s

-- episode 07 (env_id=7) --
[2026-08-07 13:31:35.786] [svulkan2] [warning] A second renderer will share the same internal context with the first one. Arguments passed to constructor will be ignored.
instruction: pick coke can
result: SUCCESS grasped=True steps=27 time=15.8s

-- episode 08 (env_id=8) --
[2026-08-07 13:31:52.551] [svulkan2] [warning] A second renderer will share the same internal context with the first one. Arguments passed to constructor will be ignored.
instruction: pick coke can
result: SUCCESS grasped=True steps=67 time=39.8s

-- episode 09 (env_id=9) --
[2026-08-07 13:32:33.257] [svulkan2] [warning] A second renderer will share the same internal context with the first one. Arguments passed to constructor will be ignored.
instruction: pick coke can
result: FAIL grasped=False steps=80 time=49.4s

-- episode 10 (env_id=10) --
[2026-08-07 13:33:23.597] [svulkan2] [warning] A second renderer will share the same internal context with the first one. Arguments passed to constructor will be ignored.
instruction: pick coke can
result: FAIL grasped=False steps=80 time=48.6s

-- episode 11 (env_id=11) --
[2026-08-07 13:34:13.086] [svulkan2] [warning] A second renderer will share the same internal context with the first one. Arguments passed to constructor will be ignored.
instruction: pick coke can
result: FAIL grasped=False steps=80 time=48.0s

-- episode 12 (env_id=12) --
[2026-08-07 13:35:02.013] [svulkan2] [warning] A second renderer will share the same internal context with the first one. Arguments passed to constructor will be ignored.
instruction: pick coke can
result: SUCCESS grasped=True steps=78 time=46.8s

-- episode 13 (env_id=13) --
[2026-08-07 13:35:49.785] [svulkan2] [warning] A second renderer will share the same internal context with the first one. Arguments passed to constructor will be ignored.
instruction: pick coke can
result: SUCCESS grasped=True steps=46 time=27.2s

-- episode 14 (env_id=14) --
[2026-08-07 13:36:17.895] [svulkan2] [warning] A second renderer will share the same internal context with the first one. Arguments passed to constructor will be ignored.
instruction: pick coke can
result: FAIL grasped=True steps=80 time=47.7s

-- episode 15 (env_id=15) --
[2026-08-07 13:37:06.599] [svulkan2] [warning] A second renderer will share the same internal context with the first one. Arguments passed to constructor will be ignored.
instruction: pick coke can
result: SUCCESS grasped=True steps=51 time=29.9s

-- episode 16 (env_id=16) --
[2026-08-07 13:37:37.502] [svulkan2] [warning] A second renderer will share the same internal context with the first one. Arguments passed to constructor will be ignored.
instruction: pick coke can
result: SUCCESS grasped=True steps=53 time=31.2s

-- episode 17 (env_id=17) --
[2026-08-07 13:38:09.619] [svulkan2] [warning] A second renderer will share the same internal context with the first one. Arguments passed to constructor will be ignored.
instruction: pick coke can
result: FAIL grasped=False steps=80 time=48.1s

-- episode 18 (env_id=18) --
[2026-08-07 13:38:58.676] [svulkan2] [warning] A second renderer will share the same internal context with the first one. Arguments passed to constructor will be ignored.
instruction: pick coke can
result: SUCCESS grasped=True steps=48 time=28.8s

-- episode 19 (env_id=19) --
[2026-08-07 13:39:28.475] [svulkan2] [warning] A second renderer will share the same internal context with the first one. Arguments passed to constructor will be ignored.
instruction: pick coke can
result: FAIL grasped=False steps=80 time=47.1s

-- episode 20 (env_id=20) --
[2026-08-07 13:40:16.439] [svulkan2] [warning] A second renderer will share the same internal context with the first one. Arguments passed to constructor will be ignored.
instruction: pick coke can
result: FAIL grasped=False steps=80 time=48.4s

-- episode 21 (env_id=21) --
[2026-08-07 13:41:05.792] [svulkan2] [warning] A second renderer will share the same internal context with the first one. Arguments passed to constructor will be ignored.
instruction: pick coke can
result: SUCCESS grasped=True steps=42 time=24.6s

-- episode 22 (env_id=22) --
[2026-08-07 13:41:31.256] [svulkan2] [warning] A second renderer will share the same internal context with the first one. Arguments passed to constructor will be ignored.
instruction: pick coke can
result: SUCCESS grasped=True steps=36 time=21.1s

-- episode 23 (env_id=23) --
[2026-08-07 13:41:53.276] [svulkan2] [warning] A second renderer will share the same internal context with the first one. Arguments passed to constructor will be ignored.
instruction: pick coke can
result: SUCCESS grasped=True steps=47 time=27.8s

-- episode 24 (env_id=24) --
[2026-08-07 13:42:22.028] [svulkan2] [warning] A second renderer will share the same internal context with the first one. Arguments passed to constructor will be ignored.
instruction: pick coke can
result: FAIL grasped=True steps=80 time=47.7s

==================================================
task:         google_robot_pick_horizontal_coke_can
model:        openvla_depth
setup:        google_robot (unnorm=fractal20220817_data, sticky=15)
success_rate: 14/25 = 56.0%
grasp_rate:   19/25 = 76.0%
avg_steps:    60
avg_elapsed:  35.8s
model_ms_per_infer: 459.6ms  (pure model forward pass, CUDA-synced)
model_ms_per_env_step: 459.6ms  (amortized over executed actions)
depth: bypassed 4 of 32 layers [2, 4, 23, 26]
==================================================
saved: /content/BiVLA_full/results/openvla_fractal_0806_depth_prune4_early/openvla_depth/google_robot_pick_horizontal_coke_can/results_google_robot_pick_horizontal_coke_can.json
