/content/venv310/lib/python3.10/site-packages/sapien/core/renderer_config.py:4: UserWarning: pkg_resources is deprecated as an API. See https://setuptools.pypa.io/en/latest/pkg_resources.html. The pkg_resources package is slated for removal as early as 2025-11-30. Refrain from using this package or pin to Setuptools<81.
  import pkg_resources
[load] model=openvla_depth policy_setup=google_robot unnorm_key=(derived)
Using a slow image processor as `use_fast` is unset and a slow processor was saved with this model. `use_fast=True` will be the default behavior in v4.52, even if the model was saved with a slow processor. This will result in minor differences in outputs. You'll still be able to use a slow processor with `use_fast=False`.
Expected `transformers==4.40.1` and `tokenizers==0.19.1` but got `transformers==4.53.3` and `tokenizers==0.21.4`; there might be inference-time regressions due to dependency changes. If in doubt, pleaseuse the above versions.

Loading checkpoint shards:   0%|          | 0/3 [00:00<?, ?it/s]
Loading checkpoint shards:  33%|███▎      | 1/3 [00:00<00:00,  7.69it/s]
Loading checkpoint shards: 100%|██████████| 3/3 [00:00<00:00, 18.56it/s]
[depth/openvla] static pruning ON: bypass 4 most-redundant layers; eligible 2..31 of 32
[ok] model loaded  unnorm_key=fractal20220817_data sticky_gripper=15

-- episode 00 (env_id=0) --
/content/venv310/lib/python3.10/site-packages/gymnasium/envs/registration.py:513: DeprecationWarning: [33mWARN: The environment MoveNearGoogleBakedTexInScene-v0 is out of date. You should consider upgrading to version `v1`.[0m
  logger.deprecation(
/content/venv310/lib/python3.10/site-packages/gymnasium/core.py:311: UserWarning: [33mWARN: env.get_language_instruction to get variables from other wrappers is deprecated and will be removed in v1.0, to get this variable you can do `env.unwrapped.get_language_instruction` for environment variables or `env.get_wrapper_attr('get_language_instruction')` that will search the reminding wrappers.[0m
  logger.warn(
instruction: move blue plastic bottle near pepsi can
[depth] calibrated: bypass=[2, 4, 6, 23]
/content/venv310/lib/python3.10/site-packages/gymnasium/core.py:311: UserWarning: [33mWARN: env.get_language_instruction to get variables from other wrappers is deprecated and will be removed in v1.0, to get this variable you can do `env.unwrapped.get_language_instruction` for environment variables or `env.get_wrapper_attr('get_language_instruction')` that will search the reminding wrappers.[0m
  logger.warn(
result: FAIL grasped=False steps=80 time=48.9s

-- episode 01 (env_id=1) --
/content/venv310/lib/python3.10/site-packages/gymnasium/envs/registration.py:513: DeprecationWarning: [33mWARN: The environment MoveNearGoogleBakedTexInScene-v0 is out of date. You should consider upgrading to version `v1`.[0m
  logger.deprecation(
[2026-08-07 14:20:47.985] [svulkan2] [warning] A second renderer will share the same internal context with the first one. Arguments passed to constructor will be ignored.
instruction: move blue plastic bottle near orange
result: FAIL grasped=False steps=80 time=47.1s

-- episode 02 (env_id=2) --
[2026-08-07 14:21:36.175] [svulkan2] [warning] A second renderer will share the same internal context with the first one. Arguments passed to constructor will be ignored.
instruction: move pepsi can near blue plastic bottle
result: SUCCESS grasped=False steps=65 time=37.8s

-- episode 03 (env_id=3) --
[2026-08-07 14:22:15.024] [svulkan2] [warning] A second renderer will share the same internal context with the first one. Arguments passed to constructor will be ignored.
instruction: move pepsi can near orange
result: FAIL grasped=False steps=80 time=47.0s

-- episode 04 (env_id=4) --
[2026-08-07 14:23:03.261] [svulkan2] [warning] A second renderer will share the same internal context with the first one. Arguments passed to constructor will be ignored.
instruction: move orange near blue plastic bottle
result: SUCCESS grasped=False steps=25 time=14.6s

-- episode 05 (env_id=5) --
[2026-08-07 14:23:18.858] [svulkan2] [warning] A second renderer will share the same internal context with the first one. Arguments passed to constructor will be ignored.
instruction: move orange near pepsi can
result: SUCCESS grasped=False steps=24 time=13.9s

-- episode 06 (env_id=6) --
[2026-08-07 14:23:33.983] [svulkan2] [warning] A second renderer will share the same internal context with the first one. Arguments passed to constructor will be ignored.
instruction: move blue plastic bottle near pepsi can
result: FAIL grasped=False steps=80 time=46.5s

-- episode 07 (env_id=7) --
[2026-08-07 14:24:21.531] [svulkan2] [warning] A second renderer will share the same internal context with the first one. Arguments passed to constructor will be ignored.
instruction: move blue plastic bottle near orange
result: FAIL grasped=False steps=80 time=46.1s

-- episode 08 (env_id=8) --
[2026-08-07 14:25:08.662] [svulkan2] [warning] A second renderer will share the same internal context with the first one. Arguments passed to constructor will be ignored.
instruction: move pepsi can near blue plastic bottle
result: FAIL grasped=False steps=80 time=46.0s

-- episode 09 (env_id=9) --
[2026-08-07 14:25:55.749] [svulkan2] [warning] A second renderer will share the same internal context with the first one. Arguments passed to constructor will be ignored.
instruction: move pepsi can near orange
result: FAIL grasped=False steps=80 time=47.0s

-- episode 10 (env_id=10) --
[2026-08-07 14:26:43.735] [svulkan2] [warning] A second renderer will share the same internal context with the first one. Arguments passed to constructor will be ignored.
instruction: move orange near blue plastic bottle
result: SUCCESS grasped=False steps=31 time=18.2s

-- episode 11 (env_id=11) --
[2026-08-07 14:27:03.022] [svulkan2] [warning] A second renderer will share the same internal context with the first one. Arguments passed to constructor will be ignored.
instruction: move orange near pepsi can
result: SUCCESS grasped=False steps=10 time=5.8s

-- episode 12 (env_id=12) --
[2026-08-07 14:27:09.857] [svulkan2] [warning] A second renderer will share the same internal context with the first one. Arguments passed to constructor will be ignored.
instruction: move 7up can near apple
result: FAIL grasped=False steps=80 time=46.4s

-- episode 13 (env_id=13) --
[2026-08-07 14:27:57.358] [svulkan2] [warning] A second renderer will share the same internal context with the first one. Arguments passed to constructor will be ignored.
instruction: move 7up can near sponge
result: FAIL grasped=False steps=80 time=46.1s

-- episode 14 (env_id=14) --
[2026-08-07 14:28:44.543] [svulkan2] [warning] A second renderer will share the same internal context with the first one. Arguments passed to constructor will be ignored.
instruction: move apple near 7up can
result: SUCCESS grasped=False steps=29 time=17.0s

-- episode 15 (env_id=15) --
[2026-08-07 14:29:02.564] [svulkan2] [warning] A second renderer will share the same internal context with the first one. Arguments passed to constructor will be ignored.
instruction: move apple near sponge
result: FAIL grasped=False steps=80 time=48.1s

-- episode 16 (env_id=16) --
[2026-08-07 14:29:51.677] [svulkan2] [warning] A second renderer will share the same internal context with the first one. Arguments passed to constructor will be ignored.
instruction: move sponge near 7up can
result: SUCCESS grasped=False steps=26 time=15.2s

-- episode 17 (env_id=17) --
[2026-08-07 14:30:07.960] [svulkan2] [warning] A second renderer will share the same internal context with the first one. Arguments passed to constructor will be ignored.
instruction: move sponge near apple
result: SUCCESS grasped=False steps=56 time=33.7s

-- episode 18 (env_id=18) --
[2026-08-07 14:30:42.674] [svulkan2] [warning] A second renderer will share the same internal context with the first one. Arguments passed to constructor will be ignored.
instruction: move 7up can near apple
result: FAIL grasped=False steps=80 time=46.6s

-- episode 19 (env_id=19) --
[2026-08-07 14:31:30.356] [svulkan2] [warning] A second renderer will share the same internal context with the first one. Arguments passed to constructor will be ignored.
instruction: move 7up can near sponge
result: FAIL grasped=False steps=80 time=46.4s

-- episode 20 (env_id=20) --
[2026-08-07 14:32:17.759] [svulkan2] [warning] A second renderer will share the same internal context with the first one. Arguments passed to constructor will be ignored.
instruction: move apple near 7up can
result: SUCCESS grasped=False steps=23 time=13.4s

-- episode 21 (env_id=21) --
[2026-08-07 14:32:32.220] [svulkan2] [warning] A second renderer will share the same internal context with the first one. Arguments passed to constructor will be ignored.
instruction: move apple near sponge
result: SUCCESS grasped=False steps=21 time=12.2s

-- episode 22 (env_id=22) --
[2026-08-07 14:32:45.501] [svulkan2] [warning] A second renderer will share the same internal context with the first one. Arguments passed to constructor will be ignored.
instruction: move sponge near 7up can
result: SUCCESS grasped=False steps=32 time=19.0s

-- episode 23 (env_id=23) --
[2026-08-07 14:33:05.595] [svulkan2] [warning] A second renderer will share the same internal context with the first one. Arguments passed to constructor will be ignored.
instruction: move sponge near apple
result: SUCCESS grasped=False steps=31 time=18.3s

-- episode 24 (env_id=24) --
[2026-08-07 14:33:24.928] [svulkan2] [warning] A second renderer will share the same internal context with the first one. Arguments passed to constructor will be ignored.
instruction: move coke can near redbull can
result: FAIL grasped=False steps=80 time=47.3s

-- episode 25 (env_id=25) --
[2026-08-07 14:34:13.303] [svulkan2] [warning] A second renderer will share the same internal context with the first one. Arguments passed to constructor will be ignored.
instruction: move coke can near apple
result: FAIL grasped=False steps=80 time=47.2s

-- episode 26 (env_id=26) --
[2026-08-07 14:35:01.533] [svulkan2] [warning] A second renderer will share the same internal context with the first one. Arguments passed to constructor will be ignored.
instruction: move redbull can near coke can
result: SUCCESS grasped=False steps=31 time=18.1s

-- episode 27 (env_id=27) --
[2026-08-07 14:35:20.543] [svulkan2] [warning] A second renderer will share the same internal context with the first one. Arguments passed to constructor will be ignored.
instruction: move redbull can near apple
result: SUCCESS grasped=False steps=22 time=12.8s

-- episode 28 (env_id=28) --
[2026-08-07 14:35:34.378] [svulkan2] [warning] A second renderer will share the same internal context with the first one. Arguments passed to constructor will be ignored.
instruction: move apple near coke can
result: SUCCESS grasped=False steps=31 time=18.2s

-- episode 29 (env_id=29) --
[2026-08-07 14:35:53.586] [svulkan2] [warning] A second renderer will share the same internal context with the first one. Arguments passed to constructor will be ignored.
instruction: move apple near redbull can
result: SUCCESS grasped=False steps=26 time=15.1s

-- episode 30 (env_id=30) --
[2026-08-07 14:36:09.702] [svulkan2] [warning] A second renderer will share the same internal context with the first one. Arguments passed to constructor will be ignored.
instruction: move coke can near redbull can
result: FAIL grasped=False steps=80 time=46.6s

-- episode 31 (env_id=31) --
[2026-08-07 14:36:57.081] [svulkan2] [warning] A second renderer will share the same internal context with the first one. Arguments passed to constructor will be ignored.
instruction: move coke can near apple
result: FAIL grasped=False steps=80 time=46.4s

-- episode 32 (env_id=32) --
[2026-08-07 14:37:44.489] [svulkan2] [warning] A second renderer will share the same internal context with the first one. Arguments passed to constructor will be ignored.
instruction: move redbull can near coke can
result: FAIL grasped=False steps=80 time=46.3s

-- episode 33 (env_id=33) --
[2026-08-07 14:38:31.820] [svulkan2] [warning] A second renderer will share the same internal context with the first one. Arguments passed to constructor will be ignored.
instruction: move redbull can near apple
result: SUCCESS grasped=False steps=45 time=26.3s

-- episode 34 (env_id=34) --
[2026-08-07 14:38:59.151] [svulkan2] [warning] A second renderer will share the same internal context with the first one. Arguments passed to constructor will be ignored.
instruction: move apple near coke can
result: SUCCESS grasped=False steps=27 time=16.0s

-- episode 35 (env_id=35) --
[2026-08-07 14:39:15.983] [svulkan2] [warning] A second renderer will share the same internal context with the first one. Arguments passed to constructor will be ignored.
instruction: move apple near redbull can
result: SUCCESS grasped=False steps=19 time=11.1s

-- episode 36 (env_id=36) --
[2026-08-07 14:39:27.913] [svulkan2] [warning] A second renderer will share the same internal context with the first one. Arguments passed to constructor will be ignored.
instruction: move sponge near blue plastic bottle
result: FAIL grasped=False steps=80 time=47.1s

-- episode 37 (env_id=37) --
[2026-08-07 14:40:16.067] [svulkan2] [warning] A second renderer will share the same internal context with the first one. Arguments passed to constructor will be ignored.
instruction: move sponge near 7up can
result: FAIL grasped=False steps=80 time=46.2s

-- episode 38 (env_id=38) --
[2026-08-07 14:41:03.279] [svulkan2] [warning] A second renderer will share the same internal context with the first one. Arguments passed to constructor will be ignored.
instruction: move blue plastic bottle near sponge
result: SUCCESS grasped=False steps=34 time=19.9s

-- episode 39 (env_id=39) --
[2026-08-07 14:41:24.163] [svulkan2] [warning] A second renderer will share the same internal context with the first one. Arguments passed to constructor will be ignored.
instruction: move blue plastic bottle near 7up can
result: SUCCESS grasped=False steps=24 time=14.0s

-- episode 40 (env_id=40) --
[2026-08-07 14:41:39.177] [svulkan2] [warning] A second renderer will share the same internal context with the first one. Arguments passed to constructor will be ignored.
instruction: move 7up can near sponge
result: FAIL grasped=False steps=80 time=46.1s

-- episode 41 (env_id=41) --
[2026-08-07 14:42:26.320] [svulkan2] [warning] A second renderer will share the same internal context with the first one. Arguments passed to constructor will be ignored.
instruction: move 7up can near blue plastic bottle
result: FAIL grasped=False steps=80 time=47.4s

-- episode 42 (env_id=42) --
[2026-08-07 14:43:14.718] [svulkan2] [warning] A second renderer will share the same internal context with the first one. Arguments passed to constructor will be ignored.
instruction: move sponge near blue plastic bottle
result: FAIL grasped=False steps=80 time=46.0s

-- episode 43 (env_id=43) --
[2026-08-07 14:44:01.797] [svulkan2] [warning] A second renderer will share the same internal context with the first one. Arguments passed to constructor will be ignored.
instruction: move sponge near 7up can
result: FAIL grasped=False steps=80 time=47.2s

-- episode 44 (env_id=44) --
[2026-08-07 14:44:50.044] [svulkan2] [warning] A second renderer will share the same internal context with the first one. Arguments passed to constructor will be ignored.
instruction: move blue plastic bottle near sponge
result: SUCCESS grasped=False steps=34 time=19.7s

-- episode 45 (env_id=45) --
[2026-08-07 14:45:10.778] [svulkan2] [warning] A second renderer will share the same internal context with the first one. Arguments passed to constructor will be ignored.
instruction: move blue plastic bottle near 7up can
result: SUCCESS grasped=False steps=37 time=21.5s

-- episode 46 (env_id=46) --
[2026-08-07 14:45:33.274] [svulkan2] [warning] A second renderer will share the same internal context with the first one. Arguments passed to constructor will be ignored.
instruction: move 7up can near sponge
result: SUCCESS grasped=False steps=16 time=9.3s

-- episode 47 (env_id=47) --
[2026-08-07 14:45:43.599] [svulkan2] [warning] A second renderer will share the same internal context with the first one. Arguments passed to constructor will be ignored.
instruction: move 7up can near blue plastic bottle
result: SUCCESS grasped=False steps=18 time=10.5s

-- episode 48 (env_id=48) --
[2026-08-07 14:45:55.100] [svulkan2] [warning] A second renderer will share the same internal context with the first one. Arguments passed to constructor will be ignored.
instruction: move orange near pepsi can
result: SUCCESS grasped=False steps=35 time=20.3s

-- episode 49 (env_id=49) --
[2026-08-07 14:46:16.445] [svulkan2] [warning] A second renderer will share the same internal context with the first one. Arguments passed to constructor will be ignored.
instruction: move orange near redbull can
result: FAIL grasped=False steps=80 time=46.7s

-- episode 50 (env_id=50) --
[2026-08-07 14:47:04.112] [svulkan2] [warning] A second renderer will share the same internal context with the first one. Arguments passed to constructor will be ignored.
instruction: move pepsi can near orange
result: FAIL grasped=False steps=80 time=46.1s

-- episode 51 (env_id=51) --
[2026-08-07 14:47:51.283] [svulkan2] [warning] A second renderer will share the same internal context with the first one. Arguments passed to constructor will be ignored.
instruction: move pepsi can near redbull can
result: SUCCESS grasped=False steps=28 time=16.5s

-- episode 52 (env_id=52) --
[2026-08-07 14:48:08.788] [svulkan2] [warning] A second renderer will share the same internal context with the first one. Arguments passed to constructor will be ignored.
instruction: move redbull can near orange
result: FAIL grasped=False steps=80 time=46.9s

-- episode 53 (env_id=53) --
[2026-08-07 14:48:56.686] [svulkan2] [warning] A second renderer will share the same internal context with the first one. Arguments passed to constructor will be ignored.
instruction: move redbull can near pepsi can
result: SUCCESS grasped=False steps=49 time=28.7s

-- episode 54 (env_id=54) --
[2026-08-07 14:49:26.449] [svulkan2] [warning] A second renderer will share the same internal context with the first one. Arguments passed to constructor will be ignored.
instruction: move orange near pepsi can
result: FAIL grasped=False steps=80 time=47.2s

-- episode 55 (env_id=55) --
[2026-08-07 14:50:14.668] [svulkan2] [warning] A second renderer will share the same internal context with the first one. Arguments passed to constructor will be ignored.
instruction: move orange near redbull can
result: FAIL grasped=False steps=80 time=47.2s

-- episode 56 (env_id=56) --
[2026-08-07 14:51:02.849] [svulkan2] [warning] A second renderer will share the same internal context with the first one. Arguments passed to constructor will be ignored.
instruction: move pepsi can near orange
result: FAIL grasped=False steps=80 time=46.1s

-- episode 57 (env_id=57) --
[2026-08-07 14:51:49.955] [svulkan2] [warning] A second renderer will share the same internal context with the first one. Arguments passed to constructor will be ignored.
instruction: move pepsi can near redbull can
result: FAIL grasped=False steps=80 time=46.5s

-- episode 58 (env_id=58) --
[2026-08-07 14:52:37.454] [svulkan2] [warning] A second renderer will share the same internal context with the first one. Arguments passed to constructor will be ignored.
instruction: move redbull can near orange
result: SUCCESS grasped=False steps=44 time=25.6s

-- episode 59 (env_id=59) --
[2026-08-07 14:53:04.059] [svulkan2] [warning] A second renderer will share the same internal context with the first one. Arguments passed to constructor will be ignored.
instruction: move redbull can near pepsi can
result: SUCCESS grasped=False steps=20 time=11.5s

==================================================
task:         google_robot_move_near_v0
model:        openvla_depth
setup:        google_robot (unnorm=fractal20220817_data, sticky=15)
success_rate: 30/60 = 50.0%
grasp_rate:   n/a (this env does not report a grasp signal)
avg_steps:    55
avg_elapsed:  32.3s
model_ms_per_infer: 459.1ms  (pure model forward pass, CUDA-synced)
model_ms_per_env_step: 459.1ms  (amortized over executed actions)
depth: bypassed 4 of 32 layers [2, 4, 6, 23]
==================================================
saved: /content/BiVLA_full/results/openvla_fractal_0806_depth_prune4_early/openvla_depth/google_robot_move_near_v0/results_google_robot_move_near_v0.json
