/content/venv310/lib/python3.10/site-packages/sapien/core/renderer_config.py:4: UserWarning: pkg_resources is deprecated as an API. See https://setuptools.pypa.io/en/latest/pkg_resources.html. The pkg_resources package is slated for removal as early as 2025-11-30. Refrain from using this package or pin to Setuptools<81.
  import pkg_resources
[load] model=openvla_depth policy_setup=google_robot unnorm_key=(derived)
Using a slow image processor as `use_fast` is unset and a slow processor was saved with this model. `use_fast=True` will be the default behavior in v4.52, even if the model was saved with a slow processor. This will result in minor differences in outputs. You'll still be able to use a slow processor with `use_fast=False`.
Expected `transformers==4.40.1` and `tokenizers==0.19.1` but got `transformers==4.53.3` and `tokenizers==0.21.4`; there might be inference-time regressions due to dependency changes. If in doubt, pleaseuse the above versions.

Loading checkpoint shards:   0%|          | 0/3 [00:00<?, ?it/s]
Loading checkpoint shards:  33%|███▎      | 1/3 [00:00<00:00,  7.62it/s]
Loading checkpoint shards: 100%|██████████| 3/3 [00:00<00:00, 18.46it/s]
[depth/openvla] static pruning ON: bypass 4 most-redundant layers; eligible 2..31 of 32
[ok] model loaded  unnorm_key=fractal20220817_data sticky_gripper=15

-- episode 00 (env_id=0) --
/content/venv310/lib/python3.10/site-packages/gymnasium/core.py:311: UserWarning: [33mWARN: env.get_language_instruction to get variables from other wrappers is deprecated and will be removed in v1.0, to get this variable you can do `env.unwrapped.get_language_instruction` for environment variables or `env.get_wrapper_attr('get_language_instruction')` that will search the reminding wrappers.[0m
  logger.warn(
instruction: pick coke can
[depth] calibrated: bypass=[2, 4, 23, 26]
/content/venv310/lib/python3.10/site-packages/gymnasium/core.py:311: UserWarning: [33mWARN: env.get_language_instruction to get variables from other wrappers is deprecated and will be removed in v1.0, to get this variable you can do `env.unwrapped.get_language_instruction` for environment variables or `env.get_wrapper_attr('get_language_instruction')` that will search the reminding wrappers.[0m
  logger.warn(
result: FAIL grasped=True steps=80 time=49.6s

-- episode 01 (env_id=1) --
[2026-08-07 14:03:55.668] [svulkan2] [warning] A second renderer will share the same internal context with the first one. Arguments passed to constructor will be ignored.
instruction: pick coke can
result: SUCCESS grasped=True steps=73 time=43.2s

-- episode 02 (env_id=2) --
[2026-08-07 14:04:39.831] [svulkan2] [warning] A second renderer will share the same internal context with the first one. Arguments passed to constructor will be ignored.
instruction: pick coke can
result: FAIL grasped=False steps=80 time=48.0s

-- episode 03 (env_id=3) --
[2026-08-07 14:05:28.787] [svulkan2] [warning] A second renderer will share the same internal context with the first one. Arguments passed to constructor will be ignored.
instruction: pick coke can
result: SUCCESS grasped=True steps=56 time=33.4s

-- episode 04 (env_id=4) --
[2026-08-07 14:06:03.288] [svulkan2] [warning] A second renderer will share the same internal context with the first one. Arguments passed to constructor will be ignored.
instruction: pick coke can
result: SUCCESS grasped=True steps=34 time=20.0s

-- episode 05 (env_id=5) --
[2026-08-07 14:06:24.272] [svulkan2] [warning] A second renderer will share the same internal context with the first one. Arguments passed to constructor will be ignored.
instruction: pick coke can
result: FAIL grasped=True steps=80 time=47.3s

-- episode 06 (env_id=6) --
[2026-08-07 14:07:12.646] [svulkan2] [warning] A second renderer will share the same internal context with the first one. Arguments passed to constructor will be ignored.
instruction: pick coke can
result: SUCCESS grasped=True steps=49 time=29.0s

-- episode 07 (env_id=7) --
[2026-08-07 14:07:42.537] [svulkan2] [warning] A second renderer will share the same internal context with the first one. Arguments passed to constructor will be ignored.
instruction: pick coke can
result: FAIL grasped=True steps=80 time=47.8s

-- episode 08 (env_id=8) --
[2026-08-07 14:08:31.236] [svulkan2] [warning] A second renderer will share the same internal context with the first one. Arguments passed to constructor will be ignored.
instruction: pick coke can
result: SUCCESS grasped=True steps=40 time=23.7s

-- episode 09 (env_id=9) --
[2026-08-07 14:08:55.906] [svulkan2] [warning] A second renderer will share the same internal context with the first one. Arguments passed to constructor will be ignored.
instruction: pick coke can
result: SUCCESS grasped=True steps=46 time=27.3s

-- episode 10 (env_id=10) --
[2026-08-07 14:09:24.170] [svulkan2] [warning] A second renderer will share the same internal context with the first one. Arguments passed to constructor will be ignored.
instruction: pick coke can
result: FAIL grasped=False steps=80 time=46.3s

-- episode 11 (env_id=11) --
[2026-08-07 14:10:11.342] [svulkan2] [warning] A second renderer will share the same internal context with the first one. Arguments passed to constructor will be ignored.
instruction: pick coke can
result: SUCCESS grasped=True steps=61 time=35.4s

-- episode 12 (env_id=12) --
[2026-08-07 14:10:47.490] [svulkan2] [warning] A second renderer will share the same internal context with the first one. Arguments passed to constructor will be ignored.
instruction: pick coke can
result: FAIL grasped=True steps=80 time=46.9s

-- episode 13 (env_id=13) --
[2026-08-07 14:11:35.327] [svulkan2] [warning] A second renderer will share the same internal context with the first one. Arguments passed to constructor will be ignored.
instruction: pick coke can
result: SUCCESS grasped=True steps=40 time=23.8s

-- episode 14 (env_id=14) --
[2026-08-07 14:12:00.084] [svulkan2] [warning] A second renderer will share the same internal context with the first one. Arguments passed to constructor will be ignored.
instruction: pick coke can
result: FAIL grasped=False steps=80 time=47.7s

-- episode 15 (env_id=15) --
[2026-08-07 14:12:48.740] [svulkan2] [warning] A second renderer will share the same internal context with the first one. Arguments passed to constructor will be ignored.
instruction: pick coke can
result: FAIL grasped=False steps=80 time=47.6s

-- episode 16 (env_id=16) --
[2026-08-07 14:13:37.223] [svulkan2] [warning] A second renderer will share the same internal context with the first one. Arguments passed to constructor will be ignored.
instruction: pick coke can
result: FAIL grasped=False steps=80 time=46.1s

-- episode 17 (env_id=17) --
[2026-08-07 14:14:24.240] [svulkan2] [warning] A second renderer will share the same internal context with the first one. Arguments passed to constructor will be ignored.
instruction: pick coke can
result: SUCCESS grasped=True steps=61 time=36.5s

-- episode 18 (env_id=18) --
[2026-08-07 14:15:01.669] [svulkan2] [warning] A second renderer will share the same internal context with the first one. Arguments passed to constructor will be ignored.
instruction: pick coke can
result: SUCCESS grasped=True steps=31 time=18.3s

-- episode 19 (env_id=19) --
[2026-08-07 14:15:20.891] [svulkan2] [warning] A second renderer will share the same internal context with the first one. Arguments passed to constructor will be ignored.
instruction: pick coke can
result: FAIL grasped=False steps=80 time=47.6s

-- episode 20 (env_id=20) --
[2026-08-07 14:16:09.359] [svulkan2] [warning] A second renderer will share the same internal context with the first one. Arguments passed to constructor will be ignored.
instruction: pick coke can
result: FAIL grasped=False steps=80 time=46.1s

-- episode 21 (env_id=21) --
[2026-08-07 14:16:56.395] [svulkan2] [warning] A second renderer will share the same internal context with the first one. Arguments passed to constructor will be ignored.
instruction: pick coke can
result: FAIL grasped=False steps=80 time=47.8s

-- episode 22 (env_id=22) --
[2026-08-07 14:17:45.050] [svulkan2] [warning] A second renderer will share the same internal context with the first one. Arguments passed to constructor will be ignored.
instruction: pick coke can
result: SUCCESS grasped=True steps=64 time=37.7s

-- episode 23 (env_id=23) --
[2026-08-07 14:18:23.640] [svulkan2] [warning] A second renderer will share the same internal context with the first one. Arguments passed to constructor will be ignored.
instruction: pick coke can
result: SUCCESS grasped=True steps=36 time=21.3s

-- episode 24 (env_id=24) --
[2026-08-07 14:18:45.831] [svulkan2] [warning] A second renderer will share the same internal context with the first one. Arguments passed to constructor will be ignored.
instruction: pick coke can
result: FAIL grasped=False steps=80 time=48.2s

==================================================
task:         google_robot_pick_standing_coke_can
model:        openvla_depth
setup:        google_robot (unnorm=fractal20220817_data, sticky=15)
success_rate: 12/25 = 48.0%
grasp_rate:   16/25 = 64.0%
avg_steps:    65
avg_elapsed:  38.7s
model_ms_per_infer: 459.2ms  (pure model forward pass, CUDA-synced)
model_ms_per_env_step: 459.2ms  (amortized over executed actions)
depth: bypassed 4 of 32 layers [2, 4, 23, 26]
==================================================
saved: /content/BiVLA_full/results/openvla_fractal_0806_depth_prune4_early/openvla_depth/google_robot_pick_standing_coke_can/results_google_robot_pick_standing_coke_can.json
