/content/vsim/lib/python3.10/site-packages/sapien/core/renderer_config.py:4: UserWarning: pkg_resources is deprecated as an API. See https://setuptools.pypa.io/en/latest/pkg_resources.html. The pkg_resources package is slated for removal as early as 2025-11-30. Refrain from using this package or pin to Setuptools<81.
  import pkg_resources
Some kwargs in processor config are unused and will not have any effect: action_chunk_size, num_obs_steps, action_config, obs_delta, intrinsic_config, statistics, bin_policy. 
*** policy_setup: google_robot, unnorm_key: fractal20220817_data/0.1.0 ***
Add 0 TRANSLATION TOKENS, tokenizer vocab size 257152 / 265347
Add 0 ROTATION TOKENS to tokenizer, tokenizer vocab size 257152 / 265347
Add 0 GRIPPER TOKENS to tokenizer, tokenizer vocab size 257152 / 265347

Loading checkpoint shards:   0%|          | 0/2 [00:00<?, ?it/s]
Loading checkpoint shards:  50%|█████     | 1/2 [00:00<00:00,  2.74it/s]
Loading checkpoint shards: 100%|██████████| 2/2 [00:00<00:00,  2.70it/s]
Loading checkpoint shards: 100%|██████████| 2/2 [00:00<00:00,  2.71it/s]
[OK] official SpatialVLAInference loaded (no wrapper, no DINO)

── ep 00 (env_id=0) ──
[2026-08-07 07:21:28.509] [svulkan2] [error] GLFW error: X11: The DISPLAY environment variable is missing
[2026-08-07 07:21:28.509] [svulkan2] [warning] Continue without GLFW.
/content/vsim/lib/python3.10/site-packages/gymnasium/core.py:311: UserWarning: [33mWARN: env.get_language_instruction to get variables from other wrappers is deprecated and will be removed in v1.0, to get this variable you can do `env.unwrapped.get_language_instruction` for environment variables or `env.get_wrapper_attr('get_language_instruction')` that will search the reminding wrappers.[0m
  logger.warn(
   instruction: pick coke can
The 'batch_size' attribute of HybridCache is deprecated and will be removed in v4.49. Use the more precisely named 'self.max_batch_size' attribute instead.
[ChunkProbe] raw_action['world_vector']: shape=(3,) type=ndarray
[ChunkProbe] raw_action['rotation_delta']: shape=(3,) type=ndarray
[ChunkProbe] raw_action['open_gripper']: shape=(1,) type=ndarray
[ChunkProbe] action['world_vector']: shape=(3,) type=ndarray
[ChunkProbe] action['rot_axangle']: shape=(3,) type=ndarray
[ChunkProbe] action['gripper']: shape=(1,) type=ndarray
[ChunkProbe] action['terminate_episode']: shape=(1,) type=ndarray
   → G- FAIL  (80 steps, 921 ms/infer)

── ep 01 (env_id=1) ──
[2026-08-07 07:22:55.354] [svulkan2] [warning] A second renderer will share the same internal context with the first one. Arguments passed to constructor will be ignored.
   instruction: pick coke can
   → G- FAIL  (80 steps, 907 ms/infer)

── ep 02 (env_id=2) ──
[2026-08-07 07:24:18.542] [svulkan2] [warning] A second renderer will share the same internal context with the first one. Arguments passed to constructor will be ignored.
   instruction: pick coke can
   → G+ SUCCESS  (18 steps, 915 ms/infer)

── ep 03 (env_id=3) ──
[2026-08-07 07:24:38.117] [svulkan2] [warning] A second renderer will share the same internal context with the first one. Arguments passed to constructor will be ignored.
   instruction: pick coke can
   → G+ SUCCESS  (15 steps, 913 ms/infer)

── ep 04 (env_id=4) ──
[2026-08-07 07:24:54.688] [svulkan2] [warning] A second renderer will share the same internal context with the first one. Arguments passed to constructor will be ignored.
   instruction: pick coke can
   → G+ SUCCESS  (14 steps, 914 ms/infer)

── ep 05 (env_id=5) ──
[2026-08-07 07:25:10.130] [svulkan2] [warning] A second renderer will share the same internal context with the first one. Arguments passed to constructor will be ignored.
   instruction: pick coke can
   → G+ SUCCESS  (36 steps, 915 ms/infer)

── ep 06 (env_id=6) ──
[2026-08-07 07:25:48.690] [svulkan2] [warning] A second renderer will share the same internal context with the first one. Arguments passed to constructor will be ignored.
   instruction: pick coke can
   → G+ SUCCESS  (30 steps, 916 ms/infer)

── ep 07 (env_id=7) ──
[2026-08-07 07:26:20.551] [svulkan2] [warning] A second renderer will share the same internal context with the first one. Arguments passed to constructor will be ignored.
   instruction: pick coke can
   → G+ SUCCESS  (16 steps, 915 ms/infer)

── ep 08 (env_id=8) ──
[2026-08-07 07:26:38.063] [svulkan2] [warning] A second renderer will share the same internal context with the first one. Arguments passed to constructor will be ignored.
   instruction: pick coke can
   → G+ SUCCESS  (14 steps, 917 ms/infer)

── ep 09 (env_id=9) ──
[2026-08-07 07:26:53.581] [svulkan2] [warning] A second renderer will share the same internal context with the first one. Arguments passed to constructor will be ignored.
   instruction: pick coke can
   → G+ SUCCESS  (15 steps, 917 ms/infer)

── ep 10 (env_id=10) ──
[2026-08-07 07:27:10.186] [svulkan2] [warning] A second renderer will share the same internal context with the first one. Arguments passed to constructor will be ignored.
   instruction: pick coke can
   → G+ SUCCESS  (20 steps, 911 ms/infer)

── ep 11 (env_id=11) ──
[2026-08-07 07:27:31.617] [svulkan2] [warning] A second renderer will share the same internal context with the first one. Arguments passed to constructor will be ignored.
   instruction: pick coke can
   → G+ SUCCESS  (20 steps, 916 ms/infer)

── ep 12 (env_id=12) ──
[2026-08-07 07:27:53.161] [svulkan2] [warning] A second renderer will share the same internal context with the first one. Arguments passed to constructor will be ignored.
   instruction: pick coke can
   → G+ SUCCESS  (17 steps, 916 ms/infer)

── ep 13 (env_id=13) ──
[2026-08-07 07:28:11.698] [svulkan2] [warning] A second renderer will share the same internal context with the first one. Arguments passed to constructor will be ignored.
   instruction: pick coke can
   → G+ SUCCESS  (13 steps, 911 ms/infer)

── ep 14 (env_id=14) ──
[2026-08-07 07:28:26.078] [svulkan2] [warning] A second renderer will share the same internal context with the first one. Arguments passed to constructor will be ignored.
   instruction: pick coke can
   → G+ SUCCESS  (13 steps, 902 ms/infer)

── ep 15 (env_id=15) ──
[2026-08-07 07:28:40.374] [svulkan2] [warning] A second renderer will share the same internal context with the first one. Arguments passed to constructor will be ignored.
   instruction: pick coke can
