/content/vsim/lib/python3.10/site-packages/sapien/core/renderer_config.py:4: UserWarning: pkg_resources is deprecated as an API. See https://setuptools.pypa.io/en/latest/pkg_resources.html. The pkg_resources package is slated for removal as early as 2025-11-30. Refrain from using this package or pin to Setuptools<81.
  import pkg_resources
Some kwargs in processor config are unused and will not have any effect: action_chunk_size, action_config, obs_delta, num_obs_steps, statistics, bin_policy, intrinsic_config. 
*** policy_setup: google_robot, unnorm_key: fractal20220817_data/0.1.0 ***
Add 0 TRANSLATION TOKENS, tokenizer vocab size 257152 / 265347
Add 0 ROTATION TOKENS to tokenizer, tokenizer vocab size 257152 / 265347
Add 0 GRIPPER TOKENS to tokenizer, tokenizer vocab size 257152 / 265347

Loading checkpoint shards:   0%|          | 0/2 [00:00<?, ?it/s]
Loading checkpoint shards:  50%|█████     | 1/2 [00:00<00:00,  2.78it/s]
Loading checkpoint shards: 100%|██████████| 2/2 [00:00<00:00,  2.72it/s]
Loading checkpoint shards: 100%|██████████| 2/2 [00:00<00:00,  2.72it/s]
[OK] official SpatialVLAInference loaded (no wrapper, no DINO)

── ep 00 (env_id=0) ──
/content/vsim/lib/python3.10/site-packages/gymnasium/envs/registration.py:513: DeprecationWarning: [33mWARN: The environment MoveNearGoogleBakedTexInScene-v0 is out of date. You should consider upgrading to version `v1`.[0m
  logger.deprecation(
[2026-08-07 07:29:17.082] [svulkan2] [error] GLFW error: X11: The DISPLAY environment variable is missing
[2026-08-07 07:29:17.082] [svulkan2] [warning] Continue without GLFW.
/content/vsim/lib/python3.10/site-packages/gymnasium/core.py:311: UserWarning: [33mWARN: env.get_language_instruction to get variables from other wrappers is deprecated and will be removed in v1.0, to get this variable you can do `env.unwrapped.get_language_instruction` for environment variables or `env.get_wrapper_attr('get_language_instruction')` that will search the reminding wrappers.[0m
  logger.warn(
   instruction: move blue plastic bottle near pepsi can
The 'batch_size' attribute of HybridCache is deprecated and will be removed in v4.49. Use the more precisely named 'self.max_batch_size' attribute instead.
[ChunkProbe] raw_action['world_vector']: shape=(3,) type=ndarray
[ChunkProbe] raw_action['rotation_delta']: shape=(3,) type=ndarray
[ChunkProbe] raw_action['open_gripper']: shape=(1,) type=ndarray
[ChunkProbe] action['world_vector']: shape=(3,) type=ndarray
[ChunkProbe] action['rot_axangle']: shape=(3,) type=ndarray
[ChunkProbe] action['gripper']: shape=(1,) type=ndarray
[ChunkProbe] action['terminate_episode']: shape=(1,) type=ndarray
   → G- SUCCESS  (23 steps, 974 ms/infer)

── ep 01 (env_id=1) ──
[2026-08-07 07:29:46.121] [svulkan2] [warning] A second renderer will share the same internal context with the first one. Arguments passed to constructor will be ignored.
   instruction: move blue plastic bottle near orange
   → G- SUCCESS  (21 steps, 918 ms/infer)

── ep 02 (env_id=2) ──
[2026-08-07 07:30:08.901] [svulkan2] [warning] A second renderer will share the same internal context with the first one. Arguments passed to constructor will be ignored.
   instruction: move pepsi can near blue plastic bottle
   → G- SUCCESS  (20 steps, 911 ms/infer)

── ep 03 (env_id=3) ──
[2026-08-07 07:30:30.679] [svulkan2] [warning] A second renderer will share the same internal context with the first one. Arguments passed to constructor will be ignored.
   instruction: move pepsi can near orange
   → G- SUCCESS  (20 steps, 907 ms/infer)

── ep 04 (env_id=4) ──
[2026-08-07 07:30:52.341] [svulkan2] [warning] A second renderer will share the same internal context with the first one. Arguments passed to constructor will be ignored.
   instruction: move orange near blue plastic bottle
   → G- SUCCESS  (16 steps, 915 ms/infer)

── ep 05 (env_id=5) ──
[2026-08-07 07:31:09.921] [svulkan2] [warning] A second renderer will share the same internal context with the first one. Arguments passed to constructor will be ignored.
   instruction: move orange near pepsi can
   → G- SUCCESS  (17 steps, 920 ms/infer)

── ep 06 (env_id=6) ──
[2026-08-07 07:31:28.773] [svulkan2] [warning] A second renderer will share the same internal context with the first one. Arguments passed to constructor will be ignored.
   instruction: move blue plastic bottle near pepsi can
   → G- FAIL  (80 steps, 912 ms/infer)

── ep 07 (env_id=7) ──
[2026-08-07 07:32:52.096] [svulkan2] [warning] A second renderer will share the same internal context with the first one. Arguments passed to constructor will be ignored.
   instruction: move blue plastic bottle near orange
   → G- FAIL  (80 steps, 905 ms/infer)

── ep 08 (env_id=8) ──
[2026-08-07 07:34:14.794] [svulkan2] [warning] A second renderer will share the same internal context with the first one. Arguments passed to constructor will be ignored.
   instruction: move pepsi can near blue plastic bottle
   → G- SUCCESS  (18 steps, 903 ms/infer)

── ep 09 (env_id=9) ──
[2026-08-07 07:34:34.223] [svulkan2] [warning] A second renderer will share the same internal context with the first one. Arguments passed to constructor will be ignored.
   instruction: move pepsi can near orange
   → G- SUCCESS  (20 steps, 904 ms/infer)

── ep 10 (env_id=10) ──
[2026-08-07 07:34:55.650] [svulkan2] [warning] A second renderer will share the same internal context with the first one. Arguments passed to constructor will be ignored.
   instruction: move orange near blue plastic bottle
   → G- SUCCESS  (16 steps, 911 ms/infer)

── ep 11 (env_id=11) ──
[2026-08-07 07:35:13.176] [svulkan2] [warning] A second renderer will share the same internal context with the first one. Arguments passed to constructor will be ignored.
   instruction: move orange near pepsi can
   → G- SUCCESS  (14 steps, 911 ms/infer)

── ep 12 (env_id=12) ──
[2026-08-07 07:35:28.630] [svulkan2] [warning] A second renderer will share the same internal context with the first one. Arguments passed to constructor will be ignored.
   instruction: move 7up can near apple
   → G- SUCCESS  (22 steps, 916 ms/infer)

── ep 13 (env_id=13) ──
[2026-08-07 07:35:52.375] [svulkan2] [warning] A second renderer will share the same internal context with the first one. Arguments passed to constructor will be ignored.
   instruction: move 7up can near sponge
   → G- SUCCESS  (20 steps, 915 ms/infer)

── ep 14 (env_id=14) ──
[2026-08-07 07:36:14.029] [svulkan2] [warning] A second renderer will share the same internal context with the first one. Arguments passed to constructor will be ignored.
   instruction: move apple near 7up can
   → G- SUCCESS  (17 steps, 921 ms/infer)

── ep 15 (env_id=15) ──
[2026-08-07 07:36:32.786] [svulkan2] [warning] A second renderer will share the same internal context with the first one. Arguments passed to constructor will be ignored.
   instruction: move apple near sponge
   → G- SUCCESS  (18 steps, 917 ms/infer)

── ep 16 (env_id=16) ──
[2026-08-07 07:36:52.573] [svulkan2] [warning] A second renderer will share the same internal context with the first one. Arguments passed to constructor will be ignored.
   instruction: move sponge near 7up can
   → G- SUCCESS  (16 steps, 927 ms/infer)

── ep 17 (env_id=17) ──
[2026-08-07 07:37:10.418] [svulkan2] [warning] A second renderer will share the same internal context with the first one. Arguments passed to constructor will be ignored.
   instruction: move sponge near apple
   → G- FAIL  (80 steps, 920 ms/infer)

── ep 18 (env_id=18) ──
[2026-08-07 07:38:35.142] [svulkan2] [warning] A second renderer will share the same internal context with the first one. Arguments passed to constructor will be ignored.
   instruction: move 7up can near apple
   → G- SUCCESS  (38 steps, 915 ms/infer)

── ep 19 (env_id=19) ──
[2026-08-07 07:39:15.327] [svulkan2] [warning] A second renderer will share the same internal context with the first one. Arguments passed to constructor will be ignored.
   instruction: move 7up can near sponge
   → G- FAIL  (80 steps, 913 ms/infer)

── ep 20 (env_id=20) ──
[2026-08-07 07:40:38.333] [svulkan2] [warning] A second renderer will share the same internal context with the first one. Arguments passed to constructor will be ignored.
   instruction: move apple near 7up can
   → G- SUCCESS  (17 steps, 921 ms/infer)

── ep 21 (env_id=21) ──
[2026-08-07 07:40:57.069] [svulkan2] [warning] A second renderer will share the same internal context with the first one. Arguments passed to constructor will be ignored.
   instruction: move apple near sponge
   → G- SUCCESS  (17 steps, 918 ms/infer)

── ep 22 (env_id=22) ──
[2026-08-07 07:41:15.750] [svulkan2] [warning] A second renderer will share the same internal context with the first one. Arguments passed to constructor will be ignored.
   instruction: move sponge near 7up can
   → G- SUCCESS  (16 steps, 917 ms/infer)

── ep 23 (env_id=23) ──
[2026-08-07 07:41:33.442] [svulkan2] [warning] A second renderer will share the same internal context with the first one. Arguments passed to constructor will be ignored.
   instruction: move sponge near apple
   → G- SUCCESS  (15 steps, 918 ms/infer)

── ep 24 (env_id=24) ──
[2026-08-07 07:41:50.108] [svulkan2] [warning] A second renderer will share the same internal context with the first one. Arguments passed to constructor will be ignored.
   instruction: move coke can near redbull can
   → G- SUCCESS  (28 steps, 915 ms/infer)

── ep 25 (env_id=25) ──
[2026-08-07 07:42:19.922] [svulkan2] [warning] A second renderer will share the same internal context with the first one. Arguments passed to constructor will be ignored.
   instruction: move coke can near apple
   → G- SUCCESS  (21 steps, 923 ms/infer)

── ep 26 (env_id=26) ──
[2026-08-07 07:42:42.768] [svulkan2] [warning] A second renderer will share the same internal context with the first one. Arguments passed to constructor will be ignored.
   instruction: move redbull can near coke can
   → G- SUCCESS  (18 steps, 925 ms/infer)

── ep 27 (env_id=27) ──
[2026-08-07 07:43:02.467] [svulkan2] [warning] A second renderer will share the same internal context with the first one. Arguments passed to constructor will be ignored.
   instruction: move redbull can near apple
   → G- SUCCESS  (17 steps, 916 ms/infer)

── ep 28 (env_id=28) ──
[2026-08-07 07:43:21.114] [svulkan2] [warning] A second renderer will share the same internal context with the first one. Arguments passed to constructor will be ignored.
   instruction: move apple near coke can
   → G- SUCCESS  (17 steps, 920 ms/infer)

── ep 29 (env_id=29) ──
[2026-08-07 07:43:39.781] [svulkan2] [warning] A second renderer will share the same internal context with the first one. Arguments passed to constructor will be ignored.
   instruction: move apple near redbull can
   → G- SUCCESS  (16 steps, 918 ms/infer)

── ep 30 (env_id=30) ──
[2026-08-07 07:43:57.401] [svulkan2] [warning] A second renderer will share the same internal context with the first one. Arguments passed to constructor will be ignored.
   instruction: move coke can near redbull can
   → G- SUCCESS  (23 steps, 913 ms/infer)

── ep 31 (env_id=31) ──
[2026-08-07 07:44:21.774] [svulkan2] [warning] A second renderer will share the same internal context with the first one. Arguments passed to constructor will be ignored.
   instruction: move coke can near apple
   → G- FAIL  (80 steps, 911 ms/infer)

── ep 32 (env_id=32) ──
[2026-08-07 07:45:45.630] [svulkan2] [warning] A second renderer will share the same internal context with the first one. Arguments passed to constructor will be ignored.
   instruction: move redbull can near coke can
   → G- SUCCESS  (19 steps, 914 ms/infer)

── ep 33 (env_id=33) ──
[2026-08-07 07:46:06.232] [svulkan2] [warning] A second renderer will share the same internal context with the first one. Arguments passed to constructor will be ignored.
   instruction: move redbull can near apple
   → G- SUCCESS  (21 steps, 916 ms/infer)

── ep 34 (env_id=34) ──
[2026-08-07 07:46:28.946] [svulkan2] [warning] A second renderer will share the same internal context with the first one. Arguments passed to constructor will be ignored.
   instruction: move apple near coke can
   → G- SUCCESS  (19 steps, 918 ms/infer)

── ep 35 (env_id=35) ──
[2026-08-07 07:46:49.529] [svulkan2] [warning] A second renderer will share the same internal context with the first one. Arguments passed to constructor will be ignored.
   instruction: move apple near redbull can
   → G- SUCCESS  (12 steps, 908 ms/infer)

── ep 36 (env_id=36) ──
[2026-08-07 07:47:02.671] [svulkan2] [warning] A second renderer will share the same internal context with the first one. Arguments passed to constructor will be ignored.
   instruction: move sponge near blue plastic bottle
   → G- SUCCESS  (32 steps, 911 ms/infer)

── ep 37 (env_id=37) ──
[2026-08-07 07:47:36.668] [svulkan2] [warning] A second renderer will share the same internal context with the first one. Arguments passed to constructor will be ignored.
   instruction: move sponge near 7up can
   → G- FAIL  (80 steps, 913 ms/infer)

── ep 38 (env_id=38) ──
[2026-08-07 07:49:00.142] [svulkan2] [warning] A second renderer will share the same internal context with the first one. Arguments passed to constructor will be ignored.
   instruction: move blue plastic bottle near sponge
   → G- SUCCESS  (20 steps, 920 ms/infer)

── ep 39 (env_id=39) ──
[2026-08-07 07:49:21.924] [svulkan2] [warning] A second renderer will share the same internal context with the first one. Arguments passed to constructor will be ignored.
   instruction: move blue plastic bottle near 7up can
   → G- SUCCESS  (19 steps, 915 ms/infer)

── ep 40 (env_id=40) ──
[2026-08-07 07:49:42.585] [svulkan2] [warning] A second renderer will share the same internal context with the first one. Arguments passed to constructor will be ignored.
   instruction: move 7up can near sponge
   → G- SUCCESS  (17 steps, 912 ms/infer)

── ep 41 (env_id=41) ──
[2026-08-07 07:50:01.083] [svulkan2] [warning] A second renderer will share the same internal context with the first one. Arguments passed to constructor will be ignored.
   instruction: move 7up can near blue plastic bottle
   → G- SUCCESS  (17 steps, 918 ms/infer)

── ep 42 (env_id=42) ──
[2026-08-07 07:50:19.725] [svulkan2] [warning] A second renderer will share the same internal context with the first one. Arguments passed to constructor will be ignored.
   instruction: move sponge near blue plastic bottle
   → G- SUCCESS  (26 steps, 914 ms/infer)

── ep 43 (env_id=43) ──
[2026-08-07 07:50:47.571] [svulkan2] [warning] A second renderer will share the same internal context with the first one. Arguments passed to constructor will be ignored.
   instruction: move sponge near 7up can
   → G- FAIL  (80 steps, 910 ms/infer)

── ep 44 (env_id=44) ──
[2026-08-07 07:52:10.652] [svulkan2] [warning] A second renderer will share the same internal context with the first one. Arguments passed to constructor will be ignored.
   instruction: move blue plastic bottle near sponge
   → G- SUCCESS  (20 steps, 915 ms/infer)

── ep 45 (env_id=45) ──
[2026-08-07 07:52:32.309] [svulkan2] [warning] A second renderer will share the same internal context with the first one. Arguments passed to constructor will be ignored.
   instruction: move blue plastic bottle near 7up can
   → G- SUCCESS  (21 steps, 908 ms/infer)

── ep 46 (env_id=46) ──
[2026-08-07 07:52:54.791] [svulkan2] [warning] A second renderer will share the same internal context with the first one. Arguments passed to constructor will be ignored.
   instruction: move 7up can near sponge
   → G- SUCCESS  (16 steps, 908 ms/infer)

── ep 47 (env_id=47) ──
[2026-08-07 07:53:12.268] [svulkan2] [warning] A second renderer will share the same internal context with the first one. Arguments passed to constructor will be ignored.
   instruction: move 7up can near blue plastic bottle
   → G- SUCCESS  (13 steps, 916 ms/infer)

── ep 48 (env_id=48) ──
[2026-08-07 07:53:26.772] [svulkan2] [warning] A second renderer will share the same internal context with the first one. Arguments passed to constructor will be ignored.
   instruction: move orange near pepsi can
   → G- SUCCESS  (26 steps, 912 ms/infer)

── ep 49 (env_id=49) ──
[2026-08-07 07:53:54.599] [svulkan2] [warning] A second renderer will share the same internal context with the first one. Arguments passed to constructor will be ignored.
   instruction: move orange near redbull can
   → G- FAIL  (80 steps, 912 ms/infer)

── ep 50 (env_id=50) ──
[2026-08-07 07:55:17.989] [svulkan2] [warning] A second renderer will share the same internal context with the first one. Arguments passed to constructor will be ignored.
   instruction: move pepsi can near orange
   → G- SUCCESS  (19 steps, 913 ms/infer)

── ep 51 (env_id=51) ──
[2026-08-07 07:55:38.765] [svulkan2] [warning] A second renderer will share the same internal context with the first one. Arguments passed to constructor will be ignored.
   instruction: move pepsi can near redbull can
   → G- SUCCESS  (18 steps, 911 ms/infer)

── ep 52 (env_id=52) ──
[2026-08-07 07:55:58.339] [svulkan2] [warning] A second renderer will share the same internal context with the first one. Arguments passed to constructor will be ignored.
   instruction: move redbull can near orange
   → G- SUCCESS  (19 steps, 912 ms/infer)

── ep 53 (env_id=53) ──
[2026-08-07 07:56:18.905] [svulkan2] [warning] A second renderer will share the same internal context with the first one. Arguments passed to constructor will be ignored.
   instruction: move redbull can near pepsi can
   → G- SUCCESS  (17 steps, 912 ms/infer)

── ep 54 (env_id=54) ──
[2026-08-07 07:56:37.404] [svulkan2] [warning] A second renderer will share the same internal context with the first one. Arguments passed to constructor will be ignored.
   instruction: move orange near pepsi can
   → G- SUCCESS  (53 steps, 907 ms/infer)

── ep 55 (env_id=55) ──
[2026-08-07 07:57:33.045] [svulkan2] [warning] A second renderer will share the same internal context with the first one. Arguments passed to constructor will be ignored.
   instruction: move orange near redbull can
   → G- SUCCESS  (41 steps, 905 ms/infer)

── ep 56 (env_id=56) ──
[2026-08-07 07:58:16.220] [svulkan2] [warning] A second renderer will share the same internal context with the first one. Arguments passed to constructor will be ignored.
   instruction: move pepsi can near orange
   → G- FAIL  (80 steps, 907 ms/infer)

── ep 57 (env_id=57) ──
[2026-08-07 07:59:38.818] [svulkan2] [warning] A second renderer will share the same internal context with the first one. Arguments passed to constructor will be ignored.
   instruction: move pepsi can near redbull can
   → G- FAIL  (80 steps, 905 ms/infer)

── ep 58 (env_id=58) ──
[2026-08-07 08:01:01.379] [svulkan2] [warning] A second renderer will share the same internal context with the first one. Arguments passed to constructor will be ignored.
   instruction: move redbull can near orange
   → G- SUCCESS  (15 steps, 903 ms/infer)

── ep 59 (env_id=59) ──
[2026-08-07 08:01:17.768] [svulkan2] [warning] A second renderer will share the same internal context with the first one. Arguments passed to constructor will be ignored.
   instruction: move redbull can near pepsi can
   → G- SUCCESS  (13 steps, 914 ms/infer)

==================================================
  SpatialVLA (official) | baseline (no ToMe)
  task:    google_robot_move_near_v0
  파지율:  n/a (이 환경은 grasp를 보고하지 않는다)
  성공률:  50/60 = 83.3%
  평균스텝: 30
  ms/infer: 915  (latency; lower=faster)
==================================================
  OKG- ep00 (id=0): 23 steps
  OKG- ep01 (id=1): 21 steps
  OKG- ep02 (id=2): 20 steps
  OKG- ep03 (id=3): 20 steps
  OKG- ep04 (id=4): 16 steps
  OKG- ep05 (id=5): 17 steps
  --G- ep06 (id=6): 80 steps
  --G- ep07 (id=7): 80 steps
  OKG- ep08 (id=8): 18 steps
  OKG- ep09 (id=9): 20 steps
  OKG- ep10 (id=10): 16 steps
  OKG- ep11 (id=11): 14 steps
  OKG- ep12 (id=12): 22 steps
  OKG- ep13 (id=13): 20 steps
  OKG- ep14 (id=14): 17 steps
  OKG- ep15 (id=15): 18 steps
  OKG- ep16 (id=16): 16 steps
  --G- ep17 (id=17): 80 steps
  OKG- ep18 (id=18): 38 steps
  --G- ep19 (id=19): 80 steps
  OKG- ep20 (id=20): 17 steps
  OKG- ep21 (id=21): 17 steps
  OKG- ep22 (id=22): 16 steps
  OKG- ep23 (id=23): 15 steps
  OKG- ep24 (id=24): 28 steps
  OKG- ep25 (id=25): 21 steps
  OKG- ep26 (id=26): 18 steps
  OKG- ep27 (id=27): 17 steps
  OKG- ep28 (id=28): 17 steps
  OKG- ep29 (id=29): 16 steps
  OKG- ep30 (id=30): 23 steps
  --G- ep31 (id=31): 80 steps
  OKG- ep32 (id=32): 19 steps
  OKG- ep33 (id=33): 21 steps
  OKG- ep34 (id=34): 19 steps
  OKG- ep35 (id=35): 12 steps
  OKG- ep36 (id=36): 32 steps
  --G- ep37 (id=37): 80 steps
  OKG- ep38 (id=38): 20 steps
  OKG- ep39 (id=39): 19 steps
  OKG- ep40 (id=40): 17 steps
  OKG- ep41 (id=41): 17 steps
  OKG- ep42 (id=42): 26 steps
  --G- ep43 (id=43): 80 steps
  OKG- ep44 (id=44): 20 steps
  OKG- ep45 (id=45): 21 steps
  OKG- ep46 (id=46): 16 steps
  OKG- ep47 (id=47): 13 steps
  OKG- ep48 (id=48): 26 steps
  --G- ep49 (id=49): 80 steps
  OKG- ep50 (id=50): 19 steps
  OKG- ep51 (id=51): 18 steps
  OKG- ep52 (id=52): 19 steps
  OKG- ep53 (id=53): 17 steps
  OKG- ep54 (id=54): 53 steps
  OKG- ep55 (id=55): 41 steps
  --G- ep56 (id=56): 80 steps
  --G- ep57 (id=57): 80 steps
  OKG- ep58 (id=58): 15 steps
  OKG- ep59 (id=59): 13 steps

saved: /content/BiVLA/results/spatialvla_fractal_0806/baseline_rerun/google_robot_move_near_v0/results_google_robot_move_near_v0.json
