/content/venv310/lib/python3.10/site-packages/sapien/core/renderer_config.py:4: UserWarning: pkg_resources is deprecated as an API. See https://setuptools.pypa.io/en/latest/pkg_resources.html. The pkg_resources package is slated for removal as early as 2025-11-30. Refrain from using this package or pin to Setuptools<81.
  import pkg_resources
[load] model=openvla_depth policy_setup=google_robot unnorm_key=(derived)
Using a slow image processor as `use_fast` is unset and a slow processor was saved with this model. `use_fast=True` will be the default behavior in v4.52, even if the model was saved with a slow processor. This will result in minor differences in outputs. You'll still be able to use a slow processor with `use_fast=False`.
Expected `transformers==4.40.1` and `tokenizers==0.19.1` but got `transformers==4.53.3` and `tokenizers==0.21.4`; there might be inference-time regressions due to dependency changes. If in doubt, pleaseuse the above versions.

Loading checkpoint shards:   0%|          | 0/3 [00:00<?, ?it/s]
Loading checkpoint shards:  33%|███▎      | 1/3 [00:00<00:00,  7.78it/s]
Loading checkpoint shards: 100%|██████████| 3/3 [00:00<00:00, 18.82it/s]
[depth/openvla] static pruning ON: bypass 2 most-redundant layers; eligible 16..31 of 32
[ok] model loaded  unnorm_key=fractal20220817_data sticky_gripper=15

-- episode 00 (env_id=0) --
/content/venv310/lib/python3.10/site-packages/gymnasium/envs/registration.py:513: DeprecationWarning: [33mWARN: The environment MoveNearGoogleBakedTexInScene-v0 is out of date. You should consider upgrading to version `v1`.[0m
  logger.deprecation(
/content/venv310/lib/python3.10/site-packages/gymnasium/core.py:311: UserWarning: [33mWARN: env.get_language_instruction to get variables from other wrappers is deprecated and will be removed in v1.0, to get this variable you can do `env.unwrapped.get_language_instruction` for environment variables or `env.get_wrapper_attr('get_language_instruction')` that will search the reminding wrappers.[0m
  logger.warn(
instruction: move blue plastic bottle near pepsi can
[depth] calibrated: bypass=[23, 25]
/content/venv310/lib/python3.10/site-packages/gymnasium/core.py:311: UserWarning: [33mWARN: env.get_language_instruction to get variables from other wrappers is deprecated and will be removed in v1.0, to get this variable you can do `env.unwrapped.get_language_instruction` for environment variables or `env.get_wrapper_attr('get_language_instruction')` that will search the reminding wrappers.[0m
  logger.warn(
result: SUCCESS grasped=False steps=34 time=22.7s

-- episode 01 (env_id=1) --
/content/venv310/lib/python3.10/site-packages/gymnasium/envs/registration.py:513: DeprecationWarning: [33mWARN: The environment MoveNearGoogleBakedTexInScene-v0 is out of date. You should consider upgrading to version `v1`.[0m
  logger.deprecation(
[2026-08-07 10:07:40.792] [svulkan2] [warning] A second renderer will share the same internal context with the first one. Arguments passed to constructor will be ignored.
instruction: move blue plastic bottle near orange
result: FAIL grasped=False steps=80 time=49.6s

-- episode 02 (env_id=2) --
[2026-08-07 10:08:31.422] [svulkan2] [warning] A second renderer will share the same internal context with the first one. Arguments passed to constructor will be ignored.
instruction: move pepsi can near blue plastic bottle
result: SUCCESS grasped=False steps=66 time=40.6s

-- episode 03 (env_id=3) --
[2026-08-07 10:09:13.086] [svulkan2] [warning] A second renderer will share the same internal context with the first one. Arguments passed to constructor will be ignored.
instruction: move pepsi can near orange
result: SUCCESS grasped=False steps=24 time=14.6s

-- episode 04 (env_id=4) --
[2026-08-07 10:09:28.891] [svulkan2] [warning] A second renderer will share the same internal context with the first one. Arguments passed to constructor will be ignored.
instruction: move orange near blue plastic bottle
result: SUCCESS grasped=False steps=24 time=14.6s

-- episode 05 (env_id=5) --
[2026-08-07 10:09:44.526] [svulkan2] [warning] A second renderer will share the same internal context with the first one. Arguments passed to constructor will be ignored.
instruction: move orange near pepsi can
result: FAIL grasped=False steps=80 time=49.3s

-- episode 06 (env_id=6) --
[2026-08-07 10:10:34.964] [svulkan2] [warning] A second renderer will share the same internal context with the first one. Arguments passed to constructor will be ignored.
instruction: move blue plastic bottle near pepsi can
result: SUCCESS grasped=False steps=72 time=43.5s

-- episode 07 (env_id=7) --
[2026-08-07 10:11:19.483] [svulkan2] [warning] A second renderer will share the same internal context with the first one. Arguments passed to constructor will be ignored.
instruction: move blue plastic bottle near orange
result: FAIL grasped=False steps=80 time=48.2s

-- episode 08 (env_id=8) --
[2026-08-07 10:12:08.704] [svulkan2] [warning] A second renderer will share the same internal context with the first one. Arguments passed to constructor will be ignored.
instruction: move pepsi can near blue plastic bottle
result: FAIL grasped=False steps=80 time=49.4s

-- episode 09 (env_id=9) --
[2026-08-07 10:12:59.179] [svulkan2] [warning] A second renderer will share the same internal context with the first one. Arguments passed to constructor will be ignored.
instruction: move pepsi can near orange
result: SUCCESS grasped=False steps=34 time=20.5s

-- episode 10 (env_id=10) --
[2026-08-07 10:13:20.738] [svulkan2] [warning] A second renderer will share the same internal context with the first one. Arguments passed to constructor will be ignored.
instruction: move orange near blue plastic bottle
result: SUCCESS grasped=False steps=29 time=18.0s

-- episode 11 (env_id=11) --
[2026-08-07 10:13:39.742] [svulkan2] [warning] A second renderer will share the same internal context with the first one. Arguments passed to constructor will be ignored.
instruction: move orange near pepsi can
result: SUCCESS grasped=False steps=18 time=10.9s

-- episode 12 (env_id=12) --
[2026-08-07 10:13:51.725] [svulkan2] [warning] A second renderer will share the same internal context with the first one. Arguments passed to constructor will be ignored.
instruction: move 7up can near apple
result: FAIL grasped=False steps=80 time=48.3s

-- episode 13 (env_id=13) --
[2026-08-07 10:14:41.106] [svulkan2] [warning] A second renderer will share the same internal context with the first one. Arguments passed to constructor will be ignored.
instruction: move 7up can near sponge
result: SUCCESS grasped=False steps=42 time=25.4s

-- episode 14 (env_id=14) --
[2026-08-07 10:15:07.507] [svulkan2] [warning] A second renderer will share the same internal context with the first one. Arguments passed to constructor will be ignored.
instruction: move apple near 7up can
result: SUCCESS grasped=False steps=26 time=15.8s

-- episode 15 (env_id=15) --
[2026-08-07 10:15:24.344] [svulkan2] [warning] A second renderer will share the same internal context with the first one. Arguments passed to constructor will be ignored.
instruction: move apple near sponge
result: FAIL grasped=False steps=80 time=49.9s

-- episode 16 (env_id=16) --
[2026-08-07 10:16:15.320] [svulkan2] [warning] A second renderer will share the same internal context with the first one. Arguments passed to constructor will be ignored.
instruction: move sponge near 7up can
result: FAIL grasped=False steps=80 time=48.9s

-- episode 17 (env_id=17) --
[2026-08-07 10:17:05.309] [svulkan2] [warning] A second renderer will share the same internal context with the first one. Arguments passed to constructor will be ignored.
instruction: move sponge near apple
result: FAIL grasped=False steps=80 time=49.1s

-- episode 18 (env_id=18) --
[2026-08-07 10:17:55.467] [svulkan2] [warning] A second renderer will share the same internal context with the first one. Arguments passed to constructor will be ignored.
instruction: move 7up can near apple
result: FAIL grasped=False steps=80 time=48.3s

-- episode 19 (env_id=19) --
[2026-08-07 10:18:44.775] [svulkan2] [warning] A second renderer will share the same internal context with the first one. Arguments passed to constructor will be ignored.
instruction: move 7up can near sponge
result: FAIL grasped=False steps=80 time=48.0s

-- episode 20 (env_id=20) --
[2026-08-07 10:19:33.840] [svulkan2] [warning] A second renderer will share the same internal context with the first one. Arguments passed to constructor will be ignored.
instruction: move apple near 7up can
result: SUCCESS grasped=False steps=26 time=16.0s

-- episode 21 (env_id=21) --
[2026-08-07 10:19:50.833] [svulkan2] [warning] A second renderer will share the same internal context with the first one. Arguments passed to constructor will be ignored.
instruction: move apple near sponge
result: SUCCESS grasped=False steps=27 time=16.4s

-- episode 22 (env_id=22) --
[2026-08-07 10:20:08.323] [svulkan2] [warning] A second renderer will share the same internal context with the first one. Arguments passed to constructor will be ignored.
instruction: move sponge near 7up can
result: SUCCESS grasped=False steps=28 time=17.2s

-- episode 23 (env_id=23) --
[2026-08-07 10:20:26.593] [svulkan2] [warning] A second renderer will share the same internal context with the first one. Arguments passed to constructor will be ignored.
instruction: move sponge near apple
result: SUCCESS grasped=False steps=27 time=16.5s

-- episode 24 (env_id=24) --
[2026-08-07 10:20:44.109] [svulkan2] [warning] A second renderer will share the same internal context with the first one. Arguments passed to constructor will be ignored.
instruction: move coke can near redbull can
result: SUCCESS grasped=False steps=71 time=42.9s

-- episode 25 (env_id=25) --
[2026-08-07 10:21:28.073] [svulkan2] [warning] A second renderer will share the same internal context with the first one. Arguments passed to constructor will be ignored.
instruction: move coke can near apple
result: FAIL grasped=False steps=80 time=48.8s

-- episode 26 (env_id=26) --
[2026-08-07 10:22:17.913] [svulkan2] [warning] A second renderer will share the same internal context with the first one. Arguments passed to constructor will be ignored.
instruction: move redbull can near coke can
result: SUCCESS grasped=False steps=33 time=19.9s

-- episode 27 (env_id=27) --
[2026-08-07 10:22:38.762] [svulkan2] [warning] A second renderer will share the same internal context with the first one. Arguments passed to constructor will be ignored.
instruction: move redbull can near apple
result: SUCCESS grasped=False steps=27 time=16.3s

-- episode 28 (env_id=28) --
[2026-08-07 10:22:56.114] [svulkan2] [warning] A second renderer will share the same internal context with the first one. Arguments passed to constructor will be ignored.
instruction: move apple near coke can
result: SUCCESS grasped=False steps=28 time=17.2s

-- episode 29 (env_id=29) --
[2026-08-07 10:23:14.233] [svulkan2] [warning] A second renderer will share the same internal context with the first one. Arguments passed to constructor will be ignored.
instruction: move apple near redbull can
result: SUCCESS grasped=False steps=28 time=17.0s

-- episode 30 (env_id=30) --
[2026-08-07 10:23:32.193] [svulkan2] [warning] A second renderer will share the same internal context with the first one. Arguments passed to constructor will be ignored.
instruction: move coke can near redbull can
result: SUCCESS grasped=False steps=61 time=37.3s

-- episode 31 (env_id=31) --
[2026-08-07 10:24:10.309] [svulkan2] [warning] A second renderer will share the same internal context with the first one. Arguments passed to constructor will be ignored.
instruction: move coke can near apple
result: FAIL grasped=False steps=80 time=48.4s

-- episode 32 (env_id=32) --
[2026-08-07 10:24:59.708] [svulkan2] [warning] A second renderer will share the same internal context with the first one. Arguments passed to constructor will be ignored.
instruction: move redbull can near coke can
result: SUCCESS grasped=False steps=37 time=22.5s

-- episode 33 (env_id=33) --
[2026-08-07 10:25:23.220] [svulkan2] [warning] A second renderer will share the same internal context with the first one. Arguments passed to constructor will be ignored.
instruction: move redbull can near apple
result: SUCCESS grasped=False steps=37 time=22.5s

-- episode 34 (env_id=34) --
[2026-08-07 10:25:46.712] [svulkan2] [warning] A second renderer will share the same internal context with the first one. Arguments passed to constructor will be ignored.
instruction: move apple near coke can
result: SUCCESS grasped=False steps=26 time=16.1s

-- episode 35 (env_id=35) --
[2026-08-07 10:26:03.565] [svulkan2] [warning] A second renderer will share the same internal context with the first one. Arguments passed to constructor will be ignored.
instruction: move apple near redbull can
result: SUCCESS grasped=False steps=17 time=10.4s

-- episode 36 (env_id=36) --
[2026-08-07 10:26:14.752] [svulkan2] [warning] A second renderer will share the same internal context with the first one. Arguments passed to constructor will be ignored.
instruction: move sponge near blue plastic bottle
result: SUCCESS grasped=False steps=51 time=31.2s

-- episode 37 (env_id=37) --
[2026-08-07 10:26:46.954] [svulkan2] [warning] A second renderer will share the same internal context with the first one. Arguments passed to constructor will be ignored.
instruction: move sponge near 7up can
result: FAIL grasped=False steps=80 time=49.0s

-- episode 38 (env_id=38) --
[2026-08-07 10:27:36.952] [svulkan2] [warning] A second renderer will share the same internal context with the first one. Arguments passed to constructor will be ignored.
instruction: move blue plastic bottle near sponge
result: SUCCESS grasped=False steps=25 time=15.3s

-- episode 39 (env_id=39) --
[2026-08-07 10:27:53.227] [svulkan2] [warning] A second renderer will share the same internal context with the first one. Arguments passed to constructor will be ignored.
instruction: move blue plastic bottle near 7up can
result: FAIL grasped=False steps=80 time=49.4s

-- episode 40 (env_id=40) --
[2026-08-07 10:28:43.651] [svulkan2] [warning] A second renderer will share the same internal context with the first one. Arguments passed to constructor will be ignored.
instruction: move 7up can near sponge
result: SUCCESS grasped=False steps=22 time=13.3s

-- episode 41 (env_id=41) --
[2026-08-07 10:28:57.979] [svulkan2] [warning] A second renderer will share the same internal context with the first one. Arguments passed to constructor will be ignored.
instruction: move 7up can near blue plastic bottle
result: FAIL grasped=False steps=80 time=48.8s

-- episode 42 (env_id=42) --
[2026-08-07 10:29:47.803] [svulkan2] [warning] A second renderer will share the same internal context with the first one. Arguments passed to constructor will be ignored.
instruction: move sponge near blue plastic bottle
result: FAIL grasped=False steps=80 time=48.1s

-- episode 43 (env_id=43) --
[2026-08-07 10:30:36.966] [svulkan2] [warning] A second renderer will share the same internal context with the first one. Arguments passed to constructor will be ignored.
instruction: move sponge near 7up can
result: FAIL grasped=False steps=80 time=49.8s

-- episode 44 (env_id=44) --
[2026-08-07 10:31:27.797] [svulkan2] [warning] A second renderer will share the same internal context with the first one. Arguments passed to constructor will be ignored.
instruction: move blue plastic bottle near sponge
result: SUCCESS grasped=False steps=34 time=20.6s

-- episode 45 (env_id=45) --
[2026-08-07 10:31:49.444] [svulkan2] [warning] A second renderer will share the same internal context with the first one. Arguments passed to constructor will be ignored.
instruction: move blue plastic bottle near 7up can
result: SUCCESS grasped=False steps=22 time=13.3s

-- episode 46 (env_id=46) --
[2026-08-07 10:32:03.794] [svulkan2] [warning] A second renderer will share the same internal context with the first one. Arguments passed to constructor will be ignored.
instruction: move 7up can near sponge
result: SUCCESS grasped=False steps=19 time=11.6s

-- episode 47 (env_id=47) --
[2026-08-07 10:32:16.379] [svulkan2] [warning] A second renderer will share the same internal context with the first one. Arguments passed to constructor will be ignored.
instruction: move 7up can near blue plastic bottle
result: SUCCESS grasped=False steps=16 time=9.7s

-- episode 48 (env_id=48) --
[2026-08-07 10:32:27.090] [svulkan2] [warning] A second renderer will share the same internal context with the first one. Arguments passed to constructor will be ignored.
instruction: move orange near pepsi can
result: FAIL grasped=False steps=80 time=49.1s

-- episode 49 (env_id=49) --
[2026-08-07 10:33:17.178] [svulkan2] [warning] A second renderer will share the same internal context with the first one. Arguments passed to constructor will be ignored.
instruction: move orange near redbull can
result: FAIL grasped=False steps=80 time=49.2s

-- episode 50 (env_id=50) --
[2026-08-07 10:34:07.422] [svulkan2] [warning] A second renderer will share the same internal context with the first one. Arguments passed to constructor will be ignored.
instruction: move pepsi can near orange
result: SUCCESS grasped=False steps=29 time=17.6s

-- episode 51 (env_id=51) --
[2026-08-07 10:34:26.083] [svulkan2] [warning] A second renderer will share the same internal context with the first one. Arguments passed to constructor will be ignored.
instruction: move pepsi can near redbull can
result: SUCCESS grasped=False steps=25 time=15.2s

-- episode 52 (env_id=52) --
[2026-08-07 10:34:42.285] [svulkan2] [warning] A second renderer will share the same internal context with the first one. Arguments passed to constructor will be ignored.
instruction: move redbull can near orange
result: SUCCESS grasped=False steps=27 time=16.3s

-- episode 53 (env_id=53) --
[2026-08-07 10:34:59.587] [svulkan2] [warning] A second renderer will share the same internal context with the first one. Arguments passed to constructor will be ignored.
instruction: move redbull can near pepsi can
result: FAIL grasped=False steps=80 time=49.4s

-- episode 54 (env_id=54) --
[2026-08-07 10:35:49.996] [svulkan2] [warning] A second renderer will share the same internal context with the first one. Arguments passed to constructor will be ignored.
instruction: move orange near pepsi can
result: FAIL grasped=False steps=80 time=49.8s

-- episode 55 (env_id=55) --
[2026-08-07 10:36:40.817] [svulkan2] [warning] A second renderer will share the same internal context with the first one. Arguments passed to constructor will be ignored.
instruction: move orange near redbull can
result: FAIL grasped=False steps=80 time=49.1s

-- episode 56 (env_id=56) --
[2026-08-07 10:37:30.954] [svulkan2] [warning] A second renderer will share the same internal context with the first one. Arguments passed to constructor will be ignored.
instruction: move pepsi can near orange
result: FAIL grasped=False steps=80 time=49.1s

-- episode 57 (env_id=57) --
[2026-08-07 10:38:21.035] [svulkan2] [warning] A second renderer will share the same internal context with the first one. Arguments passed to constructor will be ignored.
instruction: move pepsi can near redbull can
result: SUCCESS grasped=False steps=37 time=22.4s

-- episode 58 (env_id=58) --
[2026-08-07 10:38:44.514] [svulkan2] [warning] A second renderer will share the same internal context with the first one. Arguments passed to constructor will be ignored.
instruction: move redbull can near orange
result: SUCCESS grasped=False steps=24 time=14.7s

-- episode 59 (env_id=59) --
[2026-08-07 10:39:00.226] [svulkan2] [warning] A second renderer will share the same internal context with the first one. Arguments passed to constructor will be ignored.
instruction: move redbull can near pepsi can
result: SUCCESS grasped=False steps=63 time=38.6s

==================================================
task:         google_robot_move_near_v0
model:        openvla_depth
setup:        google_robot (unnorm=fractal20220817_data, sticky=15)
success_rate: 37/60 = 61.7%
grasp_rate:   n/a (this env does not report a grasp signal)
avg_steps:    51
avg_elapsed:  31.4s
model_ms_per_infer: 484.5ms  (pure model forward pass, CUDA-synced)
model_ms_per_env_step: 484.5ms  (amortized over executed actions)
depth: bypassed 2 of 32 layers [23, 25]
==================================================
saved: /content/BiVLA_full/results/openvla_fractal_0806_depth_prune2/openvla_depth/google_robot_move_near_v0/results_google_robot_move_near_v0.json
