/content/venv310/lib/python3.10/site-packages/sapien/core/renderer_config.py:4: UserWarning: pkg_resources is deprecated as an API. See https://setuptools.pypa.io/en/latest/pkg_resources.html. The pkg_resources package is slated for removal as early as 2025-11-30. Refrain from using this package or pin to Setuptools<81.
  import pkg_resources
[load] model=openvla_depth policy_setup=google_robot unnorm_key=(derived)
Using a slow image processor as `use_fast` is unset and a slow processor was saved with this model. `use_fast=True` will be the default behavior in v4.52, even if the model was saved with a slow processor. This will result in minor differences in outputs. You'll still be able to use a slow processor with `use_fast=False`.
Expected `transformers==4.40.1` and `tokenizers==0.19.1` but got `transformers==4.53.3` and `tokenizers==0.21.4`; there might be inference-time regressions due to dependency changes. If in doubt, pleaseuse the above versions.

Loading checkpoint shards:   0%|          | 0/3 [00:00<?, ?it/s]
Loading checkpoint shards:  33%|███▎      | 1/3 [00:00<00:00,  7.81it/s]
Loading checkpoint shards: 100%|██████████| 3/3 [00:00<00:00, 18.90it/s]
[depth/openvla] static pruning ON: bypass 2 most-redundant layers; eligible 16..31 of 32
[ok] model loaded  unnorm_key=fractal20220817_data sticky_gripper=15

-- episode 00 (env_id=0) --
/content/venv310/lib/python3.10/site-packages/gymnasium/core.py:311: UserWarning: [33mWARN: env.get_language_instruction to get variables from other wrappers is deprecated and will be removed in v1.0, to get this variable you can do `env.unwrapped.get_language_instruction` for environment variables or `env.get_wrapper_attr('get_language_instruction')` that will search the reminding wrappers.[0m
  logger.warn(
instruction: pick coke can
[depth] calibrated: bypass=[23, 26]
/content/venv310/lib/python3.10/site-packages/gymnasium/core.py:311: UserWarning: [33mWARN: env.get_language_instruction to get variables from other wrappers is deprecated and will be removed in v1.0, to get this variable you can do `env.unwrapped.get_language_instruction` for environment variables or `env.get_wrapper_attr('get_language_instruction')` that will search the reminding wrappers.[0m
  logger.warn(
result: FAIL grasped=True steps=80 time=51.5s

-- episode 01 (env_id=1) --
[2026-08-07 09:49:51.731] [svulkan2] [warning] A second renderer will share the same internal context with the first one. Arguments passed to constructor will be ignored.
instruction: pick coke can
result: FAIL grasped=True steps=80 time=48.8s

-- episode 02 (env_id=2) --
[2026-08-07 09:50:41.460] [svulkan2] [warning] A second renderer will share the same internal context with the first one. Arguments passed to constructor will be ignored.
instruction: pick coke can
result: SUCCESS grasped=True steps=22 time=13.3s

-- episode 03 (env_id=3) --
[2026-08-07 09:50:55.677] [svulkan2] [warning] A second renderer will share the same internal context with the first one. Arguments passed to constructor will be ignored.
instruction: pick coke can
result: FAIL grasped=True steps=80 time=49.6s

-- episode 04 (env_id=4) --
[2026-08-07 09:51:46.333] [svulkan2] [warning] A second renderer will share the same internal context with the first one. Arguments passed to constructor will be ignored.
instruction: pick coke can
result: FAIL grasped=True steps=80 time=49.7s

-- episode 05 (env_id=5) --
[2026-08-07 09:52:36.930] [svulkan2] [warning] A second renderer will share the same internal context with the first one. Arguments passed to constructor will be ignored.
instruction: pick coke can
result: SUCCESS grasped=True steps=39 time=23.6s

-- episode 06 (env_id=6) --
[2026-08-07 09:53:01.577] [svulkan2] [warning] A second renderer will share the same internal context with the first one. Arguments passed to constructor will be ignored.
instruction: pick coke can
result: SUCCESS grasped=True steps=37 time=22.5s

-- episode 07 (env_id=7) --
[2026-08-07 09:53:24.973] [svulkan2] [warning] A second renderer will share the same internal context with the first one. Arguments passed to constructor will be ignored.
instruction: pick coke can
result: FAIL grasped=True steps=80 time=49.3s

-- episode 08 (env_id=8) --
[2026-08-07 09:54:15.239] [svulkan2] [warning] A second renderer will share the same internal context with the first one. Arguments passed to constructor will be ignored.
instruction: pick coke can
result: SUCCESS grasped=True steps=17 time=10.3s

-- episode 09 (env_id=9) --
[2026-08-07 09:54:26.475] [svulkan2] [warning] A second renderer will share the same internal context with the first one. Arguments passed to constructor will be ignored.
instruction: pick coke can
result: SUCCESS grasped=True steps=22 time=13.4s

-- episode 10 (env_id=10) --
[2026-08-07 09:54:40.795] [svulkan2] [warning] A second renderer will share the same internal context with the first one. Arguments passed to constructor will be ignored.
instruction: pick coke can
result: FAIL grasped=False steps=80 time=50.3s

-- episode 11 (env_id=11) --
[2026-08-07 09:55:32.014] [svulkan2] [warning] A second renderer will share the same internal context with the first one. Arguments passed to constructor will be ignored.
instruction: pick coke can
result: FAIL grasped=True steps=80 time=48.3s

-- episode 12 (env_id=12) --
[2026-08-07 09:56:21.032] [svulkan2] [warning] A second renderer will share the same internal context with the first one. Arguments passed to constructor will be ignored.
instruction: pick coke can
result: FAIL grasped=True steps=80 time=49.7s

-- episode 13 (env_id=13) --
[2026-08-07 09:57:11.625] [svulkan2] [warning] A second renderer will share the same internal context with the first one. Arguments passed to constructor will be ignored.
instruction: pick coke can
result: FAIL grasped=True steps=80 time=49.8s

-- episode 14 (env_id=14) --
[2026-08-07 09:58:02.307] [svulkan2] [warning] A second renderer will share the same internal context with the first one. Arguments passed to constructor will be ignored.
instruction: pick coke can
result: FAIL grasped=False steps=80 time=50.2s

-- episode 15 (env_id=15) --
[2026-08-07 09:58:53.452] [svulkan2] [warning] A second renderer will share the same internal context with the first one. Arguments passed to constructor will be ignored.
instruction: pick coke can
result: FAIL grasped=False steps=80 time=49.8s

-- episode 16 (env_id=16) --
[2026-08-07 09:59:44.210] [svulkan2] [warning] A second renderer will share the same internal context with the first one. Arguments passed to constructor will be ignored.
instruction: pick coke can
result: FAIL grasped=False steps=80 time=50.2s

-- episode 17 (env_id=17) --
[2026-08-07 10:00:35.327] [svulkan2] [warning] A second renderer will share the same internal context with the first one. Arguments passed to constructor will be ignored.
instruction: pick coke can
result: FAIL grasped=True steps=80 time=49.2s

-- episode 18 (env_id=18) --
[2026-08-07 10:01:25.429] [svulkan2] [warning] A second renderer will share the same internal context with the first one. Arguments passed to constructor will be ignored.
instruction: pick coke can
result: FAIL grasped=True steps=80 time=49.9s

-- episode 19 (env_id=19) --
[2026-08-07 10:02:16.260] [svulkan2] [warning] A second renderer will share the same internal context with the first one. Arguments passed to constructor will be ignored.
instruction: pick coke can
result: FAIL grasped=True steps=80 time=49.8s

-- episode 20 (env_id=20) --
[2026-08-07 10:03:06.988] [svulkan2] [warning] A second renderer will share the same internal context with the first one. Arguments passed to constructor will be ignored.
instruction: pick coke can
result: FAIL grasped=False steps=80 time=48.0s

-- episode 21 (env_id=21) --
[2026-08-07 10:03:55.948] [svulkan2] [warning] A second renderer will share the same internal context with the first one. Arguments passed to constructor will be ignored.
instruction: pick coke can
result: FAIL grasped=False steps=80 time=48.1s

-- episode 22 (env_id=22) --
[2026-08-07 10:04:44.888] [svulkan2] [warning] A second renderer will share the same internal context with the first one. Arguments passed to constructor will be ignored.
instruction: pick coke can
result: FAIL grasped=False steps=80 time=48.6s

-- episode 23 (env_id=23) --
[2026-08-07 10:05:34.428] [svulkan2] [warning] A second renderer will share the same internal context with the first one. Arguments passed to constructor will be ignored.
instruction: pick coke can
result: SUCCESS grasped=True steps=52 time=32.2s

-- episode 24 (env_id=24) --
[2026-08-07 10:06:07.563] [svulkan2] [warning] A second renderer will share the same internal context with the first one. Arguments passed to constructor will be ignored.
instruction: pick coke can
result: FAIL grasped=False steps=80 time=48.5s

==================================================
task:         google_robot_pick_standing_coke_can
model:        openvla_depth
setup:        google_robot (unnorm=fractal20220817_data, sticky=15)
success_rate: 6/25 = 24.0%
grasp_rate:   17/25 = 68.0%
avg_steps:    68
avg_elapsed:  42.2s
model_ms_per_infer: 483.9ms  (pure model forward pass, CUDA-synced)
model_ms_per_env_step: 483.9ms  (amortized over executed actions)
depth: bypassed 2 of 32 layers [23, 26]
==================================================
saved: /content/BiVLA_full/results/openvla_fractal_0806_depth_prune2/openvla_depth/google_robot_pick_standing_coke_can/results_google_robot_pick_standing_coke_can.json
