/content/venv310/lib/python3.10/site-packages/sapien/core/renderer_config.py:4: UserWarning: pkg_resources is deprecated as an API. See https://setuptools.pypa.io/en/latest/pkg_resources.html. The pkg_resources package is slated for removal as early as 2025-11-30. Refrain from using this package or pin to Setuptools<81.
  import pkg_resources
[load] model=openvla_depth policy_setup=google_robot unnorm_key=(derived)
Using a slow image processor as `use_fast` is unset and a slow processor was saved with this model. `use_fast=True` will be the default behavior in v4.52, even if the model was saved with a slow processor. This will result in minor differences in outputs. You'll still be able to use a slow processor with `use_fast=False`.
Expected `transformers==4.40.1` and `tokenizers==0.19.1` but got `transformers==4.53.3` and `tokenizers==0.21.4`; there might be inference-time regressions due to dependency changes. If in doubt, pleaseuse the above versions.

Loading checkpoint shards:   0%|          | 0/3 [00:00<?, ?it/s]
Loading checkpoint shards:  33%|███▎      | 1/3 [00:00<00:00,  7.86it/s]
Loading checkpoint shards: 100%|██████████| 3/3 [00:00<00:00, 18.97it/s]
[depth/openvla] static pruning ON: bypass 4 most-redundant layers; eligible 16..31 of 32
[ok] model loaded  unnorm_key=fractal20220817_data sticky_gripper=15

-- episode 00 (env_id=0) --
/content/venv310/lib/python3.10/site-packages/gymnasium/envs/registration.py:513: DeprecationWarning: [33mWARN: The environment MoveNearGoogleBakedTexInScene-v0 is out of date. You should consider upgrading to version `v1`.[0m
  logger.deprecation(
/content/venv310/lib/python3.10/site-packages/gymnasium/core.py:311: UserWarning: [33mWARN: env.get_language_instruction to get variables from other wrappers is deprecated and will be removed in v1.0, to get this variable you can do `env.unwrapped.get_language_instruction` for environment variables or `env.get_wrapper_attr('get_language_instruction')` that will search the reminding wrappers.[0m
  logger.warn(
instruction: move blue plastic bottle near pepsi can
[depth] calibrated: bypass=[17, 23, 25, 27]
/content/venv310/lib/python3.10/site-packages/gymnasium/core.py:311: UserWarning: [33mWARN: env.get_language_instruction to get variables from other wrappers is deprecated and will be removed in v1.0, to get this variable you can do `env.unwrapped.get_language_instruction` for environment variables or `env.get_wrapper_attr('get_language_instruction')` that will search the reminding wrappers.[0m
  logger.warn(
result: SUCCESS grasped=False steps=39 time=24.5s

-- episode 01 (env_id=1) --
/content/venv310/lib/python3.10/site-packages/gymnasium/envs/registration.py:513: DeprecationWarning: [33mWARN: The environment MoveNearGoogleBakedTexInScene-v0 is out of date. You should consider upgrading to version `v1`.[0m
  logger.deprecation(
[2026-08-07 07:04:41.766] [svulkan2] [warning] A second renderer will share the same internal context with the first one. Arguments passed to constructor will be ignored.
instruction: move blue plastic bottle near orange
result: FAIL grasped=False steps=80 time=46.9s

-- episode 02 (env_id=2) --
[2026-08-07 07:05:29.744] [svulkan2] [warning] A second renderer will share the same internal context with the first one. Arguments passed to constructor will be ignored.
instruction: move pepsi can near blue plastic bottle
result: SUCCESS grasped=False steps=24 time=13.9s

-- episode 03 (env_id=3) --
[2026-08-07 07:05:44.681] [svulkan2] [warning] A second renderer will share the same internal context with the first one. Arguments passed to constructor will be ignored.
instruction: move pepsi can near orange
result: SUCCESS grasped=False steps=35 time=20.1s

-- episode 04 (env_id=4) --
[2026-08-07 07:06:05.963] [svulkan2] [warning] A second renderer will share the same internal context with the first one. Arguments passed to constructor will be ignored.
instruction: move orange near blue plastic bottle
result: SUCCESS grasped=False steps=32 time=18.5s

-- episode 05 (env_id=5) --
[2026-08-07 07:06:25.546] [svulkan2] [warning] A second renderer will share the same internal context with the first one. Arguments passed to constructor will be ignored.
instruction: move orange near pepsi can
result: SUCCESS grasped=False steps=31 time=17.8s

-- episode 06 (env_id=6) --
[2026-08-07 07:06:44.529] [svulkan2] [warning] A second renderer will share the same internal context with the first one. Arguments passed to constructor will be ignored.
instruction: move blue plastic bottle near pepsi can
result: SUCCESS grasped=False steps=35 time=20.1s

-- episode 07 (env_id=7) --
[2026-08-07 07:07:05.614] [svulkan2] [warning] A second renderer will share the same internal context with the first one. Arguments passed to constructor will be ignored.
instruction: move blue plastic bottle near orange
result: SUCCESS grasped=False steps=43 time=24.8s

-- episode 08 (env_id=8) --
[2026-08-07 07:07:31.469] [svulkan2] [warning] A second renderer will share the same internal context with the first one. Arguments passed to constructor will be ignored.
instruction: move pepsi can near blue plastic bottle
result: SUCCESS grasped=False steps=30 time=17.4s

-- episode 09 (env_id=9) --
[2026-08-07 07:07:49.841] [svulkan2] [warning] A second renderer will share the same internal context with the first one. Arguments passed to constructor will be ignored.
instruction: move pepsi can near orange
result: SUCCESS grasped=False steps=34 time=19.6s

-- episode 10 (env_id=10) --
[2026-08-07 07:08:10.434] [svulkan2] [warning] A second renderer will share the same internal context with the first one. Arguments passed to constructor will be ignored.
instruction: move orange near blue plastic bottle
result: SUCCESS grasped=False steps=23 time=13.4s

-- episode 11 (env_id=11) --
[2026-08-07 07:08:24.849] [svulkan2] [warning] A second renderer will share the same internal context with the first one. Arguments passed to constructor will be ignored.
instruction: move orange near pepsi can
result: SUCCESS grasped=False steps=13 time=7.5s

-- episode 12 (env_id=12) --
[2026-08-07 07:08:33.344] [svulkan2] [warning] A second renderer will share the same internal context with the first one. Arguments passed to constructor will be ignored.
instruction: move 7up can near apple
result: FAIL grasped=False steps=80 time=46.2s

-- episode 13 (env_id=13) --
[2026-08-07 07:09:20.582] [svulkan2] [warning] A second renderer will share the same internal context with the first one. Arguments passed to constructor will be ignored.
instruction: move 7up can near sponge
result: SUCCESS grasped=False steps=43 time=24.9s

-- episode 14 (env_id=14) --
[2026-08-07 07:09:46.542] [svulkan2] [warning] A second renderer will share the same internal context with the first one. Arguments passed to constructor will be ignored.
instruction: move apple near 7up can
result: SUCCESS grasped=False steps=34 time=19.6s

-- episode 15 (env_id=15) --
[2026-08-07 07:10:07.151] [svulkan2] [warning] A second renderer will share the same internal context with the first one. Arguments passed to constructor will be ignored.
instruction: move apple near sponge
result: SUCCESS grasped=False steps=39 time=22.9s

-- episode 16 (env_id=16) --
[2026-08-07 07:10:31.103] [svulkan2] [warning] A second renderer will share the same internal context with the first one. Arguments passed to constructor will be ignored.
instruction: move sponge near 7up can
result: SUCCESS grasped=False steps=24 time=13.8s

-- episode 17 (env_id=17) --
[2026-08-07 07:10:45.960] [svulkan2] [warning] A second renderer will share the same internal context with the first one. Arguments passed to constructor will be ignored.
instruction: move sponge near apple
result: SUCCESS grasped=False steps=45 time=26.2s

-- episode 18 (env_id=18) --
[2026-08-07 07:11:13.171] [svulkan2] [warning] A second renderer will share the same internal context with the first one. Arguments passed to constructor will be ignored.
instruction: move 7up can near apple
result: FAIL grasped=False steps=80 time=47.2s

-- episode 19 (env_id=19) --
[2026-08-07 07:12:01.384] [svulkan2] [warning] A second renderer will share the same internal context with the first one. Arguments passed to constructor will be ignored.
instruction: move 7up can near sponge
result: FAIL grasped=False steps=80 time=46.8s

-- episode 20 (env_id=20) --
[2026-08-07 07:12:49.169] [svulkan2] [warning] A second renderer will share the same internal context with the first one. Arguments passed to constructor will be ignored.
instruction: move apple near 7up can
result: SUCCESS grasped=False steps=28 time=16.2s

-- episode 21 (env_id=21) --
[2026-08-07 07:13:06.420] [svulkan2] [warning] A second renderer will share the same internal context with the first one. Arguments passed to constructor will be ignored.
instruction: move apple near sponge
result: SUCCESS grasped=False steps=30 time=17.4s

-- episode 22 (env_id=22) --
[2026-08-07 07:13:24.893] [svulkan2] [warning] A second renderer will share the same internal context with the first one. Arguments passed to constructor will be ignored.
instruction: move sponge near 7up can
result: FAIL grasped=False steps=80 time=47.7s

-- episode 23 (env_id=23) --
[2026-08-07 07:14:13.593] [svulkan2] [warning] A second renderer will share the same internal context with the first one. Arguments passed to constructor will be ignored.
instruction: move sponge near apple
result: SUCCESS grasped=False steps=28 time=16.1s

-- episode 24 (env_id=24) --
[2026-08-07 07:14:30.742] [svulkan2] [warning] A second renderer will share the same internal context with the first one. Arguments passed to constructor will be ignored.
instruction: move coke can near redbull can
result: SUCCESS grasped=False steps=49 time=28.5s

-- episode 25 (env_id=25) --
[2026-08-07 07:15:00.313] [svulkan2] [warning] A second renderer will share the same internal context with the first one. Arguments passed to constructor will be ignored.
instruction: move coke can near apple
result: FAIL grasped=False steps=80 time=46.7s

-- episode 26 (env_id=26) --
[2026-08-07 07:15:48.061] [svulkan2] [warning] A second renderer will share the same internal context with the first one. Arguments passed to constructor will be ignored.
instruction: move redbull can near coke can
result: SUCCESS grasped=False steps=28 time=16.1s

-- episode 27 (env_id=27) --
[2026-08-07 07:16:05.084] [svulkan2] [warning] A second renderer will share the same internal context with the first one. Arguments passed to constructor will be ignored.
instruction: move redbull can near apple
result: SUCCESS grasped=False steps=21 time=12.1s

-- episode 28 (env_id=28) --
[2026-08-07 07:16:18.202] [svulkan2] [warning] A second renderer will share the same internal context with the first one. Arguments passed to constructor will be ignored.
instruction: move apple near coke can
result: SUCCESS grasped=False steps=40 time=23.2s

-- episode 29 (env_id=29) --
[2026-08-07 07:16:42.354] [svulkan2] [warning] A second renderer will share the same internal context with the first one. Arguments passed to constructor will be ignored.
instruction: move apple near redbull can
result: FAIL grasped=False steps=80 time=46.9s

-- episode 30 (env_id=30) --
[2026-08-07 07:17:30.213] [svulkan2] [warning] A second renderer will share the same internal context with the first one. Arguments passed to constructor will be ignored.
instruction: move coke can near redbull can
result: FAIL grasped=False steps=80 time=46.6s

-- episode 31 (env_id=31) --
[2026-08-07 07:18:17.545] [svulkan2] [warning] A second renderer will share the same internal context with the first one. Arguments passed to constructor will be ignored.
instruction: move coke can near apple
result: FAIL grasped=False steps=80 time=46.3s

-- episode 32 (env_id=32) --
[2026-08-07 07:19:04.824] [svulkan2] [warning] A second renderer will share the same internal context with the first one. Arguments passed to constructor will be ignored.
instruction: move redbull can near coke can
result: SUCCESS grasped=False steps=43 time=24.7s

-- episode 33 (env_id=33) --
[2026-08-07 07:19:30.510] [svulkan2] [warning] A second renderer will share the same internal context with the first one. Arguments passed to constructor will be ignored.
instruction: move redbull can near apple
result: SUCCESS grasped=False steps=32 time=18.4s

-- episode 34 (env_id=34) --
[2026-08-07 07:19:49.964] [svulkan2] [warning] A second renderer will share the same internal context with the first one. Arguments passed to constructor will be ignored.
instruction: move apple near coke can
result: SUCCESS grasped=False steps=25 time=14.7s

-- episode 35 (env_id=35) --
[2026-08-07 07:20:05.381] [svulkan2] [warning] A second renderer will share the same internal context with the first one. Arguments passed to constructor will be ignored.
instruction: move apple near redbull can
result: SUCCESS grasped=False steps=19 time=11.0s

-- episode 36 (env_id=36) --
[2026-08-07 07:20:17.143] [svulkan2] [warning] A second renderer will share the same internal context with the first one. Arguments passed to constructor will be ignored.
instruction: move sponge near blue plastic bottle
result: FAIL grasped=False steps=80 time=47.6s

-- episode 37 (env_id=37) --
[2026-08-07 07:21:05.794] [svulkan2] [warning] A second renderer will share the same internal context with the first one. Arguments passed to constructor will be ignored.
instruction: move sponge near 7up can
result: FAIL grasped=False steps=80 time=45.7s

-- episode 38 (env_id=38) --
[2026-08-07 07:21:52.511] [svulkan2] [warning] A second renderer will share the same internal context with the first one. Arguments passed to constructor will be ignored.
instruction: move blue plastic bottle near sponge
result: SUCCESS grasped=False steps=23 time=13.2s

-- episode 39 (env_id=39) --
[2026-08-07 07:22:06.696] [svulkan2] [warning] A second renderer will share the same internal context with the first one. Arguments passed to constructor will be ignored.
instruction: move blue plastic bottle near 7up can
result: FAIL grasped=False steps=80 time=46.0s

-- episode 40 (env_id=40) --
[2026-08-07 07:22:53.726] [svulkan2] [warning] A second renderer will share the same internal context with the first one. Arguments passed to constructor will be ignored.
instruction: move 7up can near sponge
result: SUCCESS grasped=False steps=20 time=11.4s

-- episode 41 (env_id=41) --
[2026-08-07 07:23:06.188] [svulkan2] [warning] A second renderer will share the same internal context with the first one. Arguments passed to constructor will be ignored.
instruction: move 7up can near blue plastic bottle
result: SUCCESS grasped=False steps=61 time=35.6s

-- episode 42 (env_id=42) --
[2026-08-07 07:23:42.795] [svulkan2] [warning] A second renderer will share the same internal context with the first one. Arguments passed to constructor will be ignored.
instruction: move sponge near blue plastic bottle
result: FAIL grasped=False steps=80 time=45.7s

-- episode 43 (env_id=43) --
[2026-08-07 07:24:29.474] [svulkan2] [warning] A second renderer will share the same internal context with the first one. Arguments passed to constructor will be ignored.
instruction: move sponge near 7up can
result: FAIL grasped=False steps=80 time=46.2s

-- episode 44 (env_id=44) --
[2026-08-07 07:25:16.666] [svulkan2] [warning] A second renderer will share the same internal context with the first one. Arguments passed to constructor will be ignored.
instruction: move blue plastic bottle near sponge
result: SUCCESS grasped=False steps=26 time=14.9s

-- episode 45 (env_id=45) --
[2026-08-07 07:25:32.601] [svulkan2] [warning] A second renderer will share the same internal context with the first one. Arguments passed to constructor will be ignored.
instruction: move blue plastic bottle near 7up can
result: SUCCESS grasped=False steps=29 time=16.6s

-- episode 46 (env_id=46) --
[2026-08-07 07:25:50.288] [svulkan2] [warning] A second renderer will share the same internal context with the first one. Arguments passed to constructor will be ignored.
instruction: move 7up can near sponge
result: SUCCESS grasped=False steps=21 time=12.2s

-- episode 47 (env_id=47) --
[2026-08-07 07:26:03.473] [svulkan2] [warning] A second renderer will share the same internal context with the first one. Arguments passed to constructor will be ignored.
instruction: move 7up can near blue plastic bottle
result: SUCCESS grasped=False steps=16 time=9.2s

-- episode 48 (env_id=48) --
[2026-08-07 07:26:13.684] [svulkan2] [warning] A second renderer will share the same internal context with the first one. Arguments passed to constructor will be ignored.
instruction: move orange near pepsi can
result: FAIL grasped=False steps=80 time=46.7s

-- episode 49 (env_id=49) --
[2026-08-07 07:27:01.408] [svulkan2] [warning] A second renderer will share the same internal context with the first one. Arguments passed to constructor will be ignored.
instruction: move orange near redbull can
result: SUCCESS grasped=False steps=40 time=23.3s

-- episode 50 (env_id=50) --
[2026-08-07 07:27:25.687] [svulkan2] [warning] A second renderer will share the same internal context with the first one. Arguments passed to constructor will be ignored.
instruction: move pepsi can near orange
result: SUCCESS grasped=False steps=35 time=20.2s

-- episode 51 (env_id=51) --
[2026-08-07 07:27:46.914] [svulkan2] [warning] A second renderer will share the same internal context with the first one. Arguments passed to constructor will be ignored.
instruction: move pepsi can near redbull can
result: SUCCESS grasped=False steps=25 time=14.5s

-- episode 52 (env_id=52) --
[2026-08-07 07:28:02.384] [svulkan2] [warning] A second renderer will share the same internal context with the first one. Arguments passed to constructor will be ignored.
instruction: move redbull can near orange
result: SUCCESS grasped=False steps=24 time=13.8s

-- episode 53 (env_id=53) --
[2026-08-07 07:28:17.148] [svulkan2] [warning] A second renderer will share the same internal context with the first one. Arguments passed to constructor will be ignored.
instruction: move redbull can near pepsi can
result: SUCCESS grasped=False steps=25 time=14.3s

-- episode 54 (env_id=54) --
[2026-08-07 07:28:32.430] [svulkan2] [warning] A second renderer will share the same internal context with the first one. Arguments passed to constructor will be ignored.
instruction: move orange near pepsi can
result: FAIL grasped=False steps=80 time=46.8s

-- episode 55 (env_id=55) --
[2026-08-07 07:29:20.246] [svulkan2] [warning] A second renderer will share the same internal context with the first one. Arguments passed to constructor will be ignored.
instruction: move orange near redbull can
result: FAIL grasped=False steps=80 time=47.0s

-- episode 56 (env_id=56) --
[2026-08-07 07:30:08.248] [svulkan2] [warning] A second renderer will share the same internal context with the first one. Arguments passed to constructor will be ignored.
instruction: move pepsi can near orange
result: SUCCESS grasped=False steps=54 time=31.2s

-- episode 57 (env_id=57) --
[2026-08-07 07:30:40.496] [svulkan2] [warning] A second renderer will share the same internal context with the first one. Arguments passed to constructor will be ignored.
instruction: move pepsi can near redbull can
result: SUCCESS grasped=False steps=33 time=19.1s

-- episode 58 (env_id=58) --
[2026-08-07 07:31:00.585] [svulkan2] [warning] A second renderer will share the same internal context with the first one. Arguments passed to constructor will be ignored.
instruction: move redbull can near orange
result: FAIL grasped=False steps=80 time=47.1s

-- episode 59 (env_id=59) --
[2026-08-07 07:31:48.661] [svulkan2] [warning] A second renderer will share the same internal context with the first one. Arguments passed to constructor will be ignored.
instruction: move redbull can near pepsi can
result: SUCCESS grasped=False steps=24 time=14.1s

==================================================
task:         google_robot_move_near_v0
model:        openvla_depth
setup:        google_robot (unnorm=fractal20220817_data, sticky=15)
success_rate: 42/60 = 70.0%
grasp_rate:   n/a (this env does not report a grasp signal)
avg_steps:    46
avg_elapsed:  26.8s
model_ms_per_infer: 454.8ms  (pure model forward pass, CUDA-synced)
model_ms_per_env_step: 454.8ms  (amortized over executed actions)
depth: bypassed 4 of 32 layers [17, 23, 25, 27]
==================================================
saved: /content/BiVLA_full/results/openvla_fractal_0806_depth_prune4/openvla_depth/google_robot_move_near_v0/results_google_robot_move_near_v0.json
