/content/venv310/lib/python3.10/site-packages/sapien/core/renderer_config.py:4: UserWarning: pkg_resources is deprecated as an API. See https://setuptools.pypa.io/en/latest/pkg_resources.html. The pkg_resources package is slated for removal as early as 2025-11-30. Refrain from using this package or pin to Setuptools<81.
  import pkg_resources
[load] model=openvla_depth policy_setup=google_robot unnorm_key=(derived)
Using a slow image processor as `use_fast` is unset and a slow processor was saved with this model. `use_fast=True` will be the default behavior in v4.52, even if the model was saved with a slow processor. This will result in minor differences in outputs. You'll still be able to use a slow processor with `use_fast=False`.
Expected `transformers==4.40.1` and `tokenizers==0.19.1` but got `transformers==4.53.3` and `tokenizers==0.21.4`; there might be inference-time regressions due to dependency changes. If in doubt, pleaseuse the above versions.

Loading checkpoint shards:   0%|          | 0/3 [00:00<?, ?it/s]
Loading checkpoint shards:  33%|███▎      | 1/3 [00:00<00:00,  7.91it/s]
Loading checkpoint shards: 100%|██████████| 3/3 [00:00<00:00, 19.12it/s]
[depth/openvla] static pruning ON: bypass 4 most-redundant layers; eligible 16..31 of 32
[ok] model loaded  unnorm_key=fractal20220817_data sticky_gripper=15

-- episode 00 (env_id=0) --
/content/venv310/lib/python3.10/site-packages/gymnasium/core.py:311: UserWarning: [33mWARN: env.get_language_instruction to get variables from other wrappers is deprecated and will be removed in v1.0, to get this variable you can do `env.unwrapped.get_language_instruction` for environment variables or `env.get_wrapper_attr('get_language_instruction')` that will search the reminding wrappers.[0m
  logger.warn(
instruction: pick coke can
[depth] calibrated: bypass=[17, 20, 23, 26]
/content/venv310/lib/python3.10/site-packages/gymnasium/core.py:311: UserWarning: [33mWARN: env.get_language_instruction to get variables from other wrappers is deprecated and will be removed in v1.0, to get this variable you can do `env.unwrapped.get_language_instruction` for environment variables or `env.get_wrapper_attr('get_language_instruction')` that will search the reminding wrappers.[0m
  logger.warn(
result: FAIL grasped=False steps=80 time=48.3s

-- episode 01 (env_id=1) --
[2026-08-07 06:31:07.234] [svulkan2] [warning] A second renderer will share the same internal context with the first one. Arguments passed to constructor will be ignored.
instruction: pick coke can
result: FAIL grasped=False steps=80 time=47.5s

-- episode 02 (env_id=2) --
[2026-08-07 06:31:55.653] [svulkan2] [warning] A second renderer will share the same internal context with the first one. Arguments passed to constructor will be ignored.
instruction: pick coke can
result: SUCCESS grasped=True steps=29 time=16.6s

-- episode 03 (env_id=3) --
[2026-08-07 06:32:13.229] [svulkan2] [warning] A second renderer will share the same internal context with the first one. Arguments passed to constructor will be ignored.
instruction: pick coke can
result: FAIL grasped=False steps=80 time=47.5s

-- episode 04 (env_id=4) --
[2026-08-07 06:33:01.815] [svulkan2] [warning] A second renderer will share the same internal context with the first one. Arguments passed to constructor will be ignored.
instruction: pick coke can
result: FAIL grasped=False steps=80 time=47.0s

-- episode 05 (env_id=5) --
[2026-08-07 06:33:49.783] [svulkan2] [warning] A second renderer will share the same internal context with the first one. Arguments passed to constructor will be ignored.
instruction: pick coke can
result: FAIL grasped=False steps=80 time=45.6s

-- episode 06 (env_id=6) --
[2026-08-07 06:34:36.459] [svulkan2] [warning] A second renderer will share the same internal context with the first one. Arguments passed to constructor will be ignored.
instruction: pick coke can
result: FAIL grasped=True steps=80 time=47.7s

-- episode 07 (env_id=7) --
[2026-08-07 06:35:25.108] [svulkan2] [warning] A second renderer will share the same internal context with the first one. Arguments passed to constructor will be ignored.
instruction: pick coke can
result: SUCCESS grasped=True steps=32 time=18.4s

-- episode 08 (env_id=8) --
[2026-08-07 06:35:44.465] [svulkan2] [warning] A second renderer will share the same internal context with the first one. Arguments passed to constructor will be ignored.
instruction: pick coke can
result: SUCCESS grasped=True steps=42 time=24.6s

-- episode 09 (env_id=9) --
[2026-08-07 06:36:09.976] [svulkan2] [warning] A second renderer will share the same internal context with the first one. Arguments passed to constructor will be ignored.
instruction: pick coke can
result: FAIL grasped=False steps=80 time=47.7s

-- episode 10 (env_id=10) --
[2026-08-07 06:36:58.640] [svulkan2] [warning] A second renderer will share the same internal context with the first one. Arguments passed to constructor will be ignored.
instruction: pick coke can
result: FAIL grasped=False steps=80 time=45.7s

-- episode 11 (env_id=11) --
[2026-08-07 06:37:45.267] [svulkan2] [warning] A second renderer will share the same internal context with the first one. Arguments passed to constructor will be ignored.
instruction: pick coke can
result: SUCCESS grasped=True steps=40 time=23.0s

-- episode 12 (env_id=12) --
[2026-08-07 06:38:09.172] [svulkan2] [warning] A second renderer will share the same internal context with the first one. Arguments passed to constructor will be ignored.
instruction: pick coke can
result: SUCCESS grasped=True steps=23 time=13.2s

-- episode 13 (env_id=13) --
[2026-08-07 06:38:23.327] [svulkan2] [warning] A second renderer will share the same internal context with the first one. Arguments passed to constructor will be ignored.
instruction: pick coke can
result: FAIL grasped=False steps=80 time=48.8s

-- episode 14 (env_id=14) --
[2026-08-07 06:39:13.106] [svulkan2] [warning] A second renderer will share the same internal context with the first one. Arguments passed to constructor will be ignored.
instruction: pick coke can
result: FAIL grasped=False steps=80 time=47.5s

-- episode 15 (env_id=15) --
[2026-08-07 06:40:01.489] [svulkan2] [warning] A second renderer will share the same internal context with the first one. Arguments passed to constructor will be ignored.
instruction: pick coke can
result: FAIL grasped=False steps=80 time=46.5s

-- episode 16 (env_id=16) --
[2026-08-07 06:40:48.924] [svulkan2] [warning] A second renderer will share the same internal context with the first one. Arguments passed to constructor will be ignored.
instruction: pick coke can
result: FAIL grasped=False steps=80 time=46.8s

-- episode 17 (env_id=17) --
[2026-08-07 06:41:36.591] [svulkan2] [warning] A second renderer will share the same internal context with the first one. Arguments passed to constructor will be ignored.
instruction: pick coke can
result: SUCCESS grasped=True steps=37 time=21.7s

-- episode 18 (env_id=18) --
[2026-08-07 06:41:59.207] [svulkan2] [warning] A second renderer will share the same internal context with the first one. Arguments passed to constructor will be ignored.
instruction: pick coke can
result: FAIL grasped=False steps=80 time=47.9s

-- episode 19 (env_id=19) --
[2026-08-07 06:42:48.004] [svulkan2] [warning] A second renderer will share the same internal context with the first one. Arguments passed to constructor will be ignored.
instruction: pick coke can
result: FAIL grasped=False steps=80 time=46.7s

-- episode 20 (env_id=20) --
[2026-08-07 06:43:35.606] [svulkan2] [warning] A second renderer will share the same internal context with the first one. Arguments passed to constructor will be ignored.
instruction: pick coke can
result: FAIL grasped=False steps=80 time=46.6s

-- episode 21 (env_id=21) --
[2026-08-07 06:44:23.101] [svulkan2] [warning] A second renderer will share the same internal context with the first one. Arguments passed to constructor will be ignored.
instruction: pick coke can
result: FAIL grasped=False steps=80 time=46.2s

-- episode 22 (env_id=22) --
[2026-08-07 06:45:10.145] [svulkan2] [warning] A second renderer will share the same internal context with the first one. Arguments passed to constructor will be ignored.
instruction: pick coke can
result: FAIL grasped=False steps=80 time=47.6s

-- episode 23 (env_id=23) --
[2026-08-07 06:45:58.643] [svulkan2] [warning] A second renderer will share the same internal context with the first one. Arguments passed to constructor will be ignored.
instruction: pick coke can
result: SUCCESS grasped=True steps=27 time=15.7s

-- episode 24 (env_id=24) --
[2026-08-07 06:46:15.255] [svulkan2] [warning] A second renderer will share the same internal context with the first one. Arguments passed to constructor will be ignored.
instruction: pick coke can
result: FAIL grasped=True steps=80 time=47.0s

==================================================
task:         google_robot_pick_vertical_coke_can
model:        openvla_depth
setup:        google_robot (unnorm=fractal20220817_data, sticky=15)
success_rate: 7/25 = 28.0%
grasp_rate:   9/25 = 36.0%
avg_steps:    67
avg_elapsed:  39.3s
model_ms_per_infer: 453.0ms  (pure model forward pass, CUDA-synced)
model_ms_per_env_step: 453.0ms  (amortized over executed actions)
depth: bypassed 4 of 32 layers [17, 20, 23, 26]
==================================================
saved: /content/BiVLA_full/results/openvla_fractal_0806_depth_prune4/openvla_depth/google_robot_pick_vertical_coke_can/results_google_robot_pick_vertical_coke_can.json
