/content/venv310/lib/python3.10/site-packages/sapien/core/renderer_config.py:4: UserWarning: pkg_resources is deprecated as an API. See https://setuptools.pypa.io/en/latest/pkg_resources.html. The pkg_resources package is slated for removal as early as 2025-11-30. Refrain from using this package or pin to Setuptools<81.
  import pkg_resources
[load] model=openvla_depth policy_setup=google_robot unnorm_key=(derived)
Using a slow image processor as `use_fast` is unset and a slow processor was saved with this model. `use_fast=True` will be the default behavior in v4.52, even if the model was saved with a slow processor. This will result in minor differences in outputs. You'll still be able to use a slow processor with `use_fast=False`.
Expected `transformers==4.40.1` and `tokenizers==0.19.1` but got `transformers==4.53.3` and `tokenizers==0.21.4`; there might be inference-time regressions due to dependency changes. If in doubt, pleaseuse the above versions.

Loading checkpoint shards:   0%|          | 0/3 [00:00<?, ?it/s]
Loading checkpoint shards:  33%|███▎      | 1/3 [00:00<00:00,  7.92it/s]
Loading checkpoint shards: 100%|██████████| 3/3 [00:00<00:00, 19.16it/s]
[depth/openvla] static pruning ON: bypass 4 most-redundant layers; eligible 16..31 of 32
[ok] model loaded  unnorm_key=fractal20220817_data sticky_gripper=15

-- episode 00 (env_id=0) --
/content/venv310/lib/python3.10/site-packages/gymnasium/core.py:311: UserWarning: [33mWARN: env.get_language_instruction to get variables from other wrappers is deprecated and will be removed in v1.0, to get this variable you can do `env.unwrapped.get_language_instruction` for environment variables or `env.get_wrapper_attr('get_language_instruction')` that will search the reminding wrappers.[0m
  logger.warn(
instruction: pick coke can
[depth] calibrated: bypass=[17, 20, 23, 26]
/content/venv310/lib/python3.10/site-packages/gymnasium/core.py:311: UserWarning: [33mWARN: env.get_language_instruction to get variables from other wrappers is deprecated and will be removed in v1.0, to get this variable you can do `env.unwrapped.get_language_instruction` for environment variables or `env.get_wrapper_attr('get_language_instruction')` that will search the reminding wrappers.[0m
  logger.warn(
result: SUCCESS grasped=True steps=40 time=25.1s

-- episode 01 (env_id=1) --
[2026-08-07 06:15:22.705] [svulkan2] [warning] A second renderer will share the same internal context with the first one. Arguments passed to constructor will be ignored.
instruction: pick coke can
result: FAIL grasped=True steps=80 time=46.8s

-- episode 02 (env_id=2) --
[2026-08-07 06:16:10.447] [svulkan2] [warning] A second renderer will share the same internal context with the first one. Arguments passed to constructor will be ignored.
instruction: pick coke can
result: SUCCESS grasped=True steps=42 time=24.2s

-- episode 03 (env_id=3) --
[2026-08-07 06:16:35.586] [svulkan2] [warning] A second renderer will share the same internal context with the first one. Arguments passed to constructor will be ignored.
instruction: pick coke can
result: SUCCESS grasped=True steps=22 time=12.6s

-- episode 04 (env_id=4) --
[2026-08-07 06:16:49.235] [svulkan2] [warning] A second renderer will share the same internal context with the first one. Arguments passed to constructor will be ignored.
instruction: pick coke can
result: SUCCESS grasped=True steps=30 time=17.2s

-- episode 05 (env_id=5) --
[2026-08-07 06:17:07.337] [svulkan2] [warning] A second renderer will share the same internal context with the first one. Arguments passed to constructor will be ignored.
instruction: pick coke can
result: SUCCESS grasped=True steps=35 time=20.2s

-- episode 06 (env_id=6) --
[2026-08-07 06:17:28.572] [svulkan2] [warning] A second renderer will share the same internal context with the first one. Arguments passed to constructor will be ignored.
instruction: pick coke can
result: FAIL grasped=False steps=80 time=48.2s

-- episode 07 (env_id=7) --
[2026-08-07 06:18:17.664] [svulkan2] [warning] A second renderer will share the same internal context with the first one. Arguments passed to constructor will be ignored.
instruction: pick coke can
result: FAIL grasped=False steps=80 time=47.2s

-- episode 08 (env_id=8) --
[2026-08-07 06:19:05.802] [svulkan2] [warning] A second renderer will share the same internal context with the first one. Arguments passed to constructor will be ignored.
instruction: pick coke can
result: SUCCESS grasped=True steps=22 time=12.7s

-- episode 09 (env_id=9) --
[2026-08-07 06:19:19.405] [svulkan2] [warning] A second renderer will share the same internal context with the first one. Arguments passed to constructor will be ignored.
instruction: pick coke can
result: FAIL grasped=False steps=80 time=47.6s

-- episode 10 (env_id=10) --
[2026-08-07 06:20:07.957] [svulkan2] [warning] A second renderer will share the same internal context with the first one. Arguments passed to constructor will be ignored.
instruction: pick coke can
result: FAIL grasped=True steps=80 time=47.8s

-- episode 11 (env_id=11) --
[2026-08-07 06:20:56.596] [svulkan2] [warning] A second renderer will share the same internal context with the first one. Arguments passed to constructor will be ignored.
instruction: pick coke can
result: FAIL grasped=True steps=80 time=47.1s

-- episode 12 (env_id=12) --
[2026-08-07 06:21:44.540] [svulkan2] [warning] A second renderer will share the same internal context with the first one. Arguments passed to constructor will be ignored.
instruction: pick coke can
result: SUCCESS grasped=True steps=20 time=11.5s

-- episode 13 (env_id=13) --
[2026-08-07 06:21:56.974] [svulkan2] [warning] A second renderer will share the same internal context with the first one. Arguments passed to constructor will be ignored.
instruction: pick coke can
result: SUCCESS grasped=True steps=21 time=12.1s

-- episode 14 (env_id=14) --
[2026-08-07 06:22:09.983] [svulkan2] [warning] A second renderer will share the same internal context with the first one. Arguments passed to constructor will be ignored.
instruction: pick coke can
result: SUCCESS grasped=True steps=56 time=32.3s

-- episode 15 (env_id=15) --
[2026-08-07 06:22:43.211] [svulkan2] [warning] A second renderer will share the same internal context with the first one. Arguments passed to constructor will be ignored.
instruction: pick coke can
result: FAIL grasped=True steps=80 time=46.9s

-- episode 16 (env_id=16) --
[2026-08-07 06:23:31.009] [svulkan2] [warning] A second renderer will share the same internal context with the first one. Arguments passed to constructor will be ignored.
instruction: pick coke can
result: FAIL grasped=False steps=80 time=47.5s

-- episode 17 (env_id=17) --
[2026-08-07 06:24:19.348] [svulkan2] [warning] A second renderer will share the same internal context with the first one. Arguments passed to constructor will be ignored.
instruction: pick coke can
result: FAIL grasped=True steps=80 time=47.1s

-- episode 18 (env_id=18) --
[2026-08-07 06:25:07.359] [svulkan2] [warning] A second renderer will share the same internal context with the first one. Arguments passed to constructor will be ignored.
instruction: pick coke can
result: FAIL grasped=True steps=80 time=47.5s

-- episode 19 (env_id=19) --
[2026-08-07 06:25:55.738] [svulkan2] [warning] A second renderer will share the same internal context with the first one. Arguments passed to constructor will be ignored.
instruction: pick coke can
result: FAIL grasped=False steps=80 time=46.2s

-- episode 20 (env_id=20) --
[2026-08-07 06:26:42.826] [svulkan2] [warning] A second renderer will share the same internal context with the first one. Arguments passed to constructor will be ignored.
instruction: pick coke can
result: FAIL grasped=False steps=80 time=47.2s

-- episode 21 (env_id=21) --
[2026-08-07 06:27:30.974] [svulkan2] [warning] A second renderer will share the same internal context with the first one. Arguments passed to constructor will be ignored.
instruction: pick coke can
result: FAIL grasped=False steps=80 time=47.9s

-- episode 22 (env_id=22) --
[2026-08-07 06:28:19.789] [svulkan2] [warning] A second renderer will share the same internal context with the first one. Arguments passed to constructor will be ignored.
instruction: pick coke can
result: SUCCESS grasped=True steps=30 time=17.4s

-- episode 23 (env_id=23) --
[2026-08-07 06:28:38.053] [svulkan2] [warning] A second renderer will share the same internal context with the first one. Arguments passed to constructor will be ignored.
instruction: pick coke can
result: SUCCESS grasped=True steps=55 time=32.2s

-- episode 24 (env_id=24) --
[2026-08-07 06:29:11.193] [svulkan2] [warning] A second renderer will share the same internal context with the first one. Arguments passed to constructor will be ignored.
instruction: pick coke can
result: FAIL grasped=False steps=80 time=46.8s

==================================================
task:         google_robot_pick_horizontal_coke_can
model:        openvla_depth
setup:        google_robot (unnorm=fractal20220817_data, sticky=15)
success_rate: 11/25 = 44.0%
grasp_rate:   17/25 = 68.0%
avg_steps:    60
avg_elapsed:  35.2s
model_ms_per_infer: 454.1ms  (pure model forward pass, CUDA-synced)
model_ms_per_env_step: 454.1ms  (amortized over executed actions)
depth: bypassed 4 of 32 layers [17, 20, 23, 26]
==================================================
saved: /content/BiVLA_full/results/openvla_fractal_0806_depth_prune4/openvla_depth/google_robot_pick_horizontal_coke_can/results_google_robot_pick_horizontal_coke_can.json
