/content/vsim/lib/python3.10/site-packages/sapien/core/renderer_config.py:4: UserWarning: pkg_resources is deprecated as an API. See https://setuptools.pypa.io/en/latest/pkg_resources.html. The pkg_resources package is slated for removal as early as 2025-11-30. Refrain from using this package or pin to Setuptools<81.
  import pkg_resources
Some kwargs in processor config are unused and will not have any effect: intrinsic_config, action_config, obs_delta, num_obs_steps, statistics, bin_policy, action_chunk_size. 
*** policy_setup: widowx_bridge, unnorm_key: bridge_orig/1.0.0 ***
Add 0 TRANSLATION TOKENS, tokenizer vocab size 257152 / 265347
Add 0 ROTATION TOKENS to tokenizer, tokenizer vocab size 257152 / 265347
Add 0 GRIPPER TOKENS to tokenizer, tokenizer vocab size 257152 / 265347

Loading checkpoint shards:   0%|          | 0/2 [00:00<?, ?it/s]
Loading checkpoint shards:  50%|█████     | 1/2 [00:00<00:00,  2.75it/s]
Loading checkpoint shards: 100%|██████████| 2/2 [00:00<00:00,  2.67it/s]
Loading checkpoint shards: 100%|██████████| 2/2 [00:00<00:00,  2.68it/s]
[OK] official SpatialVLAInference loaded (no wrapper, no DINO)
[DepthPrune] Gemma2 has 26 decoder layers; will bypass 1 most-redundant (calibrate on step 0).

── ep 00 (env_id=0) ──
[2026-08-07 10:15:21.795] [svulkan2] [error] GLFW error: X11: The DISPLAY environment variable is missing
[2026-08-07 10:15:21.795] [svulkan2] [warning] Continue without GLFW.
/content/vsim/lib/python3.10/site-packages/gymnasium/core.py:311: UserWarning: [33mWARN: env.get_language_instruction to get variables from other wrappers is deprecated and will be removed in v1.0, to get this variable you can do `env.unwrapped.get_language_instruction` for environment variables or `env.get_wrapper_attr('get_language_instruction')` that will search the reminding wrappers.[0m
  logger.warn(
Control mode:  arm_pd_ee_target_delta_pose_align2_gripper_pd_joint_pos
   instruction: put carrot on plate
The 'batch_size' attribute of HybridCache is deprecated and will be removed in v4.49. Use the more precisely named 'self.max_batch_size' attribute instead.
[ChunkProbe] raw_action['world_vector']: shape=(3,) type=ndarray
[ChunkProbe] raw_action['rotation_delta']: shape=(3,) type=ndarray
[ChunkProbe] raw_action['open_gripper']: shape=(1,) type=ndarray
[ChunkProbe] action['world_vector']: shape=(3,) type=ndarray
[ChunkProbe] action['rot_axangle']: shape=(3,) type=ndarray
[ChunkProbe] action['gripper']: shape=(1,) type=ndarray
[ChunkProbe] action['terminate_episode']: shape=(1,) type=ndarray
[DepthPrune] mode=redundant calibrated; bypassing layers [10] (ranking top: [10, 19, 9, 17, 12, 20])
[DepthPrune] per-layer redundancy (cos in/out): L0=0.0973, L1=0.6306, L2=0.5786, L3=0.7622, L4=0.7456, L5=0.9037, L6=0.8409, L7=0.8578, L8=0.9272, L9=0.9371, L10=0.9387, L11=0.9113, L12=0.9330, L13=0.9283, L14=0.9205, L15=0.9067, L16=0.9226, L17=0.9341, L18=0.9287, L19=0.9377, L20=0.9320, L21=0.9239, L22=0.9000, L23=0.9104, L24=0.8462, L25=0.6942
   → G+ SUCCESS  (39 steps, 913 ms/infer)

── ep 01 (env_id=1) ──
[2026-08-07 10:16:01.808] [svulkan2] [warning] A second renderer will share the same internal context with the first one. Arguments passed to constructor will be ignored.
Control mode:  arm_pd_ee_target_delta_pose_align2_gripper_pd_joint_pos
   instruction: put carrot on plate
   → G- FAIL  (60 steps, 866 ms/infer)

── ep 02 (env_id=2) ──
[2026-08-07 10:16:58.696] [svulkan2] [warning] A second renderer will share the same internal context with the first one. Arguments passed to constructor will be ignored.
Control mode:  arm_pd_ee_target_delta_pose_align2_gripper_pd_joint_pos
   instruction: put carrot on plate
   → G+ SUCCESS  (41 steps, 872 ms/infer)

── ep 03 (env_id=3) ──
[2026-08-07 10:17:38.003] [svulkan2] [warning] A second renderer will share the same internal context with the first one. Arguments passed to constructor will be ignored.
Control mode:  arm_pd_ee_target_delta_pose_align2_gripper_pd_joint_pos
   instruction: put carrot on plate
   → G- FAIL  (60 steps, 873 ms/infer)

── ep 04 (env_id=4) ──
[2026-08-07 10:18:35.382] [svulkan2] [warning] A second renderer will share the same internal context with the first one. Arguments passed to constructor will be ignored.
Control mode:  arm_pd_ee_target_delta_pose_align2_gripper_pd_joint_pos
   instruction: put carrot on plate
   → G- FAIL  (60 steps, 884 ms/infer)

── ep 05 (env_id=5) ──
[2026-08-07 10:19:33.324] [svulkan2] [warning] A second renderer will share the same internal context with the first one. Arguments passed to constructor will be ignored.
Control mode:  arm_pd_ee_target_delta_pose_align2_gripper_pd_joint_pos
   instruction: put carrot on plate
   → G- FAIL  (60 steps, 883 ms/infer)

── ep 06 (env_id=6) ──
[2026-08-07 10:20:31.110] [svulkan2] [warning] A second renderer will share the same internal context with the first one. Arguments passed to constructor will be ignored.
Control mode:  arm_pd_ee_target_delta_pose_align2_gripper_pd_joint_pos
   instruction: put carrot on plate
   → G+ SUCCESS  (29 steps, 877 ms/infer)

── ep 07 (env_id=7) ──
[2026-08-07 10:20:59.263] [svulkan2] [warning] A second renderer will share the same internal context with the first one. Arguments passed to constructor will be ignored.
Control mode:  arm_pd_ee_target_delta_pose_align2_gripper_pd_joint_pos
   instruction: put carrot on plate
   → G- FAIL  (60 steps, 884 ms/infer)

── ep 08 (env_id=8) ──
[2026-08-07 10:21:57.182] [svulkan2] [warning] A second renderer will share the same internal context with the first one. Arguments passed to constructor will be ignored.
Control mode:  arm_pd_ee_target_delta_pose_align2_gripper_pd_joint_pos
   instruction: put carrot on plate
   → G- FAIL  (60 steps, 883 ms/infer)

── ep 09 (env_id=9) ──
[2026-08-07 10:22:55.008] [svulkan2] [warning] A second renderer will share the same internal context with the first one. Arguments passed to constructor will be ignored.
Control mode:  arm_pd_ee_target_delta_pose_align2_gripper_pd_joint_pos
   instruction: put carrot on plate
   → G- FAIL  (60 steps, 883 ms/infer)

── ep 10 (env_id=10) ──
[2026-08-07 10:23:52.832] [svulkan2] [warning] A second renderer will share the same internal context with the first one. Arguments passed to constructor will be ignored.
Control mode:  arm_pd_ee_target_delta_pose_align2_gripper_pd_joint_pos
   instruction: put carrot on plate
   → G- FAIL  (60 steps, 892 ms/infer)

── ep 11 (env_id=11) ──
[2026-08-07 10:24:51.188] [svulkan2] [warning] A second renderer will share the same internal context with the first one. Arguments passed to constructor will be ignored.
Control mode:  arm_pd_ee_target_delta_pose_align2_gripper_pd_joint_pos
   instruction: put carrot on plate
   → G- FAIL  (60 steps, 883 ms/infer)

── ep 12 (env_id=12) ──
[2026-08-07 10:25:49.037] [svulkan2] [warning] A second renderer will share the same internal context with the first one. Arguments passed to constructor will be ignored.
Control mode:  arm_pd_ee_target_delta_pose_align2_gripper_pd_joint_pos
   instruction: put carrot on plate
   → G+ SUCCESS  (51 steps, 882 ms/infer)

── ep 13 (env_id=13) ──
[2026-08-07 10:26:38.402] [svulkan2] [warning] A second renderer will share the same internal context with the first one. Arguments passed to constructor will be ignored.
Control mode:  arm_pd_ee_target_delta_pose_align2_gripper_pd_joint_pos
   instruction: put carrot on plate
   → G- FAIL  (60 steps, 879 ms/infer)

── ep 14 (env_id=14) ──
[2026-08-07 10:27:36.148] [svulkan2] [warning] A second renderer will share the same internal context with the first one. Arguments passed to constructor will be ignored.
Control mode:  arm_pd_ee_target_delta_pose_align2_gripper_pd_joint_pos
   instruction: put carrot on plate
   → G+ SUCCESS  (46 steps, 882 ms/infer)

── ep 15 (env_id=15) ──
[2026-08-07 10:28:20.688] [svulkan2] [warning] A second renderer will share the same internal context with the first one. Arguments passed to constructor will be ignored.
Control mode:  arm_pd_ee_target_delta_pose_align2_gripper_pd_joint_pos
   instruction: put carrot on plate
   → G- FAIL  (60 steps, 883 ms/infer)

── ep 16 (env_id=16) ──
[2026-08-07 10:29:18.647] [svulkan2] [warning] A second renderer will share the same internal context with the first one. Arguments passed to constructor will be ignored.
Control mode:  arm_pd_ee_target_delta_pose_align2_gripper_pd_joint_pos
   instruction: put carrot on plate
   → G+ SUCCESS  (31 steps, 884 ms/infer)

── ep 17 (env_id=17) ──
[2026-08-07 10:29:48.882] [svulkan2] [warning] A second renderer will share the same internal context with the first one. Arguments passed to constructor will be ignored.
Control mode:  arm_pd_ee_target_delta_pose_align2_gripper_pd_joint_pos
   instruction: put carrot on plate
   → G- FAIL  (60 steps, 880 ms/infer)

── ep 18 (env_id=18) ──
[2026-08-07 10:30:46.562] [svulkan2] [warning] A second renderer will share the same internal context with the first one. Arguments passed to constructor will be ignored.
Control mode:  arm_pd_ee_target_delta_pose_align2_gripper_pd_joint_pos
   instruction: put carrot on plate
   → G+ FAIL  (60 steps, 883 ms/infer)

── ep 19 (env_id=19) ──
[2026-08-07 10:31:44.446] [svulkan2] [warning] A second renderer will share the same internal context with the first one. Arguments passed to constructor will be ignored.
Control mode:  arm_pd_ee_target_delta_pose_align2_gripper_pd_joint_pos
   instruction: put carrot on plate
   → G+ FAIL  (60 steps, 884 ms/infer)

── ep 20 (env_id=20) ──
[2026-08-07 10:32:42.349] [svulkan2] [warning] A second renderer will share the same internal context with the first one. Arguments passed to constructor will be ignored.
Control mode:  arm_pd_ee_target_delta_pose_align2_gripper_pd_joint_pos
   instruction: put carrot on plate
   → G+ SUCCESS  (33 steps, 882 ms/infer)

── ep 21 (env_id=21) ──
[2026-08-07 10:33:14.430] [svulkan2] [warning] A second renderer will share the same internal context with the first one. Arguments passed to constructor will be ignored.
Control mode:  arm_pd_ee_target_delta_pose_align2_gripper_pd_joint_pos
   instruction: put carrot on plate
   → G- FAIL  (60 steps, 882 ms/infer)

── ep 22 (env_id=22) ──
[2026-08-07 10:34:12.359] [svulkan2] [warning] A second renderer will share the same internal context with the first one. Arguments passed to constructor will be ignored.
Control mode:  arm_pd_ee_target_delta_pose_align2_gripper_pd_joint_pos
   instruction: put carrot on plate
   → G- FAIL  (60 steps, 875 ms/infer)

── ep 23 (env_id=23) ──
[2026-08-07 10:35:09.686] [svulkan2] [warning] A second renderer will share the same internal context with the first one. Arguments passed to constructor will be ignored.
Control mode:  arm_pd_ee_target_delta_pose_align2_gripper_pd_joint_pos
   instruction: put carrot on plate
   → G- FAIL  (60 steps, 878 ms/infer)

==================================================
  SpatialVLA (official) | depth-prune=1 mode=redundant (layers [10])
  task:    widowx_carrot_on_plate
  파지율:  9/24 = 37.5%
  성공률:  7/24 = 29.2%
  평균스텝: 54
  ms/infer: 882  (latency; lower=faster)
==================================================
  OKG+ ep00 (id=0): 39 steps
  --G- ep01 (id=1): 60 steps
  OKG+ ep02 (id=2): 41 steps
  --G- ep03 (id=3): 60 steps
  --G- ep04 (id=4): 60 steps
  --G- ep05 (id=5): 60 steps
  OKG+ ep06 (id=6): 29 steps
  --G- ep07 (id=7): 60 steps
  --G- ep08 (id=8): 60 steps
  --G- ep09 (id=9): 60 steps
  --G- ep10 (id=10): 60 steps
  --G- ep11 (id=11): 60 steps
  OKG+ ep12 (id=12): 51 steps
  --G- ep13 (id=13): 60 steps
  OKG+ ep14 (id=14): 46 steps
  --G- ep15 (id=15): 60 steps
  OKG+ ep16 (id=16): 31 steps
  --G- ep17 (id=17): 60 steps
  --G+ ep18 (id=18): 60 steps
  --G+ ep19 (id=19): 60 steps
  OKG+ ep20 (id=20): 33 steps
  --G- ep21 (id=21): 60 steps
  --G- ep22 (id=22): 60 steps
  --G- ep23 (id=23): 60 steps

saved: /content/BiVLA/results/spatialvla_bridge_0805/depth_prune1/widowx_carrot_on_plate/results_widowx_carrot_on_plate.json
