/content/vsim/lib/python3.10/site-packages/sapien/core/renderer_config.py:4: UserWarning: pkg_resources is deprecated as an API. See https://setuptools.pypa.io/en/latest/pkg_resources.html. The pkg_resources package is slated for removal as early as 2025-11-30. Refrain from using this package or pin to Setuptools<81.
  import pkg_resources
Some kwargs in processor config are unused and will not have any effect: obs_delta, bin_policy, statistics, num_obs_steps, intrinsic_config, action_config, action_chunk_size. 
*** policy_setup: google_robot, unnorm_key: fractal20220817_data/0.1.0 ***
Add 0 TRANSLATION TOKENS, tokenizer vocab size 257152 / 265347
Add 0 ROTATION TOKENS to tokenizer, tokenizer vocab size 257152 / 265347
Add 0 GRIPPER TOKENS to tokenizer, tokenizer vocab size 257152 / 265347

Loading checkpoint shards:   0%|          | 0/2 [00:00<?, ?it/s]
Loading checkpoint shards:  50%|█████     | 1/2 [00:00<00:00,  2.83it/s]
Loading checkpoint shards: 100%|██████████| 2/2 [00:00<00:00,  2.76it/s]
Loading checkpoint shards: 100%|██████████| 2/2 [00:00<00:00,  2.77it/s]
[OK] official SpatialVLAInference loaded (no wrapper, no DINO)
[DepthPrune] Gemma2 has 26 decoder layers; will bypass 4 most-redundant (calibrate on step 0).

── ep 00 (env_id=0) ──
[2026-08-07 01:10:03.442] [svulkan2] [error] GLFW error: X11: The DISPLAY environment variable is missing
[2026-08-07 01:10:03.443] [svulkan2] [warning] Continue without GLFW.
/content/vsim/lib/python3.10/site-packages/gymnasium/core.py:311: UserWarning: [33mWARN: env.get_language_instruction to get variables from other wrappers is deprecated and will be removed in v1.0, to get this variable you can do `env.unwrapped.get_language_instruction` for environment variables or `env.get_wrapper_attr('get_language_instruction')` that will search the reminding wrappers.[0m
  logger.warn(
   instruction: pick coke can
The 'batch_size' attribute of HybridCache is deprecated and will be removed in v4.49. Use the more precisely named 'self.max_batch_size' attribute instead.
[ChunkProbe] raw_action['world_vector']: shape=(3,) type=ndarray
[ChunkProbe] raw_action['rotation_delta']: shape=(3,) type=ndarray
[ChunkProbe] raw_action['open_gripper']: shape=(1,) type=ndarray
[ChunkProbe] action['world_vector']: shape=(3,) type=ndarray
[ChunkProbe] action['rot_axangle']: shape=(3,) type=ndarray
[ChunkProbe] action['gripper']: shape=(1,) type=ndarray
[ChunkProbe] action['terminate_episode']: shape=(1,) type=ndarray
[DepthPrune] mode=redundant calibrated; bypassing layers [8, 9, 10, 19] (ranking top: [10, 9, 8, 19, 20, 12])
[DepthPrune] per-layer redundancy (cos in/out): L0=0.1155, L1=0.6101, L2=0.5548, L3=0.7797, L4=0.7587, L5=0.9167, L6=0.8510, L7=0.8973, L8=0.9420, L9=0.9454, L10=0.9479, L11=0.9140, L12=0.9314, L13=0.9208, L14=0.9124, L15=0.9083, L16=0.9158, L17=0.9282, L18=0.9263, L19=0.9380, L20=0.9321, L21=0.9208, L22=0.9045, L23=0.9102, L24=0.8631, L25=0.6304
   → G+ SUCCESS  (27 steps, 867 ms/infer)

── ep 01 (env_id=1) ──
[2026-08-07 01:10:32.767] [svulkan2] [warning] A second renderer will share the same internal context with the first one. Arguments passed to constructor will be ignored.
   instruction: pick coke can
   → G+ SUCCESS  (38 steps, 793 ms/infer)

── ep 02 (env_id=2) ──
[2026-08-07 01:11:08.399] [svulkan2] [warning] A second renderer will share the same internal context with the first one. Arguments passed to constructor will be ignored.
   instruction: pick coke can
   → G+ SUCCESS  (18 steps, 801 ms/infer)

── ep 03 (env_id=3) ──
[2026-08-07 01:11:25.863] [svulkan2] [warning] A second renderer will share the same internal context with the first one. Arguments passed to constructor will be ignored.
   instruction: pick coke can
   → G+ SUCCESS  (42 steps, 798 ms/infer)

── ep 04 (env_id=4) ──
[2026-08-07 01:12:05.540] [svulkan2] [warning] A second renderer will share the same internal context with the first one. Arguments passed to constructor will be ignored.
   instruction: pick coke can
   → G+ SUCCESS  (18 steps, 789 ms/infer)

── ep 05 (env_id=5) ──
[2026-08-07 01:12:22.774] [svulkan2] [warning] A second renderer will share the same internal context with the first one. Arguments passed to constructor will be ignored.
   instruction: pick coke can
   → G- FAIL  (80 steps, 783 ms/infer)

── ep 06 (env_id=6) ──
[2026-08-07 01:13:35.858] [svulkan2] [warning] A second renderer will share the same internal context with the first one. Arguments passed to constructor will be ignored.
   instruction: pick coke can
   → G+ SUCCESS  (23 steps, 798 ms/infer)

── ep 07 (env_id=7) ──
[2026-08-07 01:13:57.801] [svulkan2] [warning] A second renderer will share the same internal context with the first one. Arguments passed to constructor will be ignored.
   instruction: pick coke can
   → G+ SUCCESS  (19 steps, 808 ms/infer)

── ep 08 (env_id=8) ──
[2026-08-07 01:14:16.390] [svulkan2] [warning] A second renderer will share the same internal context with the first one. Arguments passed to constructor will be ignored.
   instruction: pick coke can
   → G+ SUCCESS  (14 steps, 800 ms/infer)

── ep 09 (env_id=9) ──
[2026-08-07 01:14:30.241] [svulkan2] [warning] A second renderer will share the same internal context with the first one. Arguments passed to constructor will be ignored.
   instruction: pick coke can
   → G+ SUCCESS  (15 steps, 807 ms/infer)

── ep 10 (env_id=10) ──
[2026-08-07 01:14:45.109] [svulkan2] [warning] A second renderer will share the same internal context with the first one. Arguments passed to constructor will be ignored.
   instruction: pick coke can
   → G- FAIL  (80 steps, 800 ms/infer)

── ep 11 (env_id=11) ──
[2026-08-07 01:15:59.358] [svulkan2] [warning] A second renderer will share the same internal context with the first one. Arguments passed to constructor will be ignored.
   instruction: pick coke can
   → G+ SUCCESS  (20 steps, 799 ms/infer)

── ep 12 (env_id=12) ──
[2026-08-07 01:16:18.548] [svulkan2] [warning] A second renderer will share the same internal context with the first one. Arguments passed to constructor will be ignored.
   instruction: pick coke can
   → G+ SUCCESS  (17 steps, 799 ms/infer)

── ep 13 (env_id=13) ──
[2026-08-07 01:16:35.114] [svulkan2] [warning] A second renderer will share the same internal context with the first one. Arguments passed to constructor will be ignored.
   instruction: pick coke can
   → G+ SUCCESS  (14 steps, 794 ms/infer)

── ep 14 (env_id=14) ──
[2026-08-07 01:16:48.864] [svulkan2] [warning] A second renderer will share the same internal context with the first one. Arguments passed to constructor will be ignored.
   instruction: pick coke can
   → G+ SUCCESS  (12 steps, 789 ms/infer)

── ep 15 (env_id=15) ──
[2026-08-07 01:17:00.777] [svulkan2] [warning] A second renderer will share the same internal context with the first one. Arguments passed to constructor will be ignored.
   instruction: pick coke can
   → G+ SUCCESS  (22 steps, 796 ms/infer)

── ep 16 (env_id=16) ──
[2026-08-07 01:17:21.812] [svulkan2] [warning] A second renderer will share the same internal context with the first one. Arguments passed to constructor will be ignored.
   instruction: pick coke can
   → G+ SUCCESS  (18 steps, 794 ms/infer)

── ep 17 (env_id=17) ──
[2026-08-07 01:17:39.109] [svulkan2] [warning] A second renderer will share the same internal context with the first one. Arguments passed to constructor will be ignored.
   instruction: pick coke can
   → G+ SUCCESS  (15 steps, 786 ms/infer)

── ep 18 (env_id=18) ──
[2026-08-07 01:17:53.655] [svulkan2] [warning] A second renderer will share the same internal context with the first one. Arguments passed to constructor will be ignored.
   instruction: pick coke can
   → G+ SUCCESS  (14 steps, 786 ms/infer)

── ep 19 (env_id=19) ──
[2026-08-07 01:18:07.335] [svulkan2] [warning] A second renderer will share the same internal context with the first one. Arguments passed to constructor will be ignored.
   instruction: pick coke can
   → G+ SUCCESS  (17 steps, 796 ms/infer)

── ep 20 (env_id=20) ──
[2026-08-07 01:18:23.851] [svulkan2] [warning] A second renderer will share the same internal context with the first one. Arguments passed to constructor will be ignored.
   instruction: pick coke can
   → G+ SUCCESS  (21 steps, 791 ms/infer)

── ep 21 (env_id=21) ──
[2026-08-07 01:18:43.873] [svulkan2] [warning] A second renderer will share the same internal context with the first one. Arguments passed to constructor will be ignored.
   instruction: pick coke can
   → G+ SUCCESS  (20 steps, 791 ms/infer)

── ep 22 (env_id=22) ──
[2026-08-07 01:19:02.850] [svulkan2] [warning] A second renderer will share the same internal context with the first one. Arguments passed to constructor will be ignored.
   instruction: pick coke can
   → G+ SUCCESS  (17 steps, 789 ms/infer)

── ep 23 (env_id=23) ──
[2026-08-07 01:19:19.134] [svulkan2] [warning] A second renderer will share the same internal context with the first one. Arguments passed to constructor will be ignored.
   instruction: pick coke can
   → G- FAIL  (80 steps, 793 ms/infer)

── ep 24 (env_id=24) ──
[2026-08-07 01:20:32.590] [svulkan2] [warning] A second renderer will share the same internal context with the first one. Arguments passed to constructor will be ignored.
   instruction: pick coke can
   → G+ SUCCESS  (21 steps, 790 ms/infer)

==================================================
  SpatialVLA (official) | depth-prune=4 mode=redundant (layers [8, 9, 10, 19])
  task:    google_robot_pick_horizontal_coke_can
  파지율:  22/25 = 88.0%
  성공률:  22/25 = 88.0%
  평균스텝: 27
  ms/infer: 797  (latency; lower=faster)
==================================================
  OKG+ ep00 (id=0): 27 steps
  OKG+ ep01 (id=1): 38 steps
  OKG+ ep02 (id=2): 18 steps
  OKG+ ep03 (id=3): 42 steps
  OKG+ ep04 (id=4): 18 steps
  --G- ep05 (id=5): 80 steps
  OKG+ ep06 (id=6): 23 steps
  OKG+ ep07 (id=7): 19 steps
  OKG+ ep08 (id=8): 14 steps
  OKG+ ep09 (id=9): 15 steps
  --G- ep10 (id=10): 80 steps
  OKG+ ep11 (id=11): 20 steps
  OKG+ ep12 (id=12): 17 steps
  OKG+ ep13 (id=13): 14 steps
  OKG+ ep14 (id=14): 12 steps
  OKG+ ep15 (id=15): 22 steps
  OKG+ ep16 (id=16): 18 steps
  OKG+ ep17 (id=17): 15 steps
  OKG+ ep18 (id=18): 14 steps
  OKG+ ep19 (id=19): 17 steps
  OKG+ ep20 (id=20): 21 steps
  OKG+ ep21 (id=21): 20 steps
  OKG+ ep22 (id=22): 17 steps
  --G- ep23 (id=23): 80 steps
  OKG+ ep24 (id=24): 21 steps

saved: /content/BiVLA/results/spatialvla_fractal_0806/depth_prune4/google_robot_pick_horizontal_coke_can/results_google_robot_pick_horizontal_coke_can.json
