/content/vsim/lib/python3.10/site-packages/sapien/core/renderer_config.py:4: UserWarning: pkg_resources is deprecated as an API. See https://setuptools.pypa.io/en/latest/pkg_resources.html. The pkg_resources package is slated for removal as early as 2025-11-30. Refrain from using this package or pin to Setuptools<81.
  import pkg_resources
Some kwargs in processor config are unused and will not have any effect: intrinsic_config, obs_delta, action_chunk_size, statistics, num_obs_steps, bin_policy, action_config. 
*** policy_setup: google_robot, unnorm_key: fractal20220817_data/0.1.0 ***
Add 0 TRANSLATION TOKENS, tokenizer vocab size 257152 / 265347
Add 0 ROTATION TOKENS to tokenizer, tokenizer vocab size 257152 / 265347
Add 0 GRIPPER TOKENS to tokenizer, tokenizer vocab size 257152 / 265347

Loading checkpoint shards:   0%|          | 0/2 [00:00<?, ?it/s]
Loading checkpoint shards:  50%|█████     | 1/2 [00:00<00:00,  2.88it/s]
Loading checkpoint shards: 100%|██████████| 2/2 [00:00<00:00,  2.79it/s]
Loading checkpoint shards: 100%|██████████| 2/2 [00:00<00:00,  2.81it/s]
[OK] official SpatialVLAInference loaded (no wrapper, no DINO)
[DepthPrune] Gemma2 has 26 decoder layers; will bypass 4 most-redundant (calibrate on step 0).

── ep 00 (env_id=0) ──
[2026-08-07 01:21:07.912] [svulkan2] [error] GLFW error: X11: The DISPLAY environment variable is missing
[2026-08-07 01:21:07.912] [svulkan2] [warning] Continue without GLFW.
/content/vsim/lib/python3.10/site-packages/gymnasium/core.py:311: UserWarning: [33mWARN: env.get_language_instruction to get variables from other wrappers is deprecated and will be removed in v1.0, to get this variable you can do `env.unwrapped.get_language_instruction` for environment variables or `env.get_wrapper_attr('get_language_instruction')` that will search the reminding wrappers.[0m
  logger.warn(
   instruction: pick coke can
The 'batch_size' attribute of HybridCache is deprecated and will be removed in v4.49. Use the more precisely named 'self.max_batch_size' attribute instead.
[ChunkProbe] raw_action['world_vector']: shape=(3,) type=ndarray
[ChunkProbe] raw_action['rotation_delta']: shape=(3,) type=ndarray
[ChunkProbe] raw_action['open_gripper']: shape=(1,) type=ndarray
[ChunkProbe] action['world_vector']: shape=(3,) type=ndarray
[ChunkProbe] action['rot_axangle']: shape=(3,) type=ndarray
[ChunkProbe] action['gripper']: shape=(1,) type=ndarray
[ChunkProbe] action['terminate_episode']: shape=(1,) type=ndarray
[DepthPrune] mode=redundant calibrated; bypassing layers [8, 9, 10, 19] (ranking top: [9, 10, 8, 19, 20, 12])
[DepthPrune] per-layer redundancy (cos in/out): L0=0.1066, L1=0.6021, L2=0.5786, L3=0.7860, L4=0.7758, L5=0.9209, L6=0.8554, L7=0.9008, L8=0.9421, L9=0.9498, L10=0.9451, L11=0.9140, L12=0.9297, L13=0.9097, L14=0.9100, L15=0.8949, L16=0.9157, L17=0.9173, L18=0.9130, L19=0.9337, L20=0.9308, L21=0.9196, L22=0.9008, L23=0.9085, L24=0.8686, L25=0.6397
   → G+ SUCCESS  (33 steps, 832 ms/infer)

── ep 01 (env_id=1) ──
[2026-08-07 01:21:41.784] [svulkan2] [warning] A second renderer will share the same internal context with the first one. Arguments passed to constructor will be ignored.
   instruction: pick coke can
   → G+ FAIL  (80 steps, 784 ms/infer)

── ep 02 (env_id=2) ──
[2026-08-07 01:22:55.126] [svulkan2] [warning] A second renderer will share the same internal context with the first one. Arguments passed to constructor will be ignored.
   instruction: pick coke can
   → G+ SUCCESS  (27 steps, 784 ms/infer)

── ep 03 (env_id=3) ──
[2026-08-07 01:23:20.484] [svulkan2] [warning] A second renderer will share the same internal context with the first one. Arguments passed to constructor will be ignored.
   instruction: pick coke can
   → G+ SUCCESS  (24 steps, 784 ms/infer)

── ep 04 (env_id=4) ──
[2026-08-07 01:23:43.181] [svulkan2] [warning] A second renderer will share the same internal context with the first one. Arguments passed to constructor will be ignored.
   instruction: pick coke can
   → G+ SUCCESS  (23 steps, 784 ms/infer)

── ep 05 (env_id=5) ──
[2026-08-07 01:24:04.812] [svulkan2] [warning] A second renderer will share the same internal context with the first one. Arguments passed to constructor will be ignored.
   instruction: pick coke can
   → G+ SUCCESS  (68 steps, 787 ms/infer)

── ep 06 (env_id=6) ──
[2026-08-07 01:25:07.952] [svulkan2] [warning] A second renderer will share the same internal context with the first one. Arguments passed to constructor will be ignored.
   instruction: pick coke can
   → G- FAIL  (80 steps, 787 ms/infer)

── ep 07 (env_id=7) ──
[2026-08-07 01:26:21.245] [svulkan2] [warning] A second renderer will share the same internal context with the first one. Arguments passed to constructor will be ignored.
   instruction: pick coke can
   → G+ SUCCESS  (24 steps, 787 ms/infer)

── ep 08 (env_id=8) ──
[2026-08-07 01:26:43.938] [svulkan2] [warning] A second renderer will share the same internal context with the first one. Arguments passed to constructor will be ignored.
   instruction: pick coke can
   → G+ SUCCESS  (21 steps, 785 ms/infer)

── ep 09 (env_id=9) ──
[2026-08-07 01:27:03.878] [svulkan2] [warning] A second renderer will share the same internal context with the first one. Arguments passed to constructor will be ignored.
   instruction: pick coke can
   → G+ SUCCESS  (19 steps, 782 ms/infer)

── ep 10 (env_id=10) ──
[2026-08-07 01:27:21.908] [svulkan2] [warning] A second renderer will share the same internal context with the first one. Arguments passed to constructor will be ignored.
   instruction: pick coke can
   → G+ SUCCESS  (20 steps, 785 ms/infer)

── ep 11 (env_id=11) ──
[2026-08-07 01:27:40.750] [svulkan2] [warning] A second renderer will share the same internal context with the first one. Arguments passed to constructor will be ignored.
   instruction: pick coke can
   → G+ SUCCESS  (22 steps, 789 ms/infer)

── ep 12 (env_id=12) ──
[2026-08-07 01:28:01.515] [svulkan2] [warning] A second renderer will share the same internal context with the first one. Arguments passed to constructor will be ignored.
   instruction: pick coke can
   → G+ SUCCESS  (21 steps, 783 ms/infer)

── ep 13 (env_id=13) ──
[2026-08-07 01:28:21.366] [svulkan2] [warning] A second renderer will share the same internal context with the first one. Arguments passed to constructor will be ignored.
   instruction: pick coke can
   → G+ SUCCESS  (21 steps, 784 ms/infer)

── ep 14 (env_id=14) ──
[2026-08-07 01:28:41.307] [svulkan2] [warning] A second renderer will share the same internal context with the first one. Arguments passed to constructor will be ignored.
   instruction: pick coke can
   → G+ SUCCESS  (16 steps, 780 ms/infer)

── ep 15 (env_id=15) ──
[2026-08-07 01:28:56.672] [svulkan2] [warning] A second renderer will share the same internal context with the first one. Arguments passed to constructor will be ignored.
   instruction: pick coke can
   → G+ SUCCESS  (23 steps, 786 ms/infer)

── ep 16 (env_id=16) ──
[2026-08-07 01:29:18.353] [svulkan2] [warning] A second renderer will share the same internal context with the first one. Arguments passed to constructor will be ignored.
   instruction: pick coke can
   → G+ SUCCESS  (21 steps, 781 ms/infer)

── ep 17 (env_id=17) ──
[2026-08-07 01:29:38.045] [svulkan2] [warning] A second renderer will share the same internal context with the first one. Arguments passed to constructor will be ignored.
   instruction: pick coke can
   → G- FAIL  (80 steps, 780 ms/infer)

── ep 18 (env_id=18) ──
[2026-08-07 01:30:51.003] [svulkan2] [warning] A second renderer will share the same internal context with the first one. Arguments passed to constructor will be ignored.
   instruction: pick coke can
   → G+ FAIL  (80 steps, 781 ms/infer)

── ep 19 (env_id=19) ──
[2026-08-07 01:32:03.606] [svulkan2] [warning] A second renderer will share the same internal context with the first one. Arguments passed to constructor will be ignored.
   instruction: pick coke can
   → G+ FAIL  (80 steps, 780 ms/infer)

── ep 20 (env_id=20) ──
[2026-08-07 01:33:17.081] [svulkan2] [warning] A second renderer will share the same internal context with the first one. Arguments passed to constructor will be ignored.
   instruction: pick coke can
   → G+ SUCCESS  (32 steps, 783 ms/infer)

── ep 21 (env_id=21) ──
[2026-08-07 01:33:46.884] [svulkan2] [warning] A second renderer will share the same internal context with the first one. Arguments passed to constructor will be ignored.
   instruction: pick coke can
   → G+ FAIL  (80 steps, 781 ms/infer)

── ep 22 (env_id=22) ──
[2026-08-07 01:35:00.421] [svulkan2] [warning] A second renderer will share the same internal context with the first one. Arguments passed to constructor will be ignored.
   instruction: pick coke can
   → G+ FAIL  (80 steps, 784 ms/infer)

── ep 23 (env_id=23) ──
[2026-08-07 01:36:13.806] [svulkan2] [warning] A second renderer will share the same internal context with the first one. Arguments passed to constructor will be ignored.
   instruction: pick coke can
   → G- FAIL  (80 steps, 780 ms/infer)

── ep 24 (env_id=24) ──
[2026-08-07 01:37:26.910] [svulkan2] [warning] A second renderer will share the same internal context with the first one. Arguments passed to constructor will be ignored.
   instruction: pick coke can
   → G+ SUCCESS  (24 steps, 782 ms/infer)

==================================================
  SpatialVLA (official) | depth-prune=4 mode=redundant (layers [8, 9, 10, 19])
  task:    google_robot_pick_vertical_coke_can
  파지율:  22/25 = 88.0%
  성공률:  17/25 = 68.0%
  평균스텝: 43
  ms/infer: 785  (latency; lower=faster)
==================================================
  OKG+ ep00 (id=0): 33 steps
  --G+ ep01 (id=1): 80 steps
  OKG+ ep02 (id=2): 27 steps
  OKG+ ep03 (id=3): 24 steps
  OKG+ ep04 (id=4): 23 steps
  OKG+ ep05 (id=5): 68 steps
  --G- ep06 (id=6): 80 steps
  OKG+ ep07 (id=7): 24 steps
  OKG+ ep08 (id=8): 21 steps
  OKG+ ep09 (id=9): 19 steps
  OKG+ ep10 (id=10): 20 steps
  OKG+ ep11 (id=11): 22 steps
  OKG+ ep12 (id=12): 21 steps
  OKG+ ep13 (id=13): 21 steps
  OKG+ ep14 (id=14): 16 steps
  OKG+ ep15 (id=15): 23 steps
  OKG+ ep16 (id=16): 21 steps
  --G- ep17 (id=17): 80 steps
  --G+ ep18 (id=18): 80 steps
  --G+ ep19 (id=19): 80 steps
  OKG+ ep20 (id=20): 32 steps
  --G+ ep21 (id=21): 80 steps
  --G+ ep22 (id=22): 80 steps
  --G- ep23 (id=23): 80 steps
  OKG+ ep24 (id=24): 24 steps

saved: /content/BiVLA/results/spatialvla_fractal_0806/depth_prune4/google_robot_pick_vertical_coke_can/results_google_robot_pick_vertical_coke_can.json
