/content/vsim/lib/python3.10/site-packages/sapien/core/renderer_config.py:4: UserWarning: pkg_resources is deprecated as an API. See https://setuptools.pypa.io/en/latest/pkg_resources.html. The pkg_resources package is slated for removal as early as 2025-11-30. Refrain from using this package or pin to Setuptools<81.
  import pkg_resources
Some kwargs in processor config are unused and will not have any effect: action_chunk_size, action_config, obs_delta, bin_policy, num_obs_steps, intrinsic_config, statistics. 
*** policy_setup: google_robot, unnorm_key: fractal20220817_data/0.1.0 ***
Add 0 TRANSLATION TOKENS, tokenizer vocab size 257152 / 265347
Add 0 ROTATION TOKENS to tokenizer, tokenizer vocab size 257152 / 265347
Add 0 GRIPPER TOKENS to tokenizer, tokenizer vocab size 257152 / 265347

Loading checkpoint shards:   0%|          | 0/2 [00:00<?, ?it/s]
Loading checkpoint shards:  50%|█████     | 1/2 [00:00<00:00,  2.82it/s]
Loading checkpoint shards: 100%|██████████| 2/2 [00:00<00:00,  2.75it/s]
Loading checkpoint shards: 100%|██████████| 2/2 [00:00<00:00,  2.76it/s]
[OK] official SpatialVLAInference loaded (no wrapper, no DINO)
[DepthPrune] Gemma2 has 26 decoder layers; will bypass 4 most-redundant (calibrate on step 0).

── ep 00 (env_id=0) ──
[2026-08-07 01:38:04.737] [svulkan2] [error] GLFW error: X11: The DISPLAY environment variable is missing
[2026-08-07 01:38:04.737] [svulkan2] [warning] Continue without GLFW.
/content/vsim/lib/python3.10/site-packages/gymnasium/core.py:311: UserWarning: [33mWARN: env.get_language_instruction to get variables from other wrappers is deprecated and will be removed in v1.0, to get this variable you can do `env.unwrapped.get_language_instruction` for environment variables or `env.get_wrapper_attr('get_language_instruction')` that will search the reminding wrappers.[0m
  logger.warn(
   instruction: pick coke can
The 'batch_size' attribute of HybridCache is deprecated and will be removed in v4.49. Use the more precisely named 'self.max_batch_size' attribute instead.
[ChunkProbe] raw_action['world_vector']: shape=(3,) type=ndarray
[ChunkProbe] raw_action['rotation_delta']: shape=(3,) type=ndarray
[ChunkProbe] raw_action['open_gripper']: shape=(1,) type=ndarray
[ChunkProbe] action['world_vector']: shape=(3,) type=ndarray
[ChunkProbe] action['rot_axangle']: shape=(3,) type=ndarray
[ChunkProbe] action['gripper']: shape=(1,) type=ndarray
[ChunkProbe] action['terminate_episode']: shape=(1,) type=ndarray
[DepthPrune] mode=redundant calibrated; bypassing layers [8, 9, 10, 19] (ranking top: [10, 8, 9, 19, 20, 12])
[DepthPrune] per-layer redundancy (cos in/out): L0=0.1114, L1=0.6191, L2=0.5751, L3=0.7963, L4=0.7645, L5=0.9152, L6=0.8595, L7=0.9016, L8=0.9454, L9=0.9443, L10=0.9481, L11=0.9141, L12=0.9285, L13=0.9153, L14=0.9132, L15=0.9063, L16=0.9163, L17=0.9254, L18=0.9262, L19=0.9362, L20=0.9312, L21=0.9189, L22=0.9027, L23=0.9055, L24=0.8520, L25=0.6255
   → G+ SUCCESS  (30 steps, 838 ms/infer)

── ep 01 (env_id=1) ──
[2026-08-07 01:38:35.960] [svulkan2] [warning] A second renderer will share the same internal context with the first one. Arguments passed to constructor will be ignored.
   instruction: pick coke can
   → G- FAIL  (80 steps, 787 ms/infer)

── ep 02 (env_id=2) ──
[2026-08-07 01:39:49.480] [svulkan2] [warning] A second renderer will share the same internal context with the first one. Arguments passed to constructor will be ignored.
   instruction: pick coke can
   → G+ SUCCESS  (22 steps, 785 ms/infer)

── ep 03 (env_id=3) ──
[2026-08-07 01:40:10.209] [svulkan2] [warning] A second renderer will share the same internal context with the first one. Arguments passed to constructor will be ignored.
   instruction: pick coke can
   → G+ SUCCESS  (17 steps, 793 ms/infer)

── ep 04 (env_id=4) ──
[2026-08-07 01:40:26.759] [svulkan2] [warning] A second renderer will share the same internal context with the first one. Arguments passed to constructor will be ignored.
   instruction: pick coke can
   → G+ SUCCESS  (21 steps, 788 ms/infer)

── ep 05 (env_id=5) ──
[2026-08-07 01:40:46.710] [svulkan2] [warning] A second renderer will share the same internal context with the first one. Arguments passed to constructor will be ignored.
   instruction: pick coke can
   → G+ SUCCESS  (20 steps, 788 ms/infer)

── ep 06 (env_id=6) ──
[2026-08-07 01:41:05.898] [svulkan2] [warning] A second renderer will share the same internal context with the first one. Arguments passed to constructor will be ignored.
   instruction: pick coke can
   → G+ SUCCESS  (21 steps, 795 ms/infer)

── ep 07 (env_id=7) ──
[2026-08-07 01:41:26.001] [svulkan2] [warning] A second renderer will share the same internal context with the first one. Arguments passed to constructor will be ignored.
   instruction: pick coke can
   → G+ SUCCESS  (18 steps, 787 ms/infer)

── ep 08 (env_id=8) ──
[2026-08-07 01:41:43.191] [svulkan2] [warning] A second renderer will share the same internal context with the first one. Arguments passed to constructor will be ignored.
   instruction: pick coke can
   → G+ SUCCESS  (18 steps, 790 ms/infer)

── ep 09 (env_id=9) ──
[2026-08-07 01:42:00.486] [svulkan2] [warning] A second renderer will share the same internal context with the first one. Arguments passed to constructor will be ignored.
   instruction: pick coke can
   → G+ SUCCESS  (34 steps, 790 ms/infer)

── ep 10 (env_id=10) ──
[2026-08-07 01:42:32.374] [svulkan2] [warning] A second renderer will share the same internal context with the first one. Arguments passed to constructor will be ignored.
   instruction: pick coke can
   → G- FAIL  (80 steps, 791 ms/infer)

── ep 11 (env_id=11) ──
[2026-08-07 01:43:45.369] [svulkan2] [warning] A second renderer will share the same internal context with the first one. Arguments passed to constructor will be ignored.
   instruction: pick coke can
   → G+ SUCCESS  (25 steps, 795 ms/infer)

── ep 12 (env_id=12) ──
[2026-08-07 01:44:08.805] [svulkan2] [warning] A second renderer will share the same internal context with the first one. Arguments passed to constructor will be ignored.
   instruction: pick coke can
   → G+ SUCCESS  (19 steps, 790 ms/infer)

── ep 13 (env_id=13) ──
[2026-08-07 01:44:26.988] [svulkan2] [warning] A second renderer will share the same internal context with the first one. Arguments passed to constructor will be ignored.
   instruction: pick coke can
   → G+ SUCCESS  (20 steps, 794 ms/infer)

── ep 14 (env_id=14) ──
[2026-08-07 01:44:46.241] [svulkan2] [warning] A second renderer will share the same internal context with the first one. Arguments passed to constructor will be ignored.
   instruction: pick coke can
   → G+ SUCCESS  (16 steps, 789 ms/infer)

── ep 15 (env_id=15) ──
[2026-08-07 01:45:01.798] [svulkan2] [warning] A second renderer will share the same internal context with the first one. Arguments passed to constructor will be ignored.
   instruction: pick coke can
   → G+ SUCCESS  (23 steps, 794 ms/infer)

── ep 16 (env_id=16) ──
[2026-08-07 01:45:23.664] [svulkan2] [warning] A second renderer will share the same internal context with the first one. Arguments passed to constructor will be ignored.
   instruction: pick coke can
   → G+ SUCCESS  (20 steps, 796 ms/infer)

── ep 17 (env_id=17) ──
[2026-08-07 01:45:42.803] [svulkan2] [warning] A second renderer will share the same internal context with the first one. Arguments passed to constructor will be ignored.
   instruction: pick coke can
   → G+ SUCCESS  (17 steps, 794 ms/infer)

── ep 18 (env_id=18) ──
[2026-08-07 01:45:59.261] [svulkan2] [warning] A second renderer will share the same internal context with the first one. Arguments passed to constructor will be ignored.
   instruction: pick coke can
   → G- FAIL  (80 steps, 789 ms/infer)

── ep 19 (env_id=19) ──
[2026-08-07 01:47:12.652] [svulkan2] [warning] A second renderer will share the same internal context with the first one. Arguments passed to constructor will be ignored.
   instruction: pick coke can
   → G+ SUCCESS  (14 steps, 791 ms/infer)

── ep 20 (env_id=20) ──
[2026-08-07 01:47:26.360] [svulkan2] [warning] A second renderer will share the same internal context with the first one. Arguments passed to constructor will be ignored.
   instruction: pick coke can
   → G+ SUCCESS  (20 steps, 789 ms/infer)

── ep 21 (env_id=21) ──
[2026-08-07 01:47:45.429] [svulkan2] [warning] A second renderer will share the same internal context with the first one. Arguments passed to constructor will be ignored.
   instruction: pick coke can
   → G+ SUCCESS  (23 steps, 797 ms/infer)

── ep 22 (env_id=22) ──
[2026-08-07 01:48:07.378] [svulkan2] [warning] A second renderer will share the same internal context with the first one. Arguments passed to constructor will be ignored.
   instruction: pick coke can
   → G- FAIL  (80 steps, 792 ms/infer)

── ep 23 (env_id=23) ──
[2026-08-07 01:49:21.198] [svulkan2] [warning] A second renderer will share the same internal context with the first one. Arguments passed to constructor will be ignored.
   instruction: pick coke can
   → G- FAIL  (80 steps, 789 ms/infer)

── ep 24 (env_id=24) ──
[2026-08-07 01:50:34.241] [svulkan2] [warning] A second renderer will share the same internal context with the first one. Arguments passed to constructor will be ignored.
   instruction: pick coke can
   → G+ SUCCESS  (12 steps, 789 ms/infer)

==================================================
  SpatialVLA (official) | depth-prune=4 mode=redundant (layers [8, 9, 10, 19])
  task:    google_robot_pick_standing_coke_can
  파지율:  20/25 = 80.0%
  성공률:  20/25 = 80.0%
  평균스텝: 32
  ms/infer: 793  (latency; lower=faster)
==================================================
  OKG+ ep00 (id=0): 30 steps
  --G- ep01 (id=1): 80 steps
  OKG+ ep02 (id=2): 22 steps
  OKG+ ep03 (id=3): 17 steps
  OKG+ ep04 (id=4): 21 steps
  OKG+ ep05 (id=5): 20 steps
  OKG+ ep06 (id=6): 21 steps
  OKG+ ep07 (id=7): 18 steps
  OKG+ ep08 (id=8): 18 steps
  OKG+ ep09 (id=9): 34 steps
  --G- ep10 (id=10): 80 steps
  OKG+ ep11 (id=11): 25 steps
  OKG+ ep12 (id=12): 19 steps
  OKG+ ep13 (id=13): 20 steps
  OKG+ ep14 (id=14): 16 steps
  OKG+ ep15 (id=15): 23 steps
  OKG+ ep16 (id=16): 20 steps
  OKG+ ep17 (id=17): 17 steps
  --G- ep18 (id=18): 80 steps
  OKG+ ep19 (id=19): 14 steps
  OKG+ ep20 (id=20): 20 steps
  OKG+ ep21 (id=21): 23 steps
  --G- ep22 (id=22): 80 steps
  --G- ep23 (id=23): 80 steps
  OKG+ ep24 (id=24): 12 steps

saved: /content/BiVLA/results/spatialvla_fractal_0806/depth_prune4/google_robot_pick_standing_coke_can/results_google_robot_pick_standing_coke_can.json
