/content/venv310/lib/python3.10/site-packages/sapien/core/renderer_config.py:4: UserWarning: pkg_resources is deprecated as an API. See https://setuptools.pypa.io/en/latest/pkg_resources.html. The pkg_resources package is slated for removal as early as 2025-11-30. Refrain from using this package or pin to Setuptools<81.
  import pkg_resources
[load] model=openvla_foveated policy_setup=widowx_bridge unnorm_key=(derived)
Using a slow image processor as `use_fast` is unset and a slow processor was saved with this model. `use_fast=True` will be the default behavior in v4.52, even if the model was saved with a slow processor. This will result in minor differences in outputs. You'll still be able to use a slow processor with `use_fast=False`.
Expected `transformers==4.40.1` and `tokenizers==0.19.1` but got `transformers==4.53.3` and `tokenizers==0.21.4`; there might be inference-time regressions due to dependency changes. If in doubt, pleaseuse the above versions.

Loading checkpoint shards:   0%|          | 0/3 [00:00<?, ?it/s]
Loading checkpoint shards:  33%|███▎      | 1/3 [00:00<00:00,  7.38it/s]
Loading checkpoint shards: 100%|██████████| 3/3 [00:00<00:00, 18.05it/s]
[ok] model loaded  unnorm_key=bridge_orig sticky_gripper=1

-- episode 00 (env_id=0) --
/content/venv310/lib/python3.10/site-packages/gymnasium/core.py:311: UserWarning: [33mWARN: env.get_language_instruction to get variables from other wrappers is deprecated and will be removed in v1.0, to get this variable you can do `env.unwrapped.get_language_instruction` for environment variables or `env.get_wrapper_attr('get_language_instruction')` that will search the reminding wrappers.[0m
  logger.warn(
Control mode:  arm_pd_ee_target_delta_pose_align2_gripper_pd_joint_pos
instruction: put the spoon on the towel
/content/venv310/lib/python3.10/site-packages/gymnasium/core.py:311: UserWarning: [33mWARN: env.get_language_instruction to get variables from other wrappers is deprecated and will be removed in v1.0, to get this variable you can do `env.unwrapped.get_language_instruction` for environment variables or `env.get_wrapper_attr('get_language_instruction')` that will search the reminding wrappers.[0m
  logger.warn(
result: FAIL grasped=True steps=60 time=39.1s

-- episode 01 (env_id=1) --
[2026-08-11 01:36:26.267] [svulkan2] [warning] A second renderer will share the same internal context with the first one. Arguments passed to constructor will be ignored.
Control mode:  arm_pd_ee_target_delta_pose_align2_gripper_pd_joint_pos
instruction: put the spoon on the towel
result: FAIL grasped=False steps=60 time=36.5s

-- episode 02 (env_id=2) --
[2026-08-11 01:37:03.631] [svulkan2] [warning] A second renderer will share the same internal context with the first one. Arguments passed to constructor will be ignored.
Control mode:  arm_pd_ee_target_delta_pose_align2_gripper_pd_joint_pos
instruction: put the spoon on the towel
result: FAIL grasped=True steps=60 time=36.4s

-- episode 03 (env_id=3) --
[2026-08-11 01:37:40.936] [svulkan2] [warning] A second renderer will share the same internal context with the first one. Arguments passed to constructor will be ignored.
Control mode:  arm_pd_ee_target_delta_pose_align2_gripper_pd_joint_pos
instruction: put the spoon on the towel
result: SUCCESS grasped=False steps=24 time=14.6s

-- episode 04 (env_id=4) --
[2026-08-11 01:37:56.362] [svulkan2] [warning] A second renderer will share the same internal context with the first one. Arguments passed to constructor will be ignored.
Control mode:  arm_pd_ee_target_delta_pose_align2_gripper_pd_joint_pos
instruction: put the spoon on the towel
result: FAIL grasped=True steps=60 time=36.6s

-- episode 05 (env_id=5) --
[2026-08-11 01:38:33.819] [svulkan2] [warning] A second renderer will share the same internal context with the first one. Arguments passed to constructor will be ignored.
Control mode:  arm_pd_ee_target_delta_pose_align2_gripper_pd_joint_pos
instruction: put the spoon on the towel
result: FAIL grasped=False steps=60 time=36.5s

-- episode 06 (env_id=6) --
[2026-08-11 01:39:11.202] [svulkan2] [warning] A second renderer will share the same internal context with the first one. Arguments passed to constructor will be ignored.
Control mode:  arm_pd_ee_target_delta_pose_align2_gripper_pd_joint_pos
instruction: put the spoon on the towel
result: SUCCESS grasped=True steps=32 time=19.4s

-- episode 07 (env_id=7) --
[2026-08-11 01:39:31.444] [svulkan2] [warning] A second renderer will share the same internal context with the first one. Arguments passed to constructor will be ignored.
Control mode:  arm_pd_ee_target_delta_pose_align2_gripper_pd_joint_pos
instruction: put the spoon on the towel
result: FAIL grasped=False steps=60 time=36.7s

-- episode 08 (env_id=8) --
[2026-08-11 01:40:08.968] [svulkan2] [warning] A second renderer will share the same internal context with the first one. Arguments passed to constructor will be ignored.
Control mode:  arm_pd_ee_target_delta_pose_align2_gripper_pd_joint_pos
instruction: put the spoon on the towel
result: SUCCESS grasped=True steps=50 time=30.4s

-- episode 09 (env_id=9) --
[2026-08-11 01:40:40.273] [svulkan2] [warning] A second renderer will share the same internal context with the first one. Arguments passed to constructor will be ignored.
Control mode:  arm_pd_ee_target_delta_pose_align2_gripper_pd_joint_pos
instruction: put the spoon on the towel
result: SUCCESS grasped=True steps=20 time=12.2s

-- episode 10 (env_id=10) --
[2026-08-11 01:40:53.310] [svulkan2] [warning] A second renderer will share the same internal context with the first one. Arguments passed to constructor will be ignored.
Control mode:  arm_pd_ee_target_delta_pose_align2_gripper_pd_joint_pos
instruction: put the spoon on the towel
result: FAIL grasped=True steps=60 time=36.6s

-- episode 11 (env_id=11) --
[2026-08-11 01:41:30.768] [svulkan2] [warning] A second renderer will share the same internal context with the first one. Arguments passed to constructor will be ignored.
Control mode:  arm_pd_ee_target_delta_pose_align2_gripper_pd_joint_pos
instruction: put the spoon on the towel
result: SUCCESS grasped=False steps=25 time=15.2s

-- episode 12 (env_id=12) --
[2026-08-11 01:41:46.803] [svulkan2] [warning] A second renderer will share the same internal context with the first one. Arguments passed to constructor will be ignored.
Control mode:  arm_pd_ee_target_delta_pose_align2_gripper_pd_joint_pos
instruction: put the spoon on the towel
result: SUCCESS grasped=True steps=21 time=12.7s

-- episode 13 (env_id=13) --
[2026-08-11 01:42:00.368] [svulkan2] [warning] A second renderer will share the same internal context with the first one. Arguments passed to constructor will be ignored.
Control mode:  arm_pd_ee_target_delta_pose_align2_gripper_pd_joint_pos
instruction: put the spoon on the towel
result: FAIL grasped=False steps=60 time=36.4s

-- episode 14 (env_id=14) --
[2026-08-11 01:42:37.676] [svulkan2] [warning] A second renderer will share the same internal context with the first one. Arguments passed to constructor will be ignored.
Control mode:  arm_pd_ee_target_delta_pose_align2_gripper_pd_joint_pos
instruction: put the spoon on the towel
result: SUCCESS grasped=True steps=21 time=12.7s

-- episode 15 (env_id=15) --
[2026-08-11 01:42:51.256] [svulkan2] [warning] A second renderer will share the same internal context with the first one. Arguments passed to constructor will be ignored.
Control mode:  arm_pd_ee_target_delta_pose_align2_gripper_pd_joint_pos
instruction: put the spoon on the towel
result: SUCCESS grasped=True steps=24 time=14.5s

-- episode 16 (env_id=16) --
[2026-08-11 01:43:06.649] [svulkan2] [warning] A second renderer will share the same internal context with the first one. Arguments passed to constructor will be ignored.
Control mode:  arm_pd_ee_target_delta_pose_align2_gripper_pd_joint_pos
instruction: put the spoon on the towel
result: FAIL grasped=False steps=60 time=36.2s

-- episode 17 (env_id=17) --
[2026-08-11 01:43:43.722] [svulkan2] [warning] A second renderer will share the same internal context with the first one. Arguments passed to constructor will be ignored.
Control mode:  arm_pd_ee_target_delta_pose_align2_gripper_pd_joint_pos
instruction: put the spoon on the towel
result: FAIL grasped=False steps=60 time=36.2s

-- episode 18 (env_id=18) --
[2026-08-11 01:44:20.773] [svulkan2] [warning] A second renderer will share the same internal context with the first one. Arguments passed to constructor will be ignored.
Control mode:  arm_pd_ee_target_delta_pose_align2_gripper_pd_joint_pos
instruction: put the spoon on the towel
result: SUCCESS grasped=True steps=37 time=22.4s

-- episode 19 (env_id=19) --
[2026-08-11 01:44:44.033] [svulkan2] [warning] A second renderer will share the same internal context with the first one. Arguments passed to constructor will be ignored.
Control mode:  arm_pd_ee_target_delta_pose_align2_gripper_pd_joint_pos
instruction: put the spoon on the towel
result: FAIL grasped=False steps=60 time=36.3s

-- episode 20 (env_id=20) --
[2026-08-11 01:45:21.174] [svulkan2] [warning] A second renderer will share the same internal context with the first one. Arguments passed to constructor will be ignored.
Control mode:  arm_pd_ee_target_delta_pose_align2_gripper_pd_joint_pos
instruction: put the spoon on the towel
result: FAIL grasped=False steps=60 time=36.4s

-- episode 21 (env_id=21) --
[2026-08-11 01:45:58.486] [svulkan2] [warning] A second renderer will share the same internal context with the first one. Arguments passed to constructor will be ignored.
Control mode:  arm_pd_ee_target_delta_pose_align2_gripper_pd_joint_pos
instruction: put the spoon on the towel
result: FAIL grasped=True steps=60 time=36.5s

-- episode 22 (env_id=22) --
[2026-08-11 01:46:35.866] [svulkan2] [warning] A second renderer will share the same internal context with the first one. Arguments passed to constructor will be ignored.
Control mode:  arm_pd_ee_target_delta_pose_align2_gripper_pd_joint_pos
instruction: put the spoon on the towel
result: FAIL grasped=False steps=60 time=36.1s

-- episode 23 (env_id=23) --
[2026-08-11 01:47:12.849] [svulkan2] [warning] A second renderer will share the same internal context with the first one. Arguments passed to constructor will be ignored.
Control mode:  arm_pd_ee_target_delta_pose_align2_gripper_pd_joint_pos
instruction: put the spoon on the towel
result: FAIL grasped=True steps=60 time=36.5s

==================================================
task:         widowx_spoon_on_towel
model:        openvla_foveated
setup:        widowx_bridge (unnorm=bridge_orig, sticky=1)
success_rate: 9/24 = 37.5%
grasp_rate:   13/24 = 54.2%
avg_steps:    48
avg_elapsed:  29.3s
model_ms_per_infer: 515.4ms  (pure model forward pass, CUDA-synced)
model_ms_per_env_step: 515.4ms  (amortized over executed actions)
==================================================
saved: /content/BiVLA_full/results/openvla_bridge_foveate_sweep/keep40/widowx_spoon_on_towel/results_widowx_spoon_on_towel.json
