/content/venv310/lib/python3.10/site-packages/sapien/core/renderer_config.py:4: UserWarning: pkg_resources is deprecated as an API. See https://setuptools.pypa.io/en/latest/pkg_resources.html. The pkg_resources package is slated for removal as early as 2025-11-30. Refrain from using this package or pin to Setuptools<81.
  import pkg_resources
[load] model=openvla_foveated policy_setup=widowx_bridge unnorm_key=(derived)
Using a slow image processor as `use_fast` is unset and a slow processor was saved with this model. `use_fast=True` will be the default behavior in v4.52, even if the model was saved with a slow processor. This will result in minor differences in outputs. You'll still be able to use a slow processor with `use_fast=False`.
Expected `transformers==4.40.1` and `tokenizers==0.19.1` but got `transformers==4.53.3` and `tokenizers==0.21.4`; there might be inference-time regressions due to dependency changes. If in doubt, pleaseuse the above versions.

Loading checkpoint shards:   0%|          | 0/3 [00:00<?, ?it/s]
Loading checkpoint shards:  33%|███▎      | 1/3 [00:00<00:00,  7.72it/s]
Loading checkpoint shards: 100%|██████████| 3/3 [00:00<00:00, 18.71it/s]
[ok] model loaded  unnorm_key=bridge_orig sticky_gripper=1

-- episode 00 (env_id=0) --
/content/venv310/lib/python3.10/site-packages/gymnasium/core.py:311: UserWarning: [33mWARN: env.get_language_instruction to get variables from other wrappers is deprecated and will be removed in v1.0, to get this variable you can do `env.unwrapped.get_language_instruction` for environment variables or `env.get_wrapper_attr('get_language_instruction')` that will search the reminding wrappers.[0m
  logger.warn(
Control mode:  arm_pd_ee_target_delta_pose_align2_gripper_pd_joint_pos
instruction: put carrot on plate
/content/venv310/lib/python3.10/site-packages/gymnasium/core.py:311: UserWarning: [33mWARN: env.get_language_instruction to get variables from other wrappers is deprecated and will be removed in v1.0, to get this variable you can do `env.unwrapped.get_language_instruction` for environment variables or `env.get_wrapper_attr('get_language_instruction')` that will search the reminding wrappers.[0m
  logger.warn(
result: FAIL grasped=False steps=60 time=38.2s

-- episode 01 (env_id=1) --
[2026-08-11 01:09:21.606] [svulkan2] [warning] A second renderer will share the same internal context with the first one. Arguments passed to constructor will be ignored.
Control mode:  arm_pd_ee_target_delta_pose_align2_gripper_pd_joint_pos
instruction: put carrot on plate
result: FAIL grasped=False steps=60 time=36.1s

-- episode 02 (env_id=2) --
[2026-08-11 01:09:58.368] [svulkan2] [warning] A second renderer will share the same internal context with the first one. Arguments passed to constructor will be ignored.
Control mode:  arm_pd_ee_target_delta_pose_align2_gripper_pd_joint_pos
instruction: put carrot on plate
result: FAIL grasped=True steps=60 time=36.5s

-- episode 03 (env_id=3) --
[2026-08-11 01:10:35.498] [svulkan2] [warning] A second renderer will share the same internal context with the first one. Arguments passed to constructor will be ignored.
Control mode:  arm_pd_ee_target_delta_pose_align2_gripper_pd_joint_pos
instruction: put carrot on plate
result: FAIL grasped=True steps=60 time=36.6s

-- episode 04 (env_id=4) --
[2026-08-11 01:11:12.692] [svulkan2] [warning] A second renderer will share the same internal context with the first one. Arguments passed to constructor will be ignored.
Control mode:  arm_pd_ee_target_delta_pose_align2_gripper_pd_joint_pos
instruction: put carrot on plate
result: FAIL grasped=True steps=60 time=36.6s

-- episode 05 (env_id=5) --
[2026-08-11 01:11:49.921] [svulkan2] [warning] A second renderer will share the same internal context with the first one. Arguments passed to constructor will be ignored.
Control mode:  arm_pd_ee_target_delta_pose_align2_gripper_pd_joint_pos
instruction: put carrot on plate
result: FAIL grasped=True steps=60 time=36.2s

-- episode 06 (env_id=6) --
[2026-08-11 01:12:26.732] [svulkan2] [warning] A second renderer will share the same internal context with the first one. Arguments passed to constructor will be ignored.
Control mode:  arm_pd_ee_target_delta_pose_align2_gripper_pd_joint_pos
instruction: put carrot on plate
result: SUCCESS grasped=True steps=32 time=19.4s

-- episode 07 (env_id=7) --
[2026-08-11 01:12:46.686] [svulkan2] [warning] A second renderer will share the same internal context with the first one. Arguments passed to constructor will be ignored.
Control mode:  arm_pd_ee_target_delta_pose_align2_gripper_pd_joint_pos
instruction: put carrot on plate
result: FAIL grasped=False steps=60 time=36.2s

-- episode 08 (env_id=8) --
[2026-08-11 01:13:23.528] [svulkan2] [warning] A second renderer will share the same internal context with the first one. Arguments passed to constructor will be ignored.
Control mode:  arm_pd_ee_target_delta_pose_align2_gripper_pd_joint_pos
instruction: put carrot on plate
result: SUCCESS grasped=True steps=23 time=13.9s

-- episode 09 (env_id=9) --
[2026-08-11 01:13:37.983] [svulkan2] [warning] A second renderer will share the same internal context with the first one. Arguments passed to constructor will be ignored.
Control mode:  arm_pd_ee_target_delta_pose_align2_gripper_pd_joint_pos
instruction: put carrot on plate
result: FAIL grasped=False steps=60 time=36.1s

-- episode 10 (env_id=10) --
[2026-08-11 01:14:14.704] [svulkan2] [warning] A second renderer will share the same internal context with the first one. Arguments passed to constructor will be ignored.
Control mode:  arm_pd_ee_target_delta_pose_align2_gripper_pd_joint_pos
instruction: put carrot on plate
result: FAIL grasped=True steps=60 time=36.3s

-- episode 11 (env_id=11) --
[2026-08-11 01:14:51.652] [svulkan2] [warning] A second renderer will share the same internal context with the first one. Arguments passed to constructor will be ignored.
Control mode:  arm_pd_ee_target_delta_pose_align2_gripper_pd_joint_pos
instruction: put carrot on plate
result: FAIL grasped=True steps=60 time=36.4s

-- episode 12 (env_id=12) --
[2026-08-11 01:15:28.617] [svulkan2] [warning] A second renderer will share the same internal context with the first one. Arguments passed to constructor will be ignored.
Control mode:  arm_pd_ee_target_delta_pose_align2_gripper_pd_joint_pos
instruction: put carrot on plate
result: FAIL grasped=True steps=60 time=36.2s

-- episode 13 (env_id=13) --
[2026-08-11 01:16:05.443] [svulkan2] [warning] A second renderer will share the same internal context with the first one. Arguments passed to constructor will be ignored.
Control mode:  arm_pd_ee_target_delta_pose_align2_gripper_pd_joint_pos
instruction: put carrot on plate
result: FAIL grasped=False steps=60 time=36.4s

-- episode 14 (env_id=14) --
[2026-08-11 01:16:42.456] [svulkan2] [warning] A second renderer will share the same internal context with the first one. Arguments passed to constructor will be ignored.
Control mode:  arm_pd_ee_target_delta_pose_align2_gripper_pd_joint_pos
instruction: put carrot on plate
result: SUCCESS grasped=True steps=41 time=24.8s

-- episode 15 (env_id=15) --
[2026-08-11 01:17:07.900] [svulkan2] [warning] A second renderer will share the same internal context with the first one. Arguments passed to constructor will be ignored.
Control mode:  arm_pd_ee_target_delta_pose_align2_gripper_pd_joint_pos
instruction: put carrot on plate
result: FAIL grasped=False steps=60 time=36.2s

-- episode 16 (env_id=16) --
[2026-08-11 01:17:44.675] [svulkan2] [warning] A second renderer will share the same internal context with the first one. Arguments passed to constructor will be ignored.
Control mode:  arm_pd_ee_target_delta_pose_align2_gripper_pd_joint_pos
instruction: put carrot on plate
result: SUCCESS grasped=True steps=24 time=14.5s

-- episode 17 (env_id=17) --
[2026-08-11 01:17:59.782] [svulkan2] [warning] A second renderer will share the same internal context with the first one. Arguments passed to constructor will be ignored.
Control mode:  arm_pd_ee_target_delta_pose_align2_gripper_pd_joint_pos
instruction: put carrot on plate
result: FAIL grasped=False steps=60 time=36.1s

-- episode 18 (env_id=18) --
[2026-08-11 01:18:36.517] [svulkan2] [warning] A second renderer will share the same internal context with the first one. Arguments passed to constructor will be ignored.
Control mode:  arm_pd_ee_target_delta_pose_align2_gripper_pd_joint_pos
instruction: put carrot on plate
result: FAIL grasped=True steps=60 time=36.6s

-- episode 19 (env_id=19) --
[2026-08-11 01:19:13.689] [svulkan2] [warning] A second renderer will share the same internal context with the first one. Arguments passed to constructor will be ignored.
Control mode:  arm_pd_ee_target_delta_pose_align2_gripper_pd_joint_pos
instruction: put carrot on plate
result: FAIL grasped=False steps=60 time=36.2s

-- episode 20 (env_id=20) --
[2026-08-11 01:19:50.490] [svulkan2] [warning] A second renderer will share the same internal context with the first one. Arguments passed to constructor will be ignored.
Control mode:  arm_pd_ee_target_delta_pose_align2_gripper_pd_joint_pos
instruction: put carrot on plate
result: SUCCESS grasped=True steps=53 time=32.2s

-- episode 21 (env_id=21) --
[2026-08-11 01:20:23.283] [svulkan2] [warning] A second renderer will share the same internal context with the first one. Arguments passed to constructor will be ignored.
Control mode:  arm_pd_ee_target_delta_pose_align2_gripper_pd_joint_pos
instruction: put carrot on plate
result: FAIL grasped=False steps=60 time=36.5s

-- episode 22 (env_id=22) --
[2026-08-11 01:21:00.348] [svulkan2] [warning] A second renderer will share the same internal context with the first one. Arguments passed to constructor will be ignored.
Control mode:  arm_pd_ee_target_delta_pose_align2_gripper_pd_joint_pos
instruction: put carrot on plate
result: SUCCESS grasped=True steps=59 time=36.0s

-- episode 23 (env_id=23) --
[2026-08-11 01:21:36.963] [svulkan2] [warning] A second renderer will share the same internal context with the first one. Arguments passed to constructor will be ignored.
Control mode:  arm_pd_ee_target_delta_pose_align2_gripper_pd_joint_pos
instruction: put carrot on plate
result: FAIL grasped=False steps=60 time=36.4s

==================================================
task:         widowx_carrot_on_plate
model:        openvla_foveated
setup:        widowx_bridge (unnorm=bridge_orig, sticky=1)
success_rate: 6/24 = 25.0%
grasp_rate:   14/24 = 58.3%
avg_steps:    55
avg_elapsed:  33.2s
model_ms_per_infer: 514.6ms  (pure model forward pass, CUDA-synced)
model_ms_per_env_step: 514.6ms  (amortized over executed actions)
==================================================
saved: /content/BiVLA_full/results/openvla_bridge_foveate_sweep/keep40/widowx_carrot_on_plate/results_widowx_carrot_on_plate.json
