/content/venv310/lib/python3.10/site-packages/sapien/core/renderer_config.py:4: UserWarning: pkg_resources is deprecated as an API. See https://setuptools.pypa.io/en/latest/pkg_resources.html. The pkg_resources package is slated for removal as early as 2025-11-30. Refrain from using this package or pin to Setuptools<81.
  import pkg_resources
[load] model=openvla_foveated policy_setup=widowx_bridge unnorm_key=(derived)
Using a slow image processor as `use_fast` is unset and a slow processor was saved with this model. `use_fast=True` will be the default behavior in v4.52, even if the model was saved with a slow processor. This will result in minor differences in outputs. You'll still be able to use a slow processor with `use_fast=False`.
Expected `transformers==4.40.1` and `tokenizers==0.19.1` but got `transformers==4.53.3` and `tokenizers==0.21.4`; there might be inference-time regressions due to dependency changes. If in doubt, pleaseuse the above versions.

Loading checkpoint shards:   0%|          | 0/3 [00:00<?, ?it/s]
Loading checkpoint shards:  33%|███▎      | 1/3 [00:00<00:00,  7.67it/s]
Loading checkpoint shards: 100%|██████████| 3/3 [00:00<00:00, 18.71it/s]
[ok] model loaded  unnorm_key=bridge_orig sticky_gripper=1

-- episode 00 (env_id=0) --
/content/venv310/lib/python3.10/site-packages/gymnasium/core.py:311: UserWarning: [33mWARN: env.get_language_instruction to get variables from other wrappers is deprecated and will be removed in v1.0, to get this variable you can do `env.unwrapped.get_language_instruction` for environment variables or `env.get_wrapper_attr('get_language_instruction')` that will search the reminding wrappers.[0m
  logger.warn(
Control mode:  arm_pd_ee_target_delta_pose_align2_gripper_pd_joint_pos
instruction: put eggplant into yellow basket
/content/venv310/lib/python3.10/site-packages/gymnasium/core.py:311: UserWarning: [33mWARN: env.get_language_instruction to get variables from other wrappers is deprecated and will be removed in v1.0, to get this variable you can do `env.unwrapped.get_language_instruction` for environment variables or `env.get_wrapper_attr('get_language_instruction')` that will search the reminding wrappers.[0m
  logger.warn(
result: FAIL grasped=True steps=120 time=76.6s

-- episode 01 (env_id=1) --
[2026-08-11 00:50:34.017] [svulkan2] [warning] A second renderer will share the same internal context with the first one. Arguments passed to constructor will be ignored.
Control mode:  arm_pd_ee_target_delta_pose_align2_gripper_pd_joint_pos
instruction: put eggplant into yellow basket
result: SUCCESS grasped=True steps=89 time=54.9s

-- episode 02 (env_id=2) --
[2026-08-11 00:51:29.988] [svulkan2] [warning] A second renderer will share the same internal context with the first one. Arguments passed to constructor will be ignored.
Control mode:  arm_pd_ee_target_delta_pose_align2_gripper_pd_joint_pos
instruction: put eggplant into yellow basket
result: FAIL grasped=True steps=120 time=75.7s

-- episode 03 (env_id=3) --
[2026-08-11 00:52:46.695] [svulkan2] [warning] A second renderer will share the same internal context with the first one. Arguments passed to constructor will be ignored.
Control mode:  arm_pd_ee_target_delta_pose_align2_gripper_pd_joint_pos
instruction: put eggplant into yellow basket
result: SUCCESS grasped=True steps=26 time=15.8s

-- episode 04 (env_id=4) --
[2026-08-11 00:53:03.542] [svulkan2] [warning] A second renderer will share the same internal context with the first one. Arguments passed to constructor will be ignored.
Control mode:  arm_pd_ee_target_delta_pose_align2_gripper_pd_joint_pos
instruction: put eggplant into yellow basket
result: SUCCESS grasped=True steps=28 time=17.1s

-- episode 05 (env_id=5) --
[2026-08-11 00:53:21.671] [svulkan2] [warning] A second renderer will share the same internal context with the first one. Arguments passed to constructor will be ignored.
Control mode:  arm_pd_ee_target_delta_pose_align2_gripper_pd_joint_pos
instruction: put eggplant into yellow basket
result: SUCCESS grasped=True steps=29 time=17.7s

-- episode 06 (env_id=6) --
[2026-08-11 00:53:40.389] [svulkan2] [warning] A second renderer will share the same internal context with the first one. Arguments passed to constructor will be ignored.
Control mode:  arm_pd_ee_target_delta_pose_align2_gripper_pd_joint_pos
instruction: put eggplant into yellow basket
result: SUCCESS grasped=True steps=24 time=14.5s

-- episode 07 (env_id=7) --
[2026-08-11 00:53:55.937] [svulkan2] [warning] A second renderer will share the same internal context with the first one. Arguments passed to constructor will be ignored.
Control mode:  arm_pd_ee_target_delta_pose_align2_gripper_pd_joint_pos
instruction: put eggplant into yellow basket
result: FAIL grasped=False steps=120 time=74.9s

-- episode 08 (env_id=8) --
[2026-08-11 00:55:11.883] [svulkan2] [warning] A second renderer will share the same internal context with the first one. Arguments passed to constructor will be ignored.
Control mode:  arm_pd_ee_target_delta_pose_align2_gripper_pd_joint_pos
instruction: put eggplant into yellow basket
result: FAIL grasped=True steps=120 time=73.7s

-- episode 09 (env_id=9) --
[2026-08-11 00:56:26.567] [svulkan2] [warning] A second renderer will share the same internal context with the first one. Arguments passed to constructor will be ignored.
Control mode:  arm_pd_ee_target_delta_pose_align2_gripper_pd_joint_pos
instruction: put eggplant into yellow basket
result: SUCCESS grasped=True steps=40 time=24.5s

-- episode 10 (env_id=10) --
[2026-08-11 00:56:52.102] [svulkan2] [warning] A second renderer will share the same internal context with the first one. Arguments passed to constructor will be ignored.
Control mode:  arm_pd_ee_target_delta_pose_align2_gripper_pd_joint_pos
instruction: put eggplant into yellow basket
result: SUCCESS grasped=True steps=25 time=15.3s

-- episode 11 (env_id=11) --
[2026-08-11 00:57:08.388] [svulkan2] [warning] A second renderer will share the same internal context with the first one. Arguments passed to constructor will be ignored.
Control mode:  arm_pd_ee_target_delta_pose_align2_gripper_pd_joint_pos
instruction: put eggplant into yellow basket
result: SUCCESS grasped=True steps=27 time=16.6s

-- episode 12 (env_id=12) --
[2026-08-11 00:57:25.977] [svulkan2] [warning] A second renderer will share the same internal context with the first one. Arguments passed to constructor will be ignored.
Control mode:  arm_pd_ee_target_delta_pose_align2_gripper_pd_joint_pos
instruction: put eggplant into yellow basket
result: SUCCESS grasped=True steps=30 time=18.4s

-- episode 13 (env_id=13) --
[2026-08-11 00:57:45.429] [svulkan2] [warning] A second renderer will share the same internal context with the first one. Arguments passed to constructor will be ignored.
Control mode:  arm_pd_ee_target_delta_pose_align2_gripper_pd_joint_pos
instruction: put eggplant into yellow basket
result: FAIL grasped=True steps=120 time=75.1s

-- episode 14 (env_id=14) --
[2026-08-11 00:59:01.529] [svulkan2] [warning] A second renderer will share the same internal context with the first one. Arguments passed to constructor will be ignored.
Control mode:  arm_pd_ee_target_delta_pose_align2_gripper_pd_joint_pos
instruction: put eggplant into yellow basket
result: FAIL grasped=True steps=120 time=76.1s

-- episode 15 (env_id=15) --
[2026-08-11 01:00:18.622] [svulkan2] [warning] A second renderer will share the same internal context with the first one. Arguments passed to constructor will be ignored.
Control mode:  arm_pd_ee_target_delta_pose_align2_gripper_pd_joint_pos
instruction: put eggplant into yellow basket
result: SUCCESS grasped=True steps=39 time=23.9s

-- episode 16 (env_id=16) --
[2026-08-11 01:00:43.639] [svulkan2] [warning] A second renderer will share the same internal context with the first one. Arguments passed to constructor will be ignored.
Control mode:  arm_pd_ee_target_delta_pose_align2_gripper_pd_joint_pos
instruction: put eggplant into yellow basket
result: FAIL grasped=False steps=120 time=75.0s

-- episode 17 (env_id=17) --
[2026-08-11 01:01:59.682] [svulkan2] [warning] A second renderer will share the same internal context with the first one. Arguments passed to constructor will be ignored.
Control mode:  arm_pd_ee_target_delta_pose_align2_gripper_pd_joint_pos
instruction: put eggplant into yellow basket
result: SUCCESS grasped=True steps=43 time=26.8s

-- episode 18 (env_id=18) --
[2026-08-11 01:02:27.471] [svulkan2] [warning] A second renderer will share the same internal context with the first one. Arguments passed to constructor will be ignored.
Control mode:  arm_pd_ee_target_delta_pose_align2_gripper_pd_joint_pos
instruction: put eggplant into yellow basket
result: FAIL grasped=True steps=120 time=74.9s

-- episode 19 (env_id=19) --
[2026-08-11 01:03:43.372] [svulkan2] [warning] A second renderer will share the same internal context with the first one. Arguments passed to constructor will be ignored.
Control mode:  arm_pd_ee_target_delta_pose_align2_gripper_pd_joint_pos
instruction: put eggplant into yellow basket
result: SUCCESS grasped=True steps=36 time=22.1s

-- episode 20 (env_id=20) --
[2026-08-11 01:04:06.458] [svulkan2] [warning] A second renderer will share the same internal context with the first one. Arguments passed to constructor will be ignored.
Control mode:  arm_pd_ee_target_delta_pose_align2_gripper_pd_joint_pos
instruction: put eggplant into yellow basket
result: FAIL grasped=True steps=120 time=77.1s

-- episode 21 (env_id=21) --
[2026-08-11 01:05:24.547] [svulkan2] [warning] A second renderer will share the same internal context with the first one. Arguments passed to constructor will be ignored.
Control mode:  arm_pd_ee_target_delta_pose_align2_gripper_pd_joint_pos
instruction: put eggplant into yellow basket
result: FAIL grasped=False steps=120 time=75.6s

-- episode 22 (env_id=22) --
[2026-08-11 01:06:41.128] [svulkan2] [warning] A second renderer will share the same internal context with the first one. Arguments passed to constructor will be ignored.
Control mode:  arm_pd_ee_target_delta_pose_align2_gripper_pd_joint_pos
instruction: put eggplant into yellow basket
result: SUCCESS grasped=True steps=36 time=22.1s

-- episode 23 (env_id=23) --
[2026-08-11 01:07:04.289] [svulkan2] [warning] A second renderer will share the same internal context with the first one. Arguments passed to constructor will be ignored.
Control mode:  arm_pd_ee_target_delta_pose_align2_gripper_pd_joint_pos
instruction: put eggplant into yellow basket
result: FAIL grasped=True steps=120 time=76.0s

==================================================
task:         widowx_put_eggplant_in_basket
model:        openvla_foveated
setup:        widowx_bridge (unnorm=bridge_orig, sticky=1)
success_rate: 13/24 = 54.2%
grasp_rate:   21/24 = 87.5%
avg_steps:    75
avg_elapsed:  46.7s
model_ms_per_infer: 513.2ms  (pure model forward pass, CUDA-synced)
model_ms_per_env_step: 513.2ms  (amortized over executed actions)
==================================================
saved: /content/BiVLA_full/results/openvla_bridge_foveate_sweep/keep40/widowx_put_eggplant_in_basket/results_widowx_put_eggplant_in_basket.json
