/content/vsim/lib/python3.10/site-packages/sapien/core/renderer_config.py:4: UserWarning: pkg_resources is deprecated as an API. See https://setuptools.pypa.io/en/latest/pkg_resources.html. The pkg_resources package is slated for removal as early as 2025-11-30. Refrain from using this package or pin to Setuptools<81.
  import pkg_resources
Some kwargs in processor config are unused and will not have any effect: num_obs_steps, statistics, bin_policy, action_chunk_size, intrinsic_config, action_config, obs_delta. 
*** policy_setup: google_robot, unnorm_key: fractal20220817_data/0.1.0 ***
Add 0 TRANSLATION TOKENS, tokenizer vocab size 257152 / 265347
Add 0 ROTATION TOKENS to tokenizer, tokenizer vocab size 257152 / 265347
Add 0 GRIPPER TOKENS to tokenizer, tokenizer vocab size 257152 / 265347

Loading checkpoint shards:   0%|          | 0/2 [00:00<?, ?it/s]
Loading checkpoint shards:  50%|█████     | 1/2 [00:00<00:00,  2.76it/s]
Loading checkpoint shards: 100%|██████████| 2/2 [00:00<00:00,  2.68it/s]
Loading checkpoint shards: 100%|██████████| 2/2 [00:00<00:00,  2.69it/s]
[OK] official SpatialVLAInference loaded (no wrapper, no DINO)

── ep 00 (env_id=0) ──
[2026-08-06 13:09:21.377] [svulkan2] [error] GLFW error: X11: The DISPLAY environment variable is missing
[2026-08-06 13:09:21.377] [svulkan2] [warning] Continue without GLFW.
/content/vsim/lib/python3.10/site-packages/gymnasium/core.py:311: UserWarning: [33mWARN: env.get_language_instruction to get variables from other wrappers is deprecated and will be removed in v1.0, to get this variable you can do `env.unwrapped.get_language_instruction` for environment variables or `env.get_wrapper_attr('get_language_instruction')` that will search the reminding wrappers.[0m
  logger.warn(
   instruction: pick coke can
The 'batch_size' attribute of HybridCache is deprecated and will be removed in v4.49. Use the more precisely named 'self.max_batch_size' attribute instead.
[ChunkProbe] raw_action['world_vector']: shape=(3,) type=ndarray
[ChunkProbe] raw_action['rotation_delta']: shape=(3,) type=ndarray
[ChunkProbe] raw_action['open_gripper']: shape=(1,) type=ndarray
[ChunkProbe] action['world_vector']: shape=(3,) type=ndarray
[ChunkProbe] action['rot_axangle']: shape=(3,) type=ndarray
[ChunkProbe] action['gripper']: shape=(1,) type=ndarray
[ChunkProbe] action['terminate_episode']: shape=(1,) type=ndarray
   → G+ SUCCESS  (60 steps, 946 ms/infer)

── ep 01 (env_id=1) ──
[2026-08-06 13:10:28.775] [svulkan2] [warning] A second renderer will share the same internal context with the first one. Arguments passed to constructor will be ignored.
   instruction: pick coke can
   → G- FAIL  (80 steps, 920 ms/infer)

── ep 02 (env_id=2) ──
[2026-08-06 13:11:53.487] [svulkan2] [warning] A second renderer will share the same internal context with the first one. Arguments passed to constructor will be ignored.
   instruction: pick coke can
   → G- FAIL  (80 steps, 923 ms/infer)

── ep 03 (env_id=3) ──
[2026-08-06 13:13:18.467] [svulkan2] [warning] A second renderer will share the same internal context with the first one. Arguments passed to constructor will be ignored.
   instruction: pick coke can
   → G+ SUCCESS  (13 steps, 926 ms/infer)

── ep 04 (env_id=4) ──
[2026-08-06 13:13:33.342] [svulkan2] [warning] A second renderer will share the same internal context with the first one. Arguments passed to constructor will be ignored.
   instruction: pick coke can
   → G+ SUCCESS  (19 steps, 929 ms/infer)

── ep 05 (env_id=5) ──
[2026-08-06 13:13:54.383] [svulkan2] [warning] A second renderer will share the same internal context with the first one. Arguments passed to constructor will be ignored.
   instruction: pick coke can
   → G+ SUCCESS  (38 steps, 930 ms/infer)

── ep 06 (env_id=6) ──
[2026-08-06 13:14:35.792] [svulkan2] [warning] A second renderer will share the same internal context with the first one. Arguments passed to constructor will be ignored.
   instruction: pick coke can
   → G+ SUCCESS  (45 steps, 929 ms/infer)

── ep 07 (env_id=7) ──
[2026-08-06 13:15:24.434] [svulkan2] [warning] A second renderer will share the same internal context with the first one. Arguments passed to constructor will be ignored.
   instruction: pick coke can
   → G+ SUCCESS  (14 steps, 939 ms/infer)

── ep 08 (env_id=8) ──
[2026-08-06 13:15:40.399] [svulkan2] [warning] A second renderer will share the same internal context with the first one. Arguments passed to constructor will be ignored.
   instruction: pick coke can
   → G+ SUCCESS  (11 steps, 939 ms/infer)

── ep 09 (env_id=9) ──
[2026-08-06 13:15:53.206] [svulkan2] [warning] A second renderer will share the same internal context with the first one. Arguments passed to constructor will be ignored.
   instruction: pick coke can
   → G- FAIL  (80 steps, 928 ms/infer)

── ep 10 (env_id=10) ──
[2026-08-06 13:17:18.461] [svulkan2] [warning] A second renderer will share the same internal context with the first one. Arguments passed to constructor will be ignored.
   instruction: pick coke can
   → G- FAIL  (80 steps, 931 ms/infer)

── ep 11 (env_id=11) ──
[2026-08-06 13:18:44.985] [svulkan2] [warning] A second renderer will share the same internal context with the first one. Arguments passed to constructor will be ignored.
   instruction: pick coke can
   → G+ SUCCESS  (38 steps, 926 ms/infer)

── ep 12 (env_id=12) ──
[2026-08-06 13:19:25.942] [svulkan2] [warning] A second renderer will share the same internal context with the first one. Arguments passed to constructor will be ignored.
   instruction: pick coke can
   → G+ SUCCESS  (13 steps, 937 ms/infer)

── ep 13 (env_id=13) ──
[2026-08-06 13:19:40.819] [svulkan2] [warning] A second renderer will share the same internal context with the first one. Arguments passed to constructor will be ignored.
   instruction: pick coke can
   → G+ SUCCESS  (12 steps, 926 ms/infer)

── ep 14 (env_id=14) ──
[2026-08-06 13:19:54.526] [svulkan2] [warning] A second renderer will share the same internal context with the first one. Arguments passed to constructor will be ignored.
   instruction: pick coke can
   → G+ SUCCESS  (13 steps, 931 ms/infer)

── ep 15 (env_id=15) ──
[2026-08-06 13:20:09.337] [svulkan2] [warning] A second renderer will share the same internal context with the first one. Arguments passed to constructor will be ignored.
   instruction: pick coke can
   → G+ SUCCESS  (18 steps, 932 ms/infer)

── ep 16 (env_id=16) ──
[2026-08-06 13:20:29.414] [svulkan2] [warning] A second renderer will share the same internal context with the first one. Arguments passed to constructor will be ignored.
   instruction: pick coke can
   → G+ SUCCESS  (16 steps, 925 ms/infer)

── ep 17 (env_id=17) ──
[2026-08-06 13:20:47.153] [svulkan2] [warning] A second renderer will share the same internal context with the first one. Arguments passed to constructor will be ignored.
   instruction: pick coke can
   → G+ SUCCESS  (12 steps, 936 ms/infer)

── ep 18 (env_id=18) ──
[2026-08-06 13:21:00.971] [svulkan2] [warning] A second renderer will share the same internal context with the first one. Arguments passed to constructor will be ignored.
   instruction: pick coke can
   → G+ SUCCESS  (37 steps, 931 ms/infer)

── ep 19 (env_id=19) ──
[2026-08-06 13:21:41.598] [svulkan2] [warning] A second renderer will share the same internal context with the first one. Arguments passed to constructor will be ignored.
   instruction: pick coke can
   → G+ SUCCESS  (11 steps, 928 ms/infer)

── ep 20 (env_id=20) ──
[2026-08-06 13:21:54.174] [svulkan2] [warning] A second renderer will share the same internal context with the first one. Arguments passed to constructor will be ignored.
   instruction: pick coke can
   → G+ FAIL  (80 steps, 927 ms/infer)

── ep 21 (env_id=21) ──
[2026-08-06 13:23:20.799] [svulkan2] [warning] A second renderer will share the same internal context with the first one. Arguments passed to constructor will be ignored.
   instruction: pick coke can
   → G+ SUCCESS  (14 steps, 927 ms/infer)

── ep 22 (env_id=22) ──
[2026-08-06 13:23:36.499] [svulkan2] [warning] A second renderer will share the same internal context with the first one. Arguments passed to constructor will be ignored.
   instruction: pick coke can
   → G+ SUCCESS  (13 steps, 924 ms/infer)

── ep 23 (env_id=23) ──
[2026-08-06 13:23:51.131] [svulkan2] [warning] A second renderer will share the same internal context with the first one. Arguments passed to constructor will be ignored.
   instruction: pick coke can
   → G+ SUCCESS  (54 steps, 926 ms/infer)

── ep 24 (env_id=24) ──
[2026-08-06 13:24:49.593] [svulkan2] [warning] A second renderer will share the same internal context with the first one. Arguments passed to constructor will be ignored.
   instruction: pick coke can
   → G+ FAIL  (80 steps, 927 ms/infer)

==================================================
  SpatialVLA (official) | foveated[logpolar/image/always] keep=20%
  task:    google_robot_pick_horizontal_coke_can
  파지율:  21/25 = 84.0%
  성공률:  19/25 = 76.0%
  평균스텝: 37
  ms/infer: 930  (latency; lower=faster)
==================================================
  OKG+ ep00 (id=0): 60 steps
  --G- ep01 (id=1): 80 steps
  --G- ep02 (id=2): 80 steps
  OKG+ ep03 (id=3): 13 steps
  OKG+ ep04 (id=4): 19 steps
  OKG+ ep05 (id=5): 38 steps
  OKG+ ep06 (id=6): 45 steps
  OKG+ ep07 (id=7): 14 steps
  OKG+ ep08 (id=8): 11 steps
  --G- ep09 (id=9): 80 steps
  --G- ep10 (id=10): 80 steps
  OKG+ ep11 (id=11): 38 steps
  OKG+ ep12 (id=12): 13 steps
  OKG+ ep13 (id=13): 12 steps
  OKG+ ep14 (id=14): 13 steps
  OKG+ ep15 (id=15): 18 steps
  OKG+ ep16 (id=16): 16 steps
  OKG+ ep17 (id=17): 12 steps
  OKG+ ep18 (id=18): 37 steps
  OKG+ ep19 (id=19): 11 steps
  --G+ ep20 (id=20): 80 steps
  OKG+ ep21 (id=21): 14 steps
  OKG+ ep22 (id=22): 13 steps
  OKG+ ep23 (id=23): 54 steps
  --G+ ep24 (id=24): 80 steps

saved: /content/BiVLA/results/spatialvla_fractal_0806/foveate_logpolar/google_robot_pick_horizontal_coke_can/results_google_robot_pick_horizontal_coke_can.json
