/content/vsim/lib/python3.10/site-packages/sapien/core/renderer_config.py:4: UserWarning: pkg_resources is deprecated as an API. See https://setuptools.pypa.io/en/latest/pkg_resources.html. The pkg_resources package is slated for removal as early as 2025-11-30. Refrain from using this package or pin to Setuptools<81.
  import pkg_resources
Some kwargs in processor config are unused and will not have any effect: action_chunk_size, bin_policy, obs_delta, action_config, num_obs_steps, intrinsic_config, statistics. 
*** policy_setup: google_robot, unnorm_key: fractal20220817_data/0.1.0 ***
Add 0 TRANSLATION TOKENS, tokenizer vocab size 257152 / 265347
Add 0 ROTATION TOKENS to tokenizer, tokenizer vocab size 257152 / 265347
Add 0 GRIPPER TOKENS to tokenizer, tokenizer vocab size 257152 / 265347

Loading checkpoint shards:   0%|          | 0/2 [00:00<?, ?it/s]
Loading checkpoint shards:  50%|█████     | 1/2 [00:00<00:00,  2.71it/s]
Loading checkpoint shards: 100%|██████████| 2/2 [00:00<00:00,  2.64it/s]
Loading checkpoint shards: 100%|██████████| 2/2 [00:00<00:00,  2.65it/s]
[OK] official SpatialVLAInference loaded (no wrapper, no DINO)

── ep 00 (env_id=0) ──
[2026-08-06 13:26:31.990] [svulkan2] [error] GLFW error: X11: The DISPLAY environment variable is missing
[2026-08-06 13:26:31.990] [svulkan2] [warning] Continue without GLFW.
/content/vsim/lib/python3.10/site-packages/gymnasium/core.py:311: UserWarning: [33mWARN: env.get_language_instruction to get variables from other wrappers is deprecated and will be removed in v1.0, to get this variable you can do `env.unwrapped.get_language_instruction` for environment variables or `env.get_wrapper_attr('get_language_instruction')` that will search the reminding wrappers.[0m
  logger.warn(
   instruction: pick coke can
The 'batch_size' attribute of HybridCache is deprecated and will be removed in v4.49. Use the more precisely named 'self.max_batch_size' attribute instead.
[ChunkProbe] raw_action['world_vector']: shape=(3,) type=ndarray
[ChunkProbe] raw_action['rotation_delta']: shape=(3,) type=ndarray
[ChunkProbe] raw_action['open_gripper']: shape=(1,) type=ndarray
[ChunkProbe] action['world_vector']: shape=(3,) type=ndarray
[ChunkProbe] action['rot_axangle']: shape=(3,) type=ndarray
[ChunkProbe] action['gripper']: shape=(1,) type=ndarray
[ChunkProbe] action['terminate_episode']: shape=(1,) type=ndarray
   → G- FAIL  (80 steps, 942 ms/infer)

── ep 01 (env_id=1) ──
[2026-08-06 13:28:01.327] [svulkan2] [warning] A second renderer will share the same internal context with the first one. Arguments passed to constructor will be ignored.
   instruction: pick coke can
   → G- FAIL  (80 steps, 928 ms/infer)

── ep 02 (env_id=2) ──
[2026-08-06 13:29:27.180] [svulkan2] [warning] A second renderer will share the same internal context with the first one. Arguments passed to constructor will be ignored.
   instruction: pick coke can
   → G+ SUCCESS  (16 steps, 935 ms/infer)

── ep 03 (env_id=3) ──
[2026-08-06 13:29:45.173] [svulkan2] [warning] A second renderer will share the same internal context with the first one. Arguments passed to constructor will be ignored.
   instruction: pick coke can
   → G+ SUCCESS  (36 steps, 928 ms/infer)

── ep 04 (env_id=4) ──
[2026-08-06 13:30:24.295] [svulkan2] [warning] A second renderer will share the same internal context with the first one. Arguments passed to constructor will be ignored.
   instruction: pick coke can
   → G- FAIL  (80 steps, 929 ms/infer)

── ep 05 (env_id=5) ──
[2026-08-06 13:31:49.206] [svulkan2] [warning] A second renderer will share the same internal context with the first one. Arguments passed to constructor will be ignored.
   instruction: pick coke can
   → G+ SUCCESS  (43 steps, 936 ms/infer)

── ep 06 (env_id=6) ──
[2026-08-06 13:32:36.132] [svulkan2] [warning] A second renderer will share the same internal context with the first one. Arguments passed to constructor will be ignored.
   instruction: pick coke can
   → G+ SUCCESS  (56 steps, 935 ms/infer)

── ep 07 (env_id=7) ──
[2026-08-06 13:33:36.769] [svulkan2] [warning] A second renderer will share the same internal context with the first one. Arguments passed to constructor will be ignored.
   instruction: pick coke can
   → G+ SUCCESS  (18 steps, 927 ms/infer)

── ep 08 (env_id=8) ──
[2026-08-06 13:33:56.721] [svulkan2] [warning] A second renderer will share the same internal context with the first one. Arguments passed to constructor will be ignored.
   instruction: pick coke can
   → G+ SUCCESS  (17 steps, 927 ms/infer)

── ep 09 (env_id=9) ──
[2026-08-06 13:34:15.611] [svulkan2] [warning] A second renderer will share the same internal context with the first one. Arguments passed to constructor will be ignored.
   instruction: pick coke can
   → G+ SUCCESS  (15 steps, 926 ms/infer)

── ep 10 (env_id=10) ──
[2026-08-06 13:34:32.406] [svulkan2] [warning] A second renderer will share the same internal context with the first one. Arguments passed to constructor will be ignored.
   instruction: pick coke can
   → G+ SUCCESS  (21 steps, 929 ms/infer)

── ep 11 (env_id=11) ──
[2026-08-06 13:34:55.423] [svulkan2] [warning] A second renderer will share the same internal context with the first one. Arguments passed to constructor will be ignored.
   instruction: pick coke can
   → G+ SUCCESS  (47 steps, 930 ms/infer)

── ep 12 (env_id=12) ──
[2026-08-06 13:35:46.084] [svulkan2] [warning] A second renderer will share the same internal context with the first one. Arguments passed to constructor will be ignored.
   instruction: pick coke can
   → G+ SUCCESS  (21 steps, 922 ms/infer)

── ep 13 (env_id=13) ──
[2026-08-06 13:36:09.027] [svulkan2] [warning] A second renderer will share the same internal context with the first one. Arguments passed to constructor will be ignored.
   instruction: pick coke can
   → G+ SUCCESS  (17 steps, 934 ms/infer)

── ep 14 (env_id=14) ──
[2026-08-06 13:36:28.088] [svulkan2] [warning] A second renderer will share the same internal context with the first one. Arguments passed to constructor will be ignored.
   instruction: pick coke can
   → G+ SUCCESS  (14 steps, 933 ms/infer)

── ep 15 (env_id=15) ──
[2026-08-06 13:36:43.992] [svulkan2] [warning] A second renderer will share the same internal context with the first one. Arguments passed to constructor will be ignored.
   instruction: pick coke can
   → G+ SUCCESS  (24 steps, 935 ms/infer)

── ep 16 (env_id=16) ──
[2026-08-06 13:37:10.476] [svulkan2] [warning] A second renderer will share the same internal context with the first one. Arguments passed to constructor will be ignored.
   instruction: pick coke can
   → G+ SUCCESS  (19 steps, 936 ms/infer)

── ep 17 (env_id=17) ──
[2026-08-06 13:37:31.560] [svulkan2] [warning] A second renderer will share the same internal context with the first one. Arguments passed to constructor will be ignored.
   instruction: pick coke can
   → G+ SUCCESS  (17 steps, 950 ms/infer)

── ep 18 (env_id=18) ──
[2026-08-06 13:37:50.878] [svulkan2] [warning] A second renderer will share the same internal context with the first one. Arguments passed to constructor will be ignored.
   instruction: pick coke can
   → G+ SUCCESS  (18 steps, 933 ms/infer)

── ep 19 (env_id=19) ──
[2026-08-06 13:38:10.986] [svulkan2] [warning] A second renderer will share the same internal context with the first one. Arguments passed to constructor will be ignored.
   instruction: pick coke can
   → G+ SUCCESS  (15 steps, 931 ms/infer)

── ep 20 (env_id=20) ──
[2026-08-06 13:38:27.819] [svulkan2] [warning] A second renderer will share the same internal context with the first one. Arguments passed to constructor will be ignored.
   instruction: pick coke can
   → G+ SUCCESS  (29 steps, 941 ms/infer)

── ep 21 (env_id=21) ──
[2026-08-06 13:38:59.856] [svulkan2] [warning] A second renderer will share the same internal context with the first one. Arguments passed to constructor will be ignored.
   instruction: pick coke can
   → G+ SUCCESS  (21 steps, 940 ms/infer)

── ep 22 (env_id=22) ──
[2026-08-06 13:39:23.154] [svulkan2] [warning] A second renderer will share the same internal context with the first one. Arguments passed to constructor will be ignored.
   instruction: pick coke can
   → G+ SUCCESS  (19 steps, 935 ms/infer)

── ep 23 (env_id=23) ──
[2026-08-06 13:39:44.249] [svulkan2] [warning] A second renderer will share the same internal context with the first one. Arguments passed to constructor will be ignored.
   instruction: pick coke can
   → G+ SUCCESS  (17 steps, 936 ms/infer)

── ep 24 (env_id=24) ──
[2026-08-06 13:40:03.357] [svulkan2] [warning] A second renderer will share the same internal context with the first one. Arguments passed to constructor will be ignored.
   instruction: pick coke can
   → G+ SUCCESS  (26 steps, 941 ms/infer)

==================================================
  SpatialVLA (official) | foveated[logpolar/image/always] keep=20%
  task:    google_robot_pick_vertical_coke_can
  파지율:  22/25 = 88.0%
  성공률:  22/25 = 88.0%
  평균스텝: 31
  ms/infer: 933  (latency; lower=faster)
==================================================
  --G- ep00 (id=0): 80 steps
  --G- ep01 (id=1): 80 steps
  OKG+ ep02 (id=2): 16 steps
  OKG+ ep03 (id=3): 36 steps
  --G- ep04 (id=4): 80 steps
  OKG+ ep05 (id=5): 43 steps
  OKG+ ep06 (id=6): 56 steps
  OKG+ ep07 (id=7): 18 steps
  OKG+ ep08 (id=8): 17 steps
  OKG+ ep09 (id=9): 15 steps
  OKG+ ep10 (id=10): 21 steps
  OKG+ ep11 (id=11): 47 steps
  OKG+ ep12 (id=12): 21 steps
  OKG+ ep13 (id=13): 17 steps
  OKG+ ep14 (id=14): 14 steps
  OKG+ ep15 (id=15): 24 steps
  OKG+ ep16 (id=16): 19 steps
  OKG+ ep17 (id=17): 17 steps
  OKG+ ep18 (id=18): 18 steps
  OKG+ ep19 (id=19): 15 steps
  OKG+ ep20 (id=20): 29 steps
  OKG+ ep21 (id=21): 21 steps
  OKG+ ep22 (id=22): 19 steps
  OKG+ ep23 (id=23): 17 steps
  OKG+ ep24 (id=24): 26 steps

saved: /content/BiVLA/results/spatialvla_fractal_0806/foveate_logpolar/google_robot_pick_vertical_coke_can/results_google_robot_pick_vertical_coke_can.json
