/content/venv310/lib/python3.10/site-packages/sapien/core/renderer_config.py:4: UserWarning: pkg_resources is deprecated as an API. See https://setuptools.pypa.io/en/latest/pkg_resources.html. The pkg_resources package is slated for removal as early as 2025-11-30. Refrain from using this package or pin to Setuptools<81.
  import pkg_resources
[load] model=openvla_depth policy_setup=google_robot unnorm_key=(derived)
Using a slow image processor as `use_fast` is unset and a slow processor was saved with this model. `use_fast=True` will be the default behavior in v4.52, even if the model was saved with a slow processor. This will result in minor differences in outputs. You'll still be able to use a slow processor with `use_fast=False`.
Expected `transformers==4.40.1` and `tokenizers==0.19.1` but got `transformers==4.53.3` and `tokenizers==0.21.4`; there might be inference-time regressions due to dependency changes. If in doubt, pleaseuse the above versions.

Loading checkpoint shards:   0%|          | 0/3 [00:00<?, ?it/s]
Loading checkpoint shards:  33%|███▎      | 1/3 [00:00<00:00,  7.44it/s]
Loading checkpoint shards: 100%|██████████| 3/3 [00:00<00:00, 17.94it/s]
[depth/openvla] static pruning ON: bypass 4 most-redundant layers; eligible 28..31 of 32
[ok] model loaded  unnorm_key=fractal20220817_data sticky_gripper=15

-- episode 00 (env_id=0) --
/content/venv310/lib/python3.10/site-packages/gymnasium/envs/registration.py:513: DeprecationWarning: [33mWARN: The environment MoveNearGoogleBakedTexInScene-v0 is out of date. You should consider upgrading to version `v1`.[0m
  logger.deprecation(
/content/venv310/lib/python3.10/site-packages/gymnasium/core.py:311: UserWarning: [33mWARN: env.get_language_instruction to get variables from other wrappers is deprecated and will be removed in v1.0, to get this variable you can do `env.unwrapped.get_language_instruction` for environment variables or `env.get_wrapper_attr('get_language_instruction')` that will search the reminding wrappers.[0m
  logger.warn(
instruction: move blue plastic bottle near pepsi can
[depth] calibrated: bypass=[28, 29, 30, 31]
/content/venv310/lib/python3.10/site-packages/gymnasium/core.py:311: UserWarning: [33mWARN: env.get_language_instruction to get variables from other wrappers is deprecated and will be removed in v1.0, to get this variable you can do `env.unwrapped.get_language_instruction` for environment variables or `env.get_wrapper_attr('get_language_instruction')` that will search the reminding wrappers.[0m
  logger.warn(
result: FAIL grasped=False steps=80 time=49.7s

-- episode 01 (env_id=1) --
/content/venv310/lib/python3.10/site-packages/gymnasium/envs/registration.py:513: DeprecationWarning: [33mWARN: The environment MoveNearGoogleBakedTexInScene-v0 is out of date. You should consider upgrading to version `v1`.[0m
  logger.deprecation(
[2026-08-11 09:50:47.059] [svulkan2] [warning] A second renderer will share the same internal context with the first one. Arguments passed to constructor will be ignored.
instruction: move blue plastic bottle near orange
result: FAIL grasped=False steps=80 time=46.6s

-- episode 02 (env_id=2) --
[2026-08-11 09:51:34.748] [svulkan2] [warning] A second renderer will share the same internal context with the first one. Arguments passed to constructor will be ignored.
instruction: move pepsi can near blue plastic bottle
result: SUCCESS grasped=False steps=46 time=26.9s

-- episode 03 (env_id=3) --
[2026-08-11 09:52:02.783] [svulkan2] [warning] A second renderer will share the same internal context with the first one. Arguments passed to constructor will be ignored.
instruction: move pepsi can near orange
result: FAIL grasped=False steps=80 time=46.3s

-- episode 04 (env_id=4) --
[2026-08-11 09:52:50.310] [svulkan2] [warning] A second renderer will share the same internal context with the first one. Arguments passed to constructor will be ignored.
instruction: move orange near blue plastic bottle
result: FAIL grasped=False steps=80 time=46.4s

-- episode 05 (env_id=5) --
[2026-08-11 09:53:37.798] [svulkan2] [warning] A second renderer will share the same internal context with the first one. Arguments passed to constructor will be ignored.
instruction: move orange near pepsi can
result: SUCCESS grasped=False steps=29 time=16.9s

-- episode 06 (env_id=6) --
[2026-08-11 09:53:55.883] [svulkan2] [warning] A second renderer will share the same internal context with the first one. Arguments passed to constructor will be ignored.
instruction: move blue plastic bottle near pepsi can
result: FAIL grasped=False steps=80 time=46.4s

-- episode 07 (env_id=7) --
[2026-08-11 09:54:43.360] [svulkan2] [warning] A second renderer will share the same internal context with the first one. Arguments passed to constructor will be ignored.
instruction: move blue plastic bottle near orange
result: FAIL grasped=False steps=80 time=46.5s

-- episode 08 (env_id=8) --
[2026-08-11 09:55:30.916] [svulkan2] [warning] A second renderer will share the same internal context with the first one. Arguments passed to constructor will be ignored.
instruction: move pepsi can near blue plastic bottle
result: FAIL grasped=False steps=80 time=46.4s

-- episode 09 (env_id=9) --
[2026-08-11 09:56:18.383] [svulkan2] [warning] A second renderer will share the same internal context with the first one. Arguments passed to constructor will be ignored.
instruction: move pepsi can near orange
result: FAIL grasped=False steps=80 time=46.7s

-- episode 10 (env_id=10) --
[2026-08-11 09:57:06.123] [svulkan2] [warning] A second renderer will share the same internal context with the first one. Arguments passed to constructor will be ignored.
instruction: move orange near blue plastic bottle
result: FAIL grasped=False steps=80 time=48.3s

-- episode 11 (env_id=11) --
[2026-08-11 09:57:55.495] [svulkan2] [warning] A second renderer will share the same internal context with the first one. Arguments passed to constructor will be ignored.
instruction: move orange near pepsi can
result: FAIL grasped=False steps=80 time=47.7s

-- episode 12 (env_id=12) --
[2026-08-11 09:58:44.274] [svulkan2] [warning] A second renderer will share the same internal context with the first one. Arguments passed to constructor will be ignored.
instruction: move 7up can near apple
result: FAIL grasped=False steps=80 time=46.4s

-- episode 13 (env_id=13) --
[2026-08-11 09:59:31.779] [svulkan2] [warning] A second renderer will share the same internal context with the first one. Arguments passed to constructor will be ignored.
instruction: move 7up can near sponge
result: FAIL grasped=False steps=80 time=46.4s

-- episode 14 (env_id=14) --
[2026-08-11 10:00:19.255] [svulkan2] [warning] A second renderer will share the same internal context with the first one. Arguments passed to constructor will be ignored.
instruction: move apple near 7up can
result: FAIL grasped=False steps=80 time=46.6s

-- episode 15 (env_id=15) --
[2026-08-11 10:01:06.922] [svulkan2] [warning] A second renderer will share the same internal context with the first one. Arguments passed to constructor will be ignored.
instruction: move apple near sponge
result: FAIL grasped=False steps=80 time=47.5s

-- episode 16 (env_id=16) --
[2026-08-11 10:01:55.533] [svulkan2] [warning] A second renderer will share the same internal context with the first one. Arguments passed to constructor will be ignored.
instruction: move sponge near 7up can
result: FAIL grasped=False steps=80 time=46.7s

-- episode 17 (env_id=17) --
[2026-08-11 10:02:43.286] [svulkan2] [warning] A second renderer will share the same internal context with the first one. Arguments passed to constructor will be ignored.
instruction: move sponge near apple
result: FAIL grasped=False steps=80 time=46.4s

-- episode 18 (env_id=18) --
[2026-08-11 10:03:30.815] [svulkan2] [warning] A second renderer will share the same internal context with the first one. Arguments passed to constructor will be ignored.
instruction: move 7up can near apple
result: FAIL grasped=False steps=80 time=46.5s

-- episode 19 (env_id=19) --
[2026-08-11 10:04:18.364] [svulkan2] [warning] A second renderer will share the same internal context with the first one. Arguments passed to constructor will be ignored.
instruction: move 7up can near sponge
result: FAIL grasped=False steps=80 time=46.5s

-- episode 20 (env_id=20) --
[2026-08-11 10:05:05.897] [svulkan2] [warning] A second renderer will share the same internal context with the first one. Arguments passed to constructor will be ignored.
instruction: move apple near 7up can
result: FAIL grasped=False steps=80 time=47.9s

-- episode 21 (env_id=21) --
[2026-08-11 10:05:54.884] [svulkan2] [warning] A second renderer will share the same internal context with the first one. Arguments passed to constructor will be ignored.
instruction: move apple near sponge
result: SUCCESS grasped=False steps=36 time=21.0s

-- episode 22 (env_id=22) --
[2026-08-11 10:06:16.980] [svulkan2] [warning] A second renderer will share the same internal context with the first one. Arguments passed to constructor will be ignored.
instruction: move sponge near 7up can
result: FAIL grasped=False steps=80 time=47.6s

-- episode 23 (env_id=23) --
[2026-08-11 10:07:05.673] [svulkan2] [warning] A second renderer will share the same internal context with the first one. Arguments passed to constructor will be ignored.
instruction: move sponge near apple
result: FAIL grasped=False steps=80 time=46.8s

-- episode 24 (env_id=24) --
[2026-08-11 10:07:53.490] [svulkan2] [warning] A second renderer will share the same internal context with the first one. Arguments passed to constructor will be ignored.
instruction: move coke can near redbull can
result: FAIL grasped=False steps=80 time=46.5s

-- episode 25 (env_id=25) --
[2026-08-11 10:08:41.072] [svulkan2] [warning] A second renderer will share the same internal context with the first one. Arguments passed to constructor will be ignored.
instruction: move coke can near apple
result: FAIL grasped=False steps=80 time=46.5s

-- episode 26 (env_id=26) --
[2026-08-11 10:09:28.653] [svulkan2] [warning] A second renderer will share the same internal context with the first one. Arguments passed to constructor will be ignored.
instruction: move redbull can near coke can
result: FAIL grasped=False steps=80 time=46.5s

-- episode 27 (env_id=27) --
[2026-08-11 10:10:16.085] [svulkan2] [warning] A second renderer will share the same internal context with the first one. Arguments passed to constructor will be ignored.
instruction: move redbull can near apple
result: SUCCESS grasped=False steps=27 time=15.8s

-- episode 28 (env_id=28) --
[2026-08-11 10:10:32.966] [svulkan2] [warning] A second renderer will share the same internal context with the first one. Arguments passed to constructor will be ignored.
instruction: move apple near coke can
result: FAIL grasped=False steps=80 time=46.4s

-- episode 29 (env_id=29) --
[2026-08-11 10:11:20.320] [svulkan2] [warning] A second renderer will share the same internal context with the first one. Arguments passed to constructor will be ignored.
instruction: move apple near redbull can
result: FAIL grasped=False steps=80 time=46.5s

-- episode 30 (env_id=30) --
[2026-08-11 10:12:07.790] [svulkan2] [warning] A second renderer will share the same internal context with the first one. Arguments passed to constructor will be ignored.
instruction: move coke can near redbull can
result: FAIL grasped=False steps=80 time=48.9s

-- episode 31 (env_id=31) --
[2026-08-11 10:12:57.531] [svulkan2] [warning] A second renderer will share the same internal context with the first one. Arguments passed to constructor will be ignored.
instruction: move coke can near apple
result: FAIL grasped=False steps=80 time=46.6s

-- episode 32 (env_id=32) --
[2026-08-11 10:13:45.136] [svulkan2] [warning] A second renderer will share the same internal context with the first one. Arguments passed to constructor will be ignored.
instruction: move redbull can near coke can
result: FAIL grasped=False steps=80 time=46.4s

-- episode 33 (env_id=33) --
[2026-08-11 10:14:32.546] [svulkan2] [warning] A second renderer will share the same internal context with the first one. Arguments passed to constructor will be ignored.
instruction: move redbull can near apple
result: FAIL grasped=False steps=80 time=47.0s

-- episode 34 (env_id=34) --
[2026-08-11 10:15:20.641] [svulkan2] [warning] A second renderer will share the same internal context with the first one. Arguments passed to constructor will be ignored.
instruction: move apple near coke can
result: FAIL grasped=False steps=80 time=47.1s

-- episode 35 (env_id=35) --
[2026-08-11 10:16:08.564] [svulkan2] [warning] A second renderer will share the same internal context with the first one. Arguments passed to constructor will be ignored.
instruction: move apple near redbull can
result: FAIL grasped=False steps=80 time=46.5s

-- episode 36 (env_id=36) --
[2026-08-11 10:16:55.855] [svulkan2] [warning] A second renderer will share the same internal context with the first one. Arguments passed to constructor will be ignored.
instruction: move sponge near blue plastic bottle
result: FAIL grasped=False steps=80 time=46.4s

-- episode 37 (env_id=37) --
[2026-08-11 10:17:43.316] [svulkan2] [warning] A second renderer will share the same internal context with the first one. Arguments passed to constructor will be ignored.
instruction: move sponge near 7up can
result: FAIL grasped=False steps=80 time=46.5s

-- episode 38 (env_id=38) --
[2026-08-11 10:18:30.817] [svulkan2] [warning] A second renderer will share the same internal context with the first one. Arguments passed to constructor will be ignored.
instruction: move blue plastic bottle near sponge
result: FAIL grasped=False steps=80 time=47.6s

-- episode 39 (env_id=39) --
[2026-08-11 10:19:19.431] [svulkan2] [warning] A second renderer will share the same internal context with the first one. Arguments passed to constructor will be ignored.
instruction: move blue plastic bottle near 7up can
result: FAIL grasped=False steps=80 time=46.5s

-- episode 40 (env_id=40) --
[2026-08-11 10:20:06.947] [svulkan2] [warning] A second renderer will share the same internal context with the first one. Arguments passed to constructor will be ignored.
instruction: move 7up can near sponge
result: FAIL grasped=False steps=80 time=46.4s

-- episode 41 (env_id=41) --
[2026-08-11 10:20:54.372] [svulkan2] [warning] A second renderer will share the same internal context with the first one. Arguments passed to constructor will be ignored.
instruction: move 7up can near blue plastic bottle
result: SUCCESS grasped=False steps=56 time=32.7s

-- episode 42 (env_id=42) --
[2026-08-11 10:21:28.110] [svulkan2] [warning] A second renderer will share the same internal context with the first one. Arguments passed to constructor will be ignored.
instruction: move sponge near blue plastic bottle
result: FAIL grasped=False steps=80 time=46.5s

-- episode 43 (env_id=43) --
[2026-08-11 10:22:15.618] [svulkan2] [warning] A second renderer will share the same internal context with the first one. Arguments passed to constructor will be ignored.
instruction: move sponge near 7up can
result: FAIL grasped=False steps=80 time=46.4s

-- episode 44 (env_id=44) --
[2026-08-11 10:23:03.053] [svulkan2] [warning] A second renderer will share the same internal context with the first one. Arguments passed to constructor will be ignored.
instruction: move blue plastic bottle near sponge
result: FAIL grasped=False steps=80 time=46.5s

-- episode 45 (env_id=45) --
[2026-08-11 10:23:50.607] [svulkan2] [warning] A second renderer will share the same internal context with the first one. Arguments passed to constructor will be ignored.
instruction: move blue plastic bottle near 7up can
result: SUCCESS grasped=False steps=36 time=21.0s

-- episode 46 (env_id=46) --
[2026-08-11 10:24:12.655] [svulkan2] [warning] A second renderer will share the same internal context with the first one. Arguments passed to constructor will be ignored.
instruction: move 7up can near sponge
result: SUCCESS grasped=False steps=21 time=12.4s

-- episode 47 (env_id=47) --
[2026-08-11 10:24:26.087] [svulkan2] [warning] A second renderer will share the same internal context with the first one. Arguments passed to constructor will be ignored.
instruction: move 7up can near blue plastic bottle
result: FAIL grasped=False steps=80 time=46.8s

-- episode 48 (env_id=48) --
[2026-08-11 10:25:13.911] [svulkan2] [warning] A second renderer will share the same internal context with the first one. Arguments passed to constructor will be ignored.
instruction: move orange near pepsi can
result: FAIL grasped=False steps=80 time=46.4s

-- episode 49 (env_id=49) --
[2026-08-11 10:26:01.413] [svulkan2] [warning] A second renderer will share the same internal context with the first one. Arguments passed to constructor will be ignored.
instruction: move orange near redbull can
result: FAIL grasped=False steps=80 time=46.5s

-- episode 50 (env_id=50) --
[2026-08-11 10:26:49.013] [svulkan2] [warning] A second renderer will share the same internal context with the first one. Arguments passed to constructor will be ignored.
instruction: move pepsi can near orange
result: FAIL grasped=False steps=80 time=46.4s

-- episode 51 (env_id=51) --
[2026-08-11 10:27:36.452] [svulkan2] [warning] A second renderer will share the same internal context with the first one. Arguments passed to constructor will be ignored.
instruction: move pepsi can near redbull can
result: FAIL grasped=False steps=80 time=46.4s

-- episode 52 (env_id=52) --
[2026-08-11 10:28:23.913] [svulkan2] [warning] A second renderer will share the same internal context with the first one. Arguments passed to constructor will be ignored.
instruction: move redbull can near orange
result: FAIL grasped=False steps=80 time=46.5s

-- episode 53 (env_id=53) --
[2026-08-11 10:29:11.505] [svulkan2] [warning] A second renderer will share the same internal context with the first one. Arguments passed to constructor will be ignored.
instruction: move redbull can near pepsi can
result: SUCCESS grasped=False steps=22 time=12.8s

-- episode 54 (env_id=54) --
[2026-08-11 10:29:25.399] [svulkan2] [warning] A second renderer will share the same internal context with the first one. Arguments passed to constructor will be ignored.
instruction: move orange near pepsi can
result: FAIL grasped=False steps=80 time=46.6s

-- episode 55 (env_id=55) --
[2026-08-11 10:30:13.032] [svulkan2] [warning] A second renderer will share the same internal context with the first one. Arguments passed to constructor will be ignored.
instruction: move orange near redbull can
result: FAIL grasped=False steps=80 time=47.1s

-- episode 56 (env_id=56) --
[2026-08-11 10:31:01.178] [svulkan2] [warning] A second renderer will share the same internal context with the first one. Arguments passed to constructor will be ignored.
instruction: move pepsi can near orange
result: FAIL grasped=False steps=80 time=46.6s

-- episode 57 (env_id=57) --
[2026-08-11 10:31:48.798] [svulkan2] [warning] A second renderer will share the same internal context with the first one. Arguments passed to constructor will be ignored.
instruction: move pepsi can near redbull can
result: SUCCESS grasped=False steps=26 time=15.3s

-- episode 58 (env_id=58) --
[2026-08-11 10:32:05.139] [svulkan2] [warning] A second renderer will share the same internal context with the first one. Arguments passed to constructor will be ignored.
instruction: move redbull can near orange
result: SUCCESS grasped=False steps=34 time=20.2s

-- episode 59 (env_id=59) --
[2026-08-11 10:32:26.378] [svulkan2] [warning] A second renderer will share the same internal context with the first one. Arguments passed to constructor will be ignored.
instruction: move redbull can near pepsi can
result: SUCCESS grasped=False steps=19 time=11.1s

==================================================
task:         google_robot_move_near_v0
model:        openvla_depth
setup:        google_robot (unnorm=fractal20220817_data, sticky=15)
success_rate: 11/60 = 18.3%
grasp_rate:   n/a (this env does not report a grasp signal)
avg_steps:    71
avg_elapsed:  41.7s
model_ms_per_infer: 461.6ms  (pure model forward pass, CUDA-synced)
model_ms_per_env_step: 461.6ms  (amortized over executed actions)
depth: bypassed 4 of 32 layers [28, 29, 30, 31]
==================================================
saved: /content/BiVLA_full/results/openvla_fractal_depth_control/window875/google_robot_move_near_v0/results_google_robot_move_near_v0.json
