/content/venv310/lib/python3.10/site-packages/sapien/core/renderer_config.py:4: UserWarning: pkg_resources is deprecated as an API. See https://setuptools.pypa.io/en/latest/pkg_resources.html. The pkg_resources package is slated for removal as early as 2025-11-30. Refrain from using this package or pin to Setuptools<81.
  import pkg_resources
[load] model=openvla_depth policy_setup=google_robot unnorm_key=(derived)
Using a slow image processor as `use_fast` is unset and a slow processor was saved with this model. `use_fast=True` will be the default behavior in v4.52, even if the model was saved with a slow processor. This will result in minor differences in outputs. You'll still be able to use a slow processor with `use_fast=False`.
Expected `transformers==4.40.1` and `tokenizers==0.19.1` but got `transformers==4.53.3` and `tokenizers==0.21.4`; there might be inference-time regressions due to dependency changes. If in doubt, pleaseuse the above versions.

Loading checkpoint shards:   0%|          | 0/3 [00:00<?, ?it/s]
Loading checkpoint shards:  33%|███▎      | 1/3 [00:00<00:00,  7.54it/s]
Loading checkpoint shards: 100%|██████████| 3/3 [00:00<00:00, 18.32it/s]
[depth/openvla] static pruning ON: bypass 4 most-redundant layers; eligible 28..31 of 32
[ok] model loaded  unnorm_key=fractal20220817_data sticky_gripper=15

-- episode 00 (env_id=0) --
/content/venv310/lib/python3.10/site-packages/gymnasium/core.py:311: UserWarning: [33mWARN: env.get_language_instruction to get variables from other wrappers is deprecated and will be removed in v1.0, to get this variable you can do `env.unwrapped.get_language_instruction` for environment variables or `env.get_wrapper_attr('get_language_instruction')` that will search the reminding wrappers.[0m
  logger.warn(
instruction: pick coke can
[depth] calibrated: bypass=[28, 29, 30, 31]
/content/venv310/lib/python3.10/site-packages/gymnasium/core.py:311: UserWarning: [33mWARN: env.get_language_instruction to get variables from other wrappers is deprecated and will be removed in v1.0, to get this variable you can do `env.unwrapped.get_language_instruction` for environment variables or `env.get_wrapper_attr('get_language_instruction')` that will search the reminding wrappers.[0m
  logger.warn(
result: FAIL grasped=False steps=80 time=48.3s

-- episode 01 (env_id=1) --
[2026-08-11 10:54:07.043] [svulkan2] [warning] A second renderer will share the same internal context with the first one. Arguments passed to constructor will be ignored.
instruction: pick coke can
result: FAIL grasped=False steps=80 time=46.4s

-- episode 02 (env_id=2) --
[2026-08-11 10:54:54.390] [svulkan2] [warning] A second renderer will share the same internal context with the first one. Arguments passed to constructor will be ignored.
instruction: pick coke can
result: FAIL grasped=False steps=80 time=46.3s

-- episode 03 (env_id=3) --
[2026-08-11 10:55:41.692] [svulkan2] [warning] A second renderer will share the same internal context with the first one. Arguments passed to constructor will be ignored.
instruction: pick coke can
result: FAIL grasped=False steps=80 time=46.3s

-- episode 04 (env_id=4) --
[2026-08-11 10:56:29.097] [svulkan2] [warning] A second renderer will share the same internal context with the first one. Arguments passed to constructor will be ignored.
instruction: pick coke can
result: FAIL grasped=False steps=80 time=46.4s

-- episode 05 (env_id=5) --
[2026-08-11 10:57:16.424] [svulkan2] [warning] A second renderer will share the same internal context with the first one. Arguments passed to constructor will be ignored.
instruction: pick coke can
result: FAIL grasped=False steps=80 time=46.4s

-- episode 06 (env_id=6) --
[2026-08-11 10:58:03.904] [svulkan2] [warning] A second renderer will share the same internal context with the first one. Arguments passed to constructor will be ignored.
instruction: pick coke can
result: FAIL grasped=False steps=80 time=46.3s

-- episode 07 (env_id=7) --
[2026-08-11 10:58:51.192] [svulkan2] [warning] A second renderer will share the same internal context with the first one. Arguments passed to constructor will be ignored.
instruction: pick coke can
result: FAIL grasped=False steps=80 time=46.3s

-- episode 08 (env_id=8) --
[2026-08-11 10:59:38.460] [svulkan2] [warning] A second renderer will share the same internal context with the first one. Arguments passed to constructor will be ignored.
instruction: pick coke can
result: FAIL grasped=False steps=80 time=46.5s

-- episode 09 (env_id=9) --
[2026-08-11 11:00:25.968] [svulkan2] [warning] A second renderer will share the same internal context with the first one. Arguments passed to constructor will be ignored.
instruction: pick coke can
result: FAIL grasped=False steps=80 time=46.4s

-- episode 10 (env_id=10) --
[2026-08-11 11:01:13.339] [svulkan2] [warning] A second renderer will share the same internal context with the first one. Arguments passed to constructor will be ignored.
instruction: pick coke can
result: FAIL grasped=False steps=80 time=46.3s

-- episode 11 (env_id=11) --
[2026-08-11 11:02:00.557] [svulkan2] [warning] A second renderer will share the same internal context with the first one. Arguments passed to constructor will be ignored.
instruction: pick coke can
result: FAIL grasped=False steps=80 time=46.4s

-- episode 12 (env_id=12) --
[2026-08-11 11:02:47.901] [svulkan2] [warning] A second renderer will share the same internal context with the first one. Arguments passed to constructor will be ignored.
instruction: pick coke can
result: FAIL grasped=False steps=80 time=46.3s

-- episode 13 (env_id=13) --
[2026-08-11 11:03:35.220] [svulkan2] [warning] A second renderer will share the same internal context with the first one. Arguments passed to constructor will be ignored.
instruction: pick coke can
result: FAIL grasped=False steps=80 time=46.4s

-- episode 14 (env_id=14) --
[2026-08-11 11:04:22.587] [svulkan2] [warning] A second renderer will share the same internal context with the first one. Arguments passed to constructor will be ignored.
instruction: pick coke can
result: FAIL grasped=False steps=80 time=46.5s

-- episode 15 (env_id=15) --
[2026-08-11 11:05:10.054] [svulkan2] [warning] A second renderer will share the same internal context with the first one. Arguments passed to constructor will be ignored.
instruction: pick coke can
result: FAIL grasped=False steps=80 time=46.8s

-- episode 16 (env_id=16) --
[2026-08-11 11:05:57.844] [svulkan2] [warning] A second renderer will share the same internal context with the first one. Arguments passed to constructor will be ignored.
instruction: pick coke can
result: FAIL grasped=False steps=80 time=46.7s

-- episode 17 (env_id=17) --
[2026-08-11 11:06:45.457] [svulkan2] [warning] A second renderer will share the same internal context with the first one. Arguments passed to constructor will be ignored.
instruction: pick coke can
result: FAIL grasped=False steps=80 time=46.6s

-- episode 18 (env_id=18) --
[2026-08-11 11:07:33.036] [svulkan2] [warning] A second renderer will share the same internal context with the first one. Arguments passed to constructor will be ignored.
instruction: pick coke can
result: FAIL grasped=False steps=80 time=46.5s

-- episode 19 (env_id=19) --
[2026-08-11 11:08:20.473] [svulkan2] [warning] A second renderer will share the same internal context with the first one. Arguments passed to constructor will be ignored.
instruction: pick coke can
result: FAIL grasped=False steps=80 time=47.4s

-- episode 20 (env_id=20) --
[2026-08-11 11:09:08.770] [svulkan2] [warning] A second renderer will share the same internal context with the first one. Arguments passed to constructor will be ignored.
instruction: pick coke can
result: FAIL grasped=False steps=80 time=46.5s

-- episode 21 (env_id=21) --
[2026-08-11 11:09:56.244] [svulkan2] [warning] A second renderer will share the same internal context with the first one. Arguments passed to constructor will be ignored.
instruction: pick coke can
result: FAIL grasped=False steps=80 time=46.5s

-- episode 22 (env_id=22) --
[2026-08-11 11:10:43.649] [svulkan2] [warning] A second renderer will share the same internal context with the first one. Arguments passed to constructor will be ignored.
instruction: pick coke can
result: FAIL grasped=False steps=80 time=46.7s

-- episode 23 (env_id=23) --
[2026-08-11 11:11:31.212] [svulkan2] [warning] A second renderer will share the same internal context with the first one. Arguments passed to constructor will be ignored.
instruction: pick coke can
result: FAIL grasped=False steps=80 time=46.4s

-- episode 24 (env_id=24) --
[2026-08-11 11:12:18.556] [svulkan2] [warning] A second renderer will share the same internal context with the first one. Arguments passed to constructor will be ignored.
instruction: pick coke can
result: FAIL grasped=False steps=80 time=46.3s

==================================================
task:         google_robot_pick_vertical_coke_can
model:        openvla_depth
setup:        google_robot (unnorm=fractal20220817_data, sticky=15)
success_rate: 0/25 = 0.0%
grasp_rate:   0/25 = 0.0%
avg_steps:    80
avg_elapsed:  46.6s
model_ms_per_infer: 460.4ms  (pure model forward pass, CUDA-synced)
model_ms_per_env_step: 460.4ms  (amortized over executed actions)
depth: bypassed 4 of 32 layers [28, 29, 30, 31]
==================================================
saved: /content/BiVLA_full/results/openvla_fractal_depth_control/window875/google_robot_pick_vertical_coke_can/results_google_robot_pick_vertical_coke_can.json
