/content/venv310/lib/python3.10/site-packages/sapien/core/renderer_config.py:4: UserWarning: pkg_resources is deprecated as an API. See https://setuptools.pypa.io/en/latest/pkg_resources.html. The pkg_resources package is slated for removal as early as 2025-11-30. Refrain from using this package or pin to Setuptools<81.
  import pkg_resources
[load] model=openvla_depth policy_setup=google_robot unnorm_key=(derived)
Using a slow image processor as `use_fast` is unset and a slow processor was saved with this model. `use_fast=True` will be the default behavior in v4.52, even if the model was saved with a slow processor. This will result in minor differences in outputs. You'll still be able to use a slow processor with `use_fast=False`.
Expected `transformers==4.40.1` and `tokenizers==0.19.1` but got `transformers==4.53.3` and `tokenizers==0.21.4`; there might be inference-time regressions due to dependency changes. If in doubt, pleaseuse the above versions.

Loading checkpoint shards:   0%|          | 0/3 [00:00<?, ?it/s]
Loading checkpoint shards:  33%|███▎      | 1/3 [00:00<00:00,  7.65it/s]
Loading checkpoint shards: 100%|██████████| 3/3 [00:00<00:00, 18.50it/s]
[depth/openvla] static pruning ON: bypass 3 most-redundant layers; eligible 16..31 of 32
[ok] model loaded  unnorm_key=fractal20220817_data sticky_gripper=15

-- episode 00 (env_id=0) --
/content/venv310/lib/python3.10/site-packages/gymnasium/core.py:311: UserWarning: [33mWARN: env.get_language_instruction to get variables from other wrappers is deprecated and will be removed in v1.0, to get this variable you can do `env.unwrapped.get_language_instruction` for environment variables or `env.get_wrapper_attr('get_language_instruction')` that will search the reminding wrappers.[0m
  logger.warn(
instruction: pick coke can
[depth] calibrated: bypass=[17, 23, 26]
/content/venv310/lib/python3.10/site-packages/gymnasium/core.py:311: UserWarning: [33mWARN: env.get_language_instruction to get variables from other wrappers is deprecated and will be removed in v1.0, to get this variable you can do `env.unwrapped.get_language_instruction` for environment variables or `env.get_wrapper_attr('get_language_instruction')` that will search the reminding wrappers.[0m
  logger.warn(
result: FAIL grasped=True steps=80 time=50.5s

-- episode 01 (env_id=1) --
[2026-08-11 07:54:51.199] [svulkan2] [warning] A second renderer will share the same internal context with the first one. Arguments passed to constructor will be ignored.
instruction: pick coke can
result: FAIL grasped=False steps=80 time=49.0s

-- episode 02 (env_id=2) --
[2026-08-11 07:55:41.147] [svulkan2] [warning] A second renderer will share the same internal context with the first one. Arguments passed to constructor will be ignored.
instruction: pick coke can
result: FAIL grasped=False steps=80 time=49.7s

-- episode 03 (env_id=3) --
[2026-08-11 07:56:31.797] [svulkan2] [warning] A second renderer will share the same internal context with the first one. Arguments passed to constructor will be ignored.
instruction: pick coke can
result: FAIL grasped=False steps=80 time=50.3s

-- episode 04 (env_id=4) --
[2026-08-11 07:57:23.264] [svulkan2] [warning] A second renderer will share the same internal context with the first one. Arguments passed to constructor will be ignored.
instruction: pick coke can
result: FAIL grasped=False steps=80 time=50.2s

-- episode 05 (env_id=5) --
[2026-08-11 07:58:14.412] [svulkan2] [warning] A second renderer will share the same internal context with the first one. Arguments passed to constructor will be ignored.
instruction: pick coke can
result: FAIL grasped=False steps=80 time=48.1s

-- episode 06 (env_id=6) --
[2026-08-11 07:59:03.631] [svulkan2] [warning] A second renderer will share the same internal context with the first one. Arguments passed to constructor will be ignored.
instruction: pick coke can
result: FAIL grasped=False steps=80 time=48.9s

-- episode 07 (env_id=7) --
[2026-08-11 07:59:53.442] [svulkan2] [warning] A second renderer will share the same internal context with the first one. Arguments passed to constructor will be ignored.
instruction: pick coke can
result: SUCCESS grasped=True steps=77 time=46.9s

-- episode 08 (env_id=8) --
[2026-08-11 08:00:41.316] [svulkan2] [warning] A second renderer will share the same internal context with the first one. Arguments passed to constructor will be ignored.
instruction: pick coke can
result: FAIL grasped=False steps=80 time=48.3s

-- episode 09 (env_id=9) --
[2026-08-11 08:01:30.552] [svulkan2] [warning] A second renderer will share the same internal context with the first one. Arguments passed to constructor will be ignored.
instruction: pick coke can
result: FAIL grasped=False steps=80 time=49.2s

-- episode 10 (env_id=10) --
[2026-08-11 08:02:20.754] [svulkan2] [warning] A second renderer will share the same internal context with the first one. Arguments passed to constructor will be ignored.
instruction: pick coke can
result: SUCCESS grasped=True steps=45 time=27.0s

-- episode 11 (env_id=11) --
[2026-08-11 08:02:48.641] [svulkan2] [warning] A second renderer will share the same internal context with the first one. Arguments passed to constructor will be ignored.
instruction: pick coke can
result: SUCCESS grasped=True steps=39 time=23.5s

-- episode 12 (env_id=12) --
[2026-08-11 08:03:13.041] [svulkan2] [warning] A second renderer will share the same internal context with the first one. Arguments passed to constructor will be ignored.
instruction: pick coke can
result: SUCCESS grasped=True steps=29 time=17.5s

-- episode 13 (env_id=13) --
[2026-08-11 08:03:31.469] [svulkan2] [warning] A second renderer will share the same internal context with the first one. Arguments passed to constructor will be ignored.
instruction: pick coke can
result: FAIL grasped=True steps=80 time=49.8s

-- episode 14 (env_id=14) --
[2026-08-11 08:04:22.281] [svulkan2] [warning] A second renderer will share the same internal context with the first one. Arguments passed to constructor will be ignored.
instruction: pick coke can
result: FAIL grasped=False steps=80 time=48.3s

-- episode 15 (env_id=15) --
[2026-08-11 08:05:11.590] [svulkan2] [warning] A second renderer will share the same internal context with the first one. Arguments passed to constructor will be ignored.
instruction: pick coke can
result: FAIL grasped=False steps=80 time=49.1s

-- episode 16 (env_id=16) --
[2026-08-11 08:06:01.652] [svulkan2] [warning] A second renderer will share the same internal context with the first one. Arguments passed to constructor will be ignored.
instruction: pick coke can
result: SUCCESS grasped=True steps=23 time=13.8s

-- episode 17 (env_id=17) --
[2026-08-11 08:06:16.361] [svulkan2] [warning] A second renderer will share the same internal context with the first one. Arguments passed to constructor will be ignored.
instruction: pick coke can
result: SUCCESS grasped=True steps=23 time=13.8s

-- episode 18 (env_id=18) --
[2026-08-11 08:06:31.143] [svulkan2] [warning] A second renderer will share the same internal context with the first one. Arguments passed to constructor will be ignored.
instruction: pick coke can
result: FAIL grasped=False steps=80 time=50.0s

-- episode 19 (env_id=19) --
[2026-08-11 08:07:22.163] [svulkan2] [warning] A second renderer will share the same internal context with the first one. Arguments passed to constructor will be ignored.
instruction: pick coke can
result: FAIL grasped=True steps=80 time=49.7s

-- episode 20 (env_id=20) --
[2026-08-11 08:08:12.742] [svulkan2] [warning] A second renderer will share the same internal context with the first one. Arguments passed to constructor will be ignored.
instruction: pick coke can
result: FAIL grasped=False steps=80 time=48.5s

-- episode 21 (env_id=21) --
[2026-08-11 08:09:02.235] [svulkan2] [warning] A second renderer will share the same internal context with the first one. Arguments passed to constructor will be ignored.
instruction: pick coke can
result: FAIL grasped=True steps=80 time=49.5s

-- episode 22 (env_id=22) --
[2026-08-11 08:09:52.689] [svulkan2] [warning] A second renderer will share the same internal context with the first one. Arguments passed to constructor will be ignored.
instruction: pick coke can
result: SUCCESS grasped=True steps=20 time=12.1s

-- episode 23 (env_id=23) --
[2026-08-11 08:10:05.667] [svulkan2] [warning] A second renderer will share the same internal context with the first one. Arguments passed to constructor will be ignored.
instruction: pick coke can
result: FAIL grasped=True steps=80 time=49.7s

-- episode 24 (env_id=24) --
[2026-08-11 08:10:56.307] [svulkan2] [warning] A second renderer will share the same internal context with the first one. Arguments passed to constructor will be ignored.
instruction: pick coke can
result: FAIL grasped=True steps=80 time=50.4s

==================================================
task:         google_robot_pick_vertical_coke_can
model:        openvla_depth
setup:        google_robot (unnorm=fractal20220817_data, sticky=15)
success_rate: 7/25 = 28.0%
grasp_rate:   13/25 = 52.0%
avg_steps:    68
avg_elapsed:  41.8s
model_ms_per_infer: 474.3ms  (pure model forward pass, CUDA-synced)
model_ms_per_env_step: 474.3ms  (amortized over executed actions)
depth: bypassed 3 of 32 layers [17, 23, 26]
==================================================
saved: /content/BiVLA_full/results/openvla_fractal_depth_control/prune3/google_robot_pick_vertical_coke_can/results_google_robot_pick_vertical_coke_can.json
