/content/venv310/lib/python3.10/site-packages/sapien/core/renderer_config.py:4: UserWarning: pkg_resources is deprecated as an API. See https://setuptools.pypa.io/en/latest/pkg_resources.html. The pkg_resources package is slated for removal as early as 2025-11-30. Refrain from using this package or pin to Setuptools<81.
  import pkg_resources
[load] model=openvla_depth policy_setup=google_robot unnorm_key=(derived)
Using a slow image processor as `use_fast` is unset and a slow processor was saved with this model. `use_fast=True` will be the default behavior in v4.52, even if the model was saved with a slow processor. This will result in minor differences in outputs. You'll still be able to use a slow processor with `use_fast=False`.
Expected `transformers==4.40.1` and `tokenizers==0.19.1` but got `transformers==4.53.3` and `tokenizers==0.21.4`; there might be inference-time regressions due to dependency changes. If in doubt, pleaseuse the above versions.

Loading checkpoint shards:   0%|          | 0/3 [00:00<?, ?it/s]
Loading checkpoint shards:  33%|███▎      | 1/3 [00:00<00:00,  7.59it/s]
Loading checkpoint shards: 100%|██████████| 3/3 [00:00<00:00, 17.83it/s]
[depth/openvla] static pruning ON: bypass 3 most-redundant layers; eligible 16..31 of 32
[ok] model loaded  unnorm_key=fractal20220817_data sticky_gripper=15

-- episode 00 (env_id=0) --
/content/venv310/lib/python3.10/site-packages/gymnasium/core.py:311: UserWarning: [33mWARN: env.get_language_instruction to get variables from other wrappers is deprecated and will be removed in v1.0, to get this variable you can do `env.unwrapped.get_language_instruction` for environment variables or `env.get_wrapper_attr('get_language_instruction')` that will search the reminding wrappers.[0m
  logger.warn(
instruction: pick coke can
[depth] calibrated: bypass=[17, 23, 26]
/content/venv310/lib/python3.10/site-packages/gymnasium/core.py:311: UserWarning: [33mWARN: env.get_language_instruction to get variables from other wrappers is deprecated and will be removed in v1.0, to get this variable you can do `env.unwrapped.get_language_instruction` for environment variables or `env.get_wrapper_attr('get_language_instruction')` that will search the reminding wrappers.[0m
  logger.warn(
result: FAIL grasped=False steps=80 time=50.5s

-- episode 01 (env_id=1) --
[2026-08-11 08:13:01.417] [svulkan2] [warning] A second renderer will share the same internal context with the first one. Arguments passed to constructor will be ignored.
instruction: pick coke can
result: FAIL grasped=False steps=80 time=48.8s

-- episode 02 (env_id=2) --
[2026-08-11 08:13:51.140] [svulkan2] [warning] A second renderer will share the same internal context with the first one. Arguments passed to constructor will be ignored.
instruction: pick coke can
result: SUCCESS grasped=True steps=25 time=14.9s

-- episode 03 (env_id=3) --
[2026-08-11 08:14:07.029] [svulkan2] [warning] A second renderer will share the same internal context with the first one. Arguments passed to constructor will be ignored.
instruction: pick coke can
result: SUCCESS grasped=True steps=78 time=47.9s

-- episode 04 (env_id=4) --
[2026-08-11 08:14:56.033] [svulkan2] [warning] A second renderer will share the same internal context with the first one. Arguments passed to constructor will be ignored.
instruction: pick coke can
result: SUCCESS grasped=True steps=33 time=19.9s

-- episode 05 (env_id=5) --
[2026-08-11 08:15:16.894] [svulkan2] [warning] A second renderer will share the same internal context with the first one. Arguments passed to constructor will be ignored.
instruction: pick coke can
result: SUCCESS grasped=True steps=73 time=44.3s

-- episode 06 (env_id=6) --
[2026-08-11 08:16:02.323] [svulkan2] [warning] A second renderer will share the same internal context with the first one. Arguments passed to constructor will be ignored.
instruction: pick coke can
result: SUCCESS grasped=True steps=54 time=32.9s

-- episode 07 (env_id=7) --
[2026-08-11 08:16:36.182] [svulkan2] [warning] A second renderer will share the same internal context with the first one. Arguments passed to constructor will be ignored.
instruction: pick coke can
result: FAIL grasped=True steps=80 time=48.9s

-- episode 08 (env_id=8) --
[2026-08-11 08:17:26.078] [svulkan2] [warning] A second renderer will share the same internal context with the first one. Arguments passed to constructor will be ignored.
instruction: pick coke can
result: SUCCESS grasped=True steps=52 time=31.8s

-- episode 09 (env_id=9) --
[2026-08-11 08:17:58.861] [svulkan2] [warning] A second renderer will share the same internal context with the first one. Arguments passed to constructor will be ignored.
instruction: pick coke can
result: FAIL grasped=False steps=80 time=49.5s

-- episode 10 (env_id=10) --
[2026-08-11 08:18:49.326] [svulkan2] [warning] A second renderer will share the same internal context with the first one. Arguments passed to constructor will be ignored.
instruction: pick coke can
result: FAIL grasped=False steps=80 time=48.9s

-- episode 11 (env_id=11) --
[2026-08-11 08:19:39.180] [svulkan2] [warning] A second renderer will share the same internal context with the first one. Arguments passed to constructor will be ignored.
instruction: pick coke can
result: FAIL grasped=True steps=80 time=48.9s

-- episode 12 (env_id=12) --
[2026-08-11 08:20:28.838] [svulkan2] [warning] A second renderer will share the same internal context with the first one. Arguments passed to constructor will be ignored.
instruction: pick coke can
result: FAIL grasped=True steps=80 time=49.1s

-- episode 13 (env_id=13) --
[2026-08-11 08:21:18.865] [svulkan2] [warning] A second renderer will share the same internal context with the first one. Arguments passed to constructor will be ignored.
instruction: pick coke can
result: FAIL grasped=True steps=80 time=49.2s

-- episode 14 (env_id=14) --
[2026-08-11 08:22:09.039] [svulkan2] [warning] A second renderer will share the same internal context with the first one. Arguments passed to constructor will be ignored.
instruction: pick coke can
result: SUCCESS grasped=True steps=79 time=48.6s

-- episode 15 (env_id=15) --
[2026-08-11 08:22:58.638] [svulkan2] [warning] A second renderer will share the same internal context with the first one. Arguments passed to constructor will be ignored.
instruction: pick coke can
result: SUCCESS grasped=True steps=77 time=47.1s

-- episode 16 (env_id=16) --
[2026-08-11 08:23:46.700] [svulkan2] [warning] A second renderer will share the same internal context with the first one. Arguments passed to constructor will be ignored.
instruction: pick coke can
result: FAIL grasped=True steps=80 time=49.1s

-- episode 17 (env_id=17) --
[2026-08-11 08:24:36.675] [svulkan2] [warning] A second renderer will share the same internal context with the first one. Arguments passed to constructor will be ignored.
instruction: pick coke can
result: FAIL grasped=True steps=80 time=48.8s

-- episode 18 (env_id=18) --
[2026-08-11 08:25:26.444] [svulkan2] [warning] A second renderer will share the same internal context with the first one. Arguments passed to constructor will be ignored.
instruction: pick coke can
result: SUCCESS grasped=True steps=70 time=42.9s

-- episode 19 (env_id=19) --
[2026-08-11 08:26:10.319] [svulkan2] [warning] A second renderer will share the same internal context with the first one. Arguments passed to constructor will be ignored.
instruction: pick coke can
result: SUCCESS grasped=True steps=22 time=13.2s

-- episode 20 (env_id=20) --
[2026-08-11 08:26:24.459] [svulkan2] [warning] A second renderer will share the same internal context with the first one. Arguments passed to constructor will be ignored.
instruction: pick coke can
result: FAIL grasped=False steps=80 time=47.5s

-- episode 21 (env_id=21) --
[2026-08-11 08:27:12.907] [svulkan2] [warning] A second renderer will share the same internal context with the first one. Arguments passed to constructor will be ignored.
instruction: pick coke can
result: FAIL grasped=True steps=80 time=48.7s

-- episode 22 (env_id=22) --
[2026-08-11 08:28:02.517] [svulkan2] [warning] A second renderer will share the same internal context with the first one. Arguments passed to constructor will be ignored.
instruction: pick coke can
result: FAIL grasped=False steps=80 time=47.5s

-- episode 23 (env_id=23) --
[2026-08-11 08:28:50.926] [svulkan2] [warning] A second renderer will share the same internal context with the first one. Arguments passed to constructor will be ignored.
instruction: pick coke can
result: FAIL grasped=False steps=80 time=49.8s

-- episode 24 (env_id=24) --
[2026-08-11 08:29:41.720] [svulkan2] [warning] A second renderer will share the same internal context with the first one. Arguments passed to constructor will be ignored.
instruction: pick coke can
result: FAIL grasped=True steps=80 time=49.3s

==================================================
task:         google_robot_pick_standing_coke_can
model:        openvla_depth
setup:        google_robot (unnorm=fractal20220817_data, sticky=15)
success_rate: 10/25 = 40.0%
grasp_rate:   18/25 = 72.0%
avg_steps:    71
avg_elapsed:  43.1s
model_ms_per_infer: 474.6ms  (pure model forward pass, CUDA-synced)
model_ms_per_env_step: 474.6ms  (amortized over executed actions)
depth: bypassed 3 of 32 layers [17, 23, 26]
==================================================
saved: /content/BiVLA_full/results/openvla_fractal_depth_control/prune3/google_robot_pick_standing_coke_can/results_google_robot_pick_standing_coke_can.json
