/content/venv310/lib/python3.10/site-packages/sapien/core/renderer_config.py:4: UserWarning: pkg_resources is deprecated as an API. See https://setuptools.pypa.io/en/latest/pkg_resources.html. The pkg_resources package is slated for removal as early as 2025-11-30. Refrain from using this package or pin to Setuptools<81.
  import pkg_resources
[load] model=openvla_depth policy_setup=google_robot unnorm_key=(derived)
Using a slow image processor as `use_fast` is unset and a slow processor was saved with this model. `use_fast=True` will be the default behavior in v4.52, even if the model was saved with a slow processor. This will result in minor differences in outputs. You'll still be able to use a slow processor with `use_fast=False`.
Expected `transformers==4.40.1` and `tokenizers==0.19.1` but got `transformers==4.53.3` and `tokenizers==0.21.4`; there might be inference-time regressions due to dependency changes. If in doubt, pleaseuse the above versions.

Loading checkpoint shards:   0%|          | 0/3 [00:00<?, ?it/s]
Loading checkpoint shards:  33%|███▎      | 1/3 [00:00<00:00,  7.40it/s]
Loading checkpoint shards: 100%|██████████| 3/3 [00:00<00:00, 17.85it/s]
[depth/openvla] static pruning ON: bypass 3 most-redundant layers; eligible 16..31 of 32
[ok] model loaded  unnorm_key=fractal20220817_data sticky_gripper=15

-- episode 00 (env_id=0) --
/content/venv310/lib/python3.10/site-packages/gymnasium/core.py:311: UserWarning: [33mWARN: env.get_language_instruction to get variables from other wrappers is deprecated and will be removed in v1.0, to get this variable you can do `env.unwrapped.get_language_instruction` for environment variables or `env.get_wrapper_attr('get_language_instruction')` that will search the reminding wrappers.[0m
  logger.warn(
instruction: pick coke can
[depth] calibrated: bypass=[17, 23, 26]
/content/venv310/lib/python3.10/site-packages/gymnasium/core.py:311: UserWarning: [33mWARN: env.get_language_instruction to get variables from other wrappers is deprecated and will be removed in v1.0, to get this variable you can do `env.unwrapped.get_language_instruction` for environment variables or `env.get_wrapper_attr('get_language_instruction')` that will search the reminding wrappers.[0m
  logger.warn(
result: FAIL grasped=True steps=80 time=52.1s

-- episode 01 (env_id=1) --
[2026-08-11 07:37:19.094] [svulkan2] [warning] A second renderer will share the same internal context with the first one. Arguments passed to constructor will be ignored.
instruction: pick coke can
result: SUCCESS grasped=True steps=35 time=21.2s

-- episode 02 (env_id=2) --
[2026-08-11 07:37:41.217] [svulkan2] [warning] A second renderer will share the same internal context with the first one. Arguments passed to constructor will be ignored.
instruction: pick coke can
result: SUCCESS grasped=True steps=33 time=19.9s

-- episode 03 (env_id=3) --
[2026-08-11 07:38:02.077] [svulkan2] [warning] A second renderer will share the same internal context with the first one. Arguments passed to constructor will be ignored.
instruction: pick coke can
result: FAIL grasped=False steps=80 time=48.3s

-- episode 04 (env_id=4) --
[2026-08-11 07:38:51.474] [svulkan2] [warning] A second renderer will share the same internal context with the first one. Arguments passed to constructor will be ignored.
instruction: pick coke can
result: FAIL grasped=False steps=80 time=49.5s

-- episode 05 (env_id=5) --
[2026-08-11 07:39:41.959] [svulkan2] [warning] A second renderer will share the same internal context with the first one. Arguments passed to constructor will be ignored.
instruction: pick coke can
result: FAIL grasped=True steps=80 time=49.4s

-- episode 06 (env_id=6) --
[2026-08-11 07:40:32.490] [svulkan2] [warning] A second renderer will share the same internal context with the first one. Arguments passed to constructor will be ignored.
instruction: pick coke can
result: FAIL grasped=True steps=80 time=50.2s

-- episode 07 (env_id=7) --
[2026-08-11 07:41:23.694] [svulkan2] [warning] A second renderer will share the same internal context with the first one. Arguments passed to constructor will be ignored.
instruction: pick coke can
result: SUCCESS grasped=True steps=28 time=16.9s

-- episode 08 (env_id=8) --
[2026-08-11 07:41:41.540] [svulkan2] [warning] A second renderer will share the same internal context with the first one. Arguments passed to constructor will be ignored.
instruction: pick coke can
result: SUCCESS grasped=True steps=29 time=17.5s

-- episode 09 (env_id=9) --
[2026-08-11 07:42:00.011] [svulkan2] [warning] A second renderer will share the same internal context with the first one. Arguments passed to constructor will be ignored.
instruction: pick coke can
result: FAIL grasped=False steps=80 time=49.6s

-- episode 10 (env_id=10) --
[2026-08-11 07:42:50.555] [svulkan2] [warning] A second renderer will share the same internal context with the first one. Arguments passed to constructor will be ignored.
instruction: pick coke can
result: FAIL grasped=True steps=80 time=49.5s

-- episode 11 (env_id=11) --
[2026-08-11 07:43:40.945] [svulkan2] [warning] A second renderer will share the same internal context with the first one. Arguments passed to constructor will be ignored.
instruction: pick coke can
result: FAIL grasped=True steps=80 time=49.2s

-- episode 12 (env_id=12) --
[2026-08-11 07:44:31.024] [svulkan2] [warning] A second renderer will share the same internal context with the first one. Arguments passed to constructor will be ignored.
instruction: pick coke can
result: FAIL grasped=True steps=80 time=49.4s

-- episode 13 (env_id=13) --
[2026-08-11 07:45:21.427] [svulkan2] [warning] A second renderer will share the same internal context with the first one. Arguments passed to constructor will be ignored.
instruction: pick coke can
result: SUCCESS grasped=True steps=25 time=15.1s

-- episode 14 (env_id=14) --
[2026-08-11 07:45:37.512] [svulkan2] [warning] A second renderer will share the same internal context with the first one. Arguments passed to constructor will be ignored.
instruction: pick coke can
result: FAIL grasped=False steps=80 time=49.5s

-- episode 15 (env_id=15) --
[2026-08-11 07:46:28.013] [svulkan2] [warning] A second renderer will share the same internal context with the first one. Arguments passed to constructor will be ignored.
instruction: pick coke can
result: FAIL grasped=True steps=80 time=48.8s

-- episode 16 (env_id=16) --
[2026-08-11 07:47:17.811] [svulkan2] [warning] A second renderer will share the same internal context with the first one. Arguments passed to constructor will be ignored.
instruction: pick coke can
result: SUCCESS grasped=True steps=59 time=36.0s

-- episode 17 (env_id=17) --
[2026-08-11 07:47:54.743] [svulkan2] [warning] A second renderer will share the same internal context with the first one. Arguments passed to constructor will be ignored.
instruction: pick coke can
result: FAIL grasped=True steps=80 time=49.4s

-- episode 18 (env_id=18) --
[2026-08-11 07:48:45.139] [svulkan2] [warning] A second renderer will share the same internal context with the first one. Arguments passed to constructor will be ignored.
instruction: pick coke can
result: SUCCESS grasped=True steps=17 time=10.3s

-- episode 19 (env_id=19) --
[2026-08-11 07:48:56.456] [svulkan2] [warning] A second renderer will share the same internal context with the first one. Arguments passed to constructor will be ignored.
instruction: pick coke can
result: FAIL grasped=False steps=80 time=48.9s

-- episode 20 (env_id=20) --
[2026-08-11 07:49:46.285] [svulkan2] [warning] A second renderer will share the same internal context with the first one. Arguments passed to constructor will be ignored.
instruction: pick coke can
result: SUCCESS grasped=True steps=49 time=29.7s

-- episode 21 (env_id=21) --
[2026-08-11 07:50:16.921] [svulkan2] [warning] A second renderer will share the same internal context with the first one. Arguments passed to constructor will be ignored.
instruction: pick coke can
result: FAIL grasped=True steps=80 time=49.0s

-- episode 22 (env_id=22) --
[2026-08-11 07:51:06.846] [svulkan2] [warning] A second renderer will share the same internal context with the first one. Arguments passed to constructor will be ignored.
instruction: pick coke can
result: FAIL grasped=True steps=80 time=49.4s

-- episode 23 (env_id=23) --
[2026-08-11 07:51:57.182] [svulkan2] [warning] A second renderer will share the same internal context with the first one. Arguments passed to constructor will be ignored.
instruction: pick coke can
result: FAIL grasped=True steps=80 time=49.3s

-- episode 24 (env_id=24) --
[2026-08-11 07:52:47.485] [svulkan2] [warning] A second renderer will share the same internal context with the first one. Arguments passed to constructor will be ignored.
instruction: pick coke can
result: FAIL grasped=True steps=80 time=49.1s

==================================================
task:         google_robot_pick_horizontal_coke_can
model:        openvla_depth
setup:        google_robot (unnorm=fractal20220817_data, sticky=15)
success_rate: 8/25 = 32.0%
grasp_rate:   20/25 = 80.0%
avg_steps:    65
avg_elapsed:  40.3s
model_ms_per_infer: 475.3ms  (pure model forward pass, CUDA-synced)
model_ms_per_env_step: 475.3ms  (amortized over executed actions)
depth: bypassed 3 of 32 layers [17, 23, 26]
==================================================
saved: /content/BiVLA_full/results/openvla_fractal_depth_control/prune3/google_robot_pick_horizontal_coke_can/results_google_robot_pick_horizontal_coke_can.json
