/content/venv310/lib/python3.10/site-packages/sapien/core/renderer_config.py:4: UserWarning: pkg_resources is deprecated as an API. See https://setuptools.pypa.io/en/latest/pkg_resources.html. The pkg_resources package is slated for removal as early as 2025-11-30. Refrain from using this package or pin to Setuptools<81.
  import pkg_resources
[load] model=openvla_depth policy_setup=google_robot unnorm_key=(derived)
Using a slow image processor as `use_fast` is unset and a slow processor was saved with this model. `use_fast=True` will be the default behavior in v4.52, even if the model was saved with a slow processor. This will result in minor differences in outputs. You'll still be able to use a slow processor with `use_fast=False`.
Expected `transformers==4.40.1` and `tokenizers==0.19.1` but got `transformers==4.53.3` and `tokenizers==0.21.4`; there might be inference-time regressions due to dependency changes. If in doubt, pleaseuse the above versions.

Loading checkpoint shards:   0%|          | 0/3 [00:00<?, ?it/s]
Loading checkpoint shards:  33%|███▎      | 1/3 [00:00<00:00,  7.67it/s]
Loading checkpoint shards: 100%|██████████| 3/3 [00:00<00:00, 18.56it/s]
[depth/openvla] static pruning ON: bypass 3 most-redundant layers; eligible 16..31 of 32
[ok] model loaded  unnorm_key=fractal20220817_data sticky_gripper=15

-- episode 00 (env_id=0) --
/content/venv310/lib/python3.10/site-packages/gymnasium/envs/registration.py:513: DeprecationWarning: [33mWARN: The environment MoveNearGoogleBakedTexInScene-v0 is out of date. You should consider upgrading to version `v1`.[0m
  logger.deprecation(
/content/venv310/lib/python3.10/site-packages/gymnasium/core.py:311: UserWarning: [33mWARN: env.get_language_instruction to get variables from other wrappers is deprecated and will be removed in v1.0, to get this variable you can do `env.unwrapped.get_language_instruction` for environment variables or `env.get_wrapper_attr('get_language_instruction')` that will search the reminding wrappers.[0m
  logger.warn(
instruction: move blue plastic bottle near pepsi can
[depth] calibrated: bypass=[23, 25, 27]
/content/venv310/lib/python3.10/site-packages/gymnasium/core.py:311: UserWarning: [33mWARN: env.get_language_instruction to get variables from other wrappers is deprecated and will be removed in v1.0, to get this variable you can do `env.unwrapped.get_language_instruction` for environment variables or `env.get_wrapper_attr('get_language_instruction')` that will search the reminding wrappers.[0m
  logger.warn(
result: FAIL grasped=False steps=80 time=49.6s

-- episode 01 (env_id=1) --
/content/venv310/lib/python3.10/site-packages/gymnasium/envs/registration.py:513: DeprecationWarning: [33mWARN: The environment MoveNearGoogleBakedTexInScene-v0 is out of date. You should consider upgrading to version `v1`.[0m
  logger.deprecation(
[2026-08-11 07:06:36.717] [svulkan2] [warning] A second renderer will share the same internal context with the first one. Arguments passed to constructor will be ignored.
instruction: move blue plastic bottle near orange
result: FAIL grasped=False steps=80 time=48.6s

-- episode 02 (env_id=2) --
[2026-08-11 07:07:26.349] [svulkan2] [warning] A second renderer will share the same internal context with the first one. Arguments passed to constructor will be ignored.
instruction: move pepsi can near blue plastic bottle
result: SUCCESS grasped=False steps=27 time=16.2s

-- episode 03 (env_id=3) --
[2026-08-11 07:07:43.658] [svulkan2] [warning] A second renderer will share the same internal context with the first one. Arguments passed to constructor will be ignored.
instruction: move pepsi can near orange
result: SUCCESS grasped=False steps=26 time=15.5s

-- episode 04 (env_id=4) --
[2026-08-11 07:08:00.380] [svulkan2] [warning] A second renderer will share the same internal context with the first one. Arguments passed to constructor will be ignored.
instruction: move orange near blue plastic bottle
result: SUCCESS grasped=False steps=22 time=13.2s

-- episode 05 (env_id=5) --
[2026-08-11 07:08:14.647] [svulkan2] [warning] A second renderer will share the same internal context with the first one. Arguments passed to constructor will be ignored.
instruction: move orange near pepsi can
result: SUCCESS grasped=False steps=21 time=12.6s

-- episode 06 (env_id=6) --
[2026-08-11 07:08:28.406] [svulkan2] [warning] A second renderer will share the same internal context with the first one. Arguments passed to constructor will be ignored.
instruction: move blue plastic bottle near pepsi can
result: SUCCESS grasped=False steps=36 time=21.4s

-- episode 07 (env_id=7) --
[2026-08-11 07:08:50.890] [svulkan2] [warning] A second renderer will share the same internal context with the first one. Arguments passed to constructor will be ignored.
instruction: move blue plastic bottle near orange
result: FAIL grasped=False steps=80 time=47.4s

-- episode 08 (env_id=8) --
[2026-08-11 07:09:39.296] [svulkan2] [warning] A second renderer will share the same internal context with the first one. Arguments passed to constructor will be ignored.
instruction: move pepsi can near blue plastic bottle
result: SUCCESS grasped=False steps=50 time=29.8s

-- episode 09 (env_id=9) --
[2026-08-11 07:10:10.146] [svulkan2] [warning] A second renderer will share the same internal context with the first one. Arguments passed to constructor will be ignored.
instruction: move pepsi can near orange
result: SUCCESS grasped=False steps=26 time=15.6s

-- episode 10 (env_id=10) --
[2026-08-11 07:10:26.795] [svulkan2] [warning] A second renderer will share the same internal context with the first one. Arguments passed to constructor will be ignored.
instruction: move orange near blue plastic bottle
result: SUCCESS grasped=False steps=24 time=14.6s

-- episode 11 (env_id=11) --
[2026-08-11 07:10:42.489] [svulkan2] [warning] A second renderer will share the same internal context with the first one. Arguments passed to constructor will be ignored.
instruction: move orange near pepsi can
result: SUCCESS grasped=False steps=19 time=11.4s

-- episode 12 (env_id=12) --
[2026-08-11 07:10:54.952] [svulkan2] [warning] A second renderer will share the same internal context with the first one. Arguments passed to constructor will be ignored.
instruction: move 7up can near apple
result: SUCCESS grasped=False steps=74 time=44.4s

-- episode 13 (env_id=13) --
[2026-08-11 07:11:40.424] [svulkan2] [warning] A second renderer will share the same internal context with the first one. Arguments passed to constructor will be ignored.
instruction: move 7up can near sponge
result: FAIL grasped=False steps=80 time=47.6s

-- episode 14 (env_id=14) --
[2026-08-11 07:12:29.062] [svulkan2] [warning] A second renderer will share the same internal context with the first one. Arguments passed to constructor will be ignored.
instruction: move apple near 7up can
result: SUCCESS grasped=False steps=65 time=38.8s

-- episode 15 (env_id=15) --
[2026-08-11 07:13:08.900] [svulkan2] [warning] A second renderer will share the same internal context with the first one. Arguments passed to constructor will be ignored.
instruction: move apple near sponge
result: FAIL grasped=False steps=80 time=48.7s

-- episode 16 (env_id=16) --
[2026-08-11 07:13:58.716] [svulkan2] [warning] A second renderer will share the same internal context with the first one. Arguments passed to constructor will be ignored.
instruction: move sponge near 7up can
result: SUCCESS grasped=False steps=67 time=40.6s

-- episode 17 (env_id=17) --
[2026-08-11 07:14:40.409] [svulkan2] [warning] A second renderer will share the same internal context with the first one. Arguments passed to constructor will be ignored.
instruction: move sponge near apple
result: FAIL grasped=False steps=80 time=48.4s

-- episode 18 (env_id=18) --
[2026-08-11 07:15:29.916] [svulkan2] [warning] A second renderer will share the same internal context with the first one. Arguments passed to constructor will be ignored.
instruction: move 7up can near apple
result: FAIL grasped=False steps=80 time=47.5s

-- episode 19 (env_id=19) --
[2026-08-11 07:16:18.508] [svulkan2] [warning] A second renderer will share the same internal context with the first one. Arguments passed to constructor will be ignored.
instruction: move 7up can near sponge
result: SUCCESS grasped=False steps=62 time=37.1s

-- episode 20 (env_id=20) --
[2026-08-11 07:16:56.666] [svulkan2] [warning] A second renderer will share the same internal context with the first one. Arguments passed to constructor will be ignored.
instruction: move apple near 7up can
result: SUCCESS grasped=False steps=25 time=15.0s

-- episode 21 (env_id=21) --
[2026-08-11 07:17:12.795] [svulkan2] [warning] A second renderer will share the same internal context with the first one. Arguments passed to constructor will be ignored.
instruction: move apple near sponge
result: SUCCESS grasped=False steps=25 time=15.0s

-- episode 22 (env_id=22) --
[2026-08-11 07:17:28.859] [svulkan2] [warning] A second renderer will share the same internal context with the first one. Arguments passed to constructor will be ignored.
instruction: move sponge near 7up can
result: SUCCESS grasped=False steps=39 time=24.2s

-- episode 23 (env_id=23) --
[2026-08-11 07:17:54.149] [svulkan2] [warning] A second renderer will share the same internal context with the first one. Arguments passed to constructor will be ignored.
instruction: move sponge near apple
result: SUCCESS grasped=False steps=32 time=19.3s

-- episode 24 (env_id=24) --
[2026-08-11 07:18:14.493] [svulkan2] [warning] A second renderer will share the same internal context with the first one. Arguments passed to constructor will be ignored.
instruction: move coke can near redbull can
result: SUCCESS grasped=False steps=72 time=43.4s

-- episode 25 (env_id=25) --
[2026-08-11 07:18:58.999] [svulkan2] [warning] A second renderer will share the same internal context with the first one. Arguments passed to constructor will be ignored.
instruction: move coke can near apple
result: FAIL grasped=False steps=80 time=48.0s

-- episode 26 (env_id=26) --
[2026-08-11 07:19:48.111] [svulkan2] [warning] A second renderer will share the same internal context with the first one. Arguments passed to constructor will be ignored.
instruction: move redbull can near coke can
result: SUCCESS grasped=False steps=25 time=14.9s

-- episode 27 (env_id=27) --
[2026-08-11 07:20:04.008] [svulkan2] [warning] A second renderer will share the same internal context with the first one. Arguments passed to constructor will be ignored.
instruction: move redbull can near apple
result: SUCCESS grasped=False steps=25 time=14.9s

-- episode 28 (env_id=28) --
[2026-08-11 07:20:19.995] [svulkan2] [warning] A second renderer will share the same internal context with the first one. Arguments passed to constructor will be ignored.
instruction: move apple near coke can
result: SUCCESS grasped=False steps=21 time=12.6s

-- episode 29 (env_id=29) --
[2026-08-11 07:20:33.545] [svulkan2] [warning] A second renderer will share the same internal context with the first one. Arguments passed to constructor will be ignored.
instruction: move apple near redbull can
result: SUCCESS grasped=False steps=24 time=14.4s

-- episode 30 (env_id=30) --
[2026-08-11 07:20:48.889] [svulkan2] [warning] A second renderer will share the same internal context with the first one. Arguments passed to constructor will be ignored.
instruction: move coke can near redbull can
result: SUCCESS grasped=False steps=33 time=19.7s

-- episode 31 (env_id=31) --
[2026-08-11 07:21:09.379] [svulkan2] [warning] A second renderer will share the same internal context with the first one. Arguments passed to constructor will be ignored.
instruction: move coke can near apple
result: SUCCESS grasped=False steps=57 time=34.2s

-- episode 32 (env_id=32) --
[2026-08-11 07:21:44.652] [svulkan2] [warning] A second renderer will share the same internal context with the first one. Arguments passed to constructor will be ignored.
instruction: move redbull can near coke can
result: SUCCESS grasped=False steps=30 time=17.9s

-- episode 33 (env_id=33) --
[2026-08-11 07:22:03.622] [svulkan2] [warning] A second renderer will share the same internal context with the first one. Arguments passed to constructor will be ignored.
instruction: move redbull can near apple
result: FAIL grasped=False steps=80 time=48.2s

-- episode 34 (env_id=34) --
[2026-08-11 07:22:52.845] [svulkan2] [warning] A second renderer will share the same internal context with the first one. Arguments passed to constructor will be ignored.
instruction: move apple near coke can
result: SUCCESS grasped=False steps=26 time=16.0s

-- episode 35 (env_id=35) --
[2026-08-11 07:23:09.646] [svulkan2] [warning] A second renderer will share the same internal context with the first one. Arguments passed to constructor will be ignored.
instruction: move apple near redbull can
result: SUCCESS grasped=False steps=17 time=10.3s

-- episode 36 (env_id=36) --
[2026-08-11 07:23:20.729] [svulkan2] [warning] A second renderer will share the same internal context with the first one. Arguments passed to constructor will be ignored.
instruction: move sponge near blue plastic bottle
result: FAIL grasped=False steps=80 time=49.2s

-- episode 37 (env_id=37) --
[2026-08-11 07:24:10.991] [svulkan2] [warning] A second renderer will share the same internal context with the first one. Arguments passed to constructor will be ignored.
instruction: move sponge near 7up can
result: FAIL grasped=False steps=80 time=48.0s

-- episode 38 (env_id=38) --
[2026-08-11 07:24:59.991] [svulkan2] [warning] A second renderer will share the same internal context with the first one. Arguments passed to constructor will be ignored.
instruction: move blue plastic bottle near sponge
result: SUCCESS grasped=False steps=23 time=13.7s

-- episode 39 (env_id=39) --
[2026-08-11 07:25:14.781] [svulkan2] [warning] A second renderer will share the same internal context with the first one. Arguments passed to constructor will be ignored.
instruction: move blue plastic bottle near 7up can
result: SUCCESS grasped=False steps=31 time=18.5s

-- episode 40 (env_id=40) --
[2026-08-11 07:25:34.307] [svulkan2] [warning] A second renderer will share the same internal context with the first one. Arguments passed to constructor will be ignored.
instruction: move 7up can near sponge
result: SUCCESS grasped=False steps=24 time=14.3s

-- episode 41 (env_id=41) --
[2026-08-11 07:25:49.637] [svulkan2] [warning] A second renderer will share the same internal context with the first one. Arguments passed to constructor will be ignored.
instruction: move 7up can near blue plastic bottle
result: SUCCESS grasped=False steps=20 time=12.0s

-- episode 42 (env_id=42) --
[2026-08-11 07:26:02.667] [svulkan2] [warning] A second renderer will share the same internal context with the first one. Arguments passed to constructor will be ignored.
instruction: move sponge near blue plastic bottle
result: FAIL grasped=False steps=80 time=47.4s

-- episode 43 (env_id=43) --
[2026-08-11 07:26:51.143] [svulkan2] [warning] A second renderer will share the same internal context with the first one. Arguments passed to constructor will be ignored.
instruction: move sponge near 7up can
result: FAIL grasped=False steps=80 time=48.7s

-- episode 44 (env_id=44) --
[2026-08-11 07:27:40.861] [svulkan2] [warning] A second renderer will share the same internal context with the first one. Arguments passed to constructor will be ignored.
instruction: move blue plastic bottle near sponge
result: SUCCESS grasped=False steps=52 time=31.0s

-- episode 45 (env_id=45) --
[2026-08-11 07:28:12.942] [svulkan2] [warning] A second renderer will share the same internal context with the first one. Arguments passed to constructor will be ignored.
instruction: move blue plastic bottle near 7up can
result: FAIL grasped=False steps=80 time=49.0s

-- episode 46 (env_id=46) --
[2026-08-11 07:29:02.953] [svulkan2] [warning] A second renderer will share the same internal context with the first one. Arguments passed to constructor will be ignored.
instruction: move 7up can near sponge
result: FAIL grasped=False steps=80 time=49.3s

-- episode 47 (env_id=47) --
[2026-08-11 07:29:53.340] [svulkan2] [warning] A second renderer will share the same internal context with the first one. Arguments passed to constructor will be ignored.
instruction: move 7up can near blue plastic bottle
result: SUCCESS grasped=False steps=16 time=9.6s

-- episode 48 (env_id=48) --
[2026-08-11 07:30:04.028] [svulkan2] [warning] A second renderer will share the same internal context with the first one. Arguments passed to constructor will be ignored.
instruction: move orange near pepsi can
result: SUCCESS grasped=False steps=38 time=23.0s

-- episode 49 (env_id=49) --
[2026-08-11 07:30:28.029] [svulkan2] [warning] A second renderer will share the same internal context with the first one. Arguments passed to constructor will be ignored.
instruction: move orange near redbull can
result: FAIL grasped=False steps=80 time=48.4s

-- episode 50 (env_id=50) --
[2026-08-11 07:31:17.509] [svulkan2] [warning] A second renderer will share the same internal context with the first one. Arguments passed to constructor will be ignored.
instruction: move pepsi can near orange
result: SUCCESS grasped=False steps=48 time=28.7s

-- episode 51 (env_id=51) --
[2026-08-11 07:31:47.291] [svulkan2] [warning] A second renderer will share the same internal context with the first one. Arguments passed to constructor will be ignored.
instruction: move pepsi can near redbull can
result: SUCCESS grasped=False steps=26 time=15.5s

-- episode 52 (env_id=52) --
[2026-08-11 07:32:03.873] [svulkan2] [warning] A second renderer will share the same internal context with the first one. Arguments passed to constructor will be ignored.
instruction: move redbull can near orange
result: SUCCESS grasped=False steps=34 time=20.2s

-- episode 53 (env_id=53) --
[2026-08-11 07:32:25.165] [svulkan2] [warning] A second renderer will share the same internal context with the first one. Arguments passed to constructor will be ignored.
instruction: move redbull can near pepsi can
result: SUCCESS grasped=False steps=25 time=14.9s

-- episode 54 (env_id=54) --
[2026-08-11 07:32:41.109] [svulkan2] [warning] A second renderer will share the same internal context with the first one. Arguments passed to constructor will be ignored.
instruction: move orange near pepsi can
result: FAIL grasped=False steps=80 time=49.0s

-- episode 55 (env_id=55) --
[2026-08-11 07:33:31.182] [svulkan2] [warning] A second renderer will share the same internal context with the first one. Arguments passed to constructor will be ignored.
instruction: move orange near redbull can
result: FAIL grasped=False steps=80 time=49.0s

-- episode 56 (env_id=56) --
[2026-08-11 07:34:21.223] [svulkan2] [warning] A second renderer will share the same internal context with the first one. Arguments passed to constructor will be ignored.
instruction: move pepsi can near orange
result: SUCCESS grasped=False steps=31 time=18.7s

-- episode 57 (env_id=57) --
[2026-08-11 07:34:40.927] [svulkan2] [warning] A second renderer will share the same internal context with the first one. Arguments passed to constructor will be ignored.
instruction: move pepsi can near redbull can
result: SUCCESS grasped=False steps=29 time=17.4s

-- episode 58 (env_id=58) --
[2026-08-11 07:34:59.362] [svulkan2] [warning] A second renderer will share the same internal context with the first one. Arguments passed to constructor will be ignored.
instruction: move redbull can near orange
result: SUCCESS grasped=False steps=26 time=15.7s

-- episode 59 (env_id=59) --
[2026-08-11 07:35:16.050] [svulkan2] [warning] A second renderer will share the same internal context with the first one. Arguments passed to constructor will be ignored.
instruction: move redbull can near pepsi can
result: SUCCESS grasped=False steps=77 time=46.5s

==================================================
task:         google_robot_move_near_v0
model:        openvla_depth
setup:        google_robot (unnorm=fractal20220817_data, sticky=15)
success_rate: 42/60 = 70.0%
grasp_rate:   n/a (this env does not report a grasp signal)
avg_steps:    48
avg_elapsed:  29.2s
model_ms_per_infer: 474.7ms  (pure model forward pass, CUDA-synced)
model_ms_per_env_step: 474.7ms  (amortized over executed actions)
depth: bypassed 3 of 32 layers [23, 25, 27]
==================================================
saved: /content/BiVLA_full/results/openvla_fractal_depth_control/prune3/google_robot_move_near_v0/results_google_robot_move_near_v0.json
